=== TRAIN awgn7_drifting_direct_product_cond0p5_queue_seed7 ===
Traceback (most recent call last):
  File "/home/entropy/GitHub/conditional_drifting_models/scripts/train_symbol_pair_implant.py", line 229, in <module>
    main()
  File "/home/entropy/GitHub/conditional_drifting_models/scripts/train_symbol_pair_implant.py", line 154, in main
    model, artifacts = train_conditional_drifting(channel_fn, cfg, device)
                       ^^^^^^^^^^^^^^^^^^^^^^^^^^^^^^^^^^^^^^^^^^^^^^^^^^^
  File "/home/entropy/GitHub/conditional_drifting_models/conditional_drifting/training.py", line 146, in train_conditional_drifting
    ).to(device)
      ^^^^^^^^^^
  File "/home/entropy/miniforge3/envs/dl/lib/python3.11/site-packages/torch/nn/modules/module.py", line 1381, in to
    return self._apply(convert)
           ^^^^^^^^^^^^^^^^^^^^
  File "/home/entropy/miniforge3/envs/dl/lib/python3.11/site-packages/torch/nn/modules/module.py", line 933, in _apply
    module._apply(fn)
  File "/home/entropy/miniforge3/envs/dl/lib/python3.11/site-packages/torch/nn/modules/module.py", line 933, in _apply
    module._apply(fn)
  File "/home/entropy/miniforge3/envs/dl/lib/python3.11/site-packages/torch/nn/modules/module.py", line 964, in _apply
    param_applied = fn(param)
                    ^^^^^^^^^
  File "/home/entropy/miniforge3/envs/dl/lib/python3.11/site-packages/torch/nn/modules/module.py", line 1367, in convert
    return t.to(
           ^^^^^
  File "/home/entropy/miniforge3/envs/dl/lib/python3.11/site-packages/torch/cuda/__init__.py", line 424, in _lazy_init
    torch._C._cuda_init()
RuntimeError: No CUDA GPUs are available
ERROR conda.cli.main_run:execute(142): `conda run python scripts/train_symbol_pair_implant.py --family drifting_direct --channel AWGN --n 7 --ebno-db 5 --rate 0.5714285714285714 --dataset-size 120000 --batch-size 512 --epochs 60 --hidden-dim 128 --latent-dim 16 --positive-queue-size 4096 --positive-reference-size 2048 --seed 7 --device cuda --weights-root weights --register-name awgn7_drifting_direct_product_cond0p5_queue_seed7 --conditioning-mode product --condition-metric euclidean --condition-kernel-scale 0.5 --target-kernel-scale 1.0 --target-kernel-mode raw_plus_residual --residual-target-scale 0.5` failed. (See above for error)
