[suite] start 2026-03-18T07:46:05Z
[suite] label: seed=7 paper
[suite] cwd: /home/entropy/GitHub/conditional_drifting_models
[suite] command: /home/entropy/miniforge3/envs/dl/bin/python scripts/run_paper2309_benchmark.py --device cuda --seed 7 --channels AWGN,Rayleigh,SSPA --eval-size 1000000 --include-gan-fa

[2026-03-18T07:46:08Z] 
[2026-03-18T07:46:08Z] epoch 1/30:   0%|          | 0/2000 [00:00<?, ?it/s]
[2026-03-18T07:46:08Z] epoch 1/30:   0%|          | 0/2000 [00:00<?, ?it/s, drift=1.306e-01, loss=2.448e-03]
[2026-03-18T07:46:08Z] epoch 1/30:   0%|          | 1/2000 [00:00<08:33,  3.89it/s, drift=1.306e-01, loss=2.448e-03]
[2026-03-18T07:46:08Z] epoch 1/30:   0%|          | 1/2000 [00:00<08:33,  3.89it/s, drift=8.423e-02, loss=1.023e-03]
[2026-03-18T07:46:08Z] epoch 1/30:   0%|          | 1/2000 [00:00<08:33,  3.89it/s, drift=6.347e-02, loss=5.837e-04]
[2026-03-18T07:46:08Z] epoch 1/30:   0%|          | 1/2000 [00:00<08:33,  3.89it/s, drift=5.079e-02, loss=3.762e-04]
[2026-03-18T07:46:08Z] epoch 1/30:   0%|          | 4/2000 [00:00<02:47, 11.89it/s, drift=5.079e-02, loss=3.762e-04]
[2026-03-18T07:46:08Z] epoch 1/30:   0%|          | 4/2000 [00:00<02:47, 11.89it/s, drift=5.744e-02, loss=4.838e-04]
[2026-03-18T07:46:08Z] epoch 1/30:   0%|          | 4/2000 [00:00<02:47, 11.89it/s, drift=4.822e-02, loss=3.486e-04]
[2026-03-18T07:46:08Z] epoch 1/30:   0%|          | 4/2000 [00:00<02:47, 11.89it/s, drift=7.730e-02, loss=8.682e-04]
[2026-03-18T07:46:08Z] epoch 1/30:   0%|          | 7/2000 [00:00<02:04, 16.05it/s, drift=7.730e-02, loss=8.682e-04]
[2026-03-18T07:46:08Z] epoch 1/30:   0%|          | 7/2000 [00:00<02:04, 16.05it/s, drift=5.678e-02, loss=4.762e-04]
[2026-03-18T07:46:08Z] epoch 1/30:   0%|          | 7/2000 [00:00<02:04, 16.05it/s, drift=7.132e-02, loss=7.541e-04]
[2026-03-18T07:46:08Z] epoch 1/30:   0%|          | 7/2000 [00:00<02:04, 16.05it/s, drift=7.908e-02, loss=9.052e-04]
[2026-03-18T07:46:08Z] epoch 1/30:   0%|          | 10/2000 [00:00<01:47, 18.48it/s, drift=7.908e-02, loss=9.052e-04]
[2026-03-18T07:46:08Z] epoch 1/30:   0%|          | 10/2000 [00:00<01:47, 18.48it/s, drift=5.129e-02, loss=3.899e-04]
[2026-03-18T07:46:08Z] epoch 1/30:   0%|          | 10/2000 [00:00<01:47, 18.48it/s, drift=8.355e-02, loss=1.009e-03]
[2026-03-18T07:46:08Z] epoch 1/30:   0%|          | 10/2000 [00:00<01:47, 18.48it/s, drift=6.732e-02, loss=6.688e-04]
[2026-03-18T07:46:08Z] epoch 1/30:   1%|          | 13/2000 [00:00<01:39, 19.99it/s, drift=6.732e-02, loss=6.688e-04]
[2026-03-18T07:46:08Z] epoch 1/30:   1%|          | 13/2000 [00:00<01:39, 19.99it/s, drift=4.783e-02, loss=3.566e-04]
[2026-03-18T07:46:08Z] epoch 1/30:   1%|          | 13/2000 [00:00<01:39, 19.99it/s, drift=7.396e-02, loss=8.182e-04]
[2026-03-18T07:46:08Z] epoch 1/30:   1%|          | 13/2000 [00:00<01:39, 19.99it/s, drift=6.755e-02, loss=7.029e-04]
[2026-03-18T07:46:09Z] epoch 1/30:   1%|          | 16/2000 [00:00<01:34, 20.97it/s, drift=6.755e-02, loss=7.029e-04]
[2026-03-18T07:46:09Z] epoch 1/30:   1%|          | 16/2000 [00:00<01:34, 20.97it/s, drift=8.477e-02, loss=1.064e-03]
[2026-03-18T07:46:09Z] epoch 1/30:   1%|          | 16/2000 [00:00<01:34, 20.97it/s, drift=7.068e-02, loss=7.609e-04]
[2026-03-18T07:46:09Z] epoch 1/30:   1%|          | 16/2000 [00:01<01:34, 20.97it/s, drift=6.890e-02, loss=7.284e-04]
[2026-03-18T07:46:09Z] epoch 1/30:   1%|          | 19/2000 [00:01<01:31, 21.61it/s, drift=6.890e-02, loss=7.284e-04]
[2026-03-18T07:46:09Z] epoch 1/30:   1%|          | 19/2000 [00:01<01:31, 21.61it/s, drift=7.165e-02, loss=7.907e-04]
[2026-03-18T07:46:09Z] epoch 1/30:   1%|          | 19/2000 [00:01<01:31, 21.61it/s, drift=7.253e-02, loss=8.185e-04]
[2026-03-18T07:46:09Z] epoch 1/30:   1%|          | 19/2000 [00:01<01:31, 21.61it/s, drift=8.497e-02, loss=1.103e-03]
[2026-03-18T07:46:09Z] epoch 1/30:   1%|          | 22/2000 [00:01<01:29, 22.03it/s, drift=8.497e-02, loss=1.103e-03]
[2026-03-18T07:46:09Z] epoch 1/30:   1%|          | 22/2000 [00:01<01:29, 22.03it/s, drift=7.275e-02, loss=8.397e-04]
[2026-03-18T07:46:09Z] epoch 1/30:   1%|          | 22/2000 [00:01<01:29, 22.03it/s, drift=9.125e-02, loss=1.274e-03]
[2026-03-18T07:46:09Z] epoch 1/30:   1%|          | 22/2000 [00:01<01:29, 22.03it/s, drift=1.117e-01, loss=1.890e-03]
[2026-03-18T07:46:09Z] epoch 1/30:   1%|▏         | 25/2000 [00:01<01:28, 22.32it/s, drift=1.117e-01, loss=1.890e-03]
[2026-03-18T07:46:09Z] epoch 1/30:   1%|▏         | 25/2000 [00:01<01:28, 22.32it/s, drift=9.933e-02, loss=1.517e-03]
[2026-03-18T07:46:09Z] epoch 1/30:   1%|▏         | 25/2000 [00:01<01:28, 22.32it/s, drift=9.311e-02, loss=1.366e-03]
[2026-03-18T07:46:09Z] epoch 1/30:   1%|▏         | 25/2000 [00:01<01:28, 22.32it/s, drift=1.050e-01, loss=1.698e-03]
[2026-03-18T07:46:09Z] epoch 1/30:   1%|▏         | 28/2000 [00:01<01:27, 22.53it/s, drift=1.050e-01, loss=1.698e-03]
[2026-03-18T07:46:09Z] epoch 1/30:   1%|▏         | 28/2000 [00:01<01:27, 22.53it/s, drift=9.989e-02, loss=1.576e-03]
[2026-03-18T07:46:09Z] epoch 1/30:   1%|▏         | 28/2000 [00:01<01:27, 22.53it/s, drift=1.014e-01, loss=1.640e-03]
[2026-03-18T07:46:09Z] epoch 1/30:   1%|▏         | 28/2000 [00:01<01:27, 22.53it/s, drift=1.133e-01, loss=2.008e-03]
[2026-03-18T07:46:09Z] epoch 1/30:   2%|▏         | 31/2000 [00:01<01:26, 22.67it/s, drift=1.133e-01, loss=2.008e-03]
[2026-03-18T07:46:09Z] epoch 1/30:   2%|▏         | 31/2000 [00:01<01:26, 22.67it/s, drift=1.004e-01, loss=1.567e-03]
[2026-03-18T07:46:09Z] epoch 1/30:   2%|▏         | 31/2000 [00:01<01:26, 22.67it/s, drift=1.125e-01, loss=1.915e-03]
[2026-03-18T07:46:09Z] epoch 1/30:   2%|▏         | 31/2000 [00:01<01:26, 22.67it/s, drift=9.301e-02, loss=1.355e-03]
[2026-03-18T07:46:09Z] epoch 1/30:   2%|▏         | 34/2000 [00:01<01:26, 22.74it/s, drift=9.301e-02, loss=1.355e-03]
[2026-03-18T07:46:09Z] epoch 1/30:   2%|▏         | 34/2000 [00:01<01:26, 22.74it/s, drift=1.013e-01, loss=1.574e-03]
[2026-03-18T07:46:09Z] epoch 1/30:   2%|▏         | 34/2000 [00:01<01:26, 22.74it/s, drift=1.218e-01, loss=2.199e-03]
[2026-03-18T07:46:09Z] epoch 1/30:   2%|▏         | 34/2000 [00:01<01:26, 22.74it/s, drift=1.013e-01, loss=1.582e-03]
[2026-03-18T07:46:09Z] epoch 1/30:   2%|▏         | 37/2000 [00:01<01:26, 22.82it/s, drift=1.013e-01, loss=1.582e-03]
[2026-03-18T07:46:09Z] epoch 1/30:   2%|▏         | 37/2000 [00:01<01:26, 22.82it/s, drift=1.088e-01, loss=1.825e-03]
[2026-03-18T07:46:10Z] epoch 1/30:   2%|▏         | 37/2000 [00:01<01:26, 22.82it/s, drift=1.163e-01, loss=2.098e-03]
[2026-03-18T07:46:10Z] epoch 1/30:   2%|▏         | 37/2000 [00:01<01:26, 22.82it/s, drift=1.037e-01, loss=1.681e-03]
[2026-03-18T07:46:10Z] epoch 1/30:   2%|▏         | 40/2000 [00:01<01:25, 22.86it/s, drift=1.037e-01, loss=1.681e-03]
[2026-03-18T07:46:10Z] epoch 1/30:   2%|▏         | 40/2000 [00:01<01:25, 22.86it/s, drift=1.098e-01, loss=1.894e-03]
[2026-03-18T07:46:10Z] epoch 1/30:   2%|▏         | 40/2000 [00:02<01:25, 22.86it/s, drift=1.019e-01, loss=1.622e-03]
[2026-03-18T07:46:10Z] epoch 1/30:   2%|▏         | 40/2000 [00:02<01:25, 22.86it/s, drift=1.071e-01, loss=1.778e-03]
[2026-03-18T07:46:10Z] epoch 1/30:   2%|▏         | 43/2000 [00:02<01:25, 22.90it/s, drift=1.071e-01, loss=1.778e-03]
[2026-03-18T07:46:10Z] epoch 1/30:   2%|▏         | 43/2000 [00:02<01:25, 22.90it/s, drift=1.143e-01, loss=2.006e-03]
[2026-03-18T07:46:10Z] epoch 1/30:   2%|▏         | 43/2000 [00:02<01:25, 22.90it/s, drift=1.032e-01, loss=1.639e-03]
[2026-03-18T07:46:10Z] epoch 1/30:   2%|▏         | 43/2000 [00:02<01:25, 22.90it/s, drift=1.183e-01, loss=2.120e-03]
[2026-03-18T07:46:10Z] epoch 1/30:   2%|▏         | 46/2000 [00:02<01:25, 22.94it/s, drift=1.183e-01, loss=2.120e-03]
[2026-03-18T07:46:10Z] epoch 1/30:   2%|▏         | 46/2000 [00:02<01:25, 22.94it/s, drift=1.309e-01, loss=2.559e-03]
[2026-03-18T07:46:10Z] epoch 1/30:   2%|▏         | 46/2000 [00:02<01:25, 22.94it/s, drift=1.042e-01, loss=1.624e-03]
[2026-03-18T07:46:10Z] epoch 1/30:   2%|▏         | 46/2000 [00:02<01:25, 22.94it/s, drift=1.041e-01, loss=1.657e-03]
[2026-03-18T07:46:10Z] epoch 1/30:   2%|▏         | 49/2000 [00:02<01:24, 22.96it/s, drift=1.041e-01, loss=1.657e-03]
[2026-03-18T07:46:10Z] epoch 1/30:   2%|▏         | 49/2000 [00:02<01:24, 22.96it/s, drift=8.003e-02, loss=9.745e-04]
[2026-03-18T07:46:10Z] epoch 1/30:   2%|▏         | 49/2000 [00:02<01:24, 22.96it/s, drift=9.437e-02, loss=1.353e-03]
[2026-03-18T07:46:10Z] epoch 1/30:   2%|▏         | 49/2000 [00:02<01:24, 22.96it/s, drift=6.718e-02, loss=7.171e-04]
[2026-03-18T07:46:10Z] epoch 1/30:   3%|▎         | 52/2000 [00:02<01:24, 22.98it/s, drift=6.718e-02, loss=7.171e-04]
[2026-03-18T07:46:10Z] epoch 1/30:   3%|▎         | 52/2000 [00:02<01:24, 22.98it/s, drift=8.924e-02, loss=1.220e-03]
[2026-03-18T07:46:10Z] epoch 1/30:   3%|▎         | 52/2000 [00:02<01:24, 22.98it/s, drift=7.879e-02, loss=9.607e-04]
[2026-03-18T07:46:10Z] epoch 1/30:   3%|▎         | 52/2000 [00:02<01:24, 22.98it/s, drift=7.526e-02, loss=8.793e-04]
[2026-03-18T07:46:10Z] epoch 1/30:   3%|▎         | 55/2000 [00:02<01:24, 22.99it/s, drift=7.526e-02, loss=8.793e-04]
[2026-03-18T07:46:10Z] epoch 1/30:   3%|▎         | 55/2000 [00:02<01:24, 22.99it/s, drift=8.457e-02, loss=1.126e-03]
[2026-03-18T07:46:10Z] epoch 1/30:   3%|▎         | 55/2000 [00:02<01:24, 22.99it/s, drift=1.135e-01, loss=1.926e-03]
[2026-03-18T07:46:10Z] epoch 1/30:   3%|▎         | 55/2000 [00:02<01:24, 22.99it/s, drift=1.141e-01, loss=1.944e-03]
[2026-03-18T07:46:10Z] epoch 1/30:   3%|▎         | 58/2000 [00:02<01:24, 23.01it/s, drift=1.141e-01, loss=1.944e-03]
[2026-03-18T07:46:10Z] epoch 1/30:   3%|▎         | 58/2000 [00:02<01:24, 23.01it/s, drift=9.466e-02, loss=1.379e-03]
[2026-03-18T07:46:10Z] epoch 1/30:   3%|▎         | 58/2000 [00:02<01:24, 23.01it/s, drift=7.484e-02, loss=8.739e-04]
[2026-03-18T07:46:10Z] epoch 1/30:   3%|▎         | 58/2000 [00:02<01:24, 23.01it/s, drift=9.252e-02, loss=1.289e-03]
[2026-03-18T07:46:10Z] epoch 1/30:   3%|▎         | 61/2000 [00:02<01:24, 23.02it/s, drift=9.252e-02, loss=1.289e-03]
[2026-03-18T07:46:11Z] epoch 1/30:   3%|▎         | 61/2000 [00:02<01:24, 23.02it/s, drift=9.868e-02, loss=1.495e-03]
[2026-03-18T07:46:11Z] epoch 1/30:   3%|▎         | 61/2000 [00:02<01:24, 23.02it/s, drift=8.494e-02, loss=1.091e-03]
[2026-03-18T07:46:11Z] epoch 1/30:   3%|▎         | 61/2000 [00:02<01:24, 23.02it/s, drift=7.465e-02, loss=8.276e-04]
[2026-03-18T07:46:11Z] epoch 1/30:   3%|▎         | 64/2000 [00:02<01:24, 23.02it/s, drift=7.465e-02, loss=8.276e-04]
[2026-03-18T07:46:11Z] epoch 1/30:   3%|▎         | 64/2000 [00:03<01:24, 23.02it/s, drift=7.709e-02, loss=8.922e-04]
[2026-03-18T07:46:11Z] epoch 1/30:   3%|▎         | 64/2000 [00:03<01:24, 23.02it/s, drift=1.117e-01, loss=1.837e-03]
[2026-03-18T07:46:11Z] epoch 1/30:   3%|▎         | 64/2000 [00:03<01:24, 23.02it/s, drift=8.458e-02, loss=1.092e-03]
[2026-03-18T07:46:11Z] epoch 1/30:   3%|▎         | 67/2000 [00:03<01:23, 23.02it/s, drift=8.458e-02, loss=1.092e-03]
[2026-03-18T07:46:11Z] epoch 1/30:   3%|▎         | 67/2000 [00:03<01:23, 23.02it/s, drift=7.449e-02, loss=8.256e-04]
[2026-03-18T07:46:11Z] epoch 1/30:   3%|▎         | 67/2000 [00:03<01:23, 23.02it/s, drift=6.362e-02, loss=5.940e-04]
[2026-03-18T07:46:11Z] epoch 1/30:   3%|▎         | 67/2000 [00:03<01:23, 23.02it/s, drift=9.861e-02, loss=1.397e-03]
[2026-03-18T07:46:11Z] epoch 1/30:   4%|▎         | 70/2000 [00:03<01:23, 23.02it/s, drift=9.861e-02, loss=1.397e-03]
[2026-03-18T07:46:11Z] epoch 1/30:   4%|▎         | 70/2000 [00:03<01:23, 23.02it/s, drift=5.941e-02, loss=5.279e-04]
[2026-03-18T07:46:11Z] epoch 1/30:   4%|▎         | 70/2000 [00:03<01:23, 23.02it/s, drift=9.818e-02, loss=1.399e-03]
[2026-03-18T07:46:11Z] epoch 1/30:   4%|▎         | 70/2000 [00:03<01:23, 23.02it/s, drift=5.846e-02, loss=4.940e-04]
[2026-03-18T07:46:11Z] epoch 1/30:   4%|▎         | 73/2000 [00:03<01:23, 23.00it/s, drift=5.846e-02, loss=4.940e-04]
[2026-03-18T07:46:11Z] epoch 1/30:   4%|▎         | 73/2000 [00:03<01:23, 23.00it/s, drift=7.253e-02, loss=7.822e-04]
[2026-03-18T07:46:11Z] epoch 1/30:   4%|▎         | 73/2000 [00:03<01:23, 23.00it/s, drift=8.146e-02, loss=9.669e-04]
[2026-03-18T07:46:11Z] epoch 1/30:   4%|▎         | 73/2000 [00:03<01:23, 23.00it/s, drift=1.358e-01, loss=2.656e-03]
[2026-03-18T07:46:11Z] epoch 1/30:   4%|▍         | 76/2000 [00:03<01:23, 22.99it/s, drift=1.358e-01, loss=2.656e-03]
[2026-03-18T07:46:11Z] epoch 1/30:   4%|▍         | 76/2000 [00:03<01:23, 22.99it/s, drift=1.026e-01, loss=1.527e-03]
[2026-03-18T07:46:11Z] epoch 1/30:   4%|▍         | 76/2000 [00:03<01:23, 22.99it/s, drift=9.916e-02, loss=1.421e-03]
[2026-03-18T07:46:11Z] epoch 1/30:   4%|▍         | 76/2000 [00:03<01:23, 22.99it/s, drift=1.171e-01, loss=1.970e-03]
[2026-03-18T07:46:11Z] epoch 1/30:   4%|▍         | 79/2000 [00:03<01:23, 23.00it/s, drift=1.171e-01, loss=1.970e-03]
[2026-03-18T07:46:11Z] epoch 1/30:   4%|▍         | 79/2000 [00:03<01:23, 23.00it/s, drift=4.537e-02, loss=3.146e-04]
[2026-03-18T07:46:11Z] epoch 1/30:   4%|▍         | 79/2000 [00:03<01:23, 23.00it/s, drift=7.183e-02, loss=7.733e-04]
[2026-03-18T07:46:11Z] epoch 1/30:   4%|▍         | 79/2000 [00:03<01:23, 23.00it/s, drift=1.010e-01, loss=1.479e-03]
[2026-03-18T07:46:11Z] epoch 1/30:   4%|▍         | 82/2000 [00:03<01:23, 23.00it/s, drift=1.010e-01, loss=1.479e-03]
[2026-03-18T07:46:11Z] epoch 1/30:   4%|▍         | 82/2000 [00:03<01:23, 23.00it/s, drift=8.922e-02, loss=1.150e-03]
[2026-03-18T07:46:11Z] epoch 1/30:   4%|▍         | 82/2000 [00:03<01:23, 23.00it/s, drift=9.596e-02, loss=1.324e-03]
[2026-03-18T07:46:11Z] epoch 1/30:   4%|▍         | 82/2000 [00:03<01:23, 23.00it/s, drift=9.472e-02, loss=1.289e-03]
[2026-03-18T07:46:12Z] epoch 1/30:   4%|▍         | 85/2000 [00:03<01:23, 23.00it/s, drift=9.472e-02, loss=1.289e-03]
[2026-03-18T07:46:12Z] epoch 1/30:   4%|▍         | 85/2000 [00:03<01:23, 23.00it/s, drift=5.645e-02, loss=4.718e-04]
[2026-03-18T07:46:12Z] epoch 1/30:   4%|▍         | 85/2000 [00:03<01:23, 23.00it/s, drift=6.486e-02, loss=6.077e-04]
[2026-03-18T07:46:12Z] epoch 1/30:   4%|▍         | 85/2000 [00:04<01:23, 23.00it/s, drift=6.199e-02, loss=5.581e-04]
[2026-03-18T07:46:12Z] epoch 1/30:   4%|▍         | 88/2000 [00:04<01:23, 23.01it/s, drift=6.199e-02, loss=5.581e-04]
[2026-03-18T07:46:12Z] epoch 1/30:   4%|▍         | 88/2000 [00:04<01:23, 23.01it/s, drift=8.235e-02, loss=9.755e-04]
[2026-03-18T07:46:12Z] epoch 1/30:   4%|▍         | 88/2000 [00:04<01:23, 23.01it/s, drift=8.387e-02, loss=1.015e-03]
[2026-03-18T07:46:12Z] epoch 1/30:   4%|▍         | 88/2000 [00:04<01:23, 23.01it/s, drift=3.884e-02, loss=2.289e-04]
[2026-03-18T07:46:12Z] epoch 1/30:   5%|▍         | 91/2000 [00:04<01:22, 23.01it/s, drift=3.884e-02, loss=2.289e-04]
[2026-03-18T07:46:12Z] epoch 1/30:   5%|▍         | 91/2000 [00:04<01:22, 23.01it/s, drift=6.883e-02, loss=6.878e-04]
[2026-03-18T07:46:12Z] epoch 1/30:   5%|▍         | 91/2000 [00:04<01:22, 23.01it/s, drift=1.012e-01, loss=1.472e-03]
[2026-03-18T07:46:12Z] epoch 1/30:   5%|▍         | 91/2000 [00:04<01:22, 23.01it/s, drift=8.279e-02, loss=9.919e-04]
[2026-03-18T07:46:12Z] epoch 1/30:   5%|▍         | 94/2000 [00:04<01:22, 23.00it/s, drift=8.279e-02, loss=9.919e-04]
[2026-03-18T07:46:12Z] epoch 1/30:   5%|▍         | 94/2000 [00:04<01:22, 23.00it/s, drift=8.008e-02, loss=9.277e-04]
[2026-03-18T07:46:12Z] epoch 1/30:   5%|▍         | 94/2000 [00:04<01:22, 23.00it/s, drift=6.523e-02, loss=6.217e-04]
[2026-03-18T07:46:12Z] epoch 1/30:   5%|▍         | 94/2000 [00:04<01:22, 23.00it/s, drift=9.287e-02, loss=1.242e-03]
[2026-03-18T07:46:12Z] epoch 1/30:   5%|▍         | 97/2000 [00:04<01:22, 23.00it/s, drift=9.287e-02, loss=1.242e-03]
[2026-03-18T07:46:12Z] epoch 1/30:   5%|▍         | 97/2000 [00:04<01:22, 23.00it/s, drift=5.221e-02, loss=3.973e-04]
[2026-03-18T07:46:12Z] epoch 1/30:   5%|▍         | 97/2000 [00:04<01:22, 23.00it/s, drift=7.494e-02, loss=8.160e-04]
[2026-03-18T07:46:12Z] epoch 1/30:   5%|▍         | 97/2000 [00:04<01:22, 23.00it/s, drift=5.335e-02, loss=4.187e-04]
[2026-03-18T07:46:12Z] epoch 1/30:   5%|▌         | 100/2000 [00:04<01:22, 23.00it/s, drift=5.335e-02, loss=4.187e-04]
[2026-03-18T07:46:12Z] epoch 1/30:   5%|▌         | 100/2000 [00:04<01:22, 23.00it/s, drift=6.606e-02, loss=6.332e-04]
[2026-03-18T07:46:12Z] epoch 1/30:   5%|▌         | 100/2000 [00:04<01:22, 23.00it/s, drift=1.162e-01, loss=1.934e-03]
[2026-03-18T07:46:12Z] epoch 1/30:   5%|▌         | 100/2000 [00:04<01:22, 23.00it/s, drift=3.947e-02, loss=2.387e-04]
[2026-03-18T07:46:12Z] epoch 1/30:   5%|▌         | 103/2000 [00:04<01:22, 22.99it/s, drift=3.947e-02, loss=2.387e-04]
[2026-03-18T07:46:12Z] epoch 1/30:   5%|▌         | 103/2000 [00:04<01:22, 22.99it/s, drift=6.557e-02, loss=6.370e-04]
[2026-03-18T07:46:12Z] epoch 1/30:   5%|▌         | 103/2000 [00:04<01:22, 22.99it/s, drift=5.426e-02, loss=4.471e-04]
[2026-03-18T07:46:12Z] epoch 1/30:   5%|▌         | 103/2000 [00:04<01:22, 22.99it/s, drift=5.954e-02, loss=5.179e-04]
[2026-03-18T07:46:12Z] epoch 1/30:   5%|▌         | 106/2000 [00:04<01:22, 23.00it/s, drift=5.954e-02, loss=5.179e-04]
[2026-03-18T07:46:12Z] epoch 1/30:   5%|▌         | 106/2000 [00:04<01:22, 23.00it/s, drift=7.766e-02, loss=8.719e-04]
[2026-03-18T07:46:13Z] epoch 1/30:   5%|▌         | 106/2000 [00:04<01:22, 23.00it/s, drift=8.466e-02, loss=1.038e-03]
[2026-03-18T07:46:13Z] epoch 1/30:   5%|▌         | 106/2000 [00:04<01:22, 23.00it/s, drift=8.265e-02, loss=1.005e-03]
[2026-03-18T07:46:13Z] epoch 1/30:   5%|▌         | 109/2000 [00:04<01:22, 23.00it/s, drift=8.265e-02, loss=1.005e-03]
[2026-03-18T07:46:13Z] epoch 1/30:   5%|▌         | 109/2000 [00:04<01:22, 23.00it/s, drift=7.372e-02, loss=8.045e-04]
[2026-03-18T07:46:13Z] epoch 1/30:   5%|▌         | 109/2000 [00:05<01:22, 23.00it/s, drift=3.362e-02, loss=1.853e-04]
[2026-03-18T07:46:13Z] epoch 1/30:   5%|▌         | 109/2000 [00:05<01:22, 23.00it/s, drift=5.898e-02, loss=5.125e-04]
[2026-03-18T07:46:13Z] epoch 1/30:   6%|▌         | 112/2000 [00:05<01:22, 23.01it/s, drift=5.898e-02, loss=5.125e-04]
[2026-03-18T07:46:13Z] epoch 1/30:   6%|▌         | 112/2000 [00:05<01:22, 23.01it/s, drift=8.434e-02, loss=1.026e-03]
[2026-03-18T07:46:13Z] epoch 1/30:   6%|▌         | 112/2000 [00:05<01:22, 23.01it/s, drift=6.514e-02, loss=6.585e-04]
[2026-03-18T07:46:13Z] epoch 1/30:   6%|▌         | 112/2000 [00:05<01:22, 23.01it/s, drift=8.012e-02, loss=9.266e-04]
[2026-03-18T07:46:13Z] epoch 1/30:   6%|▌         | 115/2000 [00:05<01:21, 23.02it/s, drift=8.012e-02, loss=9.266e-04]
[2026-03-18T07:46:13Z] epoch 1/30:   6%|▌         | 115/2000 [00:05<01:21, 23.02it/s, drift=7.570e-02, loss=8.706e-04]
[2026-03-18T07:46:13Z] epoch 1/30:   6%|▌         | 115/2000 [00:05<01:21, 23.02it/s, drift=9.975e-02, loss=1.432e-03]
[2026-03-18T07:46:13Z] epoch 1/30:   6%|▌         | 115/2000 [00:05<01:21, 23.02it/s, drift=5.745e-02, loss=4.919e-04]
[2026-03-18T07:46:13Z] epoch 1/30:   6%|▌         | 118/2000 [00:05<01:21, 23.02it/s, drift=5.745e-02, loss=4.919e-04]
[2026-03-18T07:46:13Z] epoch 1/30:   6%|▌         | 118/2000 [00:05<01:21, 23.02it/s, drift=1.039e-01, loss=1.552e-03]
[2026-03-18T07:46:13Z] epoch 1/30:   6%|▌         | 118/2000 [00:05<01:21, 23.02it/s, drift=7.501e-02, loss=8.208e-04]
[2026-03-18T07:46:13Z] epoch 1/30:   6%|▌         | 118/2000 [00:05<01:21, 23.02it/s, drift=9.167e-02, loss=1.224e-03]
[2026-03-18T07:46:13Z] epoch 1/30:   6%|▌         | 121/2000 [00:05<01:21, 23.02it/s, drift=9.167e-02, loss=1.224e-03]
[2026-03-18T07:46:13Z] epoch 1/30:   6%|▌         | 121/2000 [00:05<01:21, 23.02it/s, drift=9.327e-02, loss=1.263e-03]
[2026-03-18T07:46:13Z] epoch 1/30:   6%|▌         | 121/2000 [00:05<01:21, 23.02it/s, drift=5.725e-02, loss=4.938e-04]
[2026-03-18T07:46:13Z] epoch 1/30:   6%|▌         | 121/2000 [00:05<01:21, 23.02it/s, drift=6.752e-02, loss=6.769e-04]
[2026-03-18T07:46:13Z] epoch 1/30:   6%|▌         | 124/2000 [00:05<01:21, 23.03it/s, drift=6.752e-02, loss=6.769e-04]
[2026-03-18T07:46:13Z] epoch 1/30:   6%|▌         | 124/2000 [00:05<01:21, 23.03it/s, drift=6.172e-02, loss=5.689e-04]
[2026-03-18T07:46:13Z] epoch 1/30:   6%|▌         | 124/2000 [00:05<01:21, 23.03it/s, drift=6.539e-02, loss=6.620e-04]
[2026-03-18T07:46:13Z] epoch 1/30:   6%|▌         | 124/2000 [00:05<01:21, 23.03it/s, drift=7.319e-02, loss=7.954e-04]
[2026-03-18T07:46:13Z] epoch 1/30:   6%|▋         | 127/2000 [00:05<01:21, 23.01it/s, drift=7.319e-02, loss=7.954e-04]
[2026-03-18T07:46:13Z] epoch 1/30:   6%|▋         | 127/2000 [00:05<01:21, 23.01it/s, drift=1.203e-01, loss=2.078e-03]
[2026-03-18T07:46:13Z] epoch 1/30:   6%|▋         | 127/2000 [00:05<01:21, 23.01it/s, drift=6.383e-02, loss=5.951e-04]
[2026-03-18T07:46:13Z] epoch 1/30:   6%|▋         | 127/2000 [00:05<01:21, 23.01it/s, drift=6.094e-02, loss=5.488e-04]
[2026-03-18T07:46:13Z] epoch 1/30:   6%|▋         | 130/2000 [00:05<01:21, 23.00it/s, drift=6.094e-02, loss=5.488e-04]
[2026-03-18T07:46:14Z] epoch 1/30:   6%|▋         | 130/2000 [00:05<01:21, 23.00it/s, drift=9.689e-02, loss=1.356e-03]
[2026-03-18T07:46:14Z] epoch 1/30:   6%|▋         | 130/2000 [00:05<01:21, 23.00it/s, drift=4.860e-02, loss=3.485e-04]
[2026-03-18T07:46:14Z] epoch 1/30:   6%|▋         | 130/2000 [00:05<01:21, 23.00it/s, drift=5.570e-02, loss=4.503e-04]
[2026-03-18T07:46:14Z] epoch 1/30:   7%|▋         | 133/2000 [00:05<01:21, 22.98it/s, drift=5.570e-02, loss=4.503e-04]
[2026-03-18T07:46:14Z] epoch 1/30:   7%|▋         | 133/2000 [00:06<01:21, 22.98it/s, drift=7.708e-02, loss=8.576e-04]
[2026-03-18T07:46:14Z] epoch 1/30:   7%|▋         | 133/2000 [00:06<01:21, 22.98it/s, drift=4.854e-02, loss=3.416e-04]
[2026-03-18T07:46:14Z] epoch 1/30:   7%|▋         | 133/2000 [00:06<01:21, 22.98it/s, drift=6.977e-02, loss=7.012e-04]
[2026-03-18T07:46:14Z] epoch 1/30:   7%|▋         | 136/2000 [00:06<01:21, 22.93it/s, drift=6.977e-02, loss=7.012e-04]
[2026-03-18T07:46:14Z] epoch 1/30:   7%|▋         | 136/2000 [00:06<01:21, 22.93it/s, drift=5.961e-02, loss=5.103e-04]
[2026-03-18T07:46:14Z] epoch 1/30:   7%|▋         | 136/2000 [00:06<01:21, 22.93it/s, drift=1.105e-01, loss=1.752e-03]
[2026-03-18T07:46:14Z] epoch 1/30:   7%|▋         | 136/2000 [00:06<01:21, 22.93it/s, drift=4.516e-02, loss=3.028e-04]
[2026-03-18T07:46:14Z] epoch 1/30:   7%|▋         | 139/2000 [00:06<01:21, 22.95it/s, drift=4.516e-02, loss=3.028e-04]
[2026-03-18T07:46:14Z] epoch 1/30:   7%|▋         | 139/2000 [00:06<01:21, 22.95it/s, drift=7.247e-02, loss=7.614e-04]
[2026-03-18T07:46:14Z] epoch 1/30:   7%|▋         | 139/2000 [00:06<01:21, 22.95it/s, drift=5.014e-02, loss=3.667e-04]
[2026-03-18T07:46:14Z] epoch 1/30:   7%|▋         | 139/2000 [00:06<01:21, 22.95it/s, drift=9.259e-02, loss=1.257e-03]
[2026-03-18T07:46:14Z] epoch 1/30:   7%|▋         | 142/2000 [00:06<01:20, 22.97it/s, drift=9.259e-02, loss=1.257e-03]
[2026-03-18T07:46:14Z] epoch 1/30:   7%|▋         | 142/2000 [00:06<01:20, 22.97it/s, drift=5.048e-02, loss=3.732e-04]
[2026-03-18T07:46:14Z] epoch 1/30:   7%|▋         | 142/2000 [00:06<01:20, 22.97it/s, drift=5.188e-02, loss=4.183e-04]
[2026-03-18T07:46:14Z] epoch 1/30:   7%|▋         | 142/2000 [00:06<01:20, 22.97it/s, drift=4.057e-02, loss=2.501e-04]
[2026-03-18T07:46:14Z] epoch 1/30:   7%|▋         | 145/2000 [00:06<01:20, 22.98it/s, drift=4.057e-02, loss=2.501e-04]
[2026-03-18T07:46:14Z] epoch 1/30:   7%|▋         | 145/2000 [00:06<01:20, 22.98it/s, drift=8.779e-02, loss=1.112e-03]
[2026-03-18T07:46:14Z] epoch 1/30:   7%|▋         | 145/2000 [00:06<01:20, 22.98it/s, drift=6.775e-02, loss=6.595e-04]
[2026-03-18T07:46:14Z] epoch 1/30:   7%|▋         | 145/2000 [00:06<01:20, 22.98it/s, drift=7.671e-02, loss=8.445e-04]
[2026-03-18T07:46:14Z] epoch 1/30:   7%|▋         | 148/2000 [00:06<01:20, 22.99it/s, drift=7.671e-02, loss=8.445e-04]
[2026-03-18T07:46:14Z] epoch 1/30:   7%|▋         | 148/2000 [00:06<01:20, 22.99it/s, drift=4.429e-02, loss=2.870e-04]
[2026-03-18T07:46:14Z] epoch 1/30:   7%|▋         | 148/2000 [00:06<01:20, 22.99it/s, drift=9.779e-02, loss=1.368e-03]
[2026-03-18T07:46:14Z] epoch 1/30:   7%|▋         | 148/2000 [00:06<01:20, 22.99it/s, drift=7.193e-02, loss=7.450e-04]
[2026-03-18T07:46:14Z] epoch 1/30:   8%|▊         | 151/2000 [00:06<01:20, 22.99it/s, drift=7.193e-02, loss=7.450e-04]
[2026-03-18T07:46:14Z] epoch 1/30:   8%|▊         | 151/2000 [00:06<01:20, 22.99it/s, drift=7.532e-02, loss=8.131e-04]
[2026-03-18T07:46:14Z] epoch 1/30:   8%|▊         | 151/2000 [00:06<01:20, 22.99it/s, drift=6.291e-02, loss=5.718e-04]
[2026-03-18T07:46:14Z] epoch 1/30:   8%|▊         | 151/2000 [00:06<01:20, 22.99it/s, drift=4.262e-02, loss=2.659e-04]
[2026-03-18T07:46:15Z] epoch 1/30:   8%|▊         | 154/2000 [00:06<01:20, 23.00it/s, drift=4.262e-02, loss=2.659e-04]
[2026-03-18T07:46:15Z] epoch 1/30:   8%|▊         | 154/2000 [00:06<01:20, 23.00it/s, drift=5.487e-02, loss=4.352e-04]
[2026-03-18T07:46:15Z] epoch 1/30:   8%|▊         | 154/2000 [00:06<01:20, 23.00it/s, drift=7.780e-02, loss=8.698e-04]
[2026-03-18T07:46:15Z] epoch 1/30:   8%|▊         | 154/2000 [00:07<01:20, 23.00it/s, drift=9.928e-02, loss=1.414e-03]
[2026-03-18T07:46:15Z] epoch 1/30:   8%|▊         | 157/2000 [00:07<01:20, 22.98it/s, drift=9.928e-02, loss=1.414e-03]
[2026-03-18T07:46:15Z] epoch 1/30:   8%|▊         | 157/2000 [00:07<01:20, 22.98it/s, drift=9.306e-02, loss=1.240e-03]
[2026-03-18T07:46:15Z] epoch 1/30:   8%|▊         | 157/2000 [00:07<01:20, 22.98it/s, drift=6.882e-02, loss=6.831e-04]
[2026-03-18T07:46:15Z] epoch 1/30:   8%|▊         | 157/2000 [00:07<01:20, 22.98it/s, drift=7.477e-02, loss=8.021e-04]
[2026-03-18T07:46:15Z] epoch 1/30:   8%|▊         | 160/2000 [00:07<01:20, 22.98it/s, drift=7.477e-02, loss=8.021e-04]
[2026-03-18T07:46:15Z] epoch 1/30:   8%|▊         | 160/2000 [00:07<01:20, 22.98it/s, drift=6.301e-02, loss=5.770e-04]
[2026-03-18T07:46:15Z] epoch 1/30:   8%|▊         | 160/2000 [00:07<01:20, 22.98it/s, drift=5.396e-02, loss=4.239e-04]
[2026-03-18T07:46:15Z] epoch 1/30:   8%|▊         | 160/2000 [00:07<01:20, 22.98it/s, drift=6.123e-02, loss=5.377e-04]
[2026-03-18T07:46:15Z] epoch 1/30:   8%|▊         | 163/2000 [00:07<01:19, 22.98it/s, drift=6.123e-02, loss=5.377e-04]
[2026-03-18T07:46:15Z] epoch 1/30:   8%|▊         | 163/2000 [00:07<01:19, 22.98it/s, drift=9.460e-02, loss=1.284e-03]
[2026-03-18T07:46:15Z] epoch 1/30:   8%|▊         | 163/2000 [00:07<01:19, 22.98it/s, drift=9.455e-02, loss=1.280e-03]
[2026-03-18T07:46:15Z] epoch 1/30:   8%|▊         | 163/2000 [00:07<01:19, 22.98it/s, drift=5.403e-02, loss=4.224e-04]
[2026-03-18T07:46:15Z] epoch 1/30:   8%|▊         | 166/2000 [00:07<01:19, 22.99it/s, drift=5.403e-02, loss=4.224e-04]
[2026-03-18T07:46:15Z] epoch 1/30:   8%|▊         | 166/2000 [00:07<01:19, 22.99it/s, drift=4.104e-02, loss=2.420e-04]
[2026-03-18T07:46:15Z] epoch 1/30:   8%|▊         | 166/2000 [00:07<01:19, 22.99it/s, drift=4.269e-02, loss=2.649e-04]
[2026-03-18T07:46:15Z] epoch 1/30:   8%|▊         | 166/2000 [00:07<01:19, 22.99it/s, drift=5.692e-02, loss=4.654e-04]
[2026-03-18T07:46:15Z] epoch 1/30:   8%|▊         | 169/2000 [00:07<01:19, 23.01it/s, drift=5.692e-02, loss=4.654e-04]
[2026-03-18T07:46:15Z] epoch 1/30:   8%|▊         | 169/2000 [00:07<01:19, 23.01it/s, drift=6.471e-02, loss=6.036e-04]
[2026-03-18T07:46:15Z] epoch 1/30:   8%|▊         | 169/2000 [00:07<01:19, 23.01it/s, drift=7.654e-02, loss=8.431e-04]
[2026-03-18T07:46:15Z] epoch 1/30:   8%|▊         | 169/2000 [00:07<01:19, 23.01it/s, drift=8.079e-02, loss=9.370e-04]
[2026-03-18T07:46:15Z] epoch 1/30:   9%|▊         | 172/2000 [00:07<01:19, 23.02it/s, drift=8.079e-02, loss=9.370e-04]
[2026-03-18T07:46:15Z] epoch 1/30:   9%|▊         | 172/2000 [00:07<01:19, 23.02it/s, drift=8.516e-02, loss=1.046e-03]
[2026-03-18T07:46:15Z] epoch 1/30:   9%|▊         | 172/2000 [00:07<01:19, 23.02it/s, drift=6.102e-02, loss=5.350e-04]
[2026-03-18T07:46:15Z] epoch 1/30:   9%|▊         | 172/2000 [00:07<01:19, 23.02it/s, drift=8.273e-02, loss=9.799e-04]
[2026-03-18T07:46:15Z] epoch 1/30:   9%|▉         | 175/2000 [00:07<01:19, 23.02it/s, drift=8.273e-02, loss=9.799e-04]
[2026-03-18T07:46:15Z] epoch 1/30:   9%|▉         | 175/2000 [00:07<01:19, 23.02it/s, drift=7.657e-02, loss=8.407e-04]
[2026-03-18T07:46:16Z] epoch 1/30:   9%|▉         | 175/2000 [00:07<01:19, 23.02it/s, drift=8.551e-02, loss=1.049e-03]
[2026-03-18T07:46:16Z] epoch 1/30:   9%|▉         | 175/2000 [00:07<01:19, 23.02it/s, drift=8.524e-02, loss=1.045e-03]
[2026-03-18T07:46:16Z] epoch 1/30:   9%|▉         | 178/2000 [00:07<01:19, 23.01it/s, drift=8.524e-02, loss=1.045e-03]
[2026-03-18T07:46:16Z] epoch 1/30:   9%|▉         | 178/2000 [00:07<01:19, 23.01it/s, drift=7.898e-02, loss=8.927e-04]
[2026-03-18T07:46:16Z] epoch 1/30:   9%|▉         | 178/2000 [00:08<01:19, 23.01it/s, drift=6.705e-02, loss=6.446e-04]
[2026-03-18T07:46:16Z] epoch 1/30:   9%|▉         | 178/2000 [00:08<01:19, 23.01it/s, drift=5.691e-02, loss=4.662e-04]
[2026-03-18T07:46:16Z] epoch 1/30:   9%|▉         | 181/2000 [00:08<01:19, 23.00it/s, drift=5.691e-02, loss=4.662e-04]
[2026-03-18T07:46:16Z] epoch 1/30:   9%|▉         | 181/2000 [00:08<01:19, 23.00it/s, drift=7.856e-02, loss=8.891e-04]
[2026-03-18T07:46:16Z] epoch 1/30:   9%|▉         | 181/2000 [00:08<01:19, 23.00it/s, drift=7.087e-02, loss=7.218e-04]
[2026-03-18T07:46:16Z] epoch 1/30:   9%|▉         | 181/2000 [00:08<01:19, 23.00it/s, drift=4.739e-02, loss=3.278e-04]
[2026-03-18T07:46:16Z] epoch 1/30:   9%|▉         | 184/2000 [00:08<01:18, 23.00it/s, drift=4.739e-02, loss=3.278e-04]
[2026-03-18T07:46:16Z] epoch 1/30:   9%|▉         | 184/2000 [00:08<01:18, 23.00it/s, drift=5.347e-02, loss=4.115e-04]
[2026-03-18T07:46:16Z] epoch 1/30:   9%|▉         | 184/2000 [00:08<01:18, 23.00it/s, drift=6.825e-02, loss=6.677e-04]
[2026-03-18T07:46:16Z] epoch 1/30:   9%|▉         | 184/2000 [00:08<01:18, 23.00it/s, drift=6.341e-02, loss=5.781e-04]
[2026-03-18T07:46:16Z] epoch 1/30:   9%|▉         | 187/2000 [00:08<01:18, 22.99it/s, drift=6.341e-02, loss=5.781e-04]
[2026-03-18T07:46:16Z] epoch 1/30:   9%|▉         | 187/2000 [00:08<01:18, 22.99it/s, drift=6.254e-02, loss=5.604e-04]
[2026-03-18T07:46:16Z] epoch 1/30:   9%|▉         | 187/2000 [00:08<01:18, 22.99it/s, drift=5.395e-02, loss=4.182e-04]
[2026-03-18T07:46:16Z] epoch 1/30:   9%|▉         | 187/2000 [00:08<01:18, 22.99it/s, drift=5.211e-02, loss=3.902e-04]
[2026-03-18T07:46:16Z] epoch 1/30:  10%|▉         | 190/2000 [00:08<01:18, 23.00it/s, drift=5.211e-02, loss=3.902e-04]
[2026-03-18T07:46:16Z] epoch 1/30:  10%|▉         | 190/2000 [00:08<01:18, 23.00it/s, drift=1.051e-01, loss=1.580e-03]
[2026-03-18T07:46:16Z] epoch 1/30:  10%|▉         | 190/2000 [00:08<01:18, 23.00it/s, drift=9.858e-02, loss=1.394e-03]
[2026-03-18T07:46:16Z] epoch 1/30:  10%|▉         | 190/2000 [00:08<01:18, 23.00it/s, drift=6.644e-02, loss=6.324e-04]
[2026-03-18T07:46:16Z] epoch 1/30:  10%|▉         | 193/2000 [00:08<01:18, 23.00it/s, drift=6.644e-02, loss=6.324e-04]
[2026-03-18T07:46:16Z] epoch 1/30:  10%|▉         | 193/2000 [00:08<01:18, 23.00it/s, drift=6.656e-02, loss=6.349e-04]
[2026-03-18T07:46:16Z] epoch 1/30:  10%|▉         | 193/2000 [00:08<01:18, 23.00it/s, drift=4.180e-02, loss=2.572e-04]
[2026-03-18T07:46:16Z] epoch 1/30:  10%|▉         | 193/2000 [00:08<01:18, 23.00it/s, drift=8.355e-02, loss=9.985e-04]
[2026-03-18T07:46:16Z] epoch 1/30:  10%|▉         | 196/2000 [00:08<01:18, 23.01it/s, drift=8.355e-02, loss=9.985e-04]
[2026-03-18T07:46:16Z] epoch 1/30:  10%|▉         | 196/2000 [00:08<01:18, 23.01it/s, drift=9.250e-02, loss=1.224e-03]
[2026-03-18T07:46:16Z] epoch 1/30:  10%|▉         | 196/2000 [00:08<01:18, 23.01it/s, drift=7.561e-02, loss=8.220e-04]
[2026-03-18T07:46:16Z] epoch 1/30:  10%|▉         | 196/2000 [00:08<01:18, 23.01it/s, drift=6.126e-02, loss=5.408e-04]
[2026-03-18T07:46:16Z] epoch 1/30:  10%|▉         | 199/2000 [00:08<01:18, 23.01it/s, drift=6.126e-02, loss=5.408e-04]
[2026-03-18T07:46:17Z] epoch 1/30:  10%|▉         | 199/2000 [00:08<01:18, 23.01it/s, drift=5.591e-02, loss=4.495e-04]
[2026-03-18T07:46:17Z] epoch 1/30:  10%|▉         | 199/2000 [00:08<01:18, 23.01it/s, drift=7.883e-02, loss=8.909e-04]
[2026-03-18T07:46:17Z] epoch 1/30:  10%|▉         | 199/2000 [00:08<01:18, 23.01it/s, drift=7.989e-02, loss=9.130e-04]
[2026-03-18T07:46:17Z] epoch 1/30:  10%|█         | 202/2000 [00:08<01:18, 23.02it/s, drift=7.989e-02, loss=9.130e-04]
[2026-03-18T07:46:17Z] epoch 1/30:  10%|█         | 202/2000 [00:09<01:18, 23.02it/s, drift=6.751e-02, loss=6.526e-04]
[2026-03-18T07:46:17Z] epoch 1/30:  10%|█         | 202/2000 [00:09<01:18, 23.02it/s, drift=5.229e-02, loss=3.943e-04]
[2026-03-18T07:46:17Z] epoch 1/30:  10%|█         | 202/2000 [00:09<01:18, 23.02it/s, drift=4.321e-02, loss=2.699e-04]
[2026-03-18T07:46:17Z] epoch 1/30:  10%|█         | 205/2000 [00:09<01:17, 23.02it/s, drift=4.321e-02, loss=2.699e-04]
[2026-03-18T07:46:17Z] epoch 1/30:  10%|█         | 205/2000 [00:09<01:17, 23.02it/s, drift=5.111e-02, loss=3.857e-04]
[2026-03-18T07:46:17Z] epoch 1/30:  10%|█         | 205/2000 [00:09<01:17, 23.02it/s, drift=6.199e-02, loss=5.539e-04]
[2026-03-18T07:46:17Z] epoch 1/30:  10%|█         | 205/2000 [00:09<01:17, 23.02it/s, drift=9.197e-02, loss=1.216e-03]
[2026-03-18T07:46:17Z] epoch 1/30:  10%|█         | 208/2000 [00:09<01:17, 23.02it/s, drift=9.197e-02, loss=1.216e-03]
[2026-03-18T07:46:17Z] epoch 1/30:  10%|█         | 208/2000 [00:09<01:17, 23.02it/s, drift=8.100e-02, loss=9.393e-04]
[2026-03-18T07:46:17Z] epoch 1/30:  10%|█         | 208/2000 [00:09<01:17, 23.02it/s, drift=6.706e-02, loss=6.468e-04]
[2026-03-18T07:46:17Z] epoch 1/30:  10%|█         | 208/2000 [00:09<01:17, 23.02it/s, drift=7.306e-02, loss=7.644e-04]
[2026-03-18T07:46:17Z] epoch 1/30:  11%|█         | 211/2000 [00:09<01:17, 23.01it/s, drift=7.306e-02, loss=7.644e-04]
[2026-03-18T07:46:17Z] epoch 1/30:  11%|█         | 211/2000 [00:09<01:17, 23.01it/s, drift=7.346e-02, loss=7.747e-04]
[2026-03-18T07:46:17Z] epoch 1/30:  11%|█         | 211/2000 [00:09<01:17, 23.01it/s, drift=8.838e-02, loss=1.119e-03]
[2026-03-18T07:46:17Z] epoch 1/30:  11%|█         | 211/2000 [00:09<01:17, 23.01it/s, drift=8.301e-02, loss=9.857e-04]
[2026-03-18T07:46:17Z] epoch 1/30:  11%|█         | 214/2000 [00:09<01:17, 22.99it/s, drift=8.301e-02, loss=9.857e-04]
[2026-03-18T07:46:17Z] epoch 1/30:  11%|█         | 214/2000 [00:09<01:17, 22.99it/s, drift=6.400e-02, loss=5.893e-04]
[2026-03-18T07:46:17Z] epoch 1/30:  11%|█         | 214/2000 [00:09<01:17, 22.99it/s, drift=4.658e-02, loss=3.130e-04]
[2026-03-18T07:46:17Z] epoch 1/30:  11%|█         | 214/2000 [00:09<01:17, 22.99it/s, drift=5.545e-02, loss=4.453e-04]
[2026-03-18T07:46:17Z] epoch 1/30:  11%|█         | 217/2000 [00:09<01:17, 22.99it/s, drift=5.545e-02, loss=4.453e-04]
[2026-03-18T07:46:17Z] epoch 1/30:  11%|█         | 217/2000 [00:09<01:17, 22.99it/s, drift=6.352e-02, loss=5.778e-04]
[2026-03-18T07:46:17Z] epoch 1/30:  11%|█         | 217/2000 [00:09<01:17, 22.99it/s, drift=6.680e-02, loss=6.385e-04]
[2026-03-18T07:46:17Z] epoch 1/30:  11%|█         | 217/2000 [00:09<01:17, 22.99it/s, drift=6.083e-02, loss=5.323e-04]
[2026-03-18T07:46:17Z] epoch 1/30:  11%|█         | 220/2000 [00:09<01:17, 23.00it/s, drift=6.083e-02, loss=5.323e-04]
[2026-03-18T07:46:17Z] epoch 1/30:  11%|█         | 220/2000 [00:09<01:17, 23.00it/s, drift=7.575e-02, loss=8.225e-04]
[2026-03-18T07:46:17Z] epoch 1/30:  11%|█         | 220/2000 [00:09<01:17, 23.00it/s, drift=7.978e-02, loss=9.139e-04]
[2026-03-18T07:46:17Z] epoch 1/30:  11%|█         | 220/2000 [00:09<01:17, 23.00it/s, drift=4.578e-02, loss=3.008e-04]
[2026-03-18T07:46:18Z] epoch 1/30:  11%|█         | 223/2000 [00:09<01:17, 23.01it/s, drift=4.578e-02, loss=3.008e-04]
[2026-03-18T07:46:18Z] epoch 1/30:  11%|█         | 223/2000 [00:09<01:17, 23.01it/s, drift=9.445e-02, loss=1.283e-03]
[2026-03-18T07:46:18Z] epoch 1/30:  11%|█         | 223/2000 [00:09<01:17, 23.01it/s, drift=6.798e-02, loss=6.629e-04]
[2026-03-18T07:46:18Z] epoch 1/30:  11%|█         | 223/2000 [00:10<01:17, 23.01it/s, drift=6.734e-02, loss=6.522e-04]
[2026-03-18T07:46:18Z] epoch 1/30:  11%|█▏        | 226/2000 [00:10<01:17, 23.02it/s, drift=6.734e-02, loss=6.522e-04]
[2026-03-18T07:46:18Z] epoch 1/30:  11%|█▏        | 226/2000 [00:10<01:17, 23.02it/s, drift=5.916e-02, loss=5.060e-04]
[2026-03-18T07:46:18Z] epoch 1/30:  11%|█▏        | 226/2000 [00:10<01:17, 23.02it/s, drift=6.441e-02, loss=5.965e-04]
[2026-03-18T07:46:18Z] epoch 1/30:  11%|█▏        | 226/2000 [00:10<01:17, 23.02it/s, drift=8.541e-02, loss=1.048e-03]
[2026-03-18T07:46:18Z] epoch 1/30:  11%|█▏        | 229/2000 [00:10<01:16, 23.02it/s, drift=8.541e-02, loss=1.048e-03]
[2026-03-18T07:46:18Z] epoch 1/30:  11%|█▏        | 229/2000 [00:10<01:16, 23.02it/s, drift=6.641e-02, loss=6.339e-04]
[2026-03-18T07:46:18Z] epoch 1/30:  11%|█▏        | 229/2000 [00:10<01:16, 23.02it/s, drift=6.155e-02, loss=5.428e-04]
[2026-03-18T07:46:18Z] epoch 1/30:  11%|█▏        | 229/2000 [00:10<01:16, 23.02it/s, drift=4.475e-02, loss=2.899e-04]
[2026-03-18T07:46:18Z] epoch 1/30:  12%|█▏        | 232/2000 [00:10<01:16, 23.02it/s, drift=4.475e-02, loss=2.899e-04]
[2026-03-18T07:46:18Z] epoch 1/30:  12%|█▏        | 232/2000 [00:10<01:16, 23.02it/s, drift=7.683e-02, loss=8.463e-04]
[2026-03-18T07:46:18Z] epoch 1/30:  12%|█▏        | 232/2000 [00:10<01:16, 23.02it/s, drift=6.584e-02, loss=6.217e-04]
[2026-03-18T07:46:18Z] epoch 1/30:  12%|█▏        | 232/2000 [00:10<01:16, 23.02it/s, drift=5.413e-02, loss=4.214e-04]
[2026-03-18T07:46:18Z] epoch 1/30:  12%|█▏        | 235/2000 [00:10<01:16, 23.02it/s, drift=5.413e-02, loss=4.214e-04]
[2026-03-18T07:46:18Z] epoch 1/30:  12%|█▏        | 235/2000 [00:10<01:16, 23.02it/s, drift=1.153e-01, loss=1.900e-03]
[2026-03-18T07:46:18Z] epoch 1/30:  12%|█▏        | 235/2000 [00:10<01:16, 23.02it/s, drift=9.297e-02, loss=1.239e-03]
[2026-03-18T07:46:18Z] epoch 1/30:  12%|█▏        | 235/2000 [00:10<01:16, 23.02it/s, drift=5.761e-02, loss=4.772e-04]
[2026-03-18T07:46:18Z] epoch 1/30:  12%|█▏        | 238/2000 [00:10<01:16, 23.03it/s, drift=5.761e-02, loss=4.772e-04]
[2026-03-18T07:46:18Z] epoch 1/30:  12%|█▏        | 238/2000 [00:10<01:16, 23.03it/s, drift=7.271e-02, loss=7.581e-04]
[2026-03-18T07:46:18Z] epoch 1/30:  12%|█▏        | 238/2000 [00:10<01:16, 23.03it/s, drift=7.632e-02, loss=8.354e-04]
[2026-03-18T07:46:18Z] epoch 1/30:  12%|█▏        | 238/2000 [00:10<01:16, 23.03it/s, drift=9.171e-02, loss=1.208e-03]
[2026-03-18T07:46:18Z] epoch 1/30:  12%|█▏        | 241/2000 [00:10<01:16, 23.03it/s, drift=9.171e-02, loss=1.208e-03]
[2026-03-18T07:46:18Z] epoch 1/30:  12%|█▏        | 241/2000 [00:10<01:16, 23.03it/s, drift=1.280e-01, loss=2.342e-03]
[2026-03-18T07:46:18Z] epoch 1/30:  12%|█▏        | 241/2000 [00:10<01:16, 23.03it/s, drift=6.073e-02, loss=5.301e-04]
[2026-03-18T07:46:18Z] epoch 1/30:  12%|█▏        | 241/2000 [00:10<01:16, 23.03it/s, drift=6.522e-02, loss=6.134e-04]
[2026-03-18T07:46:18Z] epoch 1/30:  12%|█▏        | 244/2000 [00:10<01:16, 23.03it/s, drift=6.522e-02, loss=6.134e-04]
[2026-03-18T07:46:18Z] epoch 1/30:  12%|█▏        | 244/2000 [00:10<01:16, 23.03it/s, drift=7.465e-02, loss=7.997e-04]
[2026-03-18T07:46:19Z] epoch 1/30:  12%|█▏        | 244/2000 [00:10<01:16, 23.03it/s, drift=8.086e-02, loss=9.356e-04]
[2026-03-18T07:46:19Z] epoch 1/30:  12%|█▏        | 244/2000 [00:10<01:16, 23.03it/s, drift=1.091e-01, loss=1.702e-03]
[2026-03-18T07:46:19Z] epoch 1/30:  12%|█▏        | 247/2000 [00:10<01:16, 23.02it/s, drift=1.091e-01, loss=1.702e-03]
[2026-03-18T07:46:19Z] epoch 1/30:  12%|█▏        | 247/2000 [00:10<01:16, 23.02it/s, drift=9.953e-02, loss=1.421e-03]
[2026-03-18T07:46:19Z] epoch 1/30:  12%|█▏        | 247/2000 [00:11<01:16, 23.02it/s, drift=4.634e-02, loss=3.097e-04]
[2026-03-18T07:46:19Z] epoch 1/30:  12%|█▏        | 247/2000 [00:11<01:16, 23.02it/s, drift=5.179e-02, loss=3.850e-04]
[2026-03-18T07:46:19Z] epoch 1/30:  12%|█▎        | 250/2000 [00:11<01:16, 23.01it/s, drift=5.179e-02, loss=3.850e-04]
[2026-03-18T07:46:19Z] epoch 1/30:  12%|█▎        | 250/2000 [00:11<01:16, 23.01it/s, drift=7.414e-02, loss=7.925e-04]
[2026-03-18T07:46:19Z] epoch 1/30:  12%|█▎        | 250/2000 [00:11<01:16, 23.01it/s, drift=2.141e-02, loss=7.036e-05]
[2026-03-18T07:46:19Z] epoch 1/30:  12%|█▎        | 250/2000 [00:11<01:16, 23.01it/s, drift=6.776e-02, loss=6.573e-04]
[2026-03-18T07:46:19Z] epoch 1/30:  13%|█▎        | 253/2000 [00:11<01:15, 23.00it/s, drift=6.776e-02, loss=6.573e-04]
[2026-03-18T07:46:19Z] epoch 1/30:  13%|█▎        | 253/2000 [00:11<01:15, 23.00it/s, drift=9.594e-02, loss=1.317e-03]
[2026-03-18T07:46:19Z] epoch 1/30:  13%|█▎        | 253/2000 [00:11<01:15, 23.00it/s, drift=6.488e-02, loss=6.045e-04]
[2026-03-18T07:46:19Z] epoch 1/30:  13%|█▎        | 253/2000 [00:11<01:15, 23.00it/s, drift=7.058e-02, loss=7.133e-04]
[2026-03-18T07:46:19Z] epoch 1/30:  13%|█▎        | 256/2000 [00:11<01:15, 23.00it/s, drift=7.058e-02, loss=7.133e-04]
[2026-03-18T07:46:19Z] epoch 1/30:  13%|█▎        | 256/2000 [00:11<01:15, 23.00it/s, drift=6.531e-02, loss=6.145e-04]
[2026-03-18T07:46:19Z] epoch 1/30:  13%|█▎        | 256/2000 [00:11<01:15, 23.00it/s, drift=7.975e-02, loss=9.101e-04]
[2026-03-18T07:46:19Z] epoch 1/30:  13%|█▎        | 256/2000 [00:11<01:15, 23.00it/s, drift=4.337e-02, loss=2.720e-04]
[2026-03-18T07:46:19Z] epoch 1/30:  13%|█▎        | 259/2000 [00:11<01:15, 23.00it/s, drift=4.337e-02, loss=2.720e-04]
[2026-03-18T07:46:19Z] epoch 1/30:  13%|█▎        | 259/2000 [00:11<01:15, 23.00it/s, drift=7.648e-02, loss=8.375e-04]
[2026-03-18T07:46:19Z] epoch 1/30:  13%|█▎        | 259/2000 [00:11<01:15, 23.00it/s, drift=2.488e-02, loss=9.130e-05]
[2026-03-18T07:46:19Z] epoch 1/30:  13%|█▎        | 259/2000 [00:11<01:15, 23.00it/s, drift=5.431e-02, loss=4.283e-04]
[2026-03-18T07:46:19Z] epoch 1/30:  13%|█▎        | 262/2000 [00:11<01:15, 23.00it/s, drift=5.431e-02, loss=4.283e-04]
[2026-03-18T07:46:19Z] epoch 1/30:  13%|█▎        | 262/2000 [00:11<01:15, 23.00it/s, drift=4.514e-02, loss=2.935e-04]
[2026-03-18T07:46:19Z] epoch 1/30:  13%|█▎        | 262/2000 [00:11<01:15, 23.00it/s, drift=6.588e-02, loss=6.230e-04]
[2026-03-18T07:46:19Z] epoch 1/30:  13%|█▎        | 262/2000 [00:11<01:15, 23.00it/s, drift=4.491e-02, loss=2.900e-04]
[2026-03-18T07:46:19Z] epoch 1/30:  13%|█▎        | 265/2000 [00:11<01:15, 22.97it/s, drift=4.491e-02, loss=2.900e-04]
[2026-03-18T07:46:19Z] epoch 1/30:  13%|█▎        | 265/2000 [00:11<01:15, 22.97it/s, drift=4.169e-02, loss=2.521e-04]
[2026-03-18T07:46:19Z] epoch 1/30:  13%|█▎        | 265/2000 [00:11<01:15, 22.97it/s, drift=7.213e-02, loss=7.462e-04]
[2026-03-18T07:46:19Z] epoch 1/30:  13%|█▎        | 265/2000 [00:11<01:15, 22.97it/s, drift=7.224e-02, loss=7.507e-04]
[2026-03-18T07:46:19Z] epoch 1/30:  13%|█▎        | 268/2000 [00:11<01:15, 22.98it/s, drift=7.224e-02, loss=7.507e-04]
[2026-03-18T07:46:20Z] epoch 1/30:  13%|█▎        | 268/2000 [00:11<01:15, 22.98it/s, drift=7.352e-02, loss=7.747e-04]
[2026-03-18T07:46:20Z] epoch 1/30:  13%|█▎        | 268/2000 [00:11<01:15, 22.98it/s, drift=1.040e-01, loss=1.547e-03]
[2026-03-18T07:46:20Z] epoch 1/30:  13%|█▎        | 268/2000 [00:11<01:15, 22.98it/s, drift=6.095e-02, loss=5.340e-04]
[2026-03-18T07:46:20Z] epoch 1/30:  14%|█▎        | 271/2000 [00:11<01:15, 22.98it/s, drift=6.095e-02, loss=5.340e-04]
[2026-03-18T07:46:20Z] epoch 1/30:  14%|█▎        | 271/2000 [00:12<01:15, 22.98it/s, drift=9.682e-02, loss=1.342e-03]
[2026-03-18T07:46:20Z] epoch 1/30:  14%|█▎        | 271/2000 [00:12<01:15, 22.98it/s, drift=8.052e-02, loss=9.271e-04]
[2026-03-18T07:46:20Z] epoch 1/30:  14%|█▎        | 271/2000 [00:12<01:15, 22.98it/s, drift=9.198e-02, loss=1.212e-03]
[2026-03-18T07:46:20Z] epoch 1/30:  14%|█▎        | 274/2000 [00:12<01:15, 22.99it/s, drift=9.198e-02, loss=1.212e-03]
[2026-03-18T07:46:20Z] epoch 1/30:  14%|█▎        | 274/2000 [00:12<01:15, 22.99it/s, drift=1.096e-01, loss=1.717e-03]
[2026-03-18T07:46:20Z] epoch 1/30:  14%|█▎        | 274/2000 [00:12<01:15, 22.99it/s, drift=8.377e-02, loss=1.007e-03]
[2026-03-18T07:46:20Z] epoch 1/30:  14%|█▎        | 274/2000 [00:12<01:15, 22.99it/s, drift=7.030e-02, loss=7.109e-04]
[2026-03-18T07:46:20Z] epoch 1/30:  14%|█▍        | 277/2000 [00:12<01:14, 23.01it/s, drift=7.030e-02, loss=7.109e-04]
[2026-03-18T07:46:20Z] epoch 1/30:  14%|█▍        | 277/2000 [00:12<01:14, 23.01it/s, drift=6.617e-02, loss=6.279e-04]
[2026-03-18T07:46:20Z] epoch 1/30:  14%|█▍        | 277/2000 [00:12<01:14, 23.01it/s, drift=6.955e-02, loss=6.939e-04]
[2026-03-18T07:46:20Z] epoch 1/30:  14%|█▍        | 277/2000 [00:12<01:14, 23.01it/s, drift=9.134e-02, loss=1.195e-03]
[2026-03-18T07:46:20Z] epoch 1/30:  14%|█▍        | 280/2000 [00:12<01:14, 23.01it/s, drift=9.134e-02, loss=1.195e-03]
[2026-03-18T07:46:20Z] epoch 1/30:  14%|█▍        | 280/2000 [00:12<01:14, 23.01it/s, drift=7.717e-02, loss=8.529e-04]
[2026-03-18T07:46:20Z] epoch 1/30:  14%|█▍        | 280/2000 [00:12<01:14, 23.01it/s, drift=9.037e-02, loss=1.169e-03]
[2026-03-18T07:46:20Z] epoch 1/30:  14%|█▍        | 280/2000 [00:12<01:14, 23.01it/s, drift=6.608e-02, loss=6.281e-04]
[2026-03-18T07:46:20Z] epoch 1/30:  14%|█▍        | 283/2000 [00:12<01:14, 23.02it/s, drift=6.608e-02, loss=6.281e-04]
[2026-03-18T07:46:20Z] epoch 1/30:  14%|█▍        | 283/2000 [00:12<01:14, 23.02it/s, drift=5.335e-02, loss=4.092e-04]
[2026-03-18T07:46:20Z] epoch 1/30:  14%|█▍        | 283/2000 [00:12<01:14, 23.02it/s, drift=7.804e-02, loss=8.731e-04]
[2026-03-18T07:46:20Z] epoch 1/30:  14%|█▍        | 283/2000 [00:12<01:14, 23.02it/s, drift=8.275e-02, loss=9.806e-04]
[2026-03-18T07:46:20Z] epoch 1/30:  14%|█▍        | 286/2000 [00:12<01:14, 23.02it/s, drift=8.275e-02, loss=9.806e-04]
[2026-03-18T07:46:20Z] epoch 1/30:  14%|█▍        | 286/2000 [00:12<01:14, 23.02it/s, drift=1.084e-01, loss=1.681e-03]
[2026-03-18T07:46:20Z] epoch 1/30:  14%|█▍        | 286/2000 [00:12<01:14, 23.02it/s, drift=9.358e-02, loss=1.253e-03]
[2026-03-18T07:46:20Z] epoch 1/30:  14%|█▍        | 286/2000 [00:12<01:14, 23.02it/s, drift=5.639e-02, loss=4.558e-04]
[2026-03-18T07:46:20Z] epoch 1/30:  14%|█▍        | 289/2000 [00:12<01:14, 23.02it/s, drift=5.639e-02, loss=4.558e-04]
[2026-03-18T07:46:20Z] epoch 1/30:  14%|█▍        | 289/2000 [00:12<01:14, 23.02it/s, drift=5.922e-02, loss=5.075e-04]
[2026-03-18T07:46:20Z] epoch 1/30:  14%|█▍        | 289/2000 [00:12<01:14, 23.02it/s, drift=6.234e-02, loss=5.589e-04]
[2026-03-18T07:46:20Z] epoch 1/30:  14%|█▍        | 289/2000 [00:12<01:14, 23.02it/s, drift=7.458e-02, loss=7.981e-04]
[2026-03-18T07:46:21Z] epoch 1/30:  15%|█▍        | 292/2000 [00:12<01:14, 23.03it/s, drift=7.458e-02, loss=7.981e-04]
[2026-03-18T07:46:21Z] epoch 1/30:  15%|█▍        | 292/2000 [00:12<01:14, 23.03it/s, drift=8.670e-02, loss=1.077e-03]
[2026-03-18T07:46:21Z] epoch 1/30:  15%|█▍        | 292/2000 [00:12<01:14, 23.03it/s, drift=7.126e-02, loss=7.279e-04]
[2026-03-18T07:46:21Z] epoch 1/30:  15%|█▍        | 292/2000 [00:13<01:14, 23.03it/s, drift=8.658e-02, loss=1.075e-03]
[2026-03-18T07:46:21Z] epoch 1/30:  15%|█▍        | 295/2000 [00:13<01:14, 23.03it/s, drift=8.658e-02, loss=1.075e-03]
[2026-03-18T07:46:21Z] epoch 1/30:  15%|█▍        | 295/2000 [00:13<01:14, 23.03it/s, drift=8.782e-02, loss=1.104e-03]
[2026-03-18T07:46:21Z] epoch 1/30:  15%|█▍        | 295/2000 [00:13<01:14, 23.03it/s, drift=8.044e-02, loss=9.266e-04]
[2026-03-18T07:46:21Z] epoch 1/30:  15%|█▍        | 295/2000 [00:13<01:14, 23.03it/s, drift=6.075e-02, loss=5.318e-04]
[2026-03-18T07:46:21Z] epoch 1/30:  15%|█▍        | 298/2000 [00:13<01:13, 23.03it/s, drift=6.075e-02, loss=5.318e-04]
[2026-03-18T07:46:21Z] epoch 1/30:  15%|█▍        | 298/2000 [00:13<01:13, 23.03it/s, drift=5.040e-02, loss=3.684e-04]
[2026-03-18T07:46:21Z] epoch 1/30:  15%|█▍        | 298/2000 [00:13<01:13, 23.03it/s, drift=8.735e-02, loss=1.094e-03]
[2026-03-18T07:46:21Z] epoch 1/30:  15%|█▍        | 298/2000 [00:13<01:13, 23.03it/s, drift=8.088e-02, loss=9.369e-04]
[2026-03-18T07:46:21Z] epoch 1/30:  15%|█▌        | 301/2000 [00:13<01:13, 23.03it/s, drift=8.088e-02, loss=9.369e-04]
[2026-03-18T07:46:21Z] epoch 1/30:  15%|█▌        | 301/2000 [00:13<01:13, 23.03it/s, drift=8.645e-02, loss=1.070e-03]
[2026-03-18T07:46:21Z] epoch 1/30:  15%|█▌        | 301/2000 [00:13<01:13, 23.03it/s, drift=6.166e-02, loss=5.464e-04]
[2026-03-18T07:46:21Z] epoch 1/30:  15%|█▌        | 301/2000 [00:13<01:13, 23.03it/s, drift=9.837e-02, loss=1.387e-03]
[2026-03-18T07:46:21Z] epoch 1/30:  15%|█▌        | 304/2000 [00:13<01:13, 23.03it/s, drift=9.837e-02, loss=1.387e-03]
[2026-03-18T07:46:21Z] epoch 1/30:  15%|█▌        | 304/2000 [00:13<01:13, 23.03it/s, drift=5.021e-02, loss=3.639e-04]
[2026-03-18T07:46:21Z] epoch 1/30:  15%|█▌        | 304/2000 [00:13<01:13, 23.03it/s, drift=5.273e-02, loss=3.985e-04]
[2026-03-18T07:46:21Z] epoch 1/30:  15%|█▌        | 304/2000 [00:13<01:13, 23.03it/s, drift=7.299e-02, loss=7.658e-04]
[2026-03-18T07:46:21Z] epoch 1/30:  15%|█▌        | 307/2000 [00:13<01:13, 23.02it/s, drift=7.299e-02, loss=7.658e-04]
[2026-03-18T07:46:21Z] epoch 1/30:  15%|█▌        | 307/2000 [00:13<01:13, 23.02it/s, drift=4.822e-02, loss=3.347e-04]
[2026-03-18T07:46:21Z] epoch 1/30:  15%|█▌        | 307/2000 [00:13<01:13, 23.02it/s, drift=7.597e-02, loss=8.295e-04]
[2026-03-18T07:46:21Z] epoch 1/30:  15%|█▌        | 307/2000 [00:13<01:13, 23.02it/s, drift=9.981e-02, loss=1.425e-03]
[2026-03-18T07:46:21Z] epoch 1/30:  16%|█▌        | 310/2000 [00:13<01:13, 23.01it/s, drift=9.981e-02, loss=1.425e-03]
[2026-03-18T07:46:21Z] epoch 1/30:  16%|█▌        | 310/2000 [00:13<01:13, 23.01it/s, drift=6.274e-02, loss=5.678e-04]
[2026-03-18T07:46:21Z] epoch 1/30:  16%|█▌        | 310/2000 [00:13<01:13, 23.01it/s, drift=8.604e-02, loss=1.063e-03]
[2026-03-18T07:46:21Z] epoch 1/30:  16%|█▌        | 310/2000 [00:13<01:13, 23.01it/s, drift=1.080e-01, loss=1.668e-03]
[2026-03-18T07:46:21Z] epoch 1/30:  16%|█▌        | 313/2000 [00:13<01:13, 23.01it/s, drift=1.080e-01, loss=1.668e-03]
[2026-03-18T07:46:21Z] epoch 1/30:  16%|█▌        | 313/2000 [00:13<01:13, 23.01it/s, drift=8.820e-02, loss=1.114e-03]
[2026-03-18T07:46:22Z] epoch 1/30:  16%|█▌        | 313/2000 [00:13<01:13, 23.01it/s, drift=8.438e-02, loss=1.023e-03]
[2026-03-18T07:46:22Z] epoch 1/30:  16%|█▌        | 313/2000 [00:13<01:13, 23.01it/s, drift=1.106e-01, loss=1.747e-03]
[2026-03-18T07:46:22Z] epoch 1/30:  16%|█▌        | 316/2000 [00:13<01:13, 23.00it/s, drift=1.106e-01, loss=1.747e-03]
[2026-03-18T07:46:22Z] epoch 1/30:  16%|█▌        | 316/2000 [00:13<01:13, 23.00it/s, drift=1.095e-01, loss=1.716e-03]
[2026-03-18T07:46:22Z] epoch 1/30:  16%|█▌        | 316/2000 [00:14<01:13, 23.00it/s, drift=1.202e-01, loss=2.066e-03]
[2026-03-18T07:46:22Z] epoch 1/30:  16%|█▌        | 316/2000 [00:14<01:13, 23.00it/s, drift=6.351e-02, loss=5.810e-04]
[2026-03-18T07:46:22Z] epoch 1/30:  16%|█▌        | 319/2000 [00:14<01:13, 23.00it/s, drift=6.351e-02, loss=5.810e-04]
[2026-03-18T07:46:22Z] epoch 1/30:  16%|█▌        | 319/2000 [00:14<01:13, 23.00it/s, drift=5.764e-02, loss=4.767e-04]
[2026-03-18T07:46:22Z] epoch 1/30:  16%|█▌        | 319/2000 [00:14<01:13, 23.00it/s, drift=5.693e-02, loss=4.680e-04]
[2026-03-18T07:46:22Z] epoch 1/30:  16%|█▌        | 319/2000 [00:14<01:13, 23.00it/s, drift=7.145e-02, loss=7.353e-04]
[2026-03-18T07:46:22Z] epoch 1/30:  16%|█▌        | 322/2000 [00:14<01:12, 23.01it/s, drift=7.145e-02, loss=7.353e-04]
[2026-03-18T07:46:22Z] epoch 1/30:  16%|█▌        | 322/2000 [00:14<01:12, 23.01it/s, drift=1.151e-01, loss=1.896e-03]
[2026-03-18T07:46:22Z] epoch 1/30:  16%|█▌        | 322/2000 [00:14<01:12, 23.01it/s, drift=1.133e-01, loss=1.839e-03]
[2026-03-18T07:46:22Z] epoch 1/30:  16%|█▌        | 322/2000 [00:14<01:12, 23.01it/s, drift=1.153e-01, loss=1.903e-03]
[2026-03-18T07:46:22Z] epoch 1/30:  16%|█▋        | 325/2000 [00:14<01:12, 23.01it/s, drift=1.153e-01, loss=1.903e-03]
[2026-03-18T07:46:22Z] epoch 1/30:  16%|█▋        | 325/2000 [00:14<01:12, 23.01it/s, drift=9.270e-02, loss=1.234e-03]
[2026-03-18T07:46:22Z] epoch 1/30:  16%|█▋        | 325/2000 [00:14<01:12, 23.01it/s, drift=7.165e-02, loss=7.365e-04]
[2026-03-18T07:46:22Z] epoch 1/30:  16%|█▋        | 325/2000 [00:14<01:12, 23.01it/s, drift=8.348e-02, loss=9.971e-04]
[2026-03-18T07:46:22Z] epoch 1/30:  16%|█▋        | 328/2000 [00:14<01:12, 23.01it/s, drift=8.348e-02, loss=9.971e-04]
[2026-03-18T07:46:22Z] epoch 1/30:  16%|█▋        | 328/2000 [00:14<01:12, 23.01it/s, drift=9.585e-02, loss=1.319e-03]
[2026-03-18T07:46:22Z] epoch 1/30:  16%|█▋        | 328/2000 [00:14<01:12, 23.01it/s, drift=1.111e-01, loss=1.767e-03]
[2026-03-18T07:46:22Z] epoch 1/30:  16%|█▋        | 328/2000 [00:14<01:12, 23.01it/s, drift=8.200e-02, loss=9.626e-04]
[2026-03-18T07:46:22Z] epoch 1/30:  17%|█▋        | 331/2000 [00:14<01:12, 23.02it/s, drift=8.200e-02, loss=9.626e-04]
[2026-03-18T07:46:22Z] epoch 1/30:  17%|█▋        | 331/2000 [00:14<01:12, 23.02it/s, drift=8.795e-02, loss=1.108e-03]
[2026-03-18T07:46:22Z] epoch 1/30:  17%|█▋        | 331/2000 [00:14<01:12, 23.02it/s, drift=1.139e-01, loss=1.860e-03]
[2026-03-18T07:46:22Z] epoch 1/30:  17%|█▋        | 331/2000 [00:14<01:12, 23.02it/s, drift=9.542e-02, loss=1.307e-03]
[2026-03-18T07:46:22Z] epoch 1/30:  17%|█▋        | 334/2000 [00:14<01:12, 23.02it/s, drift=9.542e-02, loss=1.307e-03]
[2026-03-18T07:46:22Z] epoch 1/30:  17%|█▋        | 334/2000 [00:14<01:12, 23.02it/s, drift=1.002e-01, loss=1.437e-03]
[2026-03-18T07:46:22Z] epoch 1/30:  17%|█▋        | 334/2000 [00:14<01:12, 23.02it/s, drift=8.042e-02, loss=9.276e-04]
[2026-03-18T07:46:22Z] epoch 1/30:  17%|█▋        | 334/2000 [00:14<01:12, 23.02it/s, drift=1.020e-01, loss=1.491e-03]
[2026-03-18T07:46:22Z] epoch 1/30:  17%|█▋        | 337/2000 [00:14<01:12, 23.02it/s, drift=1.020e-01, loss=1.491e-03]
[2026-03-18T07:46:23Z] epoch 1/30:  17%|█▋        | 337/2000 [00:14<01:12, 23.02it/s, drift=5.522e-02, loss=4.378e-04]
[2026-03-18T07:46:23Z] epoch 1/30:  17%|█▋        | 337/2000 [00:14<01:12, 23.02it/s, drift=6.649e-02, loss=6.353e-04]
[2026-03-18T07:46:23Z] epoch 1/30:  17%|█▋        | 337/2000 [00:14<01:12, 23.02it/s, drift=1.078e-01, loss=1.663e-03]
[2026-03-18T07:46:23Z] epoch 1/30:  17%|█▋        | 340/2000 [00:14<01:12, 22.99it/s, drift=1.078e-01, loss=1.663e-03]
[2026-03-18T07:46:23Z] epoch 1/30:  17%|█▋        | 340/2000 [00:15<01:12, 22.99it/s, drift=1.202e-01, loss=2.065e-03]
[2026-03-18T07:46:23Z] epoch 1/30:  17%|█▋        | 340/2000 [00:15<01:12, 22.99it/s, drift=9.993e-02, loss=1.430e-03]
[2026-03-18T07:46:23Z] epoch 1/30:  17%|█▋        | 340/2000 [00:15<01:12, 22.99it/s, drift=8.091e-02, loss=9.361e-04]
[2026-03-18T07:46:23Z] epoch 1/30:  17%|█▋        | 343/2000 [00:15<01:12, 22.98it/s, drift=8.091e-02, loss=9.361e-04]
[2026-03-18T07:46:23Z] epoch 1/30:  17%|█▋        | 343/2000 [00:15<01:12, 22.98it/s, drift=6.796e-02, loss=6.619e-04]
[2026-03-18T07:46:23Z] epoch 1/30:  17%|█▋        | 343/2000 [00:15<01:12, 22.98it/s, drift=4.900e-02, loss=3.467e-04]
[2026-03-18T07:46:23Z] epoch 1/30:  17%|█▋        | 343/2000 [00:15<01:12, 22.98it/s, drift=7.535e-02, loss=8.145e-04]
[2026-03-18T07:46:23Z] epoch 1/30:  17%|█▋        | 346/2000 [00:15<01:11, 22.98it/s, drift=7.535e-02, loss=8.145e-04]
[2026-03-18T07:46:23Z] epoch 1/30:  17%|█▋        | 346/2000 [00:15<01:11, 22.98it/s, drift=9.801e-02, loss=1.375e-03]
[2026-03-18T07:46:23Z] epoch 1/30:  17%|█▋        | 346/2000 [00:15<01:11, 22.98it/s, drift=9.321e-02, loss=1.247e-03]
[2026-03-18T07:46:23Z] epoch 1/30:  17%|█▋        | 346/2000 [00:15<01:11, 22.98it/s, drift=5.862e-02, loss=4.939e-04]
[2026-03-18T07:46:23Z] epoch 1/30:  17%|█▋        | 349/2000 [00:15<01:11, 22.98it/s, drift=5.862e-02, loss=4.939e-04]
[2026-03-18T07:46:23Z] epoch 1/30:  17%|█▋        | 349/2000 [00:15<01:11, 22.98it/s, drift=9.026e-02, loss=1.168e-03]
[2026-03-18T07:46:23Z] epoch 1/30:  17%|█▋        | 349/2000 [00:15<01:11, 22.98it/s, drift=1.041e-01, loss=1.551e-03]
[2026-03-18T07:46:23Z] epoch 1/30:  17%|█▋        | 349/2000 [00:15<01:11, 22.98it/s, drift=9.496e-02, loss=1.290e-03]
[2026-03-18T07:46:23Z] epoch 1/30:  18%|█▊        | 352/2000 [00:15<01:11, 22.98it/s, drift=9.496e-02, loss=1.290e-03]
[2026-03-18T07:46:23Z] epoch 1/30:  18%|█▊        | 352/2000 [00:15<01:11, 22.98it/s, drift=6.869e-02, loss=6.772e-04]
[2026-03-18T07:46:23Z] epoch 1/30:  18%|█▊        | 352/2000 [00:15<01:11, 22.98it/s, drift=6.862e-02, loss=6.745e-04]
[2026-03-18T07:46:23Z] epoch 1/30:  18%|█▊        | 352/2000 [00:15<01:11, 22.98it/s, drift=8.176e-02, loss=9.577e-04]
[2026-03-18T07:46:23Z] epoch 1/30:  18%|█▊        | 355/2000 [00:15<01:11, 22.99it/s, drift=8.176e-02, loss=9.577e-04]
[2026-03-18T07:46:23Z] epoch 1/30:  18%|█▊        | 355/2000 [00:15<01:11, 22.99it/s, drift=5.102e-02, loss=3.739e-04]
[2026-03-18T07:46:23Z] epoch 1/30:  18%|█▊        | 355/2000 [00:15<01:11, 22.99it/s, drift=1.149e-01, loss=1.889e-03]
[2026-03-18T07:46:23Z] epoch 1/30:  18%|█▊        | 355/2000 [00:15<01:11, 22.99it/s, drift=8.827e-02, loss=1.116e-03]
[2026-03-18T07:46:23Z] epoch 1/30:  18%|█▊        | 358/2000 [00:15<01:11, 22.98it/s, drift=8.827e-02, loss=1.116e-03]
[2026-03-18T07:46:23Z] epoch 1/30:  18%|█▊        | 358/2000 [00:15<01:11, 22.98it/s, drift=1.095e-01, loss=1.714e-03]
[2026-03-18T07:46:23Z] epoch 1/30:  18%|█▊        | 358/2000 [00:15<01:11, 22.98it/s, drift=4.215e-02, loss=2.566e-04]
[2026-03-18T07:46:23Z] epoch 1/30:  18%|█▊        | 358/2000 [00:15<01:11, 22.98it/s, drift=5.331e-02, loss=4.077e-04]
[2026-03-18T07:46:24Z] epoch 1/30:  18%|█▊        | 361/2000 [00:15<01:11, 22.98it/s, drift=5.331e-02, loss=4.077e-04]
[2026-03-18T07:46:24Z] epoch 1/30:  18%|█▊        | 361/2000 [00:15<01:11, 22.98it/s, drift=5.462e-02, loss=4.287e-04]
[2026-03-18T07:46:24Z] epoch 1/30:  18%|█▊        | 361/2000 [00:15<01:11, 22.98it/s, drift=6.614e-02, loss=6.307e-04]
[2026-03-18T07:46:24Z] epoch 1/30:  18%|█▊        | 361/2000 [00:16<01:11, 22.98it/s, drift=7.507e-02, loss=8.110e-04]
[2026-03-18T07:46:24Z] epoch 1/30:  18%|█▊        | 364/2000 [00:16<01:11, 22.98it/s, drift=7.507e-02, loss=8.110e-04]
[2026-03-18T07:46:24Z] epoch 1/30:  18%|█▊        | 364/2000 [00:16<01:11, 22.98it/s, drift=1.171e-01, loss=1.967e-03]
[2026-03-18T07:46:24Z] epoch 1/30:  18%|█▊        | 364/2000 [00:16<01:11, 22.98it/s, drift=5.924e-02, loss=5.040e-04]
[2026-03-18T07:46:24Z] epoch 1/30:  18%|█▊        | 364/2000 [00:16<01:11, 22.98it/s, drift=5.160e-02, loss=3.835e-04]
[2026-03-18T07:46:24Z] epoch 1/30:  18%|█▊        | 367/2000 [00:16<01:11, 22.97it/s, drift=5.160e-02, loss=3.835e-04]
[2026-03-18T07:46:24Z] epoch 1/30:  18%|█▊        | 367/2000 [00:16<01:11, 22.97it/s, drift=6.450e-02, loss=5.976e-04]
[2026-03-18T07:46:24Z] epoch 1/30:  18%|█▊        | 367/2000 [00:16<01:11, 22.97it/s, drift=7.121e-02, loss=7.282e-04]
[2026-03-18T07:46:24Z] epoch 1/30:  18%|█▊        | 367/2000 [00:16<01:11, 22.97it/s, drift=6.396e-02, loss=5.859e-04]
[2026-03-18T07:46:24Z] epoch 1/30:  18%|█▊        | 370/2000 [00:16<01:10, 22.96it/s, drift=6.396e-02, loss=5.859e-04]
[2026-03-18T07:46:24Z] epoch 1/30:  18%|█▊        | 370/2000 [00:16<01:10, 22.96it/s, drift=8.670e-02, loss=1.078e-03]
[2026-03-18T07:46:24Z] epoch 1/30:  18%|█▊        | 370/2000 [00:16<01:10, 22.96it/s, drift=1.084e-01, loss=1.683e-03]
[2026-03-18T07:46:24Z] epoch 1/30:  18%|█▊        | 370/2000 [00:16<01:10, 22.96it/s, drift=5.509e-02, loss=4.371e-04]
[2026-03-18T07:46:24Z] epoch 1/30:  19%|█▊        | 373/2000 [00:16<01:10, 22.98it/s, drift=5.509e-02, loss=4.371e-04]
[2026-03-18T07:46:24Z] epoch 1/30:  19%|█▊        | 373/2000 [00:16<01:10, 22.98it/s, drift=6.768e-02, loss=6.618e-04]
[2026-03-18T07:46:24Z] epoch 1/30:  19%|█▊        | 373/2000 [00:16<01:10, 22.98it/s, drift=7.636e-02, loss=8.356e-04]
[2026-03-18T07:46:24Z] epoch 1/30:  19%|█▊        | 373/2000 [00:16<01:10, 22.98it/s, drift=5.631e-02, loss=4.585e-04]
[2026-03-18T07:46:24Z] epoch 1/30:  19%|█▉        | 376/2000 [00:16<01:10, 22.99it/s, drift=5.631e-02, loss=4.585e-04]
[2026-03-18T07:46:24Z] epoch 1/30:  19%|█▉        | 376/2000 [00:16<01:10, 22.99it/s, drift=8.989e-02, loss=1.157e-03]
[2026-03-18T07:46:24Z] epoch 1/30:  19%|█▉        | 376/2000 [00:16<01:10, 22.99it/s, drift=5.772e-02, loss=4.797e-04]
[2026-03-18T07:46:24Z] epoch 1/30:  19%|█▉        | 376/2000 [00:16<01:10, 22.99it/s, drift=5.507e-02, loss=4.397e-04]
[2026-03-18T07:46:24Z] epoch 1/30:  19%|█▉        | 379/2000 [00:16<01:10, 23.00it/s, drift=5.507e-02, loss=4.397e-04]
[2026-03-18T07:46:24Z] epoch 1/30:  19%|█▉        | 379/2000 [00:16<01:10, 23.00it/s, drift=9.215e-02, loss=1.219e-03]
[2026-03-18T07:46:24Z] epoch 1/30:  19%|█▉        | 379/2000 [00:16<01:10, 23.00it/s, drift=5.658e-02, loss=4.628e-04]
[2026-03-18T07:46:24Z] epoch 1/30:  19%|█▉        | 379/2000 [00:16<01:10, 23.00it/s, drift=4.618e-02, loss=3.118e-04]
[2026-03-18T07:46:24Z] epoch 1/30:  19%|█▉        | 382/2000 [00:16<01:10, 23.01it/s, drift=4.618e-02, loss=3.118e-04]
[2026-03-18T07:46:24Z] epoch 1/30:  19%|█▉        | 382/2000 [00:16<01:10, 23.01it/s, drift=8.408e-02, loss=1.013e-03]
[2026-03-18T07:46:25Z] epoch 1/30:  19%|█▉        | 382/2000 [00:16<01:10, 23.01it/s, drift=6.151e-02, loss=5.427e-04]
[2026-03-18T07:46:25Z] epoch 1/30:  19%|█▉        | 382/2000 [00:16<01:10, 23.01it/s, drift=6.464e-02, loss=6.005e-04]
[2026-03-18T07:46:25Z] epoch 1/30:  19%|█▉        | 385/2000 [00:16<01:10, 23.02it/s, drift=6.464e-02, loss=6.005e-04]
[2026-03-18T07:46:25Z] epoch 1/30:  19%|█▉        | 385/2000 [00:16<01:10, 23.02it/s, drift=5.955e-02, loss=5.088e-04]
[2026-03-18T07:46:25Z] epoch 1/30:  19%|█▉        | 385/2000 [00:17<01:10, 23.02it/s, drift=4.543e-02, loss=2.969e-04]
[2026-03-18T07:46:25Z] epoch 1/30:  19%|█▉        | 385/2000 [00:17<01:10, 23.02it/s, drift=4.727e-02, loss=3.226e-04]
[2026-03-18T07:46:25Z] epoch 1/30:  19%|█▉        | 388/2000 [00:17<01:10, 23.02it/s, drift=4.727e-02, loss=3.226e-04]
[2026-03-18T07:46:25Z] epoch 1/30:  19%|█▉        | 388/2000 [00:17<01:10, 23.02it/s, drift=6.135e-02, loss=5.426e-04]
[2026-03-18T07:46:25Z] epoch 1/30:  19%|█▉        | 388/2000 [00:17<01:10, 23.02it/s, drift=4.549e-02, loss=2.986e-04]
[2026-03-18T07:46:25Z] epoch 1/30:  19%|█▉        | 388/2000 [00:17<01:10, 23.02it/s, drift=6.156e-02, loss=5.465e-04]
[2026-03-18T07:46:25Z] epoch 1/30:  20%|█▉        | 391/2000 [00:17<01:09, 23.00it/s, drift=6.156e-02, loss=5.465e-04]
[2026-03-18T07:46:25Z] epoch 1/30:  20%|█▉        | 391/2000 [00:17<01:09, 23.00it/s, drift=4.934e-02, loss=3.491e-04]
[2026-03-18T07:46:25Z] epoch 1/30:  20%|█▉        | 391/2000 [00:17<01:09, 23.00it/s, drift=4.277e-02, loss=2.657e-04]
[2026-03-18T07:46:25Z] epoch 1/30:  20%|█▉        | 391/2000 [00:17<01:09, 23.00it/s, drift=5.206e-02, loss=3.910e-04]
[2026-03-18T07:46:25Z] epoch 1/30:  20%|█▉        | 394/2000 [00:17<01:09, 22.99it/s, drift=5.206e-02, loss=3.910e-04]
[2026-03-18T07:46:25Z] epoch 1/30:  20%|█▉        | 394/2000 [00:17<01:09, 22.99it/s, drift=6.432e-02, loss=5.948e-04]
[2026-03-18T07:46:25Z] epoch 1/30:  20%|█▉        | 394/2000 [00:17<01:09, 22.99it/s, drift=4.472e-02, loss=2.918e-04]
[2026-03-18T07:46:25Z] epoch 1/30:  20%|█▉        | 394/2000 [00:17<01:09, 22.99it/s, drift=6.627e-02, loss=6.294e-04]
[2026-03-18T07:46:25Z] epoch 1/30:  20%|█▉        | 397/2000 [00:17<01:09, 22.99it/s, drift=6.627e-02, loss=6.294e-04]
[2026-03-18T07:46:25Z] epoch 1/30:  20%|█▉        | 397/2000 [00:17<01:09, 22.99it/s, drift=1.001e-01, loss=1.433e-03]
[2026-03-18T07:46:25Z] epoch 1/30:  20%|█▉        | 397/2000 [00:17<01:09, 22.99it/s, drift=8.449e-02, loss=1.022e-03]
[2026-03-18T07:46:25Z] epoch 1/30:  20%|█▉        | 397/2000 [00:17<01:09, 22.99it/s, drift=6.416e-02, loss=5.908e-04]
[2026-03-18T07:46:25Z] epoch 1/30:  20%|██        | 400/2000 [00:17<01:09, 23.00it/s, drift=6.416e-02, loss=5.908e-04]
[2026-03-18T07:46:25Z] epoch 1/30:  20%|██        | 400/2000 [00:17<01:09, 23.00it/s, drift=7.356e-02, loss=7.760e-04]
[2026-03-18T07:46:25Z] epoch 1/30:  20%|██        | 400/2000 [00:17<01:09, 23.00it/s, drift=9.572e-02, loss=1.311e-03]
[2026-03-18T07:46:25Z] epoch 1/30:  20%|██        | 400/2000 [00:17<01:09, 23.00it/s, drift=9.933e-02, loss=1.411e-03]
[2026-03-18T07:46:25Z] epoch 1/30:  20%|██        | 403/2000 [00:17<01:09, 23.00it/s, drift=9.933e-02, loss=1.411e-03]
[2026-03-18T07:46:25Z] epoch 1/30:  20%|██        | 403/2000 [00:17<01:09, 23.00it/s, drift=6.691e-02, loss=6.430e-04]
[2026-03-18T07:46:25Z] epoch 1/30:  20%|██        | 403/2000 [00:17<01:09, 23.00it/s, drift=7.907e-02, loss=8.947e-04]
[2026-03-18T07:46:25Z] epoch 1/30:  20%|██        | 403/2000 [00:17<01:09, 23.00it/s, drift=6.823e-02, loss=6.679e-04]
[2026-03-18T07:46:25Z] epoch 1/30:  20%|██        | 406/2000 [00:17<01:09, 23.01it/s, drift=6.823e-02, loss=6.679e-04]
[2026-03-18T07:46:26Z] epoch 1/30:  20%|██        | 406/2000 [00:17<01:09, 23.01it/s, drift=6.421e-02, loss=5.929e-04]
[2026-03-18T07:46:26Z] epoch 1/30:  20%|██        | 406/2000 [00:17<01:09, 23.01it/s, drift=8.603e-02, loss=1.063e-03]
[2026-03-18T07:46:26Z] epoch 1/30:  20%|██        | 406/2000 [00:17<01:09, 23.01it/s, drift=5.425e-02, loss=4.236e-04]
[2026-03-18T07:46:26Z] epoch 1/30:  20%|██        | 409/2000 [00:17<01:09, 23.00it/s, drift=5.425e-02, loss=4.236e-04]
[2026-03-18T07:46:26Z] epoch 1/30:  20%|██        | 409/2000 [00:18<01:09, 23.00it/s, drift=8.032e-02, loss=9.244e-04]
[2026-03-18T07:46:26Z] epoch 1/30:  20%|██        | 409/2000 [00:18<01:09, 23.00it/s, drift=6.086e-02, loss=5.331e-04]
[2026-03-18T07:46:26Z] epoch 1/30:  20%|██        | 409/2000 [00:18<01:09, 23.00it/s, drift=6.285e-02, loss=5.704e-04]
[2026-03-18T07:46:26Z] epoch 1/30:  21%|██        | 412/2000 [00:18<01:09, 22.99it/s, drift=6.285e-02, loss=5.704e-04]
[2026-03-18T07:46:26Z] epoch 1/30:  21%|██        | 412/2000 [00:18<01:09, 22.99it/s, drift=6.409e-02, loss=5.888e-04]
[2026-03-18T07:46:26Z] epoch 1/30:  21%|██        | 412/2000 [00:18<01:09, 22.99it/s, drift=4.359e-02, loss=2.741e-04]
[2026-03-18T07:46:26Z] epoch 1/30:  21%|██        | 412/2000 [00:18<01:09, 22.99it/s, drift=6.910e-02, loss=6.846e-04]
[2026-03-18T07:46:26Z] epoch 1/30:  21%|██        | 415/2000 [00:18<01:09, 22.96it/s, drift=6.910e-02, loss=6.846e-04]
