epoch 1/30: loss=1.628940e+00, train_ser=5.713510e-01, eval_ser=skipped
epoch 2/30: loss=8.628987e-01, train_ser=2.690790e-01, eval_ser=0.19855000905692577
epoch 3/30: loss=5.613927e-01, train_ser=1.966360e-01, eval_ser=skipped
epoch 4/30: loss=3.677251e-01, train_ser=1.408430e-01, eval_ser=0.1287400061264634
epoch 5/30: loss=2.464353e-01, train_ser=1.028210e-01, eval_ser=skipped
epoch 6/30: loss=1.543537e-01, train_ser=6.944100e-02, eval_ser=0.0678300023265183
epoch 7/30: loss=1.334673e-01, train_ser=6.820700e-02, eval_ser=skipped
epoch 8/30: loss=8.274754e-02, train_ser=2.596700e-02, eval_ser=0.0013800000422634184
epoch 9/30: loss=5.044454e-02, train_ser=7.462000e-03, eval_ser=skipped
epoch 10/30: loss=4.461567e-02, train_ser=6.209000e-03, eval_ser=0.006690000296803191
epoch 11/30: loss=4.138635e-02, train_ser=6.366000e-03, eval_ser=skipped
epoch 12/30: loss=3.804040e-02, train_ser=5.821000e-03, eval_ser=0.0026200001034885644
epoch 13/30: loss=3.792636e-02, train_ser=6.338000e-03, eval_ser=skipped
epoch 14/30: loss=3.303649e-02, train_ser=4.905000e-03, eval_ser=0.004360000177985057
epoch 15/30: loss=3.652343e-02, train_ser=5.350000e-03, eval_ser=skipped
epoch 16/30: loss=3.201239e-02, train_ser=5.219000e-03, eval_ser=0.01211000058799982
epoch 17/30: loss=3.515094e-02, train_ser=6.265000e-03, eval_ser=skipped
epoch 18/30: loss=3.819972e-02, train_ser=6.320000e-03, eval_ser=0.006170000222045929
epoch 19/30: loss=3.283421e-02, train_ser=5.437000e-03, eval_ser=skipped
epoch 20/30: loss=3.662244e-02, train_ser=6.461000e-03, eval_ser=0.005830000310670585
epoch 21/30: loss=3.248619e-02, train_ser=6.067000e-03, eval_ser=skipped
epoch 22/30: loss=3.232682e-02, train_ser=5.391000e-03, eval_ser=0.003440000140108168
epoch 23/30: loss=3.458486e-02, train_ser=6.141000e-03, eval_ser=skipped
epoch 24/30: loss=3.177239e-02, train_ser=6.135000e-03, eval_ser=0.008420000365003944
epoch 25/30: loss=3.705379e-02, train_ser=5.907000e-03, eval_ser=skipped
epoch 26/30: loss=2.840227e-02, train_ser=4.938000e-03, eval_ser=0.004840000197291374
epoch 27/30: loss=3.127334e-02, train_ser=5.805000e-03, eval_ser=skipped
epoch 28/30: loss=3.924469e-02, train_ser=7.319000e-03, eval_ser=0.005390000264160335
epoch 29/30: loss=2.871990e-02, train_ser=5.637000e-03, eval_ser=skipped
epoch 30/30: loss=3.051412e-02, train_ser=5.603000e-03, eval_ser=0.0008600000420119614
{
  "out_dir": "/home/entropy/GitHub/conditional_drifting_models/results/symbolic_optfib_overnight_20260323/diffusion_residual_to_analytic",
  "summary": "/home/entropy/GitHub/conditional_drifting_models/results/symbolic_optfib_overnight_20260323/diffusion_residual_to_analytic/summary.json"
}
