epoch 1/30: loss=2.069508e+00, train_ser=7.129010e-01, eval_ser=skipped
epoch 2/30: loss=1.791848e+00, train_ser=6.364060e-01, eval_ser=0.8729500409960746
epoch 3/30: loss=1.777336e+00, train_ser=6.274870e-01, eval_ser=skipped
epoch 4/30: loss=1.752434e+00, train_ser=6.231930e-01, eval_ser=0.8503700423240662
epoch 5/30: loss=1.746004e+00, train_ser=6.206600e-01, eval_ser=skipped
epoch 6/30: loss=1.742455e+00, train_ser=6.160630e-01, eval_ser=0.8344900411367416
epoch 7/30: loss=1.729650e+00, train_ser=6.034210e-01, eval_ser=skipped
epoch 8/30: loss=1.709267e+00, train_ser=5.944520e-01, eval_ser=0.8399200403690338
epoch 9/30: loss=1.693335e+00, train_ser=5.919630e-01, eval_ser=skipped
epoch 10/30: loss=1.690502e+00, train_ser=5.890330e-01, eval_ser=0.8377100384235382
epoch 11/30: loss=1.690592e+00, train_ser=5.867480e-01, eval_ser=skipped
epoch 12/30: loss=1.686131e+00, train_ser=5.829750e-01, eval_ser=0.8426100394129753
epoch 13/30: loss=1.682527e+00, train_ser=5.798000e-01, eval_ser=skipped
epoch 14/30: loss=1.684392e+00, train_ser=5.776390e-01, eval_ser=0.8320800393819809
epoch 15/30: loss=1.679519e+00, train_ser=5.747280e-01, eval_ser=skipped
epoch 16/30: loss=1.678820e+00, train_ser=5.753010e-01, eval_ser=0.8600500395894051
epoch 17/30: loss=1.675489e+00, train_ser=5.744390e-01, eval_ser=skipped
epoch 18/30: loss=1.674206e+00, train_ser=5.734210e-01, eval_ser=0.8368000423908234
epoch 19/30: loss=1.673762e+00, train_ser=5.728790e-01, eval_ser=skipped
epoch 20/30: loss=1.674974e+00, train_ser=5.735370e-01, eval_ser=0.8374100410938263
epoch 21/30: loss=1.671137e+00, train_ser=5.715840e-01, eval_ser=skipped
epoch 22/30: loss=1.672715e+00, train_ser=5.727330e-01, eval_ser=0.8233200398087501
epoch 23/30: loss=1.669075e+00, train_ser=5.712780e-01, eval_ser=skipped
epoch 24/30: loss=1.671993e+00, train_ser=5.716130e-01, eval_ser=0.8340300390124321
epoch 25/30: loss=1.670690e+00, train_ser=5.713800e-01, eval_ser=skipped
epoch 26/30: loss=1.667403e+00, train_ser=5.697920e-01, eval_ser=0.8362700393795968
epoch 27/30: loss=1.671993e+00, train_ser=5.724880e-01, eval_ser=skipped
epoch 28/30: loss=1.668920e+00, train_ser=5.708370e-01, eval_ser=0.8285600394010544
epoch 29/30: loss=1.669616e+00, train_ser=5.710880e-01, eval_ser=skipped
epoch 30/30: loss=1.667939e+00, train_ser=5.699540e-01, eval_ser=0.8379300382733345
{
  "out_dir": "/home/entropy/GitHub/conditional_drifting_models/results/symbolic_optfib_overnight_20260323/drifting_residual_none_to_analytic",
  "summary": "/home/entropy/GitHub/conditional_drifting_models/results/symbolic_optfib_overnight_20260323/drifting_residual_none_to_analytic/summary.json"
}
