epoch 1/30: loss=2.412712e-01, train_ser=5.555700e-02, eval_ser=skipped
epoch 2/30: loss=2.453594e-04, train_ser=0.000000e+00, eval_ser=0.9267200419306755
epoch 3/30: loss=4.911410e-05, train_ser=0.000000e+00, eval_ser=skipped
epoch 4/30: loss=1.446360e-05, train_ser=0.000000e+00, eval_ser=0.9357900431752205
epoch 5/30: loss=4.863066e-03, train_ser=5.160000e-04, eval_ser=skipped
epoch 6/30: loss=1.927181e-06, train_ser=0.000000e+00, eval_ser=0.9350700405240059
epoch 7/30: loss=6.859162e-07, train_ser=0.000000e+00, eval_ser=skipped
epoch 8/30: loss=3.373470e-05, train_ser=1.200000e-05, eval_ser=0.9367500430345536
epoch 9/30: loss=3.729313e-07, train_ser=0.000000e+00, eval_ser=skipped
epoch 10/30: loss=8.896179e-08, train_ser=0.000000e+00, eval_ser=0.9360400426387787
epoch 11/30: loss=3.543138e-08, train_ser=0.000000e+00, eval_ser=skipped
epoch 12/30: loss=2.219631e-08, train_ser=0.000000e+00, eval_ser=0.939030044078827
epoch 13/30: loss=9.164220e-09, train_ser=0.000000e+00, eval_ser=skipped
epoch 14/30: loss=8.134564e-06, train_ser=2.000000e-06, eval_ser=0.937570044696331
epoch 15/30: loss=5.201970e-08, train_ser=0.000000e+00, eval_ser=skipped
epoch 16/30: loss=1.055042e-08, train_ser=0.000000e+00, eval_ser=0.9379500436782837
epoch 17/30: loss=1.172475e-08, train_ser=0.000000e+00, eval_ser=skipped
epoch 18/30: loss=1.828548e-09, train_ser=0.000000e+00, eval_ser=0.9380900451540947
epoch 19/30: loss=1.928562e-09, train_ser=0.000000e+00, eval_ser=skipped
epoch 20/30: loss=5.236472e-09, train_ser=0.000000e+00, eval_ser=0.9379700434207916
epoch 21/30: loss=1.285311e-09, train_ser=0.000000e+00, eval_ser=skipped
epoch 22/30: loss=3.989598e-05, train_ser=2.100000e-05, eval_ser=0.9324500435590743
epoch 23/30: loss=4.353558e-08, train_ser=0.000000e+00, eval_ser=skipped
epoch 24/30: loss=3.294916e-08, train_ser=0.000000e+00, eval_ser=0.9335600420832634
epoch 25/30: loss=1.096225e-08, train_ser=0.000000e+00, eval_ser=skipped
epoch 26/30: loss=4.976310e-09, train_ser=0.000000e+00, eval_ser=0.9311600434780121
epoch 27/30: loss=2.908660e-09, train_ser=0.000000e+00, eval_ser=skipped
epoch 28/30: loss=1.878486e-09, train_ser=0.000000e+00, eval_ser=0.9332000440359116
epoch 29/30: loss=1.058574e-09, train_ser=0.000000e+00, eval_ser=skipped
epoch 30/30: loss=1.090518e-09, train_ser=0.000000e+00, eval_ser=0.9330000415444374
{
  "out_dir": "/home/entropy/GitHub/conditional_drifting_models/results/symbolic_optfib_overnight_20260323/drifting_residual_local_cond0p25_k16_to_analytic",
  "summary": "/home/entropy/GitHub/conditional_drifting_models/results/symbolic_optfib_overnight_20260323/drifting_residual_local_cond0p25_k16_to_analytic/summary.json"
}
