epoch 1/30: loss=2.097275e+00, train_ser=7.774590e-01, eval_ser=skipped
epoch 2/30: loss=1.953559e+00, train_ser=7.315970e-01, eval_ser=0.7670900356769562
epoch 3/30: loss=1.928231e+00, train_ser=7.225610e-01, eval_ser=skipped
epoch 4/30: loss=1.920208e+00, train_ser=7.189320e-01, eval_ser=0.7493100365996361
epoch 5/30: loss=1.914255e+00, train_ser=7.141760e-01, eval_ser=skipped
epoch 6/30: loss=1.909888e+00, train_ser=7.099390e-01, eval_ser=0.7256500351428986
epoch 7/30: loss=1.909497e+00, train_ser=7.075980e-01, eval_ser=skipped
epoch 8/30: loss=1.908513e+00, train_ser=7.070550e-01, eval_ser=0.7128600338101387
epoch 9/30: loss=1.907604e+00, train_ser=7.064620e-01, eval_ser=skipped
epoch 10/30: loss=1.903890e+00, train_ser=7.047880e-01, eval_ser=0.7108400321006775
epoch 11/30: loss=1.904855e+00, train_ser=7.041190e-01, eval_ser=skipped
epoch 12/30: loss=1.903027e+00, train_ser=7.032750e-01, eval_ser=0.7239400333166123
epoch 13/30: loss=1.900311e+00, train_ser=7.016920e-01, eval_ser=skipped
epoch 14/30: loss=1.897979e+00, train_ser=7.013500e-01, eval_ser=0.7191300317645073
epoch 15/30: loss=1.900638e+00, train_ser=7.023880e-01, eval_ser=skipped
epoch 16/30: loss=1.897603e+00, train_ser=7.013330e-01, eval_ser=0.7531600341200828
epoch 17/30: loss=1.898065e+00, train_ser=7.018460e-01, eval_ser=skipped
epoch 18/30: loss=1.896913e+00, train_ser=7.015110e-01, eval_ser=0.7199300342798233
epoch 19/30: loss=1.897868e+00, train_ser=7.013770e-01, eval_ser=skipped
epoch 20/30: loss=1.896288e+00, train_ser=7.014480e-01, eval_ser=0.7253300353884697
epoch 21/30: loss=1.896402e+00, train_ser=7.011710e-01, eval_ser=skipped
epoch 22/30: loss=1.895898e+00, train_ser=7.010430e-01, eval_ser=0.7344000324606895
epoch 23/30: loss=1.898258e+00, train_ser=7.016490e-01, eval_ser=skipped
epoch 24/30: loss=1.897527e+00, train_ser=7.010240e-01, eval_ser=0.7355500349402427
epoch 25/30: loss=1.894267e+00, train_ser=6.996470e-01, eval_ser=skipped
epoch 26/30: loss=1.895966e+00, train_ser=7.008540e-01, eval_ser=0.7109600332379341
epoch 27/30: loss=1.896512e+00, train_ser=7.009710e-01, eval_ser=skipped
epoch 28/30: loss=1.898219e+00, train_ser=7.014720e-01, eval_ser=0.7090400311350823
epoch 29/30: loss=1.894944e+00, train_ser=7.000120e-01, eval_ser=skipped
epoch 30/30: loss=1.893695e+00, train_ser=6.999020e-01, eval_ser=0.7302600356936455
{
  "out_dir": "/home/entropy/GitHub/conditional_drifting_models/results/symbolic_optfib_overnight_20260323/drifting_direct_product_cond0p5_rawplusres_to_analytic",
  "summary": "/home/entropy/GitHub/conditional_drifting_models/results/symbolic_optfib_overnight_20260323/drifting_direct_product_cond0p5_rawplusres_to_analytic/summary.json"
}
