epoch 1/60: loss=7.476902e-01, drift=1.095957e+00
epoch 2/60: loss=9.347517e-01, drift=1.252439e+00
epoch 3/60: loss=8.981251e-01, drift=1.221821e+00
epoch 4/60: loss=8.688527e-01, drift=1.196477e+00
epoch 5/60: loss=8.759316e-01, drift=1.200954e+00
epoch 6/60: loss=8.706274e-01, drift=1.198633e+00
epoch 7/60: loss=8.649238e-01, drift=1.198084e+00
epoch 8/60: loss=9.284744e-01, drift=1.244118e+00
epoch 9/60: loss=9.283865e-01, drift=1.243622e+00
epoch 10/60: loss=8.829112e-01, drift=1.203486e+00
epoch 11/60: loss=9.649740e-01, drift=1.276088e+00
epoch 12/60: loss=9.275034e-01, drift=1.245814e+00
epoch 13/60: loss=9.085013e-01, drift=1.215227e+00
epoch 14/60: loss=8.634458e-01, drift=1.190737e+00
epoch 15/60: loss=8.932608e-01, drift=1.214939e+00
epoch 16/60: loss=9.180145e-01, drift=1.235719e+00
epoch 17/60: loss=9.482192e-01, drift=1.255377e+00
epoch 18/60: loss=9.013945e-01, drift=1.215811e+00
epoch 19/60: loss=9.393034e-01, drift=1.257918e+00
epoch 20/60: loss=9.162035e-01, drift=1.244250e+00
epoch 21/60: loss=9.173680e-01, drift=1.226484e+00
epoch 22/60: loss=9.603883e-01, drift=1.274851e+00
epoch 23/60: loss=8.432080e-01, drift=1.173923e+00
epoch 24/60: loss=9.266864e-01, drift=1.237902e+00
epoch 25/60: loss=8.719230e-01, drift=1.196193e+00
epoch 26/60: loss=8.780391e-01, drift=1.207692e+00
epoch 27/60: loss=9.257364e-01, drift=1.246779e+00
epoch 28/60: loss=8.777666e-01, drift=1.202830e+00
epoch 29/60: loss=9.235236e-01, drift=1.241603e+00
epoch 30/60: loss=9.101290e-01, drift=1.223677e+00
epoch 31/60: loss=8.693184e-01, drift=1.191570e+00
epoch 32/60: loss=9.586031e-01, drift=1.270816e+00
epoch 33/60: loss=1.001934e+00, drift=1.299641e+00
epoch 34/60: loss=9.572507e-01, drift=1.261841e+00
epoch 35/60: loss=8.750432e-01, drift=1.198846e+00
epoch 36/60: loss=8.925452e-01, drift=1.214515e+00
epoch 37/60: loss=8.911166e-01, drift=1.216098e+00
epoch 38/60: loss=8.894412e-01, drift=1.210490e+00
epoch 39/60: loss=9.207886e-01, drift=1.233049e+00
epoch 40/60: loss=9.207578e-01, drift=1.229561e+00
epoch 41/60: loss=9.446852e-01, drift=1.256228e+00
epoch 42/60: loss=9.235748e-01, drift=1.239902e+00
epoch 43/60: loss=9.272540e-01, drift=1.244337e+00
epoch 44/60: loss=9.192057e-01, drift=1.240875e+00
epoch 45/60: loss=9.483093e-01, drift=1.256437e+00
epoch 46/60: loss=8.996576e-01, drift=1.223120e+00
epoch 47/60: loss=8.777675e-01, drift=1.206108e+00
epoch 48/60: loss=8.929265e-01, drift=1.217874e+00
epoch 49/60: loss=8.949429e-01, drift=1.219021e+00
epoch 50/60: loss=8.732173e-01, drift=1.200796e+00
epoch 51/60: loss=9.093041e-01, drift=1.234210e+00
epoch 52/60: loss=8.543724e-01, drift=1.184513e+00
epoch 53/60: loss=9.352516e-01, drift=1.243985e+00
epoch 54/60: loss=9.315433e-01, drift=1.249701e+00
epoch 55/60: loss=9.294845e-01, drift=1.246410e+00
epoch 56/60: loss=9.240275e-01, drift=1.235136e+00
epoch 57/60: loss=9.633815e-01, drift=1.267228e+00
epoch 58/60: loss=9.222402e-01, drift=1.234238e+00
epoch 59/60: loss=9.233587e-01, drift=1.237918e+00
epoch 60/60: loss=9.054039e-01, drift=1.228653e+00
{
  "checkpoint": "/home/entropy/GitHub/conditional_drifting_models/weights/channel_implants/optfib/optfib2_drifting_residual_local_euclidean_cond0p25_targ1_cbwauto_tbwauto_k16_radauto_mix0p5_raw_ac0_at0_ak16_emb0_seed7.pt",
  "summary": "/home/entropy/GitHub/conditional_drifting_models/weights/channel_implants/optfib/optfib2_drifting_residual_local_euclidean_cond0p25_targ1_cbwauto_tbwauto_k16_radauto_mix0p5_raw_ac0_at0_ak16_emb0_seed7.json"
}
