epoch 1/60: loss=3.188207e-03, drift=7.059440e-02
epoch 2/60: loss=3.348569e-03, drift=7.237275e-02
epoch 3/60: loss=3.036900e-03, drift=6.904229e-02
epoch 4/60: loss=2.731480e-03, drift=6.511796e-02
epoch 5/60: loss=3.298553e-03, drift=7.145824e-02
epoch 6/60: loss=2.653677e-03, drift=6.493147e-02
epoch 7/60: loss=2.754823e-03, drift=6.512978e-02
epoch 8/60: loss=2.769219e-03, drift=6.603601e-02
epoch 9/60: loss=2.947383e-03, drift=6.799007e-02
epoch 10/60: loss=2.837051e-03, drift=6.619795e-02
epoch 11/60: loss=2.797439e-03, drift=6.648372e-02
epoch 12/60: loss=2.749016e-03, drift=6.522503e-02
epoch 13/60: loss=2.855418e-03, drift=6.693545e-02
epoch 14/60: loss=3.107506e-03, drift=6.929384e-02
epoch 15/60: loss=2.922868e-03, drift=6.808401e-02
epoch 16/60: loss=2.881829e-03, drift=6.586233e-02
epoch 17/60: loss=2.729467e-03, drift=6.502690e-02
epoch 18/60: loss=3.127662e-03, drift=6.992176e-02
epoch 19/60: loss=2.983618e-03, drift=6.799202e-02
epoch 20/60: loss=2.810461e-03, drift=6.551550e-02
epoch 21/60: loss=2.722077e-03, drift=6.545740e-02
epoch 22/60: loss=3.088423e-03, drift=6.899846e-02
epoch 23/60: loss=3.213250e-03, drift=7.070996e-02
epoch 24/60: loss=2.932342e-03, drift=6.693425e-02
epoch 25/60: loss=3.175598e-03, drift=6.978661e-02
epoch 26/60: loss=3.139050e-03, drift=6.877077e-02
epoch 27/60: loss=3.039303e-03, drift=6.781896e-02
epoch 28/60: loss=2.931249e-03, drift=6.723440e-02
epoch 29/60: loss=3.198805e-03, drift=7.009736e-02
epoch 30/60: loss=3.075500e-03, drift=6.912043e-02
epoch 31/60: loss=2.904372e-03, drift=6.690559e-02
epoch 32/60: loss=2.688154e-03, drift=6.494392e-02
epoch 33/60: loss=3.028571e-03, drift=6.805007e-02
epoch 34/60: loss=2.967516e-03, drift=6.814101e-02
epoch 35/60: loss=3.123069e-03, drift=7.010826e-02
epoch 36/60: loss=2.823803e-03, drift=6.570047e-02
epoch 37/60: loss=3.033073e-03, drift=6.899249e-02
epoch 38/60: loss=2.937328e-03, drift=6.746607e-02
epoch 39/60: loss=2.775953e-03, drift=6.480026e-02
epoch 40/60: loss=3.174414e-03, drift=7.000223e-02
epoch 41/60: loss=2.954018e-03, drift=6.709242e-02
epoch 42/60: loss=3.062225e-03, drift=6.880664e-02
epoch 43/60: loss=3.151963e-03, drift=6.962462e-02
epoch 44/60: loss=2.965160e-03, drift=6.819653e-02
epoch 45/60: loss=3.343933e-03, drift=7.171729e-02
epoch 46/60: loss=3.313134e-03, drift=7.157910e-02
epoch 47/60: loss=3.002740e-03, drift=6.854342e-02
epoch 48/60: loss=3.199887e-03, drift=7.075716e-02
epoch 49/60: loss=3.144310e-03, drift=6.874051e-02
epoch 50/60: loss=2.774456e-03, drift=6.489185e-02
epoch 51/60: loss=3.224670e-03, drift=7.055768e-02
epoch 52/60: loss=2.790949e-03, drift=6.548623e-02
epoch 53/60: loss=2.435575e-03, drift=6.081956e-02
epoch 54/60: loss=3.215063e-03, drift=7.166975e-02
epoch 55/60: loss=3.233169e-03, drift=6.945638e-02
epoch 56/60: loss=3.160745e-03, drift=6.959232e-02
epoch 57/60: loss=2.784784e-03, drift=6.593999e-02
epoch 58/60: loss=2.973611e-03, drift=6.779259e-02
epoch 59/60: loss=3.103762e-03, drift=7.014374e-02
epoch 60/60: loss=2.930265e-03, drift=6.730068e-02
{
  "checkpoint": "/home/entropy/GitHub/conditional_drifting_models/weights/channel_implants/optfib/optfib2_drifting_direct_mixture_euclidean_cond0p5_targ1_cbwauto_tbwauto_k32_radauto_mix0p5_raw_ac0_at0_ak16_emb0_seed7.pt",
  "summary": "/home/entropy/GitHub/conditional_drifting_models/weights/channel_implants/optfib/optfib2_drifting_direct_mixture_euclidean_cond0p5_targ1_cbwauto_tbwauto_k32_radauto_mix0p5_raw_ac0_at0_ak16_emb0_seed7.json"
}
