epoch 1/60: loss=5.405837e-02, drift=2.686973e-01
epoch 2/60: loss=4.868671e-02, drift=2.386437e-01
epoch 3/60: loss=4.988532e-02, drift=2.345001e-01
epoch 4/60: loss=4.896576e-02, drift=2.315703e-01
epoch 5/60: loss=4.840566e-02, drift=2.264093e-01
epoch 6/60: loss=4.859488e-02, drift=2.244416e-01
epoch 7/60: loss=4.763132e-02, drift=2.210664e-01
epoch 8/60: loss=4.767570e-02, drift=2.214104e-01
epoch 9/60: loss=4.706364e-02, drift=2.196332e-01
epoch 10/60: loss=4.619023e-02, drift=2.171370e-01
epoch 11/60: loss=4.586552e-02, drift=2.167263e-01
epoch 12/60: loss=4.623688e-02, drift=2.164500e-01
epoch 13/60: loss=4.624487e-02, drift=2.168451e-01
epoch 14/60: loss=4.509987e-02, drift=2.149322e-01
epoch 15/60: loss=4.573501e-02, drift=2.154370e-01
epoch 16/60: loss=4.502882e-02, drift=2.140920e-01
epoch 17/60: loss=4.630910e-02, drift=2.157860e-01
epoch 18/60: loss=4.529033e-02, drift=2.141210e-01
epoch 19/60: loss=4.474422e-02, drift=2.126302e-01
epoch 20/60: loss=4.434523e-02, drift=2.114467e-01
epoch 21/60: loss=4.443337e-02, drift=2.126535e-01
epoch 22/60: loss=4.471099e-02, drift=2.132286e-01
epoch 23/60: loss=4.481054e-02, drift=2.135107e-01
epoch 24/60: loss=4.409356e-02, drift=2.110699e-01
epoch 25/60: loss=4.455121e-02, drift=2.128103e-01
epoch 26/60: loss=4.485193e-02, drift=2.119789e-01
epoch 27/60: loss=4.514456e-02, drift=2.131574e-01
epoch 28/60: loss=4.512253e-02, drift=2.124750e-01
epoch 29/60: loss=4.527397e-02, drift=2.135207e-01
epoch 30/60: loss=4.501427e-02, drift=2.124446e-01
epoch 31/60: loss=4.392591e-02, drift=2.111097e-01
epoch 32/60: loss=4.466008e-02, drift=2.119346e-01
epoch 33/60: loss=4.456562e-02, drift=2.110371e-01
epoch 34/60: loss=4.422348e-02, drift=2.104197e-01
epoch 35/60: loss=4.396625e-02, drift=2.107592e-01
epoch 36/60: loss=4.453066e-02, drift=2.114602e-01
epoch 37/60: loss=4.466471e-02, drift=2.108342e-01
epoch 38/60: loss=4.448546e-02, drift=2.115115e-01
epoch 39/60: loss=4.456477e-02, drift=2.114764e-01
epoch 40/60: loss=4.416624e-02, drift=2.107026e-01
epoch 41/60: loss=4.428295e-02, drift=2.109980e-01
epoch 42/60: loss=4.450309e-02, drift=2.118202e-01
epoch 43/60: loss=4.512525e-02, drift=2.127734e-01
epoch 44/60: loss=4.406175e-02, drift=2.100101e-01
epoch 45/60: loss=4.442137e-02, drift=2.120635e-01
epoch 46/60: loss=4.434558e-02, drift=2.107170e-01
epoch 47/60: loss=4.426347e-02, drift=2.107973e-01
epoch 48/60: loss=4.472354e-02, drift=2.110225e-01
epoch 49/60: loss=4.379824e-02, drift=2.097255e-01
epoch 50/60: loss=4.445390e-02, drift=2.116999e-01
epoch 51/60: loss=4.462633e-02, drift=2.109817e-01
epoch 52/60: loss=4.440090e-02, drift=2.106397e-01
epoch 53/60: loss=4.452985e-02, drift=2.110356e-01
epoch 54/60: loss=4.430625e-02, drift=2.106312e-01
epoch 55/60: loss=4.427426e-02, drift=2.110180e-01
epoch 56/60: loss=4.428682e-02, drift=2.108979e-01
epoch 57/60: loss=4.389961e-02, drift=2.099989e-01
epoch 58/60: loss=4.384541e-02, drift=2.097698e-01
epoch 59/60: loss=4.386978e-02, drift=2.101857e-01
epoch 60/60: loss=4.477927e-02, drift=2.109934e-01
{
  "checkpoint": "/home/entropy/GitHub/conditional_drifting_models/weights/channel_implants/optfib/optfib2_drifting_direct_product_whitened_cond0p5_targ1_cbwauto_tbwauto_k32_radauto_mix0p5_raw_ac1_at1_ak8_emb0_seed7.pt",
  "summary": "/home/entropy/GitHub/conditional_drifting_models/weights/channel_implants/optfib/optfib2_drifting_direct_product_whitened_cond0p5_targ1_cbwauto_tbwauto_k32_radauto_mix0p5_raw_ac1_at1_ak8_emb0_seed7.json"
}
