epoch 1/60: loss=5.426257e-03, drift=8.711982e-02
epoch 2/60: loss=5.793780e-03, drift=8.541507e-02
epoch 3/60: loss=5.782631e-03, drift=8.067493e-02
epoch 4/60: loss=5.713856e-03, drift=7.900617e-02
epoch 5/60: loss=6.204064e-03, drift=8.452790e-02
epoch 6/60: loss=5.831539e-03, drift=8.207190e-02
epoch 7/60: loss=5.907532e-03, drift=8.178109e-02
epoch 8/60: loss=5.967542e-03, drift=8.051099e-02
epoch 9/60: loss=5.961016e-03, drift=8.271775e-02
epoch 10/60: loss=5.410838e-03, drift=7.895371e-02
epoch 11/60: loss=5.568919e-03, drift=7.971665e-02
epoch 12/60: loss=5.503778e-03, drift=8.000723e-02
epoch 13/60: loss=5.508951e-03, drift=7.744326e-02
epoch 14/60: loss=5.718805e-03, drift=8.005832e-02
epoch 15/60: loss=6.048589e-03, drift=8.239537e-02
epoch 16/60: loss=6.204268e-03, drift=8.238801e-02
epoch 17/60: loss=5.683993e-03, drift=7.856019e-02
epoch 18/60: loss=6.208392e-03, drift=8.311012e-02
epoch 19/60: loss=5.948476e-03, drift=8.138905e-02
epoch 20/60: loss=5.743296e-03, drift=7.870560e-02
epoch 21/60: loss=5.970657e-03, drift=7.928507e-02
epoch 22/60: loss=6.219014e-03, drift=8.058551e-02
epoch 23/60: loss=6.250441e-03, drift=8.246487e-02
epoch 24/60: loss=5.841318e-03, drift=7.896749e-02
epoch 25/60: loss=6.711786e-03, drift=8.428120e-02
epoch 26/60: loss=6.417072e-03, drift=8.215872e-02
epoch 27/60: loss=6.252885e-03, drift=8.196943e-02
epoch 28/60: loss=6.606273e-03, drift=8.276756e-02
epoch 29/60: loss=6.690526e-03, drift=8.488098e-02
epoch 30/60: loss=6.354774e-03, drift=8.102488e-02
epoch 31/60: loss=6.113268e-03, drift=8.127753e-02
epoch 32/60: loss=6.345404e-03, drift=8.169980e-02
epoch 33/60: loss=6.051273e-03, drift=8.042850e-02
epoch 34/60: loss=6.450950e-03, drift=8.048230e-02
epoch 35/60: loss=6.169365e-03, drift=7.989779e-02
epoch 36/60: loss=6.671846e-03, drift=8.379160e-02
epoch 37/60: loss=6.493803e-03, drift=8.186550e-02
epoch 38/60: loss=6.503690e-03, drift=8.083457e-02
epoch 39/60: loss=6.985371e-03, drift=8.469463e-02
epoch 40/60: loss=6.763150e-03, drift=8.217725e-02
epoch 41/60: loss=6.240533e-03, drift=8.000006e-02
epoch 42/60: loss=6.548494e-03, drift=8.184227e-02
epoch 43/60: loss=6.437506e-03, drift=8.235835e-02
epoch 44/60: loss=6.850891e-03, drift=8.496398e-02
epoch 45/60: loss=6.380261e-03, drift=8.149053e-02
epoch 46/60: loss=6.615322e-03, drift=8.435677e-02
epoch 47/60: loss=6.279957e-03, drift=8.185940e-02
epoch 48/60: loss=6.223134e-03, drift=8.153573e-02
epoch 49/60: loss=6.460191e-03, drift=8.182903e-02
epoch 50/60: loss=6.733770e-03, drift=8.353390e-02
epoch 51/60: loss=6.540470e-03, drift=8.357619e-02
epoch 52/60: loss=6.491270e-03, drift=8.226594e-02
epoch 53/60: loss=6.394735e-03, drift=8.141133e-02
epoch 54/60: loss=6.179788e-03, drift=8.034207e-02
epoch 55/60: loss=6.456925e-03, drift=8.162178e-02
epoch 56/60: loss=6.747556e-03, drift=8.298507e-02
epoch 57/60: loss=6.187668e-03, drift=8.049380e-02
epoch 58/60: loss=6.329169e-03, drift=8.146584e-02
epoch 59/60: loss=6.397455e-03, drift=8.331195e-02
epoch 60/60: loss=6.044449e-03, drift=8.103944e-02
{
  "checkpoint": "/home/entropy/GitHub/conditional_drifting_models/weights/channel_implants/optfib/optfib2_drifting_residual_product_euclidean_cond0p25_targ1_cbwauto_tbwauto_k32_radauto_mix0p5_raw_ac0_at0_ak16_emb0_seed7.pt",
  "summary": "/home/entropy/GitHub/conditional_drifting_models/weights/channel_implants/optfib/optfib2_drifting_residual_product_euclidean_cond0p25_targ1_cbwauto_tbwauto_k32_radauto_mix0p5_raw_ac0_at0_ak16_emb0_seed7.json"
}
