epoch 1/60: loss=3.569211e-03, drift=7.447527e-02
epoch 2/60: loss=3.729946e-03, drift=7.635155e-02
epoch 3/60: loss=3.478568e-03, drift=7.394174e-02
epoch 4/60: loss=3.087734e-03, drift=6.919437e-02
epoch 5/60: loss=3.580691e-03, drift=7.470959e-02
epoch 6/60: loss=2.980599e-03, drift=6.916289e-02
epoch 7/60: loss=3.016859e-03, drift=6.815483e-02
epoch 8/60: loss=2.916715e-03, drift=6.767167e-02
epoch 9/60: loss=3.339236e-03, drift=7.238430e-02
epoch 10/60: loss=3.159007e-03, drift=6.991677e-02
epoch 11/60: loss=3.056733e-03, drift=6.980348e-02
epoch 12/60: loss=2.953149e-03, drift=6.800461e-02
epoch 13/60: loss=3.105804e-03, drift=6.966191e-02
epoch 14/60: loss=3.490579e-03, drift=7.312326e-02
epoch 15/60: loss=3.141450e-03, drift=7.047365e-02
epoch 16/60: loss=2.905311e-03, drift=6.696348e-02
epoch 17/60: loss=3.009745e-03, drift=6.855103e-02
epoch 18/60: loss=3.414157e-03, drift=7.365404e-02
epoch 19/60: loss=3.051134e-03, drift=6.883427e-02
epoch 20/60: loss=3.111462e-03, drift=6.957734e-02
epoch 21/60: loss=2.794258e-03, drift=6.640091e-02
epoch 22/60: loss=3.048172e-03, drift=6.963717e-02
epoch 23/60: loss=3.529845e-03, drift=7.460907e-02
epoch 24/60: loss=2.938630e-03, drift=6.822530e-02
epoch 25/60: loss=3.285006e-03, drift=7.125393e-02
epoch 26/60: loss=3.391603e-03, drift=7.327630e-02
epoch 27/60: loss=2.987811e-03, drift=6.788059e-02
epoch 28/60: loss=3.063714e-03, drift=6.923063e-02
epoch 29/60: loss=3.378613e-03, drift=7.252594e-02
epoch 30/60: loss=3.232749e-03, drift=7.077020e-02
epoch 31/60: loss=3.180991e-03, drift=6.972620e-02
epoch 32/60: loss=2.652438e-03, drift=6.409972e-02
epoch 33/60: loss=3.027739e-03, drift=6.845281e-02
epoch 34/60: loss=3.026102e-03, drift=6.920668e-02
epoch 35/60: loss=2.923089e-03, drift=6.801571e-02
epoch 36/60: loss=2.989455e-03, drift=6.766898e-02
epoch 37/60: loss=2.813400e-03, drift=6.676426e-02
epoch 38/60: loss=3.085583e-03, drift=6.946809e-02
epoch 39/60: loss=3.061014e-03, drift=6.893468e-02
epoch 40/60: loss=3.171923e-03, drift=7.061595e-02
epoch 41/60: loss=3.053097e-03, drift=6.879276e-02
epoch 42/60: loss=3.002453e-03, drift=6.812059e-02
epoch 43/60: loss=3.204307e-03, drift=7.023398e-02
epoch 44/60: loss=3.135000e-03, drift=7.001297e-02
epoch 45/60: loss=3.265650e-03, drift=7.190211e-02
epoch 46/60: loss=3.429782e-03, drift=7.294683e-02
epoch 47/60: loss=3.026442e-03, drift=6.862236e-02
epoch 48/60: loss=3.317433e-03, drift=7.190104e-02
epoch 49/60: loss=3.151726e-03, drift=7.005230e-02
epoch 50/60: loss=2.728264e-03, drift=6.459258e-02
epoch 51/60: loss=3.232717e-03, drift=7.051793e-02
epoch 52/60: loss=3.039895e-03, drift=6.947178e-02
epoch 53/60: loss=2.575106e-03, drift=6.292968e-02
epoch 54/60: loss=3.179469e-03, drift=7.087192e-02
epoch 55/60: loss=3.293597e-03, drift=7.166932e-02
epoch 56/60: loss=3.335793e-03, drift=7.289442e-02
epoch 57/60: loss=2.899368e-03, drift=6.762880e-02
epoch 58/60: loss=3.240849e-03, drift=7.131652e-02
epoch 59/60: loss=3.221581e-03, drift=7.131506e-02
epoch 60/60: loss=3.030165e-03, drift=6.868720e-02
{
  "checkpoint": "/home/entropy/GitHub/conditional_drifting_models/weights/channel_implants/optfib/optfib2_drifting_direct_none_euclidean_cond0_targ1_cbwauto_tbwauto_k32_radauto_mix0p5_raw_ac0_at0_ak16_emb0_seed7.pt",
  "summary": "/home/entropy/GitHub/conditional_drifting_models/weights/channel_implants/optfib/optfib2_drifting_direct_none_euclidean_cond0_targ1_cbwauto_tbwauto_k32_radauto_mix0p5_raw_ac0_at0_ak16_emb0_seed7.json"
}
