epoch 1/60: loss=4.050212e-03, drift=7.805437e-02
epoch 2/60: loss=3.781031e-03, drift=7.563319e-02
epoch 3/60: loss=3.678751e-03, drift=7.476034e-02
epoch 4/60: loss=3.534728e-03, drift=7.282970e-02
epoch 5/60: loss=3.745382e-03, drift=7.524501e-02
epoch 6/60: loss=3.461421e-03, drift=7.268197e-02
epoch 7/60: loss=3.674490e-03, drift=7.425420e-02
epoch 8/60: loss=3.565669e-03, drift=7.291253e-02
epoch 9/60: loss=3.737889e-03, drift=7.474253e-02
epoch 10/60: loss=3.650057e-03, drift=7.271424e-02
epoch 11/60: loss=3.776286e-03, drift=7.387890e-02
epoch 12/60: loss=3.889864e-03, drift=7.324032e-02
epoch 13/60: loss=4.039331e-03, drift=7.491597e-02
epoch 14/60: loss=4.443976e-03, drift=7.823786e-02
epoch 15/60: loss=4.182665e-03, drift=7.574958e-02
epoch 16/60: loss=4.357926e-03, drift=7.643129e-02
epoch 17/60: loss=3.821546e-03, drift=7.245212e-02
epoch 18/60: loss=4.067034e-03, drift=7.386452e-02
epoch 19/60: loss=4.207791e-03, drift=7.551381e-02
epoch 20/60: loss=3.889785e-03, drift=7.267908e-02
epoch 21/60: loss=3.699820e-03, drift=7.130878e-02
epoch 22/60: loss=3.953218e-03, drift=7.455138e-02
epoch 23/60: loss=4.297244e-03, drift=7.832116e-02
epoch 24/60: loss=3.723298e-03, drift=7.196972e-02
epoch 25/60: loss=4.144500e-03, drift=7.614253e-02
epoch 26/60: loss=4.170761e-03, drift=7.540264e-02
epoch 27/60: loss=4.079847e-03, drift=7.482187e-02
epoch 28/60: loss=3.946461e-03, drift=7.341816e-02
epoch 29/60: loss=4.128443e-03, drift=7.597853e-02
epoch 30/60: loss=3.971414e-03, drift=7.496410e-02
epoch 31/60: loss=3.971955e-03, drift=7.452259e-02
epoch 32/60: loss=3.967553e-03, drift=7.418860e-02
epoch 33/60: loss=3.832429e-03, drift=7.356543e-02
epoch 34/60: loss=3.986634e-03, drift=7.460734e-02
epoch 35/60: loss=4.178771e-03, drift=7.743407e-02
epoch 36/60: loss=3.821752e-03, drift=7.274293e-02
epoch 37/60: loss=3.807120e-03, drift=7.284468e-02
epoch 38/60: loss=3.754955e-03, drift=7.242780e-02
epoch 39/60: loss=3.764582e-03, drift=7.169555e-02
epoch 40/60: loss=3.905353e-03, drift=7.286437e-02
epoch 41/60: loss=3.582035e-03, drift=7.056914e-02
epoch 42/60: loss=3.948937e-03, drift=7.428108e-02
epoch 43/60: loss=4.096316e-03, drift=7.609896e-02
epoch 44/60: loss=4.127482e-03, drift=7.646003e-02
epoch 45/60: loss=3.986779e-03, drift=7.492167e-02
epoch 46/60: loss=4.221589e-03, drift=7.757175e-02
epoch 47/60: loss=3.926617e-03, drift=7.443475e-02
epoch 48/60: loss=3.981483e-03, drift=7.481830e-02
epoch 49/60: loss=3.880371e-03, drift=7.274805e-02
epoch 50/60: loss=3.772232e-03, drift=7.277818e-02
epoch 51/60: loss=4.000655e-03, drift=7.494264e-02
epoch 52/60: loss=3.743112e-03, drift=7.206159e-02
epoch 53/60: loss=3.447434e-03, drift=6.888423e-02
epoch 54/60: loss=3.936778e-03, drift=7.487722e-02
epoch 55/60: loss=4.188561e-03, drift=7.574563e-02
epoch 56/60: loss=4.012174e-03, drift=7.470470e-02
epoch 57/60: loss=3.752040e-03, drift=7.271081e-02
epoch 58/60: loss=3.626062e-03, drift=7.136823e-02
epoch 59/60: loss=4.200143e-03, drift=7.682619e-02
epoch 60/60: loss=3.807321e-03, drift=7.278857e-02
{
  "checkpoint": "/home/entropy/GitHub/conditional_drifting_models/weights/channel_implants/optfib/optfib2_drifting_direct_product_euclidean_cond0p5_targ1_cbwauto_tbwauto_k32_radauto_mix0p5_rawplusresidual_ac0_at0_ak16_emb0_seed7.pt",
  "summary": "/home/entropy/GitHub/conditional_drifting_models/weights/channel_implants/optfib/optfib2_drifting_direct_product_euclidean_cond0p5_targ1_cbwauto_tbwauto_k32_radauto_mix0p5_rawplusresidual_ac0_at0_ak16_emb0_seed7.json"
}
