epoch 1/60: loss=3.108515e-03, drift=6.914160e-02
epoch 2/60: loss=3.336293e-03, drift=7.159520e-02
epoch 3/60: loss=3.059868e-03, drift=6.846552e-02
epoch 4/60: loss=2.771185e-03, drift=6.482975e-02
epoch 5/60: loss=3.206369e-03, drift=7.030103e-02
epoch 6/60: loss=2.733187e-03, drift=6.477655e-02
epoch 7/60: loss=2.909834e-03, drift=6.639661e-02
epoch 8/60: loss=3.005293e-03, drift=6.786495e-02
epoch 9/60: loss=3.155270e-03, drift=6.919741e-02
epoch 10/60: loss=3.127941e-03, drift=6.852041e-02
epoch 11/60: loss=3.234226e-03, drift=6.965153e-02
epoch 12/60: loss=3.420140e-03, drift=7.026954e-02
epoch 13/60: loss=3.583079e-03, drift=7.117059e-02
epoch 14/60: loss=3.880189e-03, drift=7.331192e-02
epoch 15/60: loss=3.838832e-03, drift=7.380496e-02
epoch 16/60: loss=3.825496e-03, drift=7.167174e-02
epoch 17/60: loss=3.571070e-03, drift=6.965018e-02
epoch 18/60: loss=3.923831e-03, drift=7.393454e-02
epoch 19/60: loss=3.707282e-03, drift=7.160130e-02
epoch 20/60: loss=3.665965e-03, drift=7.119224e-02
epoch 21/60: loss=3.550295e-03, drift=7.071359e-02
epoch 22/60: loss=3.846920e-03, drift=7.410832e-02
epoch 23/60: loss=3.968720e-03, drift=7.501484e-02
epoch 24/60: loss=3.561621e-03, drift=7.059436e-02
epoch 25/60: loss=3.944193e-03, drift=7.418396e-02
epoch 26/60: loss=3.764135e-03, drift=7.253765e-02
epoch 27/60: loss=3.871686e-03, drift=7.323658e-02
epoch 28/60: loss=3.667741e-03, drift=7.148270e-02
epoch 29/60: loss=3.867815e-03, drift=7.352149e-02
epoch 30/60: loss=3.745833e-03, drift=7.292517e-02
epoch 31/60: loss=3.580029e-03, drift=7.086031e-02
epoch 32/60: loss=3.479108e-03, drift=6.990624e-02
epoch 33/60: loss=3.701467e-03, drift=7.174320e-02
epoch 34/60: loss=3.554950e-03, drift=7.086419e-02
epoch 35/60: loss=3.832053e-03, drift=7.428194e-02
epoch 36/60: loss=3.541224e-03, drift=7.035635e-02
epoch 37/60: loss=3.614158e-03, drift=7.194839e-02
epoch 38/60: loss=3.567019e-03, drift=7.089235e-02
epoch 39/60: loss=3.446287e-03, drift=6.904380e-02
epoch 40/60: loss=3.811689e-03, drift=7.315215e-02
epoch 41/60: loss=3.603417e-03, drift=7.137759e-02
epoch 42/60: loss=3.667512e-03, drift=7.219308e-02
epoch 43/60: loss=3.842723e-03, drift=7.361360e-02
epoch 44/60: loss=3.782312e-03, drift=7.352537e-02
epoch 45/60: loss=3.944505e-03, drift=7.533924e-02
epoch 46/60: loss=3.989022e-03, drift=7.543759e-02
epoch 47/60: loss=3.678201e-03, drift=7.246160e-02
epoch 48/60: loss=3.726805e-03, drift=7.320581e-02
epoch 49/60: loss=3.646121e-03, drift=7.135928e-02
epoch 50/60: loss=3.452592e-03, drift=6.958428e-02
epoch 51/60: loss=3.912189e-03, drift=7.532720e-02
epoch 52/60: loss=3.506402e-03, drift=6.990086e-02
epoch 53/60: loss=3.210880e-03, drift=6.618877e-02
epoch 54/60: loss=3.805900e-03, drift=7.458191e-02
epoch 55/60: loss=3.955975e-03, drift=7.444038e-02
epoch 56/60: loss=3.811214e-03, drift=7.358565e-02
epoch 57/60: loss=3.423834e-03, drift=7.003232e-02
epoch 58/60: loss=3.542604e-03, drift=7.150099e-02
epoch 59/60: loss=3.599584e-03, drift=7.230546e-02
epoch 60/60: loss=3.581044e-03, drift=7.100008e-02
{
  "checkpoint": "/home/entropy/GitHub/conditional_drifting_models/weights/channel_implants/optfib/optfib2_drifting_direct_product_euclidean_cond0p5_targ1_cbwauto_tbwauto_k32_radauto_mix0p5_raw_ac0_at0_ak16_emb0_seed7.pt",
  "summary": "/home/entropy/GitHub/conditional_drifting_models/weights/channel_implants/optfib/optfib2_drifting_direct_product_euclidean_cond0p5_targ1_cbwauto_tbwauto_k32_radauto_mix0p5_raw_ac0_at0_ak16_emb0_seed7.json"
}
