epoch 1/60: loss=4.240314e-03, drift=7.873236e-02
epoch 2/60: loss=4.716882e-03, drift=7.911565e-02
epoch 3/60: loss=4.824201e-03, drift=7.512856e-02
epoch 4/60: loss=4.747180e-03, drift=7.380422e-02
epoch 5/60: loss=5.130377e-03, drift=7.823008e-02
epoch 6/60: loss=4.800990e-03, drift=7.583613e-02
epoch 7/60: loss=4.944447e-03, drift=7.600735e-02
epoch 8/60: loss=4.988947e-03, drift=7.490031e-02
epoch 9/60: loss=4.936313e-03, drift=7.760353e-02
epoch 10/60: loss=4.433814e-03, drift=7.315175e-02
epoch 11/60: loss=4.503611e-03, drift=7.410358e-02
epoch 12/60: loss=4.428865e-03, drift=7.382457e-02
epoch 13/60: loss=4.312246e-03, drift=7.183231e-02
epoch 14/60: loss=4.479446e-03, drift=7.317606e-02
epoch 15/60: loss=4.699319e-03, drift=7.599971e-02
epoch 16/60: loss=4.654843e-03, drift=7.446530e-02
epoch 17/60: loss=4.297561e-03, drift=7.189571e-02
epoch 18/60: loss=4.790326e-03, drift=7.682254e-02
epoch 19/60: loss=4.660558e-03, drift=7.607008e-02
epoch 20/60: loss=4.322221e-03, drift=7.199288e-02
epoch 21/60: loss=4.289996e-03, drift=7.174640e-02
epoch 22/60: loss=4.475346e-03, drift=7.274159e-02
epoch 23/60: loss=4.666976e-03, drift=7.574231e-02
epoch 24/60: loss=4.259638e-03, drift=7.103278e-02
epoch 25/60: loss=4.917647e-03, drift=7.641357e-02
epoch 26/60: loss=4.635929e-03, drift=7.408715e-02
epoch 27/60: loss=4.476475e-03, drift=7.407280e-02
epoch 28/60: loss=4.643823e-03, drift=7.451880e-02
epoch 29/60: loss=4.873989e-03, drift=7.696800e-02
epoch 30/60: loss=4.658029e-03, drift=7.381486e-02
epoch 31/60: loss=4.477550e-03, drift=7.363639e-02
epoch 32/60: loss=4.514483e-03, drift=7.378846e-02
epoch 33/60: loss=4.506218e-03, drift=7.397740e-02
epoch 34/60: loss=4.694846e-03, drift=7.314801e-02
epoch 35/60: loss=4.571828e-03, drift=7.346185e-02
epoch 36/60: loss=5.027289e-03, drift=7.645609e-02
epoch 37/60: loss=4.782658e-03, drift=7.449955e-02
epoch 38/60: loss=4.934043e-03, drift=7.436553e-02
epoch 39/60: loss=5.225257e-03, drift=7.763497e-02
epoch 40/60: loss=4.998666e-03, drift=7.495324e-02
epoch 41/60: loss=4.668526e-03, drift=7.342568e-02
epoch 42/60: loss=4.944011e-03, drift=7.489386e-02
epoch 43/60: loss=4.893473e-03, drift=7.605883e-02
epoch 44/60: loss=5.190263e-03, drift=7.798345e-02
epoch 45/60: loss=4.757703e-03, drift=7.407976e-02
epoch 46/60: loss=5.003780e-03, drift=7.728618e-02
epoch 47/60: loss=4.698017e-03, drift=7.540102e-02
epoch 48/60: loss=4.639213e-03, drift=7.367600e-02
epoch 49/60: loss=4.793377e-03, drift=7.497912e-02
epoch 50/60: loss=5.061863e-03, drift=7.555627e-02
epoch 51/60: loss=5.054217e-03, drift=7.710748e-02
epoch 52/60: loss=4.871247e-03, drift=7.404162e-02
epoch 53/60: loss=4.835442e-03, drift=7.277267e-02
epoch 54/60: loss=4.740051e-03, drift=7.349364e-02
epoch 55/60: loss=5.029257e-03, drift=7.520608e-02
epoch 56/60: loss=5.361975e-03, drift=7.673944e-02
epoch 57/60: loss=4.893596e-03, drift=7.471333e-02
epoch 58/60: loss=4.929501e-03, drift=7.529692e-02
epoch 59/60: loss=5.071050e-03, drift=7.618843e-02
epoch 60/60: loss=4.702126e-03, drift=7.422884e-02
{
  "checkpoint": "/home/entropy/GitHub/conditional_drifting_models/weights/channel_implants/optfib/optfib2_drifting_residual_mixture_euclidean_cond0p25_targ1_cbwauto_tbwauto_k32_radauto_mix0p3_raw_ac0_at0_ak16_emb0_seed7.pt",
  "summary": "/home/entropy/GitHub/conditional_drifting_models/weights/channel_implants/optfib/optfib2_drifting_residual_mixture_euclidean_cond0p25_targ1_cbwauto_tbwauto_k32_radauto_mix0p3_raw_ac0_at0_ak16_emb0_seed7.json"
}
