epoch 1/60: loss=4.887149e-03, drift=8.577833e-02
epoch 2/60: loss=5.145070e-03, drift=8.742077e-02
epoch 3/60: loss=5.161357e-03, drift=8.511294e-02
epoch 4/60: loss=4.660501e-03, drift=7.763448e-02
epoch 5/60: loss=5.108414e-03, drift=8.175893e-02
epoch 6/60: loss=4.190748e-03, drift=7.296149e-02
epoch 7/60: loss=4.359525e-03, drift=7.363961e-02
epoch 8/60: loss=4.318753e-03, drift=7.260959e-02
epoch 9/60: loss=4.034755e-03, drift=7.084575e-02
epoch 10/60: loss=3.754887e-03, drift=6.841821e-02
epoch 11/60: loss=3.502510e-03, drift=6.498402e-02
epoch 12/60: loss=3.368255e-03, drift=6.398658e-02
epoch 13/60: loss=3.428943e-03, drift=6.237983e-02
epoch 14/60: loss=3.271725e-03, drift=6.149930e-02
epoch 15/60: loss=3.364716e-03, drift=6.361360e-02
epoch 16/60: loss=3.392200e-03, drift=6.303454e-02
epoch 17/60: loss=3.117609e-03, drift=6.162097e-02
epoch 18/60: loss=3.588892e-03, drift=6.520731e-02
epoch 19/60: loss=3.366576e-03, drift=6.188105e-02
epoch 20/60: loss=3.109255e-03, drift=6.156784e-02
epoch 21/60: loss=3.014885e-03, drift=6.026074e-02
epoch 22/60: loss=3.223173e-03, drift=6.167665e-02
epoch 23/60: loss=3.332459e-03, drift=6.483923e-02
epoch 24/60: loss=3.077832e-03, drift=6.112146e-02
epoch 25/60: loss=3.270804e-03, drift=6.258001e-02
epoch 26/60: loss=3.097976e-03, drift=6.136813e-02
epoch 27/60: loss=3.269023e-03, drift=6.345204e-02
epoch 28/60: loss=3.055671e-03, drift=6.098256e-02
epoch 29/60: loss=3.160373e-03, drift=6.266889e-02
epoch 30/60: loss=3.103446e-03, drift=6.117015e-02
epoch 31/60: loss=2.983939e-03, drift=6.087969e-02
epoch 32/60: loss=2.974367e-03, drift=6.052783e-02
epoch 33/60: loss=3.121561e-03, drift=6.245576e-02
epoch 34/60: loss=2.929474e-03, drift=5.985458e-02
epoch 35/60: loss=3.189594e-03, drift=6.358641e-02
epoch 36/60: loss=3.130329e-03, drift=6.266007e-02
epoch 37/60: loss=3.195767e-03, drift=6.162869e-02
epoch 38/60: loss=3.046475e-03, drift=6.127547e-02
epoch 39/60: loss=3.363572e-03, drift=6.427664e-02
epoch 40/60: loss=3.056098e-03, drift=6.137418e-02
epoch 41/60: loss=2.836891e-03, drift=5.954153e-02
epoch 42/60: loss=3.212170e-03, drift=6.233938e-02
epoch 43/60: loss=3.263905e-03, drift=6.331219e-02
epoch 44/60: loss=3.209538e-03, drift=6.356608e-02
epoch 45/60: loss=3.140323e-03, drift=6.286617e-02
epoch 46/60: loss=3.037429e-03, drift=6.181642e-02
epoch 47/60: loss=3.015652e-03, drift=6.235839e-02
epoch 48/60: loss=2.923786e-03, drift=5.967880e-02
epoch 49/60: loss=3.062789e-03, drift=6.220412e-02
epoch 50/60: loss=2.991289e-03, drift=6.010770e-02
epoch 51/60: loss=3.063528e-03, drift=6.196717e-02
epoch 52/60: loss=2.893686e-03, drift=5.996439e-02
epoch 53/60: loss=2.957321e-03, drift=5.922924e-02
epoch 54/60: loss=3.149424e-03, drift=6.317612e-02
epoch 55/60: loss=3.116506e-03, drift=6.214797e-02
epoch 56/60: loss=3.167486e-03, drift=6.209749e-02
epoch 57/60: loss=3.093140e-03, drift=6.086234e-02
epoch 58/60: loss=3.099861e-03, drift=6.181983e-02
epoch 59/60: loss=3.241489e-03, drift=6.383657e-02
epoch 60/60: loss=2.889907e-03, drift=5.998858e-02
{
  "checkpoint": "/home/entropy/GitHub/conditional_drifting_models/weights/channel_implants/optfib/optfib2_drifting_residual_none_euclidean_cond0_targ1_cbwauto_tbwauto_k32_radauto_mix0p5_raw_ac0_at0_ak16_emb0_seed7.pt",
  "summary": "/home/entropy/GitHub/conditional_drifting_models/weights/channel_implants/optfib/optfib2_drifting_residual_none_euclidean_cond0_targ1_cbwauto_tbwauto_k32_radauto_mix0p5_raw_ac0_at0_ak16_emb0_seed7.json"
}
