epoch 1/60: loss=4.235628e-01, drift=8.067554e-01
epoch 2/60: loss=4.790033e-01, drift=8.594887e-01
epoch 3/60: loss=4.710929e-01, drift=8.490018e-01
epoch 4/60: loss=4.504137e-01, drift=8.310996e-01
epoch 5/60: loss=4.624357e-01, drift=8.435260e-01
epoch 6/60: loss=4.690078e-01, drift=8.494552e-01
epoch 7/60: loss=4.552260e-01, drift=8.366727e-01
epoch 8/60: loss=4.698060e-01, drift=8.536690e-01
epoch 9/60: loss=4.979664e-01, drift=8.760500e-01
epoch 10/60: loss=4.889957e-01, drift=8.656495e-01
epoch 11/60: loss=5.058710e-01, drift=8.863948e-01
epoch 12/60: loss=5.011035e-01, drift=8.799564e-01
epoch 13/60: loss=4.973826e-01, drift=8.675097e-01
epoch 14/60: loss=4.670438e-01, drift=8.441612e-01
epoch 15/60: loss=4.812627e-01, drift=8.543354e-01
epoch 16/60: loss=4.951284e-01, drift=8.715229e-01
epoch 17/60: loss=5.229077e-01, drift=8.962833e-01
epoch 18/60: loss=5.026779e-01, drift=8.723978e-01
epoch 19/60: loss=5.136857e-01, drift=8.889209e-01
epoch 20/60: loss=4.993410e-01, drift=8.776551e-01
epoch 21/60: loss=5.042666e-01, drift=8.743083e-01
epoch 22/60: loss=5.193705e-01, drift=8.963081e-01
epoch 23/60: loss=4.809528e-01, drift=8.494291e-01
epoch 24/60: loss=5.106600e-01, drift=8.804756e-01
epoch 25/60: loss=4.904182e-01, drift=8.618349e-01
epoch 26/60: loss=4.864057e-01, drift=8.603301e-01
epoch 27/60: loss=5.199711e-01, drift=8.932414e-01
epoch 28/60: loss=5.096259e-01, drift=8.775332e-01
epoch 29/60: loss=5.333240e-01, drift=9.018779e-01
epoch 30/60: loss=5.348023e-01, drift=8.972567e-01
epoch 31/60: loss=5.092547e-01, drift=8.748355e-01
epoch 32/60: loss=5.297859e-01, drift=8.997968e-01
epoch 33/60: loss=5.730877e-01, drift=9.380857e-01
epoch 34/60: loss=5.362187e-01, drift=9.019944e-01
epoch 35/60: loss=5.050687e-01, drift=8.728969e-01
epoch 36/60: loss=5.190219e-01, drift=8.847889e-01
epoch 37/60: loss=5.112414e-01, drift=8.788310e-01
epoch 38/60: loss=5.134418e-01, drift=8.774941e-01
epoch 39/60: loss=5.249909e-01, drift=8.914526e-01
epoch 40/60: loss=5.375911e-01, drift=8.984231e-01
epoch 41/60: loss=5.280539e-01, drift=9.017570e-01
epoch 42/60: loss=5.224468e-01, drift=8.895740e-01
epoch 43/60: loss=5.197347e-01, drift=8.882661e-01
epoch 44/60: loss=5.169315e-01, drift=8.858763e-01
epoch 45/60: loss=5.324589e-01, drift=8.976392e-01
epoch 46/60: loss=5.106560e-01, drift=8.776180e-01
epoch 47/60: loss=4.945954e-01, drift=8.622371e-01
epoch 48/60: loss=5.135965e-01, drift=8.825020e-01
epoch 49/60: loss=4.986478e-01, drift=8.662310e-01
epoch 50/60: loss=4.945660e-01, drift=8.651022e-01
epoch 51/60: loss=5.168901e-01, drift=8.897534e-01
epoch 52/60: loss=4.954953e-01, drift=8.634167e-01
epoch 53/60: loss=5.354658e-01, drift=8.997602e-01
epoch 54/60: loss=5.224303e-01, drift=8.959333e-01
epoch 55/60: loss=5.226715e-01, drift=8.918739e-01
epoch 56/60: loss=5.218506e-01, drift=8.851451e-01
epoch 57/60: loss=5.301392e-01, drift=8.993150e-01
epoch 58/60: loss=5.240892e-01, drift=8.923427e-01
epoch 59/60: loss=5.185664e-01, drift=8.858979e-01
epoch 60/60: loss=5.017176e-01, drift=8.721368e-01
{
  "checkpoint": "/home/entropy/GitHub/conditional_drifting_models/weights/channel_implants/optfib/optfib2_drifting_residual_soft_local_euclidean_cond0p25_targ1_cbwauto_tbwauto_k16_radauto_mix0p5_raw_ac0_at0_ak16_emb0_seed7.pt",
  "summary": "/home/entropy/GitHub/conditional_drifting_models/weights/channel_implants/optfib/optfib2_drifting_residual_soft_local_euclidean_cond0p25_targ1_cbwauto_tbwauto_k16_radauto_mix0p5_raw_ac0_at0_ak16_emb0_seed7.json"
}
