epoch 1/60: loss=1.510593e-02, drift=1.203678e-01
epoch 2/60: loss=1.668736e-02, drift=1.250015e-01
epoch 3/60: loss=1.678114e-02, drift=1.257406e-01
epoch 4/60: loss=1.696907e-02, drift=1.248915e-01
epoch 5/60: loss=1.618508e-02, drift=1.234148e-01
epoch 6/60: loss=1.646067e-02, drift=1.234216e-01
epoch 7/60: loss=1.652130e-02, drift=1.234161e-01
epoch 8/60: loss=1.730282e-02, drift=1.240840e-01
epoch 9/60: loss=1.762412e-02, drift=1.239577e-01
epoch 10/60: loss=1.745320e-02, drift=1.228904e-01
epoch 11/60: loss=1.808981e-02, drift=1.229866e-01
epoch 12/60: loss=1.841952e-02, drift=1.233275e-01
epoch 13/60: loss=1.828516e-02, drift=1.197021e-01
epoch 14/60: loss=1.849084e-02, drift=1.172441e-01
epoch 15/60: loss=1.926938e-02, drift=1.156506e-01
epoch 16/60: loss=1.922109e-02, drift=1.160272e-01
epoch 17/60: loss=1.934636e-02, drift=1.159000e-01
epoch 18/60: loss=1.911180e-02, drift=1.150204e-01
epoch 19/60: loss=1.895826e-02, drift=1.151091e-01
epoch 20/60: loss=1.867198e-02, drift=1.127498e-01
epoch 21/60: loss=1.870386e-02, drift=1.136335e-01
epoch 22/60: loss=1.875239e-02, drift=1.145701e-01
epoch 23/60: loss=1.868769e-02, drift=1.139103e-01
epoch 24/60: loss=1.813746e-02, drift=1.130186e-01
epoch 25/60: loss=1.833638e-02, drift=1.132340e-01
epoch 26/60: loss=1.859903e-02, drift=1.129423e-01
epoch 27/60: loss=1.899658e-02, drift=1.138179e-01
epoch 28/60: loss=1.877040e-02, drift=1.134486e-01
epoch 29/60: loss=1.881587e-02, drift=1.133049e-01
epoch 30/60: loss=1.905433e-02, drift=1.142939e-01
epoch 31/60: loss=1.806935e-02, drift=1.127731e-01
epoch 32/60: loss=1.841897e-02, drift=1.129805e-01
epoch 33/60: loss=1.773462e-02, drift=1.122681e-01
epoch 34/60: loss=1.818757e-02, drift=1.124863e-01
epoch 35/60: loss=1.770794e-02, drift=1.117462e-01
epoch 36/60: loss=1.810746e-02, drift=1.121709e-01
epoch 37/60: loss=1.800794e-02, drift=1.124488e-01
epoch 38/60: loss=1.845731e-02, drift=1.127284e-01
epoch 39/60: loss=1.845334e-02, drift=1.123412e-01
epoch 40/60: loss=1.819496e-02, drift=1.124748e-01
epoch 41/60: loss=1.796372e-02, drift=1.120954e-01
epoch 42/60: loss=1.811063e-02, drift=1.129839e-01
epoch 43/60: loss=1.793418e-02, drift=1.126756e-01
epoch 44/60: loss=1.842312e-02, drift=1.133959e-01
epoch 45/60: loss=1.783341e-02, drift=1.125981e-01
epoch 46/60: loss=1.758287e-02, drift=1.123327e-01
epoch 47/60: loss=1.740517e-02, drift=1.110109e-01
epoch 48/60: loss=1.797293e-02, drift=1.124998e-01
epoch 49/60: loss=1.760696e-02, drift=1.117677e-01
epoch 50/60: loss=1.742005e-02, drift=1.114508e-01
epoch 51/60: loss=1.778180e-02, drift=1.122528e-01
epoch 52/60: loss=1.851917e-02, drift=1.130404e-01
epoch 53/60: loss=1.817573e-02, drift=1.126182e-01
epoch 54/60: loss=1.840078e-02, drift=1.128559e-01
epoch 55/60: loss=1.764358e-02, drift=1.123746e-01
epoch 56/60: loss=1.777298e-02, drift=1.116711e-01
epoch 57/60: loss=1.781376e-02, drift=1.121513e-01
epoch 58/60: loss=1.721462e-02, drift=1.106487e-01
epoch 59/60: loss=1.746904e-02, drift=1.112563e-01
epoch 60/60: loss=1.808754e-02, drift=1.125402e-01
{
  "checkpoint": "/home/entropy/GitHub/conditional_drifting_models/weights/channel_implants/optfib/optfib2_drifting_residual_product_whitened_cond0p25_targ1_cbwauto_tbwauto_k32_radauto_mix0p5_raw_ac1_at1_ak8_emb8_seed7.pt",
  "summary": "/home/entropy/GitHub/conditional_drifting_models/weights/channel_implants/optfib/optfib2_drifting_residual_product_whitened_cond0p25_targ1_cbwauto_tbwauto_k32_radauto_mix0p5_raw_ac1_at1_ak8_emb8_seed7.json"
}
