epoch 1/60: loss=3.626360e-03, drift=7.499626e-02
epoch 2/60: loss=3.780383e-03, drift=7.693525e-02
epoch 3/60: loss=3.409992e-03, drift=7.340081e-02
epoch 4/60: loss=3.077962e-03, drift=6.944963e-02
epoch 5/60: loss=3.691916e-03, drift=7.536726e-02
epoch 6/60: loss=2.922104e-03, drift=6.834687e-02
epoch 7/60: loss=3.067588e-03, drift=6.863638e-02
epoch 8/60: loss=3.108178e-03, drift=7.032128e-02
epoch 9/60: loss=3.273110e-03, drift=7.190157e-02
epoch 10/60: loss=3.199133e-03, drift=7.046503e-02
epoch 11/60: loss=3.118140e-03, drift=7.046725e-02
epoch 12/60: loss=2.997951e-03, drift=6.804991e-02
epoch 13/60: loss=3.143735e-03, drift=7.002059e-02
epoch 14/60: loss=3.403289e-03, drift=7.258840e-02
epoch 15/60: loss=3.164418e-03, drift=7.141551e-02
epoch 16/60: loss=3.000133e-03, drift=6.750120e-02
epoch 17/60: loss=2.921752e-03, drift=6.787773e-02
epoch 18/60: loss=3.390402e-03, drift=7.292137e-02
epoch 19/60: loss=3.248013e-03, drift=7.174651e-02
epoch 20/60: loss=3.001836e-03, drift=6.841088e-02
epoch 21/60: loss=2.783136e-03, drift=6.679911e-02
epoch 22/60: loss=3.195161e-03, drift=7.087697e-02
epoch 23/60: loss=3.459025e-03, drift=7.353888e-02
epoch 24/60: loss=3.044156e-03, drift=6.869597e-02
epoch 25/60: loss=3.218950e-03, drift=7.093224e-02
epoch 26/60: loss=3.337231e-03, drift=7.249390e-02
epoch 27/60: loss=3.192972e-03, drift=6.992662e-02
epoch 28/60: loss=3.019566e-03, drift=6.831225e-02
epoch 29/60: loss=3.388853e-03, drift=7.198014e-02
epoch 30/60: loss=3.234425e-03, drift=7.220579e-02
epoch 31/60: loss=2.988448e-03, drift=6.784894e-02
epoch 32/60: loss=2.800838e-03, drift=6.639684e-02
epoch 33/60: loss=3.192456e-03, drift=7.034559e-02
epoch 34/60: loss=3.005375e-03, drift=6.934682e-02
epoch 35/60: loss=3.191835e-03, drift=7.125081e-02
epoch 36/60: loss=2.933272e-03, drift=6.771340e-02
epoch 37/60: loss=3.150718e-03, drift=7.110759e-02
epoch 38/60: loss=3.089294e-03, drift=6.991529e-02
epoch 39/60: loss=3.006965e-03, drift=6.818455e-02
epoch 40/60: loss=3.209276e-03, drift=7.101993e-02
epoch 41/60: loss=3.127815e-03, drift=6.996929e-02
epoch 42/60: loss=3.142910e-03, drift=7.033923e-02
epoch 43/60: loss=3.148019e-03, drift=7.039705e-02
epoch 44/60: loss=3.120017e-03, drift=7.047308e-02
epoch 45/60: loss=3.379107e-03, drift=7.299679e-02
epoch 46/60: loss=3.442767e-03, drift=7.309497e-02
epoch 47/60: loss=3.110965e-03, drift=7.014884e-02
epoch 48/60: loss=3.322959e-03, drift=7.251163e-02
epoch 49/60: loss=3.293862e-03, drift=7.132019e-02
epoch 50/60: loss=2.958567e-03, drift=6.734902e-02
epoch 51/60: loss=3.364430e-03, drift=7.219392e-02
epoch 52/60: loss=2.831621e-03, drift=6.719850e-02
epoch 53/60: loss=2.396268e-03, drift=6.092961e-02
epoch 54/60: loss=3.308970e-03, drift=7.299799e-02
epoch 55/60: loss=3.377372e-03, drift=7.191484e-02
epoch 56/60: loss=3.331284e-03, drift=7.268174e-02
epoch 57/60: loss=2.899337e-03, drift=6.747089e-02
epoch 58/60: loss=3.219076e-03, drift=7.134058e-02
epoch 59/60: loss=3.244275e-03, drift=7.142444e-02
epoch 60/60: loss=3.036266e-03, drift=6.944184e-02
{
  "checkpoint": "/home/entropy/GitHub/conditional_drifting_models/weights/channel_implants/optfib/optfib2_drifting_direct_joint_euclidean_cond0p5_targ1_cbwauto_tbwauto_k32_radauto_mix0p5_raw_ac0_at0_ak16_emb0_seed7.pt",
  "summary": "/home/entropy/GitHub/conditional_drifting_models/weights/channel_implants/optfib/optfib2_drifting_direct_joint_euclidean_cond0p5_targ1_cbwauto_tbwauto_k32_radauto_mix0p5_raw_ac0_at0_ak16_emb0_seed7.json"
}
