epoch 1/60: loss=4.120325e-03, drift=7.893690e-02
epoch 2/60: loss=3.986652e-03, drift=7.588819e-02
epoch 3/60: loss=4.169383e-03, drift=7.396193e-02
epoch 4/60: loss=3.907437e-03, drift=6.976564e-02
epoch 5/60: loss=4.253414e-03, drift=7.297025e-02
epoch 6/60: loss=3.879267e-03, drift=6.882930e-02
epoch 7/60: loss=4.047074e-03, drift=7.051166e-02
epoch 8/60: loss=4.056930e-03, drift=7.007022e-02
epoch 9/60: loss=4.053799e-03, drift=7.143096e-02
epoch 10/60: loss=3.638945e-03, drift=6.698205e-02
epoch 11/60: loss=3.748526e-03, drift=6.887499e-02
epoch 12/60: loss=3.580142e-03, drift=6.727625e-02
epoch 13/60: loss=3.515492e-03, drift=6.644992e-02
epoch 14/60: loss=3.737925e-03, drift=6.759315e-02
epoch 15/60: loss=3.601780e-03, drift=6.740469e-02
epoch 16/60: loss=3.731901e-03, drift=6.799936e-02
epoch 17/60: loss=3.334010e-03, drift=6.447141e-02
epoch 18/60: loss=3.716992e-03, drift=6.949797e-02
epoch 19/60: loss=3.505817e-03, drift=6.719741e-02
epoch 20/60: loss=3.231063e-03, drift=6.421537e-02
epoch 21/60: loss=3.133874e-03, drift=6.366819e-02
epoch 22/60: loss=3.308995e-03, drift=6.542066e-02
epoch 23/60: loss=3.457105e-03, drift=6.856298e-02
epoch 24/60: loss=3.039174e-03, drift=6.340805e-02
epoch 25/60: loss=3.252079e-03, drift=6.476113e-02
epoch 26/60: loss=3.130159e-03, drift=6.421876e-02
epoch 27/60: loss=3.213042e-03, drift=6.529719e-02
epoch 28/60: loss=3.088043e-03, drift=6.453091e-02
epoch 29/60: loss=3.108840e-03, drift=6.475707e-02
epoch 30/60: loss=3.117425e-03, drift=6.426033e-02
epoch 31/60: loss=3.062905e-03, drift=6.522589e-02
epoch 32/60: loss=3.099149e-03, drift=6.471598e-02
epoch 33/60: loss=3.054805e-03, drift=6.430946e-02
epoch 34/60: loss=2.942016e-03, drift=6.316441e-02
epoch 35/60: loss=3.092235e-03, drift=6.427407e-02
epoch 36/60: loss=3.101211e-03, drift=6.548761e-02
epoch 37/60: loss=3.101198e-03, drift=6.405875e-02
epoch 38/60: loss=3.088933e-03, drift=6.490061e-02
epoch 39/60: loss=3.232728e-03, drift=6.704383e-02
epoch 40/60: loss=2.987656e-03, drift=6.355566e-02
epoch 41/60: loss=2.891051e-03, drift=6.345830e-02
epoch 42/60: loss=3.188030e-03, drift=6.572984e-02
epoch 43/60: loss=3.075216e-03, drift=6.504974e-02
epoch 44/60: loss=3.023073e-03, drift=6.505618e-02
epoch 45/60: loss=3.047828e-03, drift=6.490172e-02
epoch 46/60: loss=2.923403e-03, drift=6.365494e-02
epoch 47/60: loss=3.005518e-03, drift=6.504333e-02
epoch 48/60: loss=2.773094e-03, drift=6.138531e-02
epoch 49/60: loss=2.898400e-03, drift=6.308511e-02
epoch 50/60: loss=2.937530e-03, drift=6.321898e-02
epoch 51/60: loss=3.025143e-03, drift=6.512774e-02
epoch 52/60: loss=2.712037e-03, drift=6.115513e-02
epoch 53/60: loss=2.727446e-03, drift=6.085085e-02
epoch 54/60: loss=3.165240e-03, drift=6.728551e-02
epoch 55/60: loss=3.161087e-03, drift=6.670901e-02
epoch 56/60: loss=3.056544e-03, drift=6.468545e-02
epoch 57/60: loss=2.996679e-03, drift=6.465113e-02
epoch 58/60: loss=2.928248e-03, drift=6.423793e-02
epoch 59/60: loss=3.104640e-03, drift=6.551273e-02
epoch 60/60: loss=2.709975e-03, drift=6.105927e-02
{
  "checkpoint": "/home/entropy/GitHub/conditional_drifting_models/weights/channel_implants/optfib/optfib2_drifting_residual_joint_euclidean_cond0p25_targ1_cbwauto_tbwauto_k32_radauto_mix0p5_raw_ac0_at0_ak16_emb0_seed7.pt",
  "summary": "/home/entropy/GitHub/conditional_drifting_models/weights/channel_implants/optfib/optfib2_drifting_residual_joint_euclidean_cond0p25_targ1_cbwauto_tbwauto_k32_radauto_mix0p5_raw_ac0_at0_ak16_emb0_seed7.json"
}
