diff epoch 1/30: loss=5.032543e-01, lr=1.000e-03
diff epoch 2/30: loss=4.707620e-01, lr=1.000e-03
diff epoch 3/30: loss=3.970795e-01, lr=1.000e-03
diff epoch 4/30: loss=3.544308e-01, lr=1.000e-03
diff epoch 5/30: loss=3.342708e-01, lr=1.000e-03
diff epoch 6/30: loss=3.280910e-01, lr=1.000e-03
diff epoch 7/30: loss=3.224996e-01, lr=1.000e-03
diff epoch 8/30: loss=3.196912e-01, lr=1.000e-03
diff epoch 9/30: loss=3.165652e-01, lr=1.000e-03
diff epoch 10/30: loss=3.155344e-01, lr=1.000e-03
diff epoch 11/30: loss=3.134624e-01, lr=1.000e-03
diff epoch 12/30: loss=3.107638e-01, lr=1.000e-03
diff epoch 13/30: loss=3.085073e-01, lr=1.000e-03
diff epoch 14/30: loss=3.059195e-01, lr=1.000e-03
diff epoch 15/30: loss=3.063922e-01, lr=1.000e-03
diff epoch 16/30: loss=3.066546e-01, lr=1.000e-03
diff epoch 17/30: loss=3.060987e-01, lr=1.000e-03
diff epoch 18/30: loss=3.058678e-01, lr=1.000e-03
diff epoch 19/30: loss=3.053242e-01, lr=1.000e-03
diff epoch 20/30: loss=3.052542e-01, lr=1.000e-03
diff epoch 21/30: loss=3.045491e-01, lr=1.000e-03
diff epoch 22/30: loss=3.049139e-01, lr=1.000e-03
diff epoch 23/30: loss=3.042211e-01, lr=1.000e-03
diff epoch 24/30: loss=3.052018e-01, lr=1.000e-03
diff epoch 25/30: loss=3.045497e-01, lr=1.000e-03
diff epoch 26/30: loss=3.042662e-01, lr=1.000e-03
diff epoch 27/30: loss=3.048817e-01, lr=1.000e-03
diff epoch 28/30: loss=3.048731e-01, lr=1.000e-03
diff epoch 29/30: loss=3.050286e-01, lr=1.000e-03
diff epoch 30/30: loss=3.039934e-01, lr=1.000e-03
{
  "checkpoint": "/home/entropy/GitHub/conditional_drifting_models/weights/channel_implants/optfib/optfib2_diffusion_direct_seed7.pt",
  "summary": "/home/entropy/GitHub/conditional_drifting_models/weights/channel_implants/optfib/optfib2_diffusion_direct_seed7.json"
}
