[seed-runner] start 2026-03-19T12:24:24Z
[seed-runner] cwd: /home/h3/rifr807e/repos/conditional_drifting_models
[seed-runner] command: /software/genoa/r24.04/Python/3.11.3-GCCcore-12.3.0/bin/python -u scripts/run_partial_direct_metric_benchmark.py --device cuda --seed 11 --channels AWGN,Rayleigh,SSPA,OptFib --methods drifting_residual,wgan,optfib_diffusion --paper-eval-size 1000000 --optfib-eval-size 100000 --optfib-dataset-size 120000 --optfib-epochs 60 --optfib-batch-size 512 --optfib-num-steps 100 --out-dir /home/rifr807e/repos/conditional_drifting_models/results_hpc/partial_direct_metric_20260319_120917/partial_direct_metric_seed11

epoch 1/30: loss=1.788078e-04, drift=3.393344e-02
epoch 2/30: loss=1.516659e-04, drift=3.147892e-02
epoch 3/30: loss=1.420187e-04, drift=3.042911e-02
epoch 4/30: loss=1.417291e-04, drift=3.042999e-02
epoch 5/30: loss=1.376710e-04, drift=2.997503e-02
epoch 6/30: loss=1.341449e-04, drift=2.960783e-02
epoch 7/30: loss=1.355739e-04, drift=2.972220e-02
epoch 8/30: loss=1.329344e-04, drift=2.940176e-02
epoch 9/30: loss=1.308898e-04, drift=2.923180e-02
epoch 10/30: loss=1.338719e-04, drift=2.952879e-02
epoch 11/30: loss=1.324836e-04, drift=2.939455e-02
epoch 12/30: loss=1.289203e-04, drift=2.901559e-02
epoch 13/30: loss=1.309370e-04, drift=2.918813e-02
epoch 14/30: loss=1.272977e-04, drift=2.881313e-02
epoch 15/30: loss=1.312044e-04, drift=2.920966e-02
epoch 16/30: loss=1.325166e-04, drift=2.944270e-02
epoch 17/30: loss=1.317588e-04, drift=2.927511e-02
epoch 18/30: loss=1.272933e-04, drift=2.886118e-02
epoch 19/30: loss=1.253269e-04, drift=2.865915e-02
epoch 20/30: loss=1.289871e-04, drift=2.898852e-02
epoch 21/30: loss=1.255933e-04, drift=2.857118e-02
epoch 22/30: loss=1.288045e-04, drift=2.893701e-02
epoch 23/30: loss=1.290809e-04, drift=2.903408e-02
epoch 24/30: loss=1.262843e-04, drift=2.867238e-02
epoch 25/30: loss=1.286397e-04, drift=2.896661e-02
epoch 26/30: loss=1.263146e-04, drift=2.867919e-02
epoch 27/30: loss=1.291700e-04, drift=2.903801e-02
epoch 28/30: loss=1.263823e-04, drift=2.870372e-02
epoch 29/30: loss=1.235142e-04, drift=2.839325e-02
epoch 30/30: loss=1.296576e-04, drift=2.907704e-02
epoch 1/30: loss=1.615729e-04, drift=3.227032e-02
epoch 2/30: loss=1.338914e-04, drift=2.952862e-02
epoch 3/30: loss=1.278977e-04, drift=2.884319e-02
epoch 4/30: loss=1.167498e-04, drift=2.759252e-02
epoch 5/30: loss=1.105220e-04, drift=2.684983e-02
epoch 6/30: loss=1.084862e-04, drift=2.659455e-02
epoch 7/30: loss=1.031374e-04, drift=2.591891e-02
epoch 8/30: loss=1.031451e-04, drift=2.590157e-02
epoch 9/30: loss=1.021450e-04, drift=2.579332e-02
epoch 10/30: loss=9.844541e-05, drift=2.537633e-02
epoch 11/30: loss=9.733710e-05, drift=2.519742e-02
epoch 12/30: loss=9.788852e-05, drift=2.526803e-02
epoch 13/30: loss=9.729459e-05, drift=2.514638e-02
epoch 14/30: loss=9.408705e-05, drift=2.477723e-02
epoch 15/30: loss=9.570894e-05, drift=2.500533e-02
epoch 16/30: loss=9.606835e-05, drift=2.502882e-02
epoch 17/30: loss=9.623424e-05, drift=2.503873e-02
epoch 18/30: loss=9.675823e-05, drift=2.510763e-02
epoch 19/30: loss=9.598813e-05, drift=2.504222e-02
epoch 20/30: loss=9.686799e-05, drift=2.508381e-02
epoch 21/30: loss=9.687317e-05, drift=2.513595e-02
epoch 22/30: loss=9.227493e-05, drift=2.452406e-02
epoch 23/30: loss=9.249013e-05, drift=2.451712e-02
epoch 24/30: loss=9.355054e-05, drift=2.470956e-02
epoch 25/30: loss=9.284001e-05, drift=2.462738e-02
epoch 26/30: loss=9.536088e-05, drift=2.491942e-02
epoch 27/30: loss=9.290379e-05, drift=2.460082e-02
epoch 28/30: loss=9.259366e-05, drift=2.457050e-02
epoch 29/30: loss=9.161611e-05, drift=2.443257e-02
epoch 30/30: loss=9.256930e-05, drift=2.456714e-02
epoch 1/160: loss=1.974593e-04, drift=3.843093e-02
epoch 2/160: loss=1.686402e-04, drift=3.558146e-02
epoch 3/160: loss=1.629692e-04, drift=3.498108e-02
epoch 4/160: loss=1.599370e-04, drift=3.467100e-02
epoch 5/160: loss=1.540346e-04, drift=3.407744e-02
epoch 6/160: loss=1.492174e-04, drift=3.348243e-02
epoch 7/160: loss=1.471966e-04, drift=3.326301e-02
epoch 8/160: loss=1.489720e-04, drift=3.341520e-02
epoch 9/160: loss=1.444263e-04, drift=3.291323e-02
epoch 10/160: loss=1.476416e-04, drift=3.325830e-02
epoch 11/160: loss=1.464111e-04, drift=3.316068e-02
epoch 12/160: loss=1.445513e-04, drift=3.294828e-02
epoch 13/160: loss=1.401420e-04, drift=3.249751e-02
epoch 14/160: loss=1.424883e-04, drift=3.273198e-02
epoch 15/160: loss=1.432184e-04, drift=3.281840e-02
epoch 16/160: loss=1.451543e-04, drift=3.304251e-02
epoch 17/160: loss=1.445598e-04, drift=3.298684e-02
epoch 18/160: loss=1.464062e-04, drift=3.312544e-02
epoch 19/160: loss=1.413073e-04, drift=3.260791e-02
epoch 20/160: loss=1.439808e-04, drift=3.285686e-02
epoch 21/160: loss=1.462776e-04, drift=3.316228e-02
epoch 22/160: loss=1.424396e-04, drift=3.273104e-02
epoch 23/160: loss=1.380641e-04, drift=3.222346e-02
epoch 24/160: loss=1.395614e-04, drift=3.239363e-02
epoch 25/160: loss=1.379254e-04, drift=3.221557e-02
epoch 26/160: loss=1.394595e-04, drift=3.236127e-02
epoch 27/160: loss=1.386582e-04, drift=3.228587e-02
epoch 28/160: loss=1.383087e-04, drift=3.217830e-02
epoch 29/160: loss=1.384246e-04, drift=3.228034e-02
epoch 30/160: loss=1.373162e-04, drift=3.213116e-02
epoch 31/160: loss=1.371538e-04, drift=3.208945e-02
epoch 32/160: loss=1.355147e-04, drift=3.188608e-02
epoch 33/160: loss=1.348807e-04, drift=3.185538e-02
epoch 34/160: loss=1.363013e-04, drift=3.198854e-02
epoch 35/160: loss=1.363096e-04, drift=3.200736e-02
epoch 36/160: loss=1.379837e-04, drift=3.221576e-02
epoch 37/160: loss=1.363593e-04, drift=3.197723e-02
epoch 38/160: loss=1.337450e-04, drift=3.171830e-02
epoch 39/160: loss=1.315403e-04, drift=3.144444e-02
epoch 40/160: loss=1.356117e-04, drift=3.194881e-02
epoch 41/160: loss=1.326782e-04, drift=3.154407e-02
epoch 42/160: loss=1.353429e-04, drift=3.185979e-02
epoch 43/160: loss=1.343988e-04, drift=3.179067e-02
epoch 44/160: loss=1.356771e-04, drift=3.194263e-02
epoch 45/160: loss=1.355430e-04, drift=3.188462e-02
epoch 46/160: loss=1.347617e-04, drift=3.182617e-02
epoch 47/160: loss=1.335255e-04, drift=3.168073e-02
epoch 48/160: loss=1.329845e-04, drift=3.160348e-02
epoch 49/160: loss=1.319601e-04, drift=3.151222e-02
epoch 50/160: loss=1.338397e-04, drift=3.174421e-02
epoch 51/160: loss=1.322731e-04, drift=3.153794e-02
epoch 52/160: loss=1.324425e-04, drift=3.152285e-02
epoch 53/160: loss=1.296063e-04, drift=3.121821e-02
epoch 54/160: loss=1.329047e-04, drift=3.158205e-02
epoch 55/160: loss=1.299548e-04, drift=3.123868e-02
epoch 56/160: loss=1.307617e-04, drift=3.133849e-02
epoch 57/160: loss=1.308548e-04, drift=3.137592e-02
epoch 58/160: loss=1.296170e-04, drift=3.119483e-02
epoch 59/160: loss=1.334188e-04, drift=3.170423e-02
epoch 60/160: loss=1.294156e-04, drift=3.116544e-02
epoch 61/160: loss=1.320706e-04, drift=3.148460e-02
epoch 62/160: loss=1.298843e-04, drift=3.125710e-02
epoch 63/160: loss=1.309569e-04, drift=3.142636e-02
epoch 64/160: loss=1.291141e-04, drift=3.111985e-02
epoch 65/160: loss=1.294564e-04, drift=3.121618e-02
epoch 66/160: loss=1.323325e-04, drift=3.149202e-02
epoch 67/160: loss=1.294599e-04, drift=3.117468e-02
epoch 68/160: loss=1.277024e-04, drift=3.096402e-02
epoch 69/160: loss=1.293496e-04, drift=3.115985e-02
epoch 70/160: loss=1.314470e-04, drift=3.140749e-02
epoch 71/160: loss=1.285389e-04, drift=3.109469e-02
epoch 72/160: loss=1.297367e-04, drift=3.122906e-02
epoch 73/160: loss=1.308830e-04, drift=3.136253e-02
epoch 74/160: loss=1.258698e-04, drift=3.078306e-02
epoch 75/160: loss=1.290026e-04, drift=3.113938e-02
epoch 76/160: loss=1.269799e-04, drift=3.092405e-02
epoch 77/160: loss=1.276257e-04, drift=3.090103e-02
epoch 78/160: loss=1.286731e-04, drift=3.107256e-02
epoch 79/160: loss=1.270118e-04, drift=3.090051e-02
epoch 80/160: loss=1.269649e-04, drift=3.084656e-02
epoch 81/160: loss=1.271330e-04, drift=3.096425e-02
epoch 82/160: loss=1.281267e-04, drift=3.102100e-02
epoch 83/160: loss=1.258510e-04, drift=3.077261e-02
epoch 84/160: loss=1.276814e-04, drift=3.100430e-02
epoch 85/160: loss=1.260737e-04, drift=3.078174e-02
epoch 86/160: loss=1.263072e-04, drift=3.080260e-02
epoch 87/160: loss=1.270676e-04, drift=3.093312e-02
epoch 88/160: loss=1.276140e-04, drift=3.098698e-02
epoch 89/160: loss=1.297312e-04, drift=3.120139e-02
epoch 90/160: loss=1.263475e-04, drift=3.080680e-02
epoch 91/160: loss=1.262195e-04, drift=3.079315e-02
epoch 92/160: loss=1.266149e-04, drift=3.086668e-02
epoch 93/160: loss=1.245724e-04, drift=3.063665e-02
epoch 94/160: loss=1.303723e-04, drift=3.128221e-02
epoch 95/160: loss=1.252768e-04, drift=3.064267e-02
epoch 96/160: loss=1.267945e-04, drift=3.086016e-02
epoch 97/160: loss=1.279110e-04, drift=3.103485e-02
epoch 98/160: loss=1.248962e-04, drift=3.061187e-02
epoch 99/160: loss=1.262869e-04, drift=3.080904e-02
epoch 100/160: loss=1.285770e-04, drift=3.110493e-02
epoch 101/160: loss=1.274245e-04, drift=3.094577e-02
epoch 102/160: loss=1.249709e-04, drift=3.067777e-02
epoch 103/160: loss=1.246460e-04, drift=3.062242e-02
epoch 104/160: loss=1.268032e-04, drift=3.086931e-02
epoch 105/160: loss=1.242851e-04, drift=3.054973e-02
epoch 106/160: loss=1.259936e-04, drift=3.077157e-02
epoch 107/160: loss=1.259820e-04, drift=3.076616e-02
epoch 108/160: loss=1.263416e-04, drift=3.081008e-02
epoch 109/160: loss=1.219743e-04, drift=3.029756e-02
epoch 110/160: loss=1.223923e-04, drift=3.035611e-02
epoch 111/160: loss=1.264846e-04, drift=3.086364e-02
epoch 112/160: loss=1.265239e-04, drift=3.084290e-02
epoch 113/160: loss=1.254283e-04, drift=3.071054e-02
epoch 114/160: loss=1.241956e-04, drift=3.055432e-02
epoch 115/160: loss=1.272736e-04, drift=3.093639e-02
epoch 116/160: loss=1.248514e-04, drift=3.068126e-02
epoch 117/160: loss=1.238524e-04, drift=3.052650e-02
epoch 118/160: loss=1.243032e-04, drift=3.060047e-02
epoch 119/160: loss=1.240080e-04, drift=3.049768e-02
epoch 120/160: loss=1.278795e-04, drift=3.100530e-02
epoch 121/160: loss=1.264743e-04, drift=3.082759e-02
epoch 122/160: loss=1.257445e-04, drift=3.075107e-02
epoch 123/160: loss=1.234288e-04, drift=3.048733e-02
epoch 124/160: loss=1.279902e-04, drift=3.101166e-02
epoch 125/160: loss=1.251927e-04, drift=3.064557e-02
epoch 126/160: loss=1.241368e-04, drift=3.056105e-02
epoch 127/160: loss=1.293983e-04, drift=3.118052e-02
epoch 128/160: loss=1.226291e-04, drift=3.033975e-02
epoch 129/160: loss=1.255561e-04, drift=3.076674e-02
epoch 130/160: loss=1.254322e-04, drift=3.069442e-02
epoch 131/160: loss=1.243624e-04, drift=3.056158e-02
epoch 132/160: loss=1.246305e-04, drift=3.057675e-02
epoch 133/160: loss=1.244670e-04, drift=3.057790e-02
epoch 134/160: loss=1.238020e-04, drift=3.054451e-02
epoch 135/160: loss=1.230901e-04, drift=3.042898e-02
epoch 136/160: loss=1.235065e-04, drift=3.043833e-02
epoch 137/160: loss=1.246859e-04, drift=3.063096e-02
epoch 138/160: loss=1.232715e-04, drift=3.041891e-02
epoch 139/160: loss=1.253157e-04, drift=3.071625e-02
epoch 140/160: loss=1.254043e-04, drift=3.067768e-02
epoch 141/160: loss=1.235933e-04, drift=3.040006e-02
epoch 142/160: loss=1.243323e-04, drift=3.057973e-02
epoch 143/160: loss=1.243202e-04, drift=3.053987e-02
epoch 144/160: loss=1.232585e-04, drift=3.041784e-02
epoch 145/160: loss=1.235006e-04, drift=3.043186e-02
epoch 146/160: loss=1.225100e-04, drift=3.032989e-02
epoch 147/160: loss=1.230982e-04, drift=3.038849e-02
epoch 148/160: loss=1.238980e-04, drift=3.050078e-02
epoch 149/160: loss=1.240452e-04, drift=3.055376e-02
epoch 150/160: loss=1.241804e-04, drift=3.054922e-02
epoch 151/160: loss=1.228817e-04, drift=3.039670e-02
epoch 152/160: loss=1.222587e-04, drift=3.026362e-02
epoch 153/160: loss=1.237618e-04, drift=3.048718e-02
epoch 154/160: loss=1.230038e-04, drift=3.039870e-02
epoch 155/160: loss=1.239195e-04, drift=3.051500e-02
epoch 156/160: loss=1.243854e-04, drift=3.056083e-02
epoch 157/160: loss=1.210501e-04, drift=3.017833e-02
epoch 158/160: loss=1.218019e-04, drift=3.027806e-02
epoch 159/160: loss=1.247396e-04, drift=3.060086e-02
epoch 160/160: loss=1.214710e-04, drift=3.020908e-02
epoch 1/60: loss=6.471337e-03, drift=9.820343e-02
epoch 2/60: loss=5.830198e-03, drift=9.285475e-02
epoch 3/60: loss=5.368781e-03, drift=8.615668e-02
epoch 4/60: loss=5.651016e-03, drift=8.596319e-02
epoch 5/60: loss=4.777660e-03, drift=7.609726e-02
epoch 6/60: loss=4.855096e-03, drift=7.806043e-02
epoch 7/60: loss=4.471058e-03, drift=7.462849e-02
epoch 8/60: loss=4.177309e-03, drift=7.238491e-02
epoch 9/60: loss=3.991364e-03, drift=6.936151e-02
epoch 10/60: loss=4.141526e-03, drift=7.070715e-02
epoch 11/60: loss=3.877905e-03, drift=6.890539e-02
epoch 12/60: loss=3.786448e-03, drift=6.741426e-02
epoch 13/60: loss=3.575366e-03, drift=6.498865e-02
epoch 14/60: loss=3.504445e-03, drift=6.415538e-02
epoch 15/60: loss=3.904663e-03, drift=6.881058e-02
epoch 16/60: loss=3.319707e-03, drift=6.398827e-02
epoch 17/60: loss=3.394205e-03, drift=6.299470e-02
epoch 18/60: loss=3.473194e-03, drift=6.402696e-02
epoch 19/60: loss=3.383005e-03, drift=6.249947e-02
epoch 20/60: loss=3.418638e-03, drift=6.424923e-02
epoch 21/60: loss=3.505608e-03, drift=6.541484e-02
epoch 22/60: loss=3.268234e-03, drift=6.195161e-02
epoch 23/60: loss=3.444675e-03, drift=6.519843e-02
epoch 24/60: loss=3.304090e-03, drift=6.434230e-02
epoch 25/60: loss=3.300978e-03, drift=6.399606e-02
epoch 26/60: loss=3.336235e-03, drift=6.364676e-02
epoch 27/60: loss=3.507952e-03, drift=6.532726e-02
epoch 28/60: loss=3.263298e-03, drift=6.327060e-02
epoch 29/60: loss=3.259026e-03, drift=6.293817e-02
epoch 30/60: loss=3.113062e-03, drift=6.196900e-02
epoch 31/60: loss=3.166438e-03, drift=6.285911e-02
epoch 32/60: loss=3.045217e-03, drift=6.192707e-02
epoch 33/60: loss=2.972144e-03, drift=6.082011e-02
epoch 34/60: loss=3.500704e-03, drift=6.717615e-02
epoch 35/60: loss=3.160284e-03, drift=6.178304e-02
epoch 36/60: loss=3.397534e-03, drift=6.541372e-02
epoch 37/60: loss=3.453291e-03, drift=6.494273e-02
epoch 38/60: loss=3.427073e-03, drift=6.528616e-02
epoch 39/60: loss=3.255268e-03, drift=6.262778e-02
epoch 40/60: loss=3.466940e-03, drift=6.393295e-02
epoch 41/60: loss=3.199064e-03, drift=6.372353e-02
epoch 42/60: loss=3.125687e-03, drift=6.101897e-02
epoch 43/60: loss=3.313671e-03, drift=6.444949e-02
epoch 44/60: loss=3.145628e-03, drift=6.289788e-02
epoch 45/60: loss=3.149088e-03, drift=6.266968e-02
epoch 46/60: loss=3.108953e-03, drift=6.236143e-02
epoch 47/60: loss=3.162477e-03, drift=6.323785e-02
epoch 48/60: loss=3.269536e-03, drift=6.346302e-02
epoch 49/60: loss=3.271650e-03, drift=6.293569e-02
epoch 50/60: loss=3.198508e-03, drift=6.303891e-02
epoch 51/60: loss=3.329546e-03, drift=6.424963e-02
epoch 52/60: loss=3.332462e-03, drift=6.410093e-02
epoch 53/60: loss=3.593596e-03, drift=6.652919e-02
epoch 54/60: loss=3.204239e-03, drift=6.309694e-02
epoch 55/60: loss=3.246595e-03, drift=6.323984e-02
epoch 56/60: loss=3.117482e-03, drift=6.132816e-02
epoch 57/60: loss=3.417823e-03, drift=6.452915e-02
epoch 58/60: loss=3.342377e-03, drift=6.302046e-02
epoch 59/60: loss=3.325553e-03, drift=6.299090e-02
epoch 60/60: loss=3.265959e-03, drift=6.346773e-02
diff epoch 1/60: loss=6.561258e-01, lr=1.000e-03
diff epoch 2/60: loss=5.166415e-01, lr=1.000e-03
diff epoch 3/60: loss=5.030816e-01, lr=1.000e-03
diff epoch 4/60: loss=4.990182e-01, lr=1.000e-03
diff epoch 5/60: loss=4.922598e-01, lr=1.000e-03
diff epoch 6/60: loss=4.916688e-01, lr=1.000e-03
diff epoch 7/60: loss=4.912984e-01, lr=1.000e-03
diff epoch 8/60: loss=4.882413e-01, lr=1.000e-03
diff epoch 9/60: loss=4.858944e-01, lr=1.000e-03
diff epoch 10/60: loss=4.799267e-01, lr=1.000e-03
diff epoch 11/60: loss=4.737321e-01, lr=1.000e-03
diff epoch 12/60: loss=4.624279e-01, lr=1.000e-03
diff epoch 13/60: loss=4.536997e-01, lr=1.000e-03
diff epoch 14/60: loss=4.445122e-01, lr=1.000e-03
diff epoch 15/60: loss=4.345335e-01, lr=1.000e-03
diff epoch 16/60: loss=4.301821e-01, lr=1.000e-03
diff epoch 17/60: loss=4.250000e-01, lr=1.000e-03
diff epoch 18/60: loss=4.196881e-01, lr=1.000e-03
diff epoch 19/60: loss=4.095993e-01, lr=1.000e-03
diff epoch 20/60: loss=4.058866e-01, lr=1.000e-03
diff epoch 21/60: loss=3.998261e-01, lr=1.000e-03
diff epoch 22/60: loss=3.843308e-01, lr=1.000e-03
diff epoch 23/60: loss=3.755357e-01, lr=1.000e-03
diff epoch 24/60: loss=3.719822e-01, lr=1.000e-03
diff epoch 25/60: loss=3.689067e-01, lr=1.000e-03
diff epoch 26/60: loss=3.675268e-01, lr=1.000e-03
diff epoch 27/60: loss=3.616910e-01, lr=1.000e-03
diff epoch 28/60: loss=3.596762e-01, lr=1.000e-03
diff epoch 29/60: loss=3.578185e-01, lr=1.000e-03
diff epoch 30/60: loss=3.571247e-01, lr=1.000e-03
diff epoch 31/60: loss=3.559783e-01, lr=1.000e-03
diff epoch 32/60: loss=3.511236e-01, lr=1.000e-03
diff epoch 33/60: loss=3.525073e-01, lr=1.000e-03
diff epoch 34/60: loss=3.492858e-01, lr=1.000e-03
diff epoch 35/60: loss=3.458469e-01, lr=1.000e-03
diff epoch 36/60: loss=3.439417e-01, lr=1.000e-03
diff epoch 37/60: loss=3.420747e-01, lr=1.000e-03
diff epoch 38/60: loss=3.431874e-01, lr=1.000e-03
diff epoch 39/60: loss=3.428634e-01, lr=1.000e-03
diff epoch 40/60: loss=3.382836e-01, lr=1.000e-03
diff epoch 41/60: loss=3.368637e-01, lr=1.000e-03
diff epoch 42/60: loss=3.382138e-01, lr=1.000e-03
diff epoch 43/60: loss=3.385920e-01, lr=1.000e-03
diff epoch 44/60: loss=3.369584e-01, lr=1.000e-03
diff epoch 45/60: loss=3.334028e-01, lr=1.000e-03
diff epoch 46/60: loss=3.342998e-01, lr=1.000e-03
diff epoch 47/60: loss=3.353082e-01, lr=1.000e-03
diff epoch 48/60: loss=3.353517e-01, lr=1.000e-03
diff epoch 49/60: loss=3.339013e-01, lr=1.000e-03
diff epoch 50/60: loss=3.347988e-01, lr=1.000e-03
diff epoch 51/60: loss=3.322549e-01, lr=1.000e-03
diff epoch 52/60: loss=3.321088e-01, lr=1.000e-03
diff epoch 53/60: loss=3.299457e-01, lr=1.000e-03
diff epoch 54/60: loss=3.307474e-01, lr=1.000e-03
diff epoch 55/60: loss=3.300966e-01, lr=1.000e-03
diff epoch 56/60: loss=3.297484e-01, lr=1.000e-03
diff epoch 57/60: loss=3.284810e-01, lr=1.000e-03
diff epoch 58/60: loss=3.322110e-01, lr=1.000e-03
diff epoch 59/60: loss=3.279887e-01, lr=1.000e-03
diff epoch 60/60: loss=3.278085e-01, lr=1.000e-03
{
  "output_json": "/home/rifr807e/repos/conditional_drifting_models/results_hpc/partial_direct_metric_20260319_120917/partial_direct_metric_seed11/partial_direct_metric_summary_seed11.json",
  "output_dir": "/home/rifr807e/repos/conditional_drifting_models/results_hpc/partial_direct_metric_20260319_120917/partial_direct_metric_seed11",
  "channels": [
    "AWGN",
    "Rayleigh",
    "SSPA",
    "OptFib"
  ],
  "methods": [
    "drifting_residual",
    "optfib_diffusion",
    "wgan"
  ]
}

[seed-runner] exit_code: 0
[seed-runner] elapsed_seconds: 11532.886
