[seed-runner] start 2026-03-19T12:25:04Z
[seed-runner] cwd: /home/h3/rifr807e/repos/conditional_drifting_models
[seed-runner] command: /software/genoa/r24.04/Python/3.11.3-GCCcore-12.3.0/bin/python -u scripts/run_partial_direct_metric_benchmark.py --device cuda --seed 14 --channels AWGN,Rayleigh,SSPA,OptFib --methods drifting_residual,wgan,optfib_diffusion --paper-eval-size 1000000 --optfib-eval-size 100000 --optfib-dataset-size 120000 --optfib-epochs 60 --optfib-batch-size 512 --optfib-num-steps 100 --out-dir /home/rifr807e/repos/conditional_drifting_models/results_hpc/partial_direct_metric_20260319_120917/partial_direct_metric_seed14

epoch 1/30: loss=1.787001e-04, drift=3.387652e-02
epoch 2/30: loss=1.509206e-04, drift=3.134989e-02
epoch 3/30: loss=1.445276e-04, drift=3.075744e-02
epoch 4/30: loss=1.400108e-04, drift=3.019218e-02
epoch 5/30: loss=1.400012e-04, drift=3.018905e-02
epoch 6/30: loss=1.374461e-04, drift=2.998100e-02
epoch 7/30: loss=1.363309e-04, drift=2.980080e-02
epoch 8/30: loss=1.349128e-04, drift=2.964199e-02
epoch 9/30: loss=1.347141e-04, drift=2.967215e-02
epoch 10/30: loss=1.352855e-04, drift=2.973477e-02
epoch 11/30: loss=1.348382e-04, drift=2.962249e-02
epoch 12/30: loss=1.335100e-04, drift=2.952995e-02
epoch 13/30: loss=1.324773e-04, drift=2.936387e-02
epoch 14/30: loss=1.315560e-04, drift=2.932354e-02
epoch 15/30: loss=1.284410e-04, drift=2.892309e-02
epoch 16/30: loss=1.303718e-04, drift=2.911475e-02
epoch 17/30: loss=1.315035e-04, drift=2.928677e-02
epoch 18/30: loss=1.313262e-04, drift=2.924364e-02
epoch 19/30: loss=1.284336e-04, drift=2.891633e-02
epoch 20/30: loss=1.283126e-04, drift=2.890022e-02
epoch 21/30: loss=1.319568e-04, drift=2.933505e-02
epoch 22/30: loss=1.250686e-04, drift=2.855599e-02
epoch 23/30: loss=1.299748e-04, drift=2.912692e-02
epoch 24/30: loss=1.281832e-04, drift=2.894089e-02
epoch 25/30: loss=1.285228e-04, drift=2.890933e-02
epoch 26/30: loss=1.278813e-04, drift=2.886262e-02
epoch 27/30: loss=1.300028e-04, drift=2.906299e-02
epoch 28/30: loss=1.243480e-04, drift=2.849451e-02
epoch 29/30: loss=1.223126e-04, drift=2.828149e-02
epoch 30/30: loss=1.291002e-04, drift=2.901136e-02
epoch 1/30: loss=1.635827e-04, drift=3.243093e-02
epoch 2/30: loss=1.341381e-04, drift=2.954627e-02
epoch 3/30: loss=1.240362e-04, drift=2.845417e-02
epoch 4/30: loss=1.165367e-04, drift=2.753289e-02
epoch 5/30: loss=1.152106e-04, drift=2.739110e-02
epoch 6/30: loss=1.063836e-04, drift=2.630182e-02
epoch 7/30: loss=1.045648e-04, drift=2.611717e-02
epoch 8/30: loss=1.028514e-04, drift=2.585260e-02
epoch 9/30: loss=1.007005e-04, drift=2.558005e-02
epoch 10/30: loss=1.030668e-04, drift=2.589439e-02
epoch 11/30: loss=9.951384e-05, drift=2.543967e-02
epoch 12/30: loss=9.786684e-05, drift=2.527405e-02
epoch 13/30: loss=9.756460e-05, drift=2.521129e-02
epoch 14/30: loss=9.906802e-05, drift=2.536173e-02
epoch 15/30: loss=9.875611e-05, drift=2.541037e-02
epoch 16/30: loss=9.843220e-05, drift=2.526859e-02
epoch 17/30: loss=9.511224e-05, drift=2.487691e-02
epoch 18/30: loss=9.621446e-05, drift=2.503989e-02
epoch 19/30: loss=9.397892e-05, drift=2.472878e-02
epoch 20/30: loss=9.591281e-05, drift=2.503228e-02
epoch 21/30: loss=9.559497e-05, drift=2.492168e-02
epoch 22/30: loss=9.411952e-05, drift=2.478862e-02
epoch 23/30: loss=9.568191e-05, drift=2.494838e-02
epoch 24/30: loss=9.473749e-05, drift=2.480802e-02
epoch 25/30: loss=9.516741e-05, drift=2.488926e-02
epoch 26/30: loss=9.425277e-05, drift=2.478778e-02
epoch 27/30: loss=9.410078e-05, drift=2.477632e-02
epoch 28/30: loss=9.277634e-05, drift=2.457097e-02
epoch 29/30: loss=9.239506e-05, drift=2.450723e-02
epoch 30/30: loss=9.184302e-05, drift=2.446482e-02
epoch 1/160: loss=1.916405e-04, drift=3.780557e-02
epoch 2/160: loss=1.658141e-04, drift=3.530060e-02
epoch 3/160: loss=1.607428e-04, drift=3.474577e-02
epoch 4/160: loss=1.571150e-04, drift=3.435757e-02
epoch 5/160: loss=1.523422e-04, drift=3.385675e-02
epoch 6/160: loss=1.469565e-04, drift=3.319038e-02
epoch 7/160: loss=1.488426e-04, drift=3.346367e-02
epoch 8/160: loss=1.489844e-04, drift=3.340023e-02
epoch 9/160: loss=1.445574e-04, drift=3.299244e-02
epoch 10/160: loss=1.445090e-04, drift=3.293446e-02
epoch 11/160: loss=1.465754e-04, drift=3.318554e-02
epoch 12/160: loss=1.464561e-04, drift=3.319898e-02
epoch 13/160: loss=1.459885e-04, drift=3.311023e-02
epoch 14/160: loss=1.448989e-04, drift=3.303080e-02
epoch 15/160: loss=1.419548e-04, drift=3.262615e-02
epoch 16/160: loss=1.426225e-04, drift=3.274738e-02
epoch 17/160: loss=1.423118e-04, drift=3.272396e-02
epoch 18/160: loss=1.420654e-04, drift=3.265448e-02
epoch 19/160: loss=1.447962e-04, drift=3.293002e-02
epoch 20/160: loss=1.427039e-04, drift=3.272631e-02
epoch 21/160: loss=1.426253e-04, drift=3.274216e-02
epoch 22/160: loss=1.431377e-04, drift=3.278264e-02
epoch 23/160: loss=1.435702e-04, drift=3.289072e-02
epoch 24/160: loss=1.378414e-04, drift=3.219609e-02
epoch 25/160: loss=1.402596e-04, drift=3.246479e-02
epoch 26/160: loss=1.393915e-04, drift=3.235987e-02
epoch 27/160: loss=1.385893e-04, drift=3.229963e-02
epoch 28/160: loss=1.373370e-04, drift=3.214806e-02
epoch 29/160: loss=1.400498e-04, drift=3.242705e-02
epoch 30/160: loss=1.383184e-04, drift=3.223594e-02
epoch 31/160: loss=1.368577e-04, drift=3.205447e-02
epoch 32/160: loss=1.370133e-04, drift=3.206672e-02
epoch 33/160: loss=1.355747e-04, drift=3.187087e-02
epoch 34/160: loss=1.380690e-04, drift=3.220598e-02
epoch 35/160: loss=1.372162e-04, drift=3.209263e-02
epoch 36/160: loss=1.350911e-04, drift=3.185484e-02
epoch 37/160: loss=1.365640e-04, drift=3.202196e-02
epoch 38/160: loss=1.350009e-04, drift=3.184984e-02
epoch 39/160: loss=1.358206e-04, drift=3.196208e-02
epoch 40/160: loss=1.354687e-04, drift=3.190877e-02
epoch 41/160: loss=1.341504e-04, drift=3.174584e-02
epoch 42/160: loss=1.328465e-04, drift=3.153181e-02
epoch 43/160: loss=1.318061e-04, drift=3.147164e-02
epoch 44/160: loss=1.329607e-04, drift=3.162650e-02
epoch 45/160: loss=1.333257e-04, drift=3.163893e-02
epoch 46/160: loss=1.340586e-04, drift=3.171592e-02
epoch 47/160: loss=1.303242e-04, drift=3.131569e-02
epoch 48/160: loss=1.342388e-04, drift=3.175329e-02
epoch 49/160: loss=1.318470e-04, drift=3.147963e-02
epoch 50/160: loss=1.315163e-04, drift=3.141254e-02
epoch 51/160: loss=1.321909e-04, drift=3.152450e-02
epoch 52/160: loss=1.324010e-04, drift=3.149202e-02
epoch 53/160: loss=1.320334e-04, drift=3.150827e-02
epoch 54/160: loss=1.310710e-04, drift=3.136445e-02
epoch 55/160: loss=1.312685e-04, drift=3.141490e-02
epoch 56/160: loss=1.314169e-04, drift=3.140721e-02
epoch 57/160: loss=1.302884e-04, drift=3.128019e-02
epoch 58/160: loss=1.297813e-04, drift=3.119954e-02
epoch 59/160: loss=1.316280e-04, drift=3.147921e-02
epoch 60/160: loss=1.291674e-04, drift=3.118520e-02
epoch 61/160: loss=1.302162e-04, drift=3.127005e-02
epoch 62/160: loss=1.269421e-04, drift=3.090817e-02
epoch 63/160: loss=1.303990e-04, drift=3.124819e-02
epoch 64/160: loss=1.296955e-04, drift=3.120575e-02
epoch 65/160: loss=1.274391e-04, drift=3.095777e-02
epoch 66/160: loss=1.305276e-04, drift=3.135159e-02
epoch 67/160: loss=1.281964e-04, drift=3.102750e-02
epoch 68/160: loss=1.280024e-04, drift=3.097652e-02
epoch 69/160: loss=1.295979e-04, drift=3.122531e-02
epoch 70/160: loss=1.273933e-04, drift=3.094463e-02
epoch 71/160: loss=1.272010e-04, drift=3.093461e-02
epoch 72/160: loss=1.275587e-04, drift=3.094063e-02
epoch 73/160: loss=1.287951e-04, drift=3.112517e-02
epoch 74/160: loss=1.292674e-04, drift=3.117422e-02
epoch 75/160: loss=1.275483e-04, drift=3.098132e-02
epoch 76/160: loss=1.268729e-04, drift=3.084047e-02
epoch 77/160: loss=1.292119e-04, drift=3.119789e-02
epoch 78/160: loss=1.297265e-04, drift=3.121022e-02
epoch 79/160: loss=1.277751e-04, drift=3.098356e-02
epoch 80/160: loss=1.263203e-04, drift=3.077246e-02
epoch 81/160: loss=1.268363e-04, drift=3.087206e-02
epoch 82/160: loss=1.268655e-04, drift=3.087012e-02
epoch 83/160: loss=1.268077e-04, drift=3.089751e-02
epoch 84/160: loss=1.253962e-04, drift=3.069711e-02
epoch 85/160: loss=1.284330e-04, drift=3.111976e-02
epoch 86/160: loss=1.285583e-04, drift=3.111096e-02
epoch 87/160: loss=1.271159e-04, drift=3.091614e-02
epoch 88/160: loss=1.266739e-04, drift=3.084421e-02
epoch 89/160: loss=1.261141e-04, drift=3.079774e-02
epoch 90/160: loss=1.264085e-04, drift=3.081970e-02
epoch 91/160: loss=1.271698e-04, drift=3.094610e-02
epoch 92/160: loss=1.262476e-04, drift=3.080545e-02
epoch 93/160: loss=1.261856e-04, drift=3.084473e-02
epoch 94/160: loss=1.273087e-04, drift=3.093757e-02
epoch 95/160: loss=1.223714e-04, drift=3.029444e-02
epoch 96/160: loss=1.267029e-04, drift=3.090377e-02
epoch 97/160: loss=1.250251e-04, drift=3.065017e-02
epoch 98/160: loss=1.236788e-04, drift=3.051773e-02
epoch 99/160: loss=1.266202e-04, drift=3.087037e-02
epoch 100/160: loss=1.255714e-04, drift=3.072063e-02
epoch 101/160: loss=1.256611e-04, drift=3.076504e-02
epoch 102/160: loss=1.247069e-04, drift=3.061292e-02
epoch 103/160: loss=1.261080e-04, drift=3.078022e-02
epoch 104/160: loss=1.249805e-04, drift=3.061282e-02
epoch 105/160: loss=1.251061e-04, drift=3.067283e-02
epoch 106/160: loss=1.237998e-04, drift=3.051960e-02
epoch 107/160: loss=1.261113e-04, drift=3.078835e-02
epoch 108/160: loss=1.275251e-04, drift=3.100875e-02
epoch 109/160: loss=1.246651e-04, drift=3.066938e-02
epoch 110/160: loss=1.240865e-04, drift=3.053182e-02
epoch 111/160: loss=1.231479e-04, drift=3.042280e-02
epoch 112/160: loss=1.238544e-04, drift=3.055015e-02
epoch 113/160: loss=1.238521e-04, drift=3.050588e-02
epoch 114/160: loss=1.276967e-04, drift=3.095916e-02
epoch 115/160: loss=1.232336e-04, drift=3.040920e-02
epoch 116/160: loss=1.262906e-04, drift=3.075788e-02
epoch 117/160: loss=1.236238e-04, drift=3.049734e-02
epoch 118/160: loss=1.260734e-04, drift=3.081214e-02
epoch 119/160: loss=1.245013e-04, drift=3.062356e-02
epoch 120/160: loss=1.250318e-04, drift=3.065254e-02
epoch 121/160: loss=1.247776e-04, drift=3.061204e-02
epoch 122/160: loss=1.261523e-04, drift=3.081614e-02
epoch 123/160: loss=1.223917e-04, drift=3.033034e-02
epoch 124/160: loss=1.246929e-04, drift=3.061474e-02
epoch 125/160: loss=1.238635e-04, drift=3.055354e-02
epoch 126/160: loss=1.228432e-04, drift=3.038178e-02
epoch 127/160: loss=1.234910e-04, drift=3.047268e-02
epoch 128/160: loss=1.217332e-04, drift=3.024068e-02
epoch 129/160: loss=1.234171e-04, drift=3.042565e-02
epoch 130/160: loss=1.239458e-04, drift=3.051599e-02
epoch 131/160: loss=1.214314e-04, drift=3.027520e-02
epoch 132/160: loss=1.237164e-04, drift=3.053389e-02
epoch 133/160: loss=1.233289e-04, drift=3.046069e-02
epoch 134/160: loss=1.231102e-04, drift=3.040711e-02
epoch 135/160: loss=1.250347e-04, drift=3.065528e-02
epoch 136/160: loss=1.230127e-04, drift=3.040473e-02
epoch 137/160: loss=1.242393e-04, drift=3.052227e-02
epoch 138/160: loss=1.227093e-04, drift=3.039230e-02
epoch 139/160: loss=1.230971e-04, drift=3.041516e-02
epoch 140/160: loss=1.226432e-04, drift=3.035472e-02
epoch 141/160: loss=1.234368e-04, drift=3.046836e-02
epoch 142/160: loss=1.223915e-04, drift=3.032120e-02
epoch 143/160: loss=1.217382e-04, drift=3.027380e-02
epoch 144/160: loss=1.234384e-04, drift=3.045405e-02
epoch 145/160: loss=1.234236e-04, drift=3.047787e-02
epoch 146/160: loss=1.235152e-04, drift=3.047165e-02
epoch 147/160: loss=1.222133e-04, drift=3.029360e-02
epoch 148/160: loss=1.230862e-04, drift=3.041821e-02
epoch 149/160: loss=1.228009e-04, drift=3.035849e-02
epoch 150/160: loss=1.219598e-04, drift=3.028104e-02
epoch 151/160: loss=1.252485e-04, drift=3.066193e-02
epoch 152/160: loss=1.204910e-04, drift=3.012335e-02
epoch 153/160: loss=1.241802e-04, drift=3.051477e-02
epoch 154/160: loss=1.207065e-04, drift=3.015321e-02
epoch 155/160: loss=1.206913e-04, drift=3.011261e-02
epoch 156/160: loss=1.203739e-04, drift=3.003501e-02
epoch 157/160: loss=1.215329e-04, drift=3.020487e-02
epoch 158/160: loss=1.232414e-04, drift=3.037897e-02
epoch 159/160: loss=1.212567e-04, drift=3.020402e-02
epoch 160/160: loss=1.226401e-04, drift=3.036413e-02
epoch 1/60: loss=6.749417e-03, drift=1.003979e-01
epoch 2/60: loss=5.464145e-03, drift=9.110643e-02
epoch 3/60: loss=6.442659e-03, drift=9.673141e-02
epoch 4/60: loss=6.249947e-03, drift=9.219062e-02
epoch 5/60: loss=5.866490e-03, drift=8.738019e-02
epoch 6/60: loss=5.812961e-03, drift=8.727657e-02
epoch 7/60: loss=5.058198e-03, drift=7.998158e-02
epoch 8/60: loss=5.400350e-03, drift=8.394034e-02
epoch 9/60: loss=5.277678e-03, drift=8.277188e-02
epoch 10/60: loss=4.333685e-03, drift=7.391439e-02
epoch 11/60: loss=4.325086e-03, drift=7.191687e-02
epoch 12/60: loss=3.970727e-03, drift=6.891745e-02
epoch 13/60: loss=4.023813e-03, drift=7.065847e-02
epoch 14/60: loss=3.658012e-03, drift=6.565768e-02
epoch 15/60: loss=3.572065e-03, drift=6.537095e-02
epoch 16/60: loss=3.638395e-03, drift=6.759657e-02
epoch 17/60: loss=3.585218e-03, drift=6.429886e-02
epoch 18/60: loss=3.408377e-03, drift=6.451067e-02
epoch 19/60: loss=3.495729e-03, drift=6.394723e-02
epoch 20/60: loss=3.478232e-03, drift=6.532072e-02
epoch 21/60: loss=3.250984e-03, drift=6.258564e-02
epoch 22/60: loss=3.518404e-03, drift=6.418164e-02
epoch 23/60: loss=3.458480e-03, drift=6.554958e-02
epoch 24/60: loss=3.444487e-03, drift=6.491717e-02
epoch 25/60: loss=3.341780e-03, drift=6.472782e-02
epoch 26/60: loss=3.206037e-03, drift=6.233216e-02
epoch 27/60: loss=3.124490e-03, drift=6.236645e-02
epoch 28/60: loss=3.169311e-03, drift=6.227545e-02
epoch 29/60: loss=3.287302e-03, drift=6.504502e-02
epoch 30/60: loss=3.259317e-03, drift=6.356042e-02
epoch 31/60: loss=3.436480e-03, drift=6.563989e-02
epoch 32/60: loss=3.264678e-03, drift=6.430237e-02
epoch 33/60: loss=3.180565e-03, drift=6.243411e-02
epoch 34/60: loss=3.315367e-03, drift=6.346607e-02
epoch 35/60: loss=3.174957e-03, drift=6.215148e-02
epoch 36/60: loss=3.357987e-03, drift=6.612942e-02
epoch 37/60: loss=3.305661e-03, drift=6.387112e-02
epoch 38/60: loss=3.064300e-03, drift=6.258764e-02
epoch 39/60: loss=3.266356e-03, drift=6.272249e-02
epoch 40/60: loss=3.184393e-03, drift=6.187258e-02
epoch 41/60: loss=3.214687e-03, drift=6.362228e-02
epoch 42/60: loss=3.211377e-03, drift=6.285605e-02
epoch 43/60: loss=3.317338e-03, drift=6.390696e-02
epoch 44/60: loss=3.170388e-03, drift=6.324704e-02
epoch 45/60: loss=3.435372e-03, drift=6.523605e-02
epoch 46/60: loss=3.227342e-03, drift=6.353624e-02
epoch 47/60: loss=2.957110e-03, drift=5.972683e-02
epoch 48/60: loss=3.331092e-03, drift=6.363024e-02
epoch 49/60: loss=3.206926e-03, drift=6.302017e-02
epoch 50/60: loss=3.206644e-03, drift=6.370829e-02
epoch 51/60: loss=3.169690e-03, drift=6.207566e-02
epoch 52/60: loss=3.234600e-03, drift=6.375399e-02
epoch 53/60: loss=3.280206e-03, drift=6.400740e-02
epoch 54/60: loss=3.325973e-03, drift=6.397326e-02
epoch 55/60: loss=3.336066e-03, drift=6.493936e-02
epoch 56/60: loss=3.133990e-03, drift=6.229899e-02
epoch 57/60: loss=3.145664e-03, drift=6.287896e-02
epoch 58/60: loss=3.220089e-03, drift=6.284281e-02
epoch 59/60: loss=3.063066e-03, drift=6.183577e-02
epoch 60/60: loss=3.201364e-03, drift=6.257381e-02
diff epoch 1/60: loss=6.709386e-01, lr=1.000e-03
diff epoch 2/60: loss=5.117736e-01, lr=1.000e-03
diff epoch 3/60: loss=5.009815e-01, lr=1.000e-03
diff epoch 4/60: loss=4.964042e-01, lr=1.000e-03
diff epoch 5/60: loss=4.930422e-01, lr=1.000e-03
diff epoch 6/60: loss=4.940739e-01, lr=1.000e-03
diff epoch 7/60: loss=4.926032e-01, lr=1.000e-03
diff epoch 8/60: loss=4.930593e-01, lr=1.000e-03
diff epoch 9/60: loss=4.856547e-01, lr=1.000e-03
diff epoch 10/60: loss=4.786722e-01, lr=1.000e-03
diff epoch 11/60: loss=4.703980e-01, lr=1.000e-03
diff epoch 12/60: loss=4.636267e-01, lr=1.000e-03
diff epoch 13/60: loss=4.479950e-01, lr=1.000e-03
diff epoch 14/60: loss=4.390365e-01, lr=1.000e-03
diff epoch 15/60: loss=4.322226e-01, lr=1.000e-03
diff epoch 16/60: loss=4.253705e-01, lr=1.000e-03
diff epoch 17/60: loss=4.223271e-01, lr=1.000e-03
diff epoch 18/60: loss=4.161767e-01, lr=1.000e-03
diff epoch 19/60: loss=4.116278e-01, lr=1.000e-03
diff epoch 20/60: loss=3.993384e-01, lr=1.000e-03
diff epoch 21/60: loss=3.906689e-01, lr=1.000e-03
diff epoch 22/60: loss=3.822894e-01, lr=1.000e-03
diff epoch 23/60: loss=3.755087e-01, lr=1.000e-03
diff epoch 24/60: loss=3.706338e-01, lr=1.000e-03
diff epoch 25/60: loss=3.635917e-01, lr=1.000e-03
diff epoch 26/60: loss=3.611968e-01, lr=1.000e-03
diff epoch 27/60: loss=3.607934e-01, lr=1.000e-03
diff epoch 28/60: loss=3.584663e-01, lr=1.000e-03
diff epoch 29/60: loss=3.564994e-01, lr=1.000e-03
diff epoch 30/60: loss=3.558808e-01, lr=1.000e-03
diff epoch 31/60: loss=3.524838e-01, lr=1.000e-03
diff epoch 32/60: loss=3.538042e-01, lr=1.000e-03
diff epoch 33/60: loss=3.481847e-01, lr=1.000e-03
diff epoch 34/60: loss=3.486220e-01, lr=1.000e-03
diff epoch 35/60: loss=3.457209e-01, lr=1.000e-03
diff epoch 36/60: loss=3.460721e-01, lr=1.000e-03
diff epoch 37/60: loss=3.436880e-01, lr=1.000e-03
diff epoch 38/60: loss=3.445908e-01, lr=1.000e-03
diff epoch 39/60: loss=3.432883e-01, lr=1.000e-03
diff epoch 40/60: loss=3.408106e-01, lr=1.000e-03
diff epoch 41/60: loss=3.393383e-01, lr=1.000e-03
diff epoch 42/60: loss=3.381594e-01, lr=1.000e-03
diff epoch 43/60: loss=3.367151e-01, lr=1.000e-03
diff epoch 44/60: loss=3.360596e-01, lr=1.000e-03
diff epoch 45/60: loss=3.385623e-01, lr=1.000e-03
diff epoch 46/60: loss=3.349396e-01, lr=1.000e-03
diff epoch 47/60: loss=3.372097e-01, lr=1.000e-03
diff epoch 48/60: loss=3.330463e-01, lr=1.000e-03
diff epoch 49/60: loss=3.361416e-01, lr=1.000e-03
diff epoch 50/60: loss=3.333218e-01, lr=1.000e-03
diff epoch 51/60: loss=3.310239e-01, lr=1.000e-03
diff epoch 52/60: loss=3.304823e-01, lr=1.000e-03
diff epoch 53/60: loss=3.320734e-01, lr=1.000e-03
diff epoch 54/60: loss=3.314120e-01, lr=1.000e-03
diff epoch 55/60: loss=3.297781e-01, lr=1.000e-03
diff epoch 56/60: loss=3.283935e-01, lr=1.000e-03
diff epoch 57/60: loss=3.328496e-01, lr=1.000e-03
diff epoch 58/60: loss=3.294762e-01, lr=1.000e-03
diff epoch 59/60: loss=3.285240e-01, lr=1.000e-03
diff epoch 60/60: loss=3.290827e-01, lr=1.000e-03
{
  "output_json": "/home/rifr807e/repos/conditional_drifting_models/results_hpc/partial_direct_metric_20260319_120917/partial_direct_metric_seed14/partial_direct_metric_summary_seed14.json",
  "output_dir": "/home/rifr807e/repos/conditional_drifting_models/results_hpc/partial_direct_metric_20260319_120917/partial_direct_metric_seed14",
  "channels": [
    "AWGN",
    "Rayleigh",
    "SSPA",
    "OptFib"
  ],
  "methods": [
    "drifting_residual",
    "optfib_diffusion",
    "wgan"
  ]
}

[seed-runner] exit_code: 0
[seed-runner] elapsed_seconds: 11495.809
