[seed-runner] start 2026-03-19T05:27:11Z
[seed-runner] label: paper
[seed-runner] cwd: /home/h3/rifr807e/repos/conditional_drifting_models
[seed-runner] command: /software/genoa/r24.04/Python/3.11.3-GCCcore-12.3.0/bin/python -u scripts/run_paper2309_benchmark.py --device cuda --seed 10 --channels AWGN,Rayleigh,SSPA --eval-size 1000000 --out-dir /home/rifr807e/repos/conditional_drifting_models/results_hpc/20260318_203626/paper2309_benchmark_seed10

epoch 1/30: loss=5.514906e-04, drift=5.934242e-02
epoch 2/30: loss=3.017276e-04, drift=4.383430e-02
epoch 3/30: loss=1.769397e-04, drift=3.371290e-02
epoch 4/30: loss=1.230955e-04, drift=2.835360e-02
epoch 5/30: loss=1.161120e-04, drift=2.749789e-02
epoch 6/30: loss=1.107339e-04, drift=2.679242e-02
epoch 7/30: loss=1.137160e-04, drift=2.720082e-02
epoch 8/30: loss=1.102355e-04, drift=2.679807e-02
epoch 9/30: loss=1.081505e-04, drift=2.654403e-02
epoch 10/30: loss=1.056326e-04, drift=2.620396e-02
epoch 11/30: loss=1.047881e-04, drift=2.611441e-02
epoch 12/30: loss=1.033342e-04, drift=2.594166e-02
epoch 13/30: loss=1.028211e-04, drift=2.584752e-02
epoch 14/30: loss=1.025236e-04, drift=2.589520e-02
epoch 15/30: loss=9.883587e-05, drift=2.534827e-02
epoch 16/30: loss=9.897915e-05, drift=2.541580e-02
epoch 17/30: loss=1.001641e-04, drift=2.557505e-02
epoch 18/30: loss=9.951893e-05, drift=2.544387e-02
epoch 19/30: loss=9.697486e-05, drift=2.517351e-02
epoch 20/30: loss=9.702795e-05, drift=2.515450e-02
epoch 21/30: loss=9.639345e-05, drift=2.503990e-02
epoch 22/30: loss=9.610066e-05, drift=2.500931e-02
epoch 23/30: loss=9.522628e-05, drift=2.489115e-02
epoch 24/30: loss=9.695579e-05, drift=2.515081e-02
epoch 25/30: loss=9.468478e-05, drift=2.487173e-02
epoch 26/30: loss=9.224947e-05, drift=2.447634e-02
epoch 27/30: loss=9.379677e-05, drift=2.473375e-02
epoch 28/30: loss=9.350550e-05, drift=2.470139e-02
epoch 29/30: loss=9.500719e-05, drift=2.488129e-02
epoch 30/30: loss=9.324588e-05, drift=2.466229e-02
epoch 1/30: loss=1.781690e-04, drift=3.398057e-02
epoch 2/30: loss=1.489647e-04, drift=3.121112e-02
epoch 3/30: loss=1.436366e-04, drift=3.057334e-02
epoch 4/30: loss=1.390403e-04, drift=3.011920e-02
epoch 5/30: loss=1.441592e-04, drift=3.066108e-02
epoch 6/30: loss=1.385856e-04, drift=3.003426e-02
epoch 7/30: loss=1.381175e-04, drift=2.997866e-02
epoch 8/30: loss=1.362020e-04, drift=2.980712e-02
epoch 9/30: loss=1.329135e-04, drift=2.946932e-02
epoch 10/30: loss=1.311610e-04, drift=2.929055e-02
epoch 11/30: loss=1.289409e-04, drift=2.898842e-02
epoch 12/30: loss=1.296903e-04, drift=2.904324e-02
epoch 13/30: loss=1.314819e-04, drift=2.930440e-02
epoch 14/30: loss=1.347554e-04, drift=2.967273e-02
epoch 15/30: loss=1.309649e-04, drift=2.921863e-02
epoch 16/30: loss=1.293565e-04, drift=2.906440e-02
epoch 17/30: loss=1.270092e-04, drift=2.874820e-02
epoch 18/30: loss=1.282533e-04, drift=2.892839e-02
epoch 19/30: loss=1.290166e-04, drift=2.903227e-02
epoch 20/30: loss=1.275111e-04, drift=2.884819e-02
epoch 21/30: loss=1.268646e-04, drift=2.875789e-02
epoch 22/30: loss=1.275540e-04, drift=2.881836e-02
epoch 23/30: loss=1.276122e-04, drift=2.888137e-02
epoch 24/30: loss=1.303346e-04, drift=2.916017e-02
epoch 25/30: loss=1.273404e-04, drift=2.878185e-02
epoch 26/30: loss=1.281336e-04, drift=2.885436e-02
epoch 27/30: loss=1.285463e-04, drift=2.890241e-02
epoch 28/30: loss=1.277351e-04, drift=2.886362e-02
epoch 29/30: loss=1.286558e-04, drift=2.895445e-02
epoch 30/30: loss=1.278682e-04, drift=2.888041e-02
diff epoch 1/30: loss=5.634572e-01, lr=1.000e-03
diff epoch 2/30: loss=5.212476e-01, lr=1.000e-03
diff epoch 3/30: loss=5.204207e-01, lr=1.000e-03
diff epoch 4/30: loss=5.202320e-01, lr=1.000e-03
diff epoch 5/30: loss=5.202666e-01, lr=1.000e-03
diff epoch 6/30: loss=5.198945e-01, lr=1.000e-03
diff epoch 7/30: loss=5.197778e-01, lr=1.000e-03
diff epoch 8/30: loss=5.198098e-01, lr=1.000e-03
diff epoch 9/30: loss=5.197077e-01, lr=1.000e-03
diff epoch 10/30: loss=5.196568e-01, lr=1.000e-03
diff epoch 11/30: loss=5.190328e-01, lr=1.000e-04
diff epoch 12/30: loss=5.187432e-01, lr=1.000e-04
diff epoch 13/30: loss=5.189990e-01, lr=1.000e-04
diff epoch 14/30: loss=5.190600e-01, lr=1.000e-04
diff epoch 15/30: loss=5.189691e-01, lr=1.000e-04
diff epoch 16/30: loss=5.191045e-01, lr=1.000e-04
diff epoch 17/30: loss=5.191131e-01, lr=1.000e-04
diff epoch 18/30: loss=5.190745e-01, lr=1.000e-04
diff epoch 19/30: loss=5.188427e-01, lr=1.000e-04
diff epoch 20/30: loss=5.188608e-01, lr=1.000e-04
diff epoch 21/30: loss=5.187893e-01, lr=1.000e-04
diff epoch 22/30: loss=5.188506e-01, lr=1.000e-04
diff epoch 23/30: loss=5.192060e-01, lr=1.000e-04
diff epoch 24/30: loss=5.191178e-01, lr=1.000e-04
diff epoch 25/30: loss=5.190324e-01, lr=1.000e-04
diff epoch 26/30: loss=5.189399e-01, lr=1.000e-04
diff epoch 27/30: loss=5.189850e-01, lr=1.000e-04
diff epoch 28/30: loss=5.189311e-01, lr=1.000e-04
diff epoch 29/30: loss=5.188979e-01, lr=1.000e-04
diff epoch 30/30: loss=5.187622e-01, lr=1.000e-04
[AWGN] diffusion training complete; starting evaluation
[AWGN] DDPM chunk 1/1: batch=1000000, sample=0.66s, total=0.66s, elapsed=0.66s, eta=0.00s
[AWGN] DDPM done: swd=0.006372, sample=0.66s, swd_eval=0.25s
[AWGN] DDIM-100 chunk 1/1: batch=1000000, sample=0.61s, total=0.61s, elapsed=0.61s, eta=0.00s
[AWGN] DDIM-100 done: swd=0.003403, sample=0.61s, swd_eval=0.29s
[AWGN] DDIM-50 chunk 1/1: batch=1000000, sample=0.20s, total=0.20s, elapsed=0.20s, eta=0.00s
[AWGN] DDIM-50 done: swd=0.005777, sample=0.20s, swd_eval=0.29s
[AWGN] DDIM-20 chunk 1/1: batch=1000000, sample=0.01s, total=0.01s, elapsed=0.01s, eta=0.00s
[AWGN] DDIM-20 done: swd=0.013825, sample=0.01s, swd_eval=0.24s
[AWGN] DDIM-10 chunk 1/1: batch=1000000, sample=0.00s, total=0.00s, elapsed=0.01s, eta=0.00s
[AWGN] DDIM-10 done: swd=0.025919, sample=0.00s, swd_eval=0.16s
epoch 1/30: loss=5.644124e-04, drift=6.008002e-02
epoch 2/30: loss=3.098665e-04, drift=4.456046e-02
epoch 3/30: loss=1.659330e-04, drift=3.268265e-02
epoch 4/30: loss=1.000152e-04, drift=2.546049e-02
epoch 5/30: loss=9.311094e-05, drift=2.459358e-02
epoch 6/30: loss=9.147881e-05, drift=2.438737e-02
epoch 7/30: loss=8.795798e-05, drift=2.392145e-02
epoch 8/30: loss=8.958543e-05, drift=2.413481e-02
epoch 9/30: loss=8.711758e-05, drift=2.379226e-02
epoch 10/30: loss=9.205556e-05, drift=2.446899e-02
epoch 11/30: loss=9.048129e-05, drift=2.426960e-02
epoch 12/30: loss=9.040685e-05, drift=2.424035e-02
epoch 13/30: loss=8.835590e-05, drift=2.394257e-02
epoch 14/30: loss=8.646728e-05, drift=2.368964e-02
epoch 15/30: loss=8.558862e-05, drift=2.356462e-02
epoch 16/30: loss=8.301880e-05, drift=2.319742e-02
epoch 17/30: loss=8.077078e-05, drift=2.289358e-02
epoch 18/30: loss=8.057033e-05, drift=2.282810e-02
epoch 19/30: loss=7.747890e-05, drift=2.239251e-02
epoch 20/30: loss=7.904785e-05, drift=2.262269e-02
epoch 21/30: loss=8.004343e-05, drift=2.280976e-02
epoch 22/30: loss=7.754297e-05, drift=2.243759e-02
epoch 23/30: loss=7.787474e-05, drift=2.250591e-02
epoch 24/30: loss=7.905956e-05, drift=2.264937e-02
epoch 25/30: loss=7.792013e-05, drift=2.248318e-02
epoch 26/30: loss=7.597539e-05, drift=2.216847e-02
epoch 27/30: loss=7.598034e-05, drift=2.220483e-02
epoch 28/30: loss=7.745583e-05, drift=2.243776e-02
epoch 29/30: loss=7.787226e-05, drift=2.250409e-02
epoch 30/30: loss=7.500355e-05, drift=2.207502e-02
epoch 1/30: loss=1.632899e-04, drift=3.230757e-02
epoch 2/30: loss=1.305495e-04, drift=2.913859e-02
epoch 3/30: loss=1.229521e-04, drift=2.827832e-02
epoch 4/30: loss=1.163824e-04, drift=2.755410e-02
epoch 5/30: loss=1.114531e-04, drift=2.692478e-02
epoch 6/30: loss=1.032890e-04, drift=2.594977e-02
epoch 7/30: loss=1.043162e-04, drift=2.604724e-02
epoch 8/30: loss=1.036283e-04, drift=2.590504e-02
epoch 9/30: loss=1.022700e-04, drift=2.575594e-02
epoch 10/30: loss=1.025691e-04, drift=2.582928e-02
epoch 11/30: loss=9.972475e-05, drift=2.550323e-02
epoch 12/30: loss=9.793045e-05, drift=2.527781e-02
epoch 13/30: loss=9.699032e-05, drift=2.515816e-02
epoch 14/30: loss=9.723603e-05, drift=2.518069e-02
epoch 15/30: loss=1.004550e-04, drift=2.557085e-02
epoch 16/30: loss=9.822484e-05, drift=2.530702e-02
epoch 17/30: loss=9.494753e-05, drift=2.488278e-02
epoch 18/30: loss=9.699911e-05, drift=2.515623e-02
epoch 19/30: loss=9.616892e-05, drift=2.505020e-02
epoch 20/30: loss=9.384107e-05, drift=2.470157e-02
epoch 21/30: loss=9.329764e-05, drift=2.463894e-02
epoch 22/30: loss=9.674788e-05, drift=2.506627e-02
epoch 23/30: loss=9.349570e-05, drift=2.469385e-02
epoch 24/30: loss=9.140350e-05, drift=2.440424e-02
epoch 25/30: loss=9.485493e-05, drift=2.486457e-02
epoch 26/30: loss=9.352500e-05, drift=2.464127e-02
epoch 27/30: loss=9.224403e-05, drift=2.449717e-02
epoch 28/30: loss=9.127359e-05, drift=2.437535e-02
epoch 29/30: loss=9.137351e-05, drift=2.438348e-02
epoch 30/30: loss=9.111137e-05, drift=2.436229e-02
diff epoch 1/30: loss=5.478788e-01, lr=1.000e-03
diff epoch 2/30: loss=5.125224e-01, lr=1.000e-03
diff epoch 3/30: loss=5.065385e-01, lr=1.000e-03
diff epoch 4/30: loss=4.828991e-01, lr=1.000e-03
diff epoch 5/30: loss=4.632251e-01, lr=1.000e-03
diff epoch 6/30: loss=4.595432e-01, lr=1.000e-03
diff epoch 7/30: loss=4.581039e-01, lr=1.000e-03
diff epoch 8/30: loss=4.571581e-01, lr=1.000e-03
diff epoch 9/30: loss=4.566761e-01, lr=1.000e-03
diff epoch 10/30: loss=4.561825e-01, lr=1.000e-03
diff epoch 11/30: loss=4.549311e-01, lr=1.000e-04
diff epoch 12/30: loss=4.548904e-01, lr=1.000e-04
diff epoch 13/30: loss=4.550489e-01, lr=1.000e-04
diff epoch 14/30: loss=4.547874e-01, lr=1.000e-04
diff epoch 15/30: loss=4.546491e-01, lr=1.000e-04
diff epoch 16/30: loss=4.548190e-01, lr=1.000e-04
diff epoch 17/30: loss=4.546653e-01, lr=1.000e-04
diff epoch 18/30: loss=4.546692e-01, lr=1.000e-04
diff epoch 19/30: loss=4.546492e-01, lr=1.000e-04
diff epoch 20/30: loss=4.544203e-01, lr=1.000e-04
diff epoch 21/30: loss=4.543934e-01, lr=1.000e-04
diff epoch 22/30: loss=4.545499e-01, lr=1.000e-04
diff epoch 23/30: loss=4.546415e-01, lr=1.000e-04
diff epoch 24/30: loss=4.545080e-01, lr=1.000e-04
diff epoch 25/30: loss=4.547347e-01, lr=1.000e-04
diff epoch 26/30: loss=4.544545e-01, lr=1.000e-04
diff epoch 27/30: loss=4.546246e-01, lr=1.000e-04
diff epoch 28/30: loss=4.545493e-01, lr=1.000e-04
diff epoch 29/30: loss=4.545355e-01, lr=1.000e-04
diff epoch 30/30: loss=4.545003e-01, lr=1.000e-04
[Rayleigh] diffusion training complete; starting evaluation
[Rayleigh] DDPM chunk 1/1: batch=1000000, sample=0.76s, total=0.76s, elapsed=0.76s, eta=0.00s
[Rayleigh] DDPM done: swd=0.006587, sample=0.76s, swd_eval=0.27s
[Rayleigh] DDIM-100 chunk 1/1: batch=1000000, sample=0.69s, total=0.69s, elapsed=0.69s, eta=0.00s
[Rayleigh] DDIM-100 done: swd=0.003559, sample=0.69s, swd_eval=0.32s
[Rayleigh] DDIM-50 chunk 1/1: batch=1000000, sample=0.23s, total=0.23s, elapsed=0.23s, eta=0.00s
[Rayleigh] DDIM-50 done: swd=0.005268, sample=0.23s, swd_eval=0.32s
[Rayleigh] DDIM-20 chunk 1/1: batch=1000000, sample=0.01s, total=0.01s, elapsed=0.01s, eta=0.00s
[Rayleigh] DDIM-20 done: swd=0.012806, sample=0.01s, swd_eval=0.26s
[Rayleigh] DDIM-10 chunk 1/1: batch=1000000, sample=0.00s, total=0.01s, elapsed=0.01s, eta=0.00s
[Rayleigh] DDIM-10 done: swd=0.024867, sample=0.00s, swd_eval=0.17s
epoch 1/160: loss=7.537480e-04, drift=7.461984e-02
epoch 2/160: loss=3.944920e-04, drift=5.363298e-02
epoch 3/160: loss=1.826049e-04, drift=3.659882e-02
epoch 4/160: loss=1.146665e-04, drift=2.933344e-02
epoch 5/160: loss=1.122134e-04, drift=2.899490e-02
epoch 6/160: loss=1.069226e-04, drift=2.829638e-02
epoch 7/160: loss=1.013818e-04, drift=2.760350e-02
epoch 8/160: loss=1.022542e-04, drift=2.774406e-02
epoch 9/160: loss=1.027316e-04, drift=2.774978e-02
epoch 10/160: loss=9.759869e-05, drift=2.707959e-02
epoch 11/160: loss=9.430771e-05, drift=2.662713e-02
epoch 12/160: loss=9.236396e-05, drift=2.635127e-02
epoch 13/160: loss=9.074150e-05, drift=2.610591e-02
epoch 14/160: loss=8.835425e-05, drift=2.577548e-02
epoch 15/160: loss=8.666070e-05, drift=2.552088e-02
epoch 16/160: loss=8.161345e-05, drift=2.479635e-02
epoch 17/160: loss=7.917748e-05, drift=2.438640e-02
epoch 18/160: loss=7.642666e-05, drift=2.394785e-02
epoch 19/160: loss=7.658520e-05, drift=2.401496e-02
epoch 20/160: loss=7.415926e-05, drift=2.362200e-02
epoch 21/160: loss=7.256560e-05, drift=2.335692e-02
epoch 22/160: loss=7.114412e-05, drift=2.310351e-02
epoch 23/160: loss=6.727169e-05, drift=2.247226e-02
epoch 24/160: loss=6.656803e-05, drift=2.235782e-02
epoch 25/160: loss=6.656983e-05, drift=2.234450e-02
epoch 26/160: loss=6.509698e-05, drift=2.212010e-02
epoch 27/160: loss=6.273208e-05, drift=2.170885e-02
epoch 28/160: loss=6.219910e-05, drift=2.160279e-02
epoch 29/160: loss=6.337148e-05, drift=2.181908e-02
epoch 30/160: loss=5.959140e-05, drift=2.115713e-02
epoch 31/160: loss=6.019762e-05, drift=2.124768e-02
epoch 32/160: loss=5.906854e-05, drift=2.104347e-02
epoch 33/160: loss=5.936638e-05, drift=2.111742e-02
epoch 34/160: loss=5.793932e-05, drift=2.085931e-02
epoch 35/160: loss=5.798310e-05, drift=2.082869e-02
epoch 36/160: loss=5.599193e-05, drift=2.052298e-02
epoch 37/160: loss=5.648838e-05, drift=2.061119e-02
epoch 38/160: loss=5.743907e-05, drift=2.076570e-02
epoch 39/160: loss=5.495743e-05, drift=2.033033e-02
epoch 40/160: loss=5.514796e-05, drift=2.036163e-02
epoch 41/160: loss=5.277423e-05, drift=1.991822e-02
epoch 42/160: loss=5.411670e-05, drift=2.013933e-02
epoch 43/160: loss=5.423273e-05, drift=2.020726e-02
epoch 44/160: loss=5.141162e-05, drift=1.964869e-02
epoch 45/160: loss=5.372036e-05, drift=2.009259e-02
epoch 46/160: loss=5.278279e-05, drift=1.991364e-02
epoch 47/160: loss=5.215389e-05, drift=1.978896e-02
epoch 48/160: loss=5.253483e-05, drift=1.986086e-02
epoch 49/160: loss=5.269324e-05, drift=1.989024e-02
epoch 50/160: loss=5.046590e-05, drift=1.942187e-02
epoch 51/160: loss=5.090982e-05, drift=1.955771e-02
epoch 52/160: loss=5.026686e-05, drift=1.939955e-02
epoch 53/160: loss=5.101773e-05, drift=1.956818e-02
epoch 54/160: loss=5.116435e-05, drift=1.959459e-02
epoch 55/160: loss=5.025686e-05, drift=1.944415e-02
epoch 56/160: loss=4.929018e-05, drift=1.926225e-02
epoch 57/160: loss=4.916405e-05, drift=1.922323e-02
epoch 58/160: loss=4.912414e-05, drift=1.921120e-02
epoch 59/160: loss=4.948051e-05, drift=1.927081e-02
epoch 60/160: loss=4.715695e-05, drift=1.883177e-02
epoch 61/160: loss=4.892603e-05, drift=1.918555e-02
epoch 62/160: loss=4.697496e-05, drift=1.877546e-02
epoch 63/160: loss=4.903090e-05, drift=1.919452e-02
epoch 64/160: loss=4.666866e-05, drift=1.876177e-02
epoch 65/160: loss=4.707382e-05, drift=1.882102e-02
epoch 66/160: loss=4.689958e-05, drift=1.878057e-02
epoch 67/160: loss=4.663586e-05, drift=1.869911e-02
epoch 68/160: loss=4.669081e-05, drift=1.875002e-02
epoch 69/160: loss=4.701766e-05, drift=1.879026e-02
epoch 70/160: loss=4.612086e-05, drift=1.863090e-02
epoch 71/160: loss=4.595504e-05, drift=1.858459e-02
epoch 72/160: loss=4.589628e-05, drift=1.857647e-02
epoch 73/160: loss=4.497360e-05, drift=1.838029e-02
epoch 74/160: loss=4.572814e-05, drift=1.852324e-02
epoch 75/160: loss=4.546725e-05, drift=1.848725e-02
epoch 76/160: loss=4.513522e-05, drift=1.842408e-02
epoch 77/160: loss=4.498082e-05, drift=1.838520e-02
epoch 78/160: loss=4.446109e-05, drift=1.830043e-02
epoch 79/160: loss=4.531917e-05, drift=1.844449e-02
epoch 80/160: loss=4.456670e-05, drift=1.827259e-02
epoch 81/160: loss=4.432054e-05, drift=1.827339e-02
epoch 82/160: loss=4.434522e-05, drift=1.827210e-02
epoch 83/160: loss=4.472948e-05, drift=1.832314e-02
epoch 84/160: loss=4.470341e-05, drift=1.831240e-02
epoch 85/160: loss=4.425090e-05, drift=1.821052e-02
epoch 86/160: loss=4.438883e-05, drift=1.826387e-02
epoch 87/160: loss=4.478827e-05, drift=1.835071e-02
epoch 88/160: loss=4.374405e-05, drift=1.814355e-02
epoch 89/160: loss=4.404750e-05, drift=1.821518e-02
epoch 90/160: loss=4.316483e-05, drift=1.802145e-02
epoch 91/160: loss=4.320512e-05, drift=1.803825e-02
epoch 92/160: loss=4.275759e-05, drift=1.793019e-02
epoch 93/160: loss=4.343943e-05, drift=1.808449e-02
epoch 94/160: loss=4.217479e-05, drift=1.779624e-02
epoch 95/160: loss=4.190126e-05, drift=1.775421e-02
epoch 96/160: loss=4.300620e-05, drift=1.796997e-02
epoch 97/160: loss=4.258728e-05, drift=1.789351e-02
epoch 98/160: loss=4.216167e-05, drift=1.782122e-02
epoch 99/160: loss=4.188371e-05, drift=1.774418e-02
epoch 100/160: loss=4.273374e-05, drift=1.793394e-02
epoch 101/160: loss=4.220464e-05, drift=1.780828e-02
epoch 102/160: loss=4.283995e-05, drift=1.794459e-02
epoch 103/160: loss=4.065546e-05, drift=1.747090e-02
epoch 104/160: loss=4.176476e-05, drift=1.772465e-02
epoch 105/160: loss=4.167916e-05, drift=1.771260e-02
epoch 106/160: loss=4.060783e-05, drift=1.746765e-02
epoch 107/160: loss=4.252089e-05, drift=1.786294e-02
epoch 108/160: loss=4.181497e-05, drift=1.774208e-02
epoch 109/160: loss=4.116951e-05, drift=1.758808e-02
epoch 110/160: loss=4.161031e-05, drift=1.767708e-02
epoch 111/160: loss=4.113894e-05, drift=1.756295e-02
epoch 112/160: loss=4.105330e-05, drift=1.755121e-02
epoch 113/160: loss=4.114974e-05, drift=1.757994e-02
epoch 114/160: loss=4.155229e-05, drift=1.766237e-02
epoch 115/160: loss=4.072613e-05, drift=1.748377e-02
epoch 116/160: loss=4.079511e-05, drift=1.751388e-02
epoch 117/160: loss=3.996578e-05, drift=1.732888e-02
epoch 118/160: loss=4.033259e-05, drift=1.740473e-02
epoch 119/160: loss=4.000139e-05, drift=1.735578e-02
epoch 120/160: loss=4.025975e-05, drift=1.739477e-02
epoch 121/160: loss=4.020900e-05, drift=1.739550e-02
epoch 122/160: loss=4.137631e-05, drift=1.762362e-02
epoch 123/160: loss=4.056410e-05, drift=1.745524e-02
epoch 124/160: loss=3.984777e-05, drift=1.729922e-02
epoch 125/160: loss=4.080907e-05, drift=1.751163e-02
epoch 126/160: loss=3.978778e-05, drift=1.730539e-02
epoch 127/160: loss=3.922973e-05, drift=1.718485e-02
epoch 128/160: loss=3.986478e-05, drift=1.730201e-02
epoch 129/160: loss=4.030800e-05, drift=1.741166e-02
epoch 130/160: loss=4.030544e-05, drift=1.742215e-02
epoch 131/160: loss=3.939794e-05, drift=1.722075e-02
epoch 132/160: loss=3.970426e-05, drift=1.725860e-02
epoch 133/160: loss=3.964750e-05, drift=1.726228e-02
epoch 134/160: loss=3.956131e-05, drift=1.725441e-02
epoch 135/160: loss=3.892520e-05, drift=1.709473e-02
epoch 136/160: loss=3.915518e-05, drift=1.713798e-02
epoch 137/160: loss=3.889117e-05, drift=1.710963e-02
epoch 138/160: loss=3.948338e-05, drift=1.724402e-02
epoch 139/160: loss=3.922244e-05, drift=1.716012e-02
epoch 140/160: loss=3.918023e-05, drift=1.715664e-02
epoch 141/160: loss=3.916191e-05, drift=1.716081e-02
epoch 142/160: loss=3.927962e-05, drift=1.716355e-02
epoch 143/160: loss=3.855747e-05, drift=1.701989e-02
epoch 144/160: loss=3.867817e-05, drift=1.704152e-02
epoch 145/160: loss=3.914159e-05, drift=1.715453e-02
epoch 146/160: loss=3.883008e-05, drift=1.706490e-02
epoch 147/160: loss=3.946474e-05, drift=1.721935e-02
epoch 148/160: loss=3.826287e-05, drift=1.694473e-02
epoch 149/160: loss=3.878322e-05, drift=1.709120e-02
epoch 150/160: loss=3.817946e-05, drift=1.694072e-02
epoch 151/160: loss=3.844793e-05, drift=1.698951e-02
epoch 152/160: loss=3.832102e-05, drift=1.697977e-02
epoch 153/160: loss=3.819723e-05, drift=1.694109e-02
epoch 154/160: loss=3.902135e-05, drift=1.713346e-02
epoch 155/160: loss=3.798735e-05, drift=1.690664e-02
epoch 156/160: loss=3.880719e-05, drift=1.708219e-02
epoch 157/160: loss=3.881975e-05, drift=1.708258e-02
epoch 158/160: loss=3.779036e-05, drift=1.684132e-02
epoch 159/160: loss=3.869725e-05, drift=1.706664e-02
epoch 160/160: loss=3.705275e-05, drift=1.667721e-02
epoch 1/160: loss=2.008597e-04, drift=3.861747e-02
epoch 2/160: loss=1.676571e-04, drift=3.549054e-02
epoch 3/160: loss=1.608999e-04, drift=3.473991e-02
epoch 4/160: loss=1.546842e-04, drift=3.412451e-02
epoch 5/160: loss=1.522331e-04, drift=3.383061e-02
epoch 6/160: loss=1.497338e-04, drift=3.353820e-02
epoch 7/160: loss=1.503133e-04, drift=3.361459e-02
epoch 8/160: loss=1.458269e-04, drift=3.313045e-02
epoch 9/160: loss=1.438991e-04, drift=3.292292e-02
epoch 10/160: loss=1.442766e-04, drift=3.288793e-02
epoch 11/160: loss=1.451638e-04, drift=3.299280e-02
epoch 12/160: loss=1.429918e-04, drift=3.279282e-02
epoch 13/160: loss=1.434057e-04, drift=3.283327e-02
epoch 14/160: loss=1.424109e-04, drift=3.269799e-02
epoch 15/160: loss=1.425879e-04, drift=3.272330e-02
epoch 16/160: loss=1.449927e-04, drift=3.296300e-02
epoch 17/160: loss=1.389198e-04, drift=3.229149e-02
epoch 18/160: loss=1.417544e-04, drift=3.261217e-02
epoch 19/160: loss=1.427783e-04, drift=3.276807e-02
epoch 20/160: loss=1.393669e-04, drift=3.237779e-02
epoch 21/160: loss=1.383417e-04, drift=3.224850e-02
epoch 22/160: loss=1.416610e-04, drift=3.266293e-02
epoch 23/160: loss=1.411844e-04, drift=3.257681e-02
epoch 24/160: loss=1.392822e-04, drift=3.239091e-02
epoch 25/160: loss=1.384525e-04, drift=3.224814e-02
epoch 26/160: loss=1.385593e-04, drift=3.223654e-02
epoch 27/160: loss=1.381166e-04, drift=3.218550e-02
epoch 28/160: loss=1.343582e-04, drift=3.178484e-02
epoch 29/160: loss=1.373247e-04, drift=3.210518e-02
epoch 30/160: loss=1.387827e-04, drift=3.229305e-02
epoch 31/160: loss=1.368099e-04, drift=3.209476e-02
epoch 32/160: loss=1.356599e-04, drift=3.192832e-02
epoch 33/160: loss=1.367089e-04, drift=3.206813e-02
epoch 34/160: loss=1.376316e-04, drift=3.219391e-02
epoch 35/160: loss=1.366248e-04, drift=3.204362e-02
epoch 36/160: loss=1.345870e-04, drift=3.179108e-02
epoch 37/160: loss=1.357188e-04, drift=3.192715e-02
epoch 38/160: loss=1.376614e-04, drift=3.217759e-02
epoch 39/160: loss=1.359771e-04, drift=3.190899e-02
epoch 40/160: loss=1.364228e-04, drift=3.201206e-02
epoch 41/160: loss=1.320053e-04, drift=3.148129e-02
epoch 42/160: loss=1.356839e-04, drift=3.193886e-02
epoch 43/160: loss=1.346575e-04, drift=3.176560e-02
epoch 44/160: loss=1.345381e-04, drift=3.180417e-02
epoch 45/160: loss=1.346087e-04, drift=3.181516e-02
epoch 46/160: loss=1.343123e-04, drift=3.175379e-02
epoch 47/160: loss=1.342678e-04, drift=3.175750e-02
epoch 48/160: loss=1.323197e-04, drift=3.153926e-02
epoch 49/160: loss=1.345719e-04, drift=3.177560e-02
epoch 50/160: loss=1.344155e-04, drift=3.180655e-02
epoch 51/160: loss=1.323704e-04, drift=3.153871e-02
epoch 52/160: loss=1.328326e-04, drift=3.158818e-02
epoch 53/160: loss=1.341859e-04, drift=3.174676e-02
epoch 54/160: loss=1.290440e-04, drift=3.117836e-02
epoch 55/160: loss=1.306651e-04, drift=3.135661e-02
epoch 56/160: loss=1.311408e-04, drift=3.138832e-02
epoch 57/160: loss=1.306019e-04, drift=3.130123e-02
epoch 58/160: loss=1.309270e-04, drift=3.138409e-02
epoch 59/160: loss=1.288057e-04, drift=3.112581e-02
epoch 60/160: loss=1.292224e-04, drift=3.116417e-02
epoch 61/160: loss=1.320247e-04, drift=3.152114e-02
epoch 62/160: loss=1.323866e-04, drift=3.158420e-02
epoch 63/160: loss=1.289377e-04, drift=3.112928e-02
epoch 64/160: loss=1.285757e-04, drift=3.105949e-02
epoch 65/160: loss=1.292880e-04, drift=3.121005e-02
epoch 66/160: loss=1.309340e-04, drift=3.138175e-02
epoch 67/160: loss=1.293127e-04, drift=3.118562e-02
epoch 68/160: loss=1.299946e-04, drift=3.129066e-02
epoch 69/160: loss=1.286220e-04, drift=3.107525e-02
epoch 70/160: loss=1.290478e-04, drift=3.114761e-02
epoch 71/160: loss=1.293189e-04, drift=3.116571e-02
epoch 72/160: loss=1.274119e-04, drift=3.095041e-02
epoch 73/160: loss=1.292340e-04, drift=3.115094e-02
epoch 74/160: loss=1.255906e-04, drift=3.073194e-02
epoch 75/160: loss=1.278915e-04, drift=3.094442e-02
epoch 76/160: loss=1.287237e-04, drift=3.110418e-02
epoch 77/160: loss=1.273394e-04, drift=3.093655e-02
epoch 78/160: loss=1.284074e-04, drift=3.108685e-02
epoch 79/160: loss=1.277576e-04, drift=3.097352e-02
epoch 80/160: loss=1.247800e-04, drift=3.064522e-02
epoch 81/160: loss=1.282168e-04, drift=3.106251e-02
epoch 82/160: loss=1.289806e-04, drift=3.113996e-02
epoch 83/160: loss=1.284630e-04, drift=3.107040e-02
epoch 84/160: loss=1.267436e-04, drift=3.086598e-02
epoch 85/160: loss=1.287926e-04, drift=3.108017e-02
epoch 86/160: loss=1.270568e-04, drift=3.092048e-02
epoch 87/160: loss=1.279230e-04, drift=3.100708e-02
epoch 88/160: loss=1.304644e-04, drift=3.129785e-02
epoch 89/160: loss=1.271668e-04, drift=3.093334e-02
epoch 90/160: loss=1.275797e-04, drift=3.095420e-02
epoch 91/160: loss=1.250440e-04, drift=3.066362e-02
epoch 92/160: loss=1.263945e-04, drift=3.078310e-02
epoch 93/160: loss=1.280433e-04, drift=3.100198e-02
epoch 94/160: loss=1.269442e-04, drift=3.082620e-02
epoch 95/160: loss=1.268397e-04, drift=3.086895e-02
epoch 96/160: loss=1.269115e-04, drift=3.088659e-02
epoch 97/160: loss=1.266614e-04, drift=3.086483e-02
epoch 98/160: loss=1.255815e-04, drift=3.073501e-02
epoch 99/160: loss=1.255671e-04, drift=3.073728e-02
epoch 100/160: loss=1.262115e-04, drift=3.076388e-02
epoch 101/160: loss=1.260862e-04, drift=3.076118e-02
epoch 102/160: loss=1.274508e-04, drift=3.094307e-02
epoch 103/160: loss=1.274241e-04, drift=3.090401e-02
epoch 104/160: loss=1.262300e-04, drift=3.078158e-02
epoch 105/160: loss=1.255448e-04, drift=3.072682e-02
epoch 106/160: loss=1.247882e-04, drift=3.062356e-02
epoch 107/160: loss=1.260550e-04, drift=3.077999e-02
epoch 108/160: loss=1.256421e-04, drift=3.073153e-02
epoch 109/160: loss=1.241412e-04, drift=3.050718e-02
epoch 110/160: loss=1.246765e-04, drift=3.063480e-02
epoch 111/160: loss=1.237953e-04, drift=3.050619e-02
epoch 112/160: loss=1.267737e-04, drift=3.086851e-02
epoch 113/160: loss=1.232867e-04, drift=3.042912e-02
epoch 114/160: loss=1.264002e-04, drift=3.080638e-02
epoch 115/160: loss=1.236512e-04, drift=3.049128e-02
epoch 116/160: loss=1.244308e-04, drift=3.054039e-02
epoch 117/160: loss=1.224979e-04, drift=3.026473e-02
epoch 118/160: loss=1.243770e-04, drift=3.056947e-02
epoch 119/160: loss=1.260116e-04, drift=3.077860e-02
epoch 120/160: loss=1.237575e-04, drift=3.051970e-02
epoch 121/160: loss=1.251369e-04, drift=3.065460e-02
epoch 122/160: loss=1.243177e-04, drift=3.058191e-02
epoch 123/160: loss=1.239420e-04, drift=3.051486e-02
epoch 124/160: loss=1.256778e-04, drift=3.074397e-02
epoch 125/160: loss=1.264486e-04, drift=3.081469e-02
epoch 126/160: loss=1.258565e-04, drift=3.070524e-02
epoch 127/160: loss=1.249591e-04, drift=3.063793e-02
epoch 128/160: loss=1.224255e-04, drift=3.035770e-02
epoch 129/160: loss=1.208309e-04, drift=3.011139e-02
epoch 130/160: loss=1.248567e-04, drift=3.060309e-02
epoch 131/160: loss=1.231570e-04, drift=3.043753e-02
epoch 132/160: loss=1.243230e-04, drift=3.058691e-02
epoch 133/160: loss=1.242015e-04, drift=3.057897e-02
epoch 134/160: loss=1.229554e-04, drift=3.034773e-02
epoch 135/160: loss=1.232668e-04, drift=3.049099e-02
epoch 136/160: loss=1.241446e-04, drift=3.051544e-02
epoch 137/160: loss=1.257895e-04, drift=3.071949e-02
epoch 138/160: loss=1.241249e-04, drift=3.051857e-02
epoch 139/160: loss=1.221597e-04, drift=3.030128e-02
epoch 140/160: loss=1.250285e-04, drift=3.068820e-02
epoch 141/160: loss=1.249748e-04, drift=3.063737e-02
epoch 142/160: loss=1.239178e-04, drift=3.050390e-02
epoch 143/160: loss=1.237879e-04, drift=3.046928e-02
epoch 144/160: loss=1.232388e-04, drift=3.042413e-02
epoch 145/160: loss=1.243738e-04, drift=3.056399e-02
epoch 146/160: loss=1.232736e-04, drift=3.041878e-02
epoch 147/160: loss=1.226314e-04, drift=3.042169e-02
epoch 148/160: loss=1.254611e-04, drift=3.070527e-02
epoch 149/160: loss=1.232568e-04, drift=3.042263e-02
epoch 150/160: loss=1.242040e-04, drift=3.051757e-02
epoch 151/160: loss=1.244507e-04, drift=3.061141e-02
epoch 152/160: loss=1.226752e-04, drift=3.035775e-02
epoch 153/160: loss=1.229196e-04, drift=3.035134e-02
epoch 154/160: loss=1.242611e-04, drift=3.055813e-02
epoch 155/160: loss=1.229593e-04, drift=3.040088e-02
epoch 156/160: loss=1.200808e-04, drift=3.006017e-02
epoch 157/160: loss=1.213877e-04, drift=3.015087e-02
epoch 158/160: loss=1.229311e-04, drift=3.036571e-02
epoch 159/160: loss=1.243896e-04, drift=3.051833e-02
epoch 160/160: loss=1.196985e-04, drift=3.005612e-02
diff epoch 1/160: loss=7.236886e-01, lr=1.000e-04
diff epoch 2/160: loss=5.380471e-01, lr=1.000e-04
diff epoch 3/160: loss=5.176987e-01, lr=1.000e-04
diff epoch 4/160: loss=5.118378e-01, lr=1.000e-04
diff epoch 5/160: loss=5.089362e-01, lr=1.000e-04
diff epoch 6/160: loss=5.069612e-01, lr=1.000e-04
diff epoch 7/160: loss=5.034943e-01, lr=1.000e-04
diff epoch 8/160: loss=4.965100e-01, lr=1.000e-04
diff epoch 9/160: loss=4.779103e-01, lr=1.000e-04
diff epoch 10/160: loss=4.355041e-01, lr=1.000e-04
diff epoch 11/160: loss=3.741743e-01, lr=1.000e-04
diff epoch 12/160: loss=3.155228e-01, lr=1.000e-04
diff epoch 13/160: loss=2.780574e-01, lr=1.000e-04
diff epoch 14/160: loss=2.593554e-01, lr=1.000e-04
diff epoch 15/160: loss=2.489469e-01, lr=1.000e-04
diff epoch 16/160: loss=2.423939e-01, lr=1.000e-04
diff epoch 17/160: loss=2.382658e-01, lr=1.000e-04
diff epoch 18/160: loss=2.348392e-01, lr=1.000e-04
diff epoch 19/160: loss=2.323417e-01, lr=1.000e-04
diff epoch 20/160: loss=2.308345e-01, lr=1.000e-04
diff epoch 21/160: loss=2.295846e-01, lr=1.000e-04
diff epoch 22/160: loss=2.284644e-01, lr=1.000e-04
diff epoch 23/160: loss=2.277465e-01, lr=1.000e-04
diff epoch 24/160: loss=2.268294e-01, lr=1.000e-04
diff epoch 25/160: loss=2.263783e-01, lr=1.000e-04
diff epoch 26/160: loss=2.258201e-01, lr=1.000e-04
diff epoch 27/160: loss=2.254712e-01, lr=1.000e-04
diff epoch 28/160: loss=2.251948e-01, lr=1.000e-04
diff epoch 29/160: loss=2.246411e-01, lr=1.000e-04
diff epoch 30/160: loss=2.244483e-01, lr=1.000e-04
diff epoch 31/160: loss=2.241041e-01, lr=1.000e-04
diff epoch 32/160: loss=2.239313e-01, lr=1.000e-04
diff epoch 33/160: loss=2.238779e-01, lr=1.000e-04
diff epoch 34/160: loss=2.235693e-01, lr=1.000e-04
diff epoch 35/160: loss=2.232703e-01, lr=1.000e-04
diff epoch 36/160: loss=2.233208e-01, lr=1.000e-04
diff epoch 37/160: loss=2.232846e-01, lr=1.000e-04
diff epoch 38/160: loss=2.228552e-01, lr=1.000e-04
diff epoch 39/160: loss=2.229944e-01, lr=1.000e-04
diff epoch 40/160: loss=2.228372e-01, lr=1.000e-04
diff epoch 41/160: loss=2.226516e-01, lr=1.000e-04
diff epoch 42/160: loss=2.225349e-01, lr=1.000e-04
diff epoch 43/160: loss=2.225427e-01, lr=1.000e-04
diff epoch 44/160: loss=2.223807e-01, lr=1.000e-04
diff epoch 45/160: loss=2.220562e-01, lr=1.000e-04
diff epoch 46/160: loss=2.223071e-01, lr=1.000e-04
diff epoch 47/160: loss=2.222031e-01, lr=1.000e-04
diff epoch 48/160: loss=2.221688e-01, lr=1.000e-04
diff epoch 49/160: loss=2.221991e-01, lr=1.000e-04
diff epoch 50/160: loss=2.221596e-01, lr=1.000e-04
diff epoch 51/160: loss=2.219973e-01, lr=1.000e-04
diff epoch 52/160: loss=2.218972e-01, lr=1.000e-04
diff epoch 53/160: loss=2.219667e-01, lr=1.000e-04
diff epoch 54/160: loss=2.218217e-01, lr=1.000e-04
diff epoch 55/160: loss=2.217752e-01, lr=1.000e-04
diff epoch 56/160: loss=2.216598e-01, lr=1.000e-04
diff epoch 57/160: loss=2.213670e-01, lr=1.000e-04
diff epoch 58/160: loss=2.214983e-01, lr=1.000e-04
diff epoch 59/160: loss=2.215368e-01, lr=1.000e-04
diff epoch 60/160: loss=2.217375e-01, lr=1.000e-04
diff epoch 61/160: loss=2.215968e-01, lr=1.000e-04
diff epoch 62/160: loss=2.215871e-01, lr=1.000e-04
diff epoch 63/160: loss=2.215000e-01, lr=1.000e-04
diff epoch 64/160: loss=2.214450e-01, lr=1.000e-04
diff epoch 65/160: loss=2.214062e-01, lr=1.000e-04
diff epoch 66/160: loss=2.212285e-01, lr=1.000e-04
diff epoch 67/160: loss=2.212848e-01, lr=1.000e-04
diff epoch 68/160: loss=2.213228e-01, lr=1.000e-04
diff epoch 69/160: loss=2.213932e-01, lr=1.000e-04
diff epoch 70/160: loss=2.212918e-01, lr=1.000e-04
diff epoch 71/160: loss=2.213555e-01, lr=1.000e-04
diff epoch 72/160: loss=2.213699e-01, lr=1.000e-04
diff epoch 73/160: loss=2.211658e-01, lr=1.000e-04
diff epoch 74/160: loss=2.212272e-01, lr=1.000e-04
diff epoch 75/160: loss=2.213841e-01, lr=1.000e-04
diff epoch 76/160: loss=2.211290e-01, lr=1.000e-04
diff epoch 77/160: loss=2.212224e-01, lr=1.000e-04
diff epoch 78/160: loss=2.211547e-01, lr=1.000e-04
diff epoch 79/160: loss=2.212286e-01, lr=1.000e-04
diff epoch 80/160: loss=2.211840e-01, lr=1.000e-04
diff epoch 81/160: loss=2.211812e-01, lr=1.000e-04
diff epoch 82/160: loss=2.211177e-01, lr=1.000e-04
diff epoch 83/160: loss=2.210080e-01, lr=1.000e-04
diff epoch 84/160: loss=2.211524e-01, lr=1.000e-04
diff epoch 85/160: loss=2.210052e-01, lr=1.000e-04
diff epoch 86/160: loss=2.211044e-01, lr=1.000e-04
diff epoch 87/160: loss=2.210553e-01, lr=1.000e-04
diff epoch 88/160: loss=2.211164e-01, lr=1.000e-04
diff epoch 89/160: loss=2.209724e-01, lr=1.000e-04
diff epoch 90/160: loss=2.208439e-01, lr=1.000e-04
diff epoch 91/160: loss=2.209419e-01, lr=1.000e-04
diff epoch 92/160: loss=2.210808e-01, lr=1.000e-04
diff epoch 93/160: loss=2.209607e-01, lr=1.000e-04
diff epoch 94/160: loss=2.209053e-01, lr=1.000e-04
diff epoch 95/160: loss=2.209330e-01, lr=1.000e-04
diff epoch 96/160: loss=2.209666e-01, lr=1.000e-04
diff epoch 97/160: loss=2.207876e-01, lr=1.000e-04
diff epoch 98/160: loss=2.209254e-01, lr=1.000e-04
diff epoch 99/160: loss=2.207395e-01, lr=1.000e-04
diff epoch 100/160: loss=2.208263e-01, lr=1.000e-04
diff epoch 101/160: loss=2.209456e-01, lr=1.000e-04
diff epoch 102/160: loss=2.210138e-01, lr=1.000e-04
diff epoch 103/160: loss=2.209580e-01, lr=1.000e-04
diff epoch 104/160: loss=2.210209e-01, lr=1.000e-04
diff epoch 105/160: loss=2.208229e-01, lr=1.000e-04
diff epoch 106/160: loss=2.207965e-01, lr=1.000e-04
diff epoch 107/160: loss=2.208674e-01, lr=1.000e-04
diff epoch 108/160: loss=2.208943e-01, lr=1.000e-04
diff epoch 109/160: loss=2.208184e-01, lr=1.000e-04
diff epoch 110/160: loss=2.207550e-01, lr=1.000e-04
diff epoch 111/160: loss=2.206601e-01, lr=1.000e-04
diff epoch 112/160: loss=2.206849e-01, lr=1.000e-04
diff epoch 113/160: loss=2.209305e-01, lr=1.000e-04
diff epoch 114/160: loss=2.207498e-01, lr=1.000e-04
diff epoch 115/160: loss=2.206934e-01, lr=1.000e-04
diff epoch 116/160: loss=2.206183e-01, lr=1.000e-04
diff epoch 117/160: loss=2.206966e-01, lr=1.000e-04
diff epoch 118/160: loss=2.207393e-01, lr=1.000e-04
diff epoch 119/160: loss=2.207858e-01, lr=1.000e-04
diff epoch 120/160: loss=2.206790e-01, lr=1.000e-04
diff epoch 121/160: loss=2.206657e-01, lr=1.000e-04
diff epoch 122/160: loss=2.207875e-01, lr=1.000e-04
diff epoch 123/160: loss=2.206551e-01, lr=1.000e-04
diff epoch 124/160: loss=2.208734e-01, lr=1.000e-04
diff epoch 125/160: loss=2.207101e-01, lr=1.000e-04
diff epoch 126/160: loss=2.207060e-01, lr=1.000e-04
diff epoch 127/160: loss=2.204906e-01, lr=1.000e-04
diff epoch 128/160: loss=2.207890e-01, lr=1.000e-04
diff epoch 129/160: loss=2.206133e-01, lr=1.000e-04
diff epoch 130/160: loss=2.206294e-01, lr=1.000e-04
diff epoch 131/160: loss=2.207154e-01, lr=1.000e-04
diff epoch 132/160: loss=2.206510e-01, lr=1.000e-04
diff epoch 133/160: loss=2.205387e-01, lr=1.000e-04
diff epoch 134/160: loss=2.206997e-01, lr=1.000e-04
diff epoch 135/160: loss=2.205183e-01, lr=1.000e-04
diff epoch 136/160: loss=2.204440e-01, lr=1.000e-04
diff epoch 137/160: loss=2.205653e-01, lr=1.000e-04
diff epoch 138/160: loss=2.206604e-01, lr=1.000e-04
diff epoch 139/160: loss=2.205883e-01, lr=1.000e-04
diff epoch 140/160: loss=2.204167e-01, lr=1.000e-04
diff epoch 141/160: loss=2.207121e-01, lr=1.000e-04
diff epoch 142/160: loss=2.204549e-01, lr=1.000e-04
diff epoch 143/160: loss=2.205617e-01, lr=1.000e-04
diff epoch 144/160: loss=2.205840e-01, lr=1.000e-04
diff epoch 145/160: loss=2.205137e-01, lr=1.000e-04
diff epoch 146/160: loss=2.206500e-01, lr=1.000e-04
diff epoch 147/160: loss=2.207296e-01, lr=1.000e-04
diff epoch 148/160: loss=2.205558e-01, lr=1.000e-04
diff epoch 149/160: loss=2.205244e-01, lr=1.000e-04
diff epoch 150/160: loss=2.205230e-01, lr=1.000e-04
diff epoch 151/160: loss=2.205606e-01, lr=1.000e-04
diff epoch 152/160: loss=2.205817e-01, lr=1.000e-04
diff epoch 153/160: loss=2.205444e-01, lr=1.000e-04
diff epoch 154/160: loss=2.207659e-01, lr=1.000e-04
diff epoch 155/160: loss=2.204458e-01, lr=1.000e-04
diff epoch 156/160: loss=2.204502e-01, lr=1.000e-04
diff epoch 157/160: loss=2.207024e-01, lr=1.000e-04
diff epoch 158/160: loss=2.206114e-01, lr=1.000e-04
diff epoch 159/160: loss=2.204834e-01, lr=1.000e-04
diff epoch 160/160: loss=2.204208e-01, lr=1.000e-04
[SSPA] diffusion training complete; starting evaluation
[SSPA] DDPM chunk 1/1: batch=1000000, sample=0.66s, total=0.66s, elapsed=0.66s, eta=0.00s
[SSPA] DDPM done: swd=0.002528, sample=0.66s, swd_eval=0.25s
[SSPA] DDIM-100 chunk 1/1: batch=1000000, sample=0.60s, total=0.60s, elapsed=0.60s, eta=0.00s
[SSPA] DDIM-100 done: swd=0.001973, sample=0.60s, swd_eval=0.28s
[SSPA] DDIM-50 chunk 1/1: batch=1000000, sample=0.20s, total=0.20s, elapsed=0.20s, eta=0.00s
[SSPA] DDIM-50 done: swd=0.002366, sample=0.20s, swd_eval=0.28s
[SSPA] DDIM-20 chunk 1/1: batch=1000000, sample=0.01s, total=0.01s, elapsed=0.01s, eta=0.00s
[SSPA] DDIM-20 done: swd=0.005318, sample=0.01s, swd_eval=0.24s
[SSPA] DDIM-10 chunk 1/1: batch=1000000, sample=0.00s, total=0.01s, elapsed=0.01s, eta=0.00s
[SSPA] DDIM-10 done: swd=0.008586, sample=0.00s, swd_eval=0.16s
[benchmark] matplotlib not available; skipping plot generation
{
  "output_json": "/home/rifr807e/repos/conditional_drifting_models/results_hpc/20260318_203626/paper2309_benchmark_seed10/paper2309_benchmark_summary.json",
  "output_dir": "/home/rifr807e/repos/conditional_drifting_models/results_hpc/20260318_203626/paper2309_benchmark_seed10",
  "channels": [
    "AWGN",
    "Rayleigh",
    "SSPA"
  ]
}

[seed-runner] exit_code: 0
[seed-runner] elapsed_seconds: 16604.798
