[seed-runner] start 2026-03-19T02:36:14Z
[seed-runner] label: paper
[seed-runner] cwd: /home/h3/rifr807e/repos/conditional_drifting_models
[seed-runner] command: /software/genoa/r24.04/Python/3.11.3-GCCcore-12.3.0/bin/python -u scripts/run_paper2309_benchmark.py --device cuda --seed 7 --channels AWGN,Rayleigh,SSPA --eval-size 1000000 --out-dir /home/rifr807e/repos/conditional_drifting_models/results_hpc/20260318_203626/paper2309_benchmark_seed7

epoch 1/30: loss=6.826579e-04, drift=6.599605e-02
epoch 2/30: loss=3.802621e-04, drift=4.932542e-02
epoch 3/30: loss=2.160844e-04, drift=3.710876e-02
epoch 4/30: loss=1.333691e-04, drift=2.944447e-02
epoch 5/30: loss=1.184939e-04, drift=2.778103e-02
epoch 6/30: loss=1.177811e-04, drift=2.772126e-02
epoch 7/30: loss=1.152707e-04, drift=2.743646e-02
epoch 8/30: loss=1.090137e-04, drift=2.665394e-02
epoch 9/30: loss=1.080135e-04, drift=2.655363e-02
epoch 10/30: loss=1.101523e-04, drift=2.678683e-02
epoch 11/30: loss=1.026617e-04, drift=2.589108e-02
epoch 12/30: loss=1.058839e-04, drift=2.627825e-02
epoch 13/30: loss=1.010805e-04, drift=2.564559e-02
epoch 14/30: loss=1.043211e-04, drift=2.608004e-02
epoch 15/30: loss=1.003420e-04, drift=2.558367e-02
epoch 16/30: loss=1.022029e-04, drift=2.580077e-02
epoch 17/30: loss=9.755654e-05, drift=2.524754e-02
epoch 18/30: loss=9.727751e-05, drift=2.517105e-02
epoch 19/30: loss=9.779122e-05, drift=2.523804e-02
epoch 20/30: loss=9.891515e-05, drift=2.539562e-02
epoch 21/30: loss=9.758329e-05, drift=2.520691e-02
epoch 22/30: loss=9.907911e-05, drift=2.542731e-02
epoch 23/30: loss=9.829801e-05, drift=2.535913e-02
epoch 24/30: loss=9.486243e-05, drift=2.488878e-02
epoch 25/30: loss=9.623044e-05, drift=2.506285e-02
epoch 26/30: loss=9.614001e-05, drift=2.503546e-02
epoch 27/30: loss=9.445502e-05, drift=2.481548e-02
epoch 28/30: loss=9.420985e-05, drift=2.472843e-02
epoch 29/30: loss=9.425148e-05, drift=2.481607e-02
epoch 30/30: loss=9.497580e-05, drift=2.487637e-02
epoch 1/30: loss=1.740930e-04, drift=3.353148e-02
epoch 2/30: loss=1.554274e-04, drift=3.182051e-02
epoch 3/30: loss=1.434126e-04, drift=3.060876e-02
epoch 4/30: loss=1.405727e-04, drift=3.026690e-02
epoch 5/30: loss=1.394604e-04, drift=3.015453e-02
epoch 6/30: loss=1.349574e-04, drift=2.962345e-02
epoch 7/30: loss=1.345560e-04, drift=2.959470e-02
epoch 8/30: loss=1.335506e-04, drift=2.956014e-02
epoch 9/30: loss=1.317170e-04, drift=2.930208e-02
epoch 10/30: loss=1.344741e-04, drift=2.958670e-02
epoch 11/30: loss=1.296596e-04, drift=2.903392e-02
epoch 12/30: loss=1.346223e-04, drift=2.959804e-02
epoch 13/30: loss=1.301903e-04, drift=2.914397e-02
epoch 14/30: loss=1.314186e-04, drift=2.924310e-02
epoch 15/30: loss=1.321444e-04, drift=2.937545e-02
epoch 16/30: loss=1.288636e-04, drift=2.895867e-02
epoch 17/30: loss=1.302491e-04, drift=2.914353e-02
epoch 18/30: loss=1.290809e-04, drift=2.901251e-02
epoch 19/30: loss=1.291136e-04, drift=2.901259e-02
epoch 20/30: loss=1.310644e-04, drift=2.925907e-02
epoch 21/30: loss=1.263583e-04, drift=2.868858e-02
epoch 22/30: loss=1.284404e-04, drift=2.895568e-02
epoch 23/30: loss=1.273677e-04, drift=2.878094e-02
epoch 24/30: loss=1.310423e-04, drift=2.922332e-02
epoch 25/30: loss=1.258921e-04, drift=2.866986e-02
epoch 26/30: loss=1.276689e-04, drift=2.884938e-02
epoch 27/30: loss=1.276371e-04, drift=2.880142e-02
epoch 28/30: loss=1.290842e-04, drift=2.905189e-02
epoch 29/30: loss=1.285567e-04, drift=2.895323e-02
epoch 30/30: loss=1.276211e-04, drift=2.885185e-02
diff epoch 1/30: loss=5.692265e-01, lr=1.000e-03
diff epoch 2/30: loss=5.210186e-01, lr=1.000e-03
diff epoch 3/30: loss=5.205505e-01, lr=1.000e-03
diff epoch 4/30: loss=5.204298e-01, lr=1.000e-03
diff epoch 5/30: loss=5.202293e-01, lr=1.000e-03
diff epoch 6/30: loss=5.200087e-01, lr=1.000e-03
diff epoch 7/30: loss=5.199656e-01, lr=1.000e-03
diff epoch 8/30: loss=5.199778e-01, lr=1.000e-03
diff epoch 9/30: loss=5.197799e-01, lr=1.000e-03
diff epoch 10/30: loss=5.199881e-01, lr=1.000e-03
diff epoch 11/30: loss=5.191250e-01, lr=1.000e-04
diff epoch 12/30: loss=5.190380e-01, lr=1.000e-04
diff epoch 13/30: loss=5.190599e-01, lr=1.000e-04
diff epoch 14/30: loss=5.188698e-01, lr=1.000e-04
diff epoch 15/30: loss=5.189546e-01, lr=1.000e-04
diff epoch 16/30: loss=5.188286e-01, lr=1.000e-04
diff epoch 17/30: loss=5.187710e-01, lr=1.000e-04
diff epoch 18/30: loss=5.188316e-01, lr=1.000e-04
diff epoch 19/30: loss=5.187882e-01, lr=1.000e-04
diff epoch 20/30: loss=5.190450e-01, lr=1.000e-04
diff epoch 21/30: loss=5.189406e-01, lr=1.000e-04
diff epoch 22/30: loss=5.188756e-01, lr=1.000e-04
diff epoch 23/30: loss=5.186298e-01, lr=1.000e-04
diff epoch 24/30: loss=5.188844e-01, lr=1.000e-04
diff epoch 25/30: loss=5.189558e-01, lr=1.000e-04
diff epoch 26/30: loss=5.190061e-01, lr=1.000e-04
diff epoch 27/30: loss=5.190591e-01, lr=1.000e-04
diff epoch 28/30: loss=5.189072e-01, lr=1.000e-04
diff epoch 29/30: loss=5.187106e-01, lr=1.000e-04
diff epoch 30/30: loss=5.189547e-01, lr=1.000e-04
[AWGN] diffusion training complete; starting evaluation
[AWGN] DDPM chunk 1/1: batch=1000000, sample=0.66s, total=0.66s, elapsed=0.66s, eta=0.00s
[AWGN] DDPM done: swd=0.006491, sample=0.66s, swd_eval=0.25s
[AWGN] DDIM-100 chunk 1/1: batch=1000000, sample=0.61s, total=0.61s, elapsed=0.61s, eta=0.00s
[AWGN] DDIM-100 done: swd=0.004487, sample=0.61s, swd_eval=0.29s
[AWGN] DDIM-50 chunk 1/1: batch=1000000, sample=0.20s, total=0.20s, elapsed=0.20s, eta=0.00s
[AWGN] DDIM-50 done: swd=0.006275, sample=0.20s, swd_eval=0.29s
[AWGN] DDIM-20 chunk 1/1: batch=1000000, sample=0.01s, total=0.01s, elapsed=0.01s, eta=0.00s
[AWGN] DDIM-20 done: swd=0.013701, sample=0.01s, swd_eval=0.24s
[AWGN] DDIM-10 chunk 1/1: batch=1000000, sample=0.00s, total=0.01s, elapsed=0.01s, eta=0.00s
[AWGN] DDIM-10 done: swd=0.025871, sample=0.00s, swd_eval=0.16s
epoch 1/30: loss=4.542180e-04, drift=5.371884e-02
epoch 2/30: loss=2.520805e-04, drift=4.015261e-02
epoch 3/30: loss=1.325219e-04, drift=2.925198e-02
epoch 4/30: loss=9.717249e-05, drift=2.514653e-02
epoch 5/30: loss=9.182335e-05, drift=2.442254e-02
epoch 6/30: loss=8.984262e-05, drift=2.419913e-02
epoch 7/30: loss=8.995303e-05, drift=2.414471e-02
epoch 8/30: loss=8.770515e-05, drift=2.384272e-02
epoch 9/30: loss=8.720246e-05, drift=2.380001e-02
epoch 10/30: loss=8.795370e-05, drift=2.392502e-02
epoch 11/30: loss=8.960606e-05, drift=2.412310e-02
epoch 12/30: loss=8.780049e-05, drift=2.387203e-02
epoch 13/30: loss=8.640380e-05, drift=2.364267e-02
epoch 14/30: loss=8.112332e-05, drift=2.293564e-02
epoch 15/30: loss=8.347116e-05, drift=2.327890e-02
epoch 16/30: loss=8.056378e-05, drift=2.288002e-02
epoch 17/30: loss=8.055065e-05, drift=2.286015e-02
epoch 18/30: loss=8.047229e-05, drift=2.283872e-02
epoch 19/30: loss=7.921419e-05, drift=2.266159e-02
epoch 20/30: loss=7.580104e-05, drift=2.216818e-02
epoch 21/30: loss=7.729570e-05, drift=2.241021e-02
epoch 22/30: loss=7.812427e-05, drift=2.251469e-02
epoch 23/30: loss=7.831045e-05, drift=2.256832e-02
epoch 24/30: loss=7.603238e-05, drift=2.220427e-02
epoch 25/30: loss=7.679511e-05, drift=2.234951e-02
epoch 26/30: loss=7.528161e-05, drift=2.215006e-02
epoch 27/30: loss=7.703814e-05, drift=2.234296e-02
epoch 28/30: loss=7.670686e-05, drift=2.231898e-02
epoch 29/30: loss=7.551778e-05, drift=2.218381e-02
epoch 30/30: loss=7.419742e-05, drift=2.194336e-02
epoch 1/30: loss=1.601444e-04, drift=3.212878e-02
epoch 2/30: loss=1.322136e-04, drift=2.938576e-02
epoch 3/30: loss=1.205517e-04, drift=2.803592e-02
epoch 4/30: loss=1.126085e-04, drift=2.707394e-02
epoch 5/30: loss=1.095503e-04, drift=2.669981e-02
epoch 6/30: loss=1.035182e-04, drift=2.596051e-02
epoch 7/30: loss=1.012173e-04, drift=2.567894e-02
epoch 8/30: loss=1.004641e-04, drift=2.557808e-02
epoch 9/30: loss=9.685231e-05, drift=2.510005e-02
epoch 10/30: loss=9.672628e-05, drift=2.506866e-02
epoch 11/30: loss=9.882640e-05, drift=2.539450e-02
epoch 12/30: loss=9.692558e-05, drift=2.510812e-02
epoch 13/30: loss=9.690048e-05, drift=2.512321e-02
epoch 14/30: loss=9.730718e-05, drift=2.518253e-02
epoch 15/30: loss=9.491096e-05, drift=2.486421e-02
epoch 16/30: loss=9.496444e-05, drift=2.487202e-02
epoch 17/30: loss=9.394257e-05, drift=2.475257e-02
epoch 18/30: loss=9.708643e-05, drift=2.512927e-02
epoch 19/30: loss=9.423730e-05, drift=2.477716e-02
epoch 20/30: loss=9.555942e-05, drift=2.495646e-02
epoch 21/30: loss=9.466186e-05, drift=2.485698e-02
epoch 22/30: loss=9.449553e-05, drift=2.482054e-02
epoch 23/30: loss=9.537347e-05, drift=2.492658e-02
epoch 24/30: loss=9.272291e-05, drift=2.455656e-02
epoch 25/30: loss=9.312034e-05, drift=2.461517e-02
epoch 26/30: loss=9.356927e-05, drift=2.471147e-02
epoch 27/30: loss=9.285399e-05, drift=2.458924e-02
epoch 28/30: loss=9.045224e-05, drift=2.434527e-02
epoch 29/30: loss=9.163426e-05, drift=2.444111e-02
epoch 30/30: loss=9.369215e-05, drift=2.470833e-02
diff epoch 1/30: loss=5.477091e-01, lr=1.000e-03
diff epoch 2/30: loss=5.124534e-01, lr=1.000e-03
diff epoch 3/30: loss=5.066937e-01, lr=1.000e-03
diff epoch 4/30: loss=4.870780e-01, lr=1.000e-03
diff epoch 5/30: loss=4.648815e-01, lr=1.000e-03
diff epoch 6/30: loss=4.598098e-01, lr=1.000e-03
diff epoch 7/30: loss=4.581219e-01, lr=1.000e-03
diff epoch 8/30: loss=4.572746e-01, lr=1.000e-03
diff epoch 9/30: loss=4.565134e-01, lr=1.000e-03
diff epoch 10/30: loss=4.561980e-01, lr=1.000e-03
diff epoch 11/30: loss=4.550293e-01, lr=1.000e-04
diff epoch 12/30: loss=4.550262e-01, lr=1.000e-04
diff epoch 13/30: loss=4.547921e-01, lr=1.000e-04
diff epoch 14/30: loss=4.548757e-01, lr=1.000e-04
diff epoch 15/30: loss=4.546775e-01, lr=1.000e-04
diff epoch 16/30: loss=4.546977e-01, lr=1.000e-04
diff epoch 17/30: loss=4.544891e-01, lr=1.000e-04
diff epoch 18/30: loss=4.546653e-01, lr=1.000e-04
diff epoch 19/30: loss=4.546398e-01, lr=1.000e-04
diff epoch 20/30: loss=4.546544e-01, lr=1.000e-04
diff epoch 21/30: loss=4.544088e-01, lr=1.000e-04
diff epoch 22/30: loss=4.545324e-01, lr=1.000e-04
diff epoch 23/30: loss=4.546387e-01, lr=1.000e-04
diff epoch 24/30: loss=4.543222e-01, lr=1.000e-04
diff epoch 25/30: loss=4.545038e-01, lr=1.000e-04
diff epoch 26/30: loss=4.546473e-01, lr=1.000e-04
diff epoch 27/30: loss=4.543936e-01, lr=1.000e-04
diff epoch 28/30: loss=4.544739e-01, lr=1.000e-04
diff epoch 29/30: loss=4.541304e-01, lr=1.000e-04
diff epoch 30/30: loss=4.543122e-01, lr=1.000e-04
[Rayleigh] diffusion training complete; starting evaluation
[Rayleigh] DDPM chunk 1/1: batch=1000000, sample=0.76s, total=0.76s, elapsed=0.76s, eta=0.00s
[Rayleigh] DDPM done: swd=0.007809, sample=0.76s, swd_eval=0.27s
[Rayleigh] DDIM-100 chunk 1/1: batch=1000000, sample=0.69s, total=0.69s, elapsed=0.69s, eta=0.00s
[Rayleigh] DDIM-100 done: swd=0.004409, sample=0.69s, swd_eval=0.32s
[Rayleigh] DDIM-50 chunk 1/1: batch=1000000, sample=0.23s, total=0.23s, elapsed=0.23s, eta=0.00s
[Rayleigh] DDIM-50 done: swd=0.006575, sample=0.23s, swd_eval=0.32s
[Rayleigh] DDIM-20 chunk 1/1: batch=1000000, sample=0.01s, total=0.01s, elapsed=0.01s, eta=0.00s
[Rayleigh] DDIM-20 done: swd=0.013516, sample=0.01s, swd_eval=0.26s
[Rayleigh] DDIM-10 chunk 1/1: batch=1000000, sample=0.01s, total=0.01s, elapsed=0.01s, eta=0.00s
[Rayleigh] DDIM-10 done: swd=0.026491, sample=0.01s, swd_eval=0.17s
epoch 1/160: loss=7.636514e-04, drift=7.523419e-02
epoch 2/160: loss=3.675454e-04, drift=5.193161e-02
epoch 3/160: loss=1.639136e-04, drift=3.482756e-02
epoch 4/160: loss=1.158153e-04, drift=2.946751e-02
epoch 5/160: loss=1.170937e-04, drift=2.963167e-02
epoch 6/160: loss=1.042314e-04, drift=2.802264e-02
epoch 7/160: loss=1.036858e-04, drift=2.790846e-02
epoch 8/160: loss=1.015718e-04, drift=2.763925e-02
epoch 9/160: loss=9.912532e-05, drift=2.729358e-02
epoch 10/160: loss=9.766960e-05, drift=2.709535e-02
epoch 11/160: loss=9.486666e-05, drift=2.670400e-02
epoch 12/160: loss=9.254593e-05, drift=2.636789e-02
epoch 13/160: loss=8.732462e-05, drift=2.561061e-02
epoch 14/160: loss=8.821603e-05, drift=2.576293e-02
epoch 15/160: loss=8.523006e-05, drift=2.528606e-02
epoch 16/160: loss=8.271181e-05, drift=2.491213e-02
epoch 17/160: loss=8.178991e-05, drift=2.479628e-02
epoch 18/160: loss=7.803055e-05, drift=2.422452e-02
epoch 19/160: loss=7.570813e-05, drift=2.385183e-02
epoch 20/160: loss=7.434799e-05, drift=2.364759e-02
epoch 21/160: loss=7.396442e-05, drift=2.358202e-02
epoch 22/160: loss=7.165576e-05, drift=2.320651e-02
epoch 23/160: loss=6.894610e-05, drift=2.275188e-02
epoch 24/160: loss=6.765560e-05, drift=2.254438e-02
epoch 25/160: loss=6.525861e-05, drift=2.213823e-02
epoch 26/160: loss=6.476132e-05, drift=2.208914e-02
epoch 27/160: loss=6.441894e-05, drift=2.194048e-02
epoch 28/160: loss=6.230203e-05, drift=2.161080e-02
epoch 29/160: loss=6.139972e-05, drift=2.146294e-02
epoch 30/160: loss=6.032070e-05, drift=2.131470e-02
epoch 31/160: loss=5.935384e-05, drift=2.112162e-02
epoch 32/160: loss=5.945472e-05, drift=2.113529e-02
epoch 33/160: loss=5.653342e-05, drift=2.061452e-02
epoch 34/160: loss=5.765509e-05, drift=2.079357e-02
epoch 35/160: loss=5.643837e-05, drift=2.060392e-02
epoch 36/160: loss=5.607000e-05, drift=2.053243e-02
epoch 37/160: loss=5.520548e-05, drift=2.035266e-02
epoch 38/160: loss=5.389597e-05, drift=2.012505e-02
epoch 39/160: loss=5.565060e-05, drift=2.042268e-02
epoch 40/160: loss=5.413747e-05, drift=2.017218e-02
epoch 41/160: loss=5.386867e-05, drift=2.011343e-02
epoch 42/160: loss=5.313017e-05, drift=1.997855e-02
epoch 43/160: loss=5.306562e-05, drift=1.996264e-02
epoch 44/160: loss=5.265545e-05, drift=1.989297e-02
epoch 45/160: loss=5.164448e-05, drift=1.968894e-02
epoch 46/160: loss=5.159960e-05, drift=1.969119e-02
epoch 47/160: loss=5.145576e-05, drift=1.965344e-02
epoch 48/160: loss=5.111833e-05, drift=1.962172e-02
epoch 49/160: loss=5.031886e-05, drift=1.944315e-02
epoch 50/160: loss=5.043602e-05, drift=1.945334e-02
epoch 51/160: loss=5.058470e-05, drift=1.947590e-02
epoch 52/160: loss=4.902022e-05, drift=1.921572e-02
epoch 53/160: loss=4.949017e-05, drift=1.927112e-02
epoch 54/160: loss=4.906778e-05, drift=1.920697e-02
epoch 55/160: loss=4.846915e-05, drift=1.911366e-02
epoch 56/160: loss=4.955347e-05, drift=1.927344e-02
epoch 57/160: loss=4.722913e-05, drift=1.884331e-02
epoch 58/160: loss=4.748970e-05, drift=1.889726e-02
epoch 59/160: loss=4.724289e-05, drift=1.886117e-02
epoch 60/160: loss=4.665723e-05, drift=1.872189e-02
epoch 61/160: loss=4.610705e-05, drift=1.859596e-02
epoch 62/160: loss=4.611299e-05, drift=1.863751e-02
epoch 63/160: loss=4.679071e-05, drift=1.873811e-02
epoch 64/160: loss=4.631779e-05, drift=1.865563e-02
epoch 65/160: loss=4.530888e-05, drift=1.844026e-02
epoch 66/160: loss=4.587407e-05, drift=1.853128e-02
epoch 67/160: loss=4.665819e-05, drift=1.871997e-02
epoch 68/160: loss=4.490620e-05, drift=1.837828e-02
epoch 69/160: loss=4.413172e-05, drift=1.819339e-02
epoch 70/160: loss=4.513340e-05, drift=1.838880e-02
epoch 71/160: loss=4.436075e-05, drift=1.825073e-02
epoch 72/160: loss=4.510901e-05, drift=1.841255e-02
epoch 73/160: loss=4.536529e-05, drift=1.847764e-02
epoch 74/160: loss=4.501528e-05, drift=1.838255e-02
epoch 75/160: loss=4.386584e-05, drift=1.814849e-02
epoch 76/160: loss=4.367358e-05, drift=1.811573e-02
epoch 77/160: loss=4.489944e-05, drift=1.837728e-02
epoch 78/160: loss=4.507487e-05, drift=1.840737e-02
epoch 79/160: loss=4.317643e-05, drift=1.800519e-02
epoch 80/160: loss=4.372714e-05, drift=1.812814e-02
epoch 81/160: loss=4.454681e-05, drift=1.827849e-02
epoch 82/160: loss=4.374785e-05, drift=1.813554e-02
epoch 83/160: loss=4.303076e-05, drift=1.798814e-02
epoch 84/160: loss=4.288022e-05, drift=1.793750e-02
epoch 85/160: loss=4.259504e-05, drift=1.790586e-02
epoch 86/160: loss=4.397388e-05, drift=1.819461e-02
epoch 87/160: loss=4.350890e-05, drift=1.809647e-02
epoch 88/160: loss=4.316525e-05, drift=1.802480e-02
epoch 89/160: loss=4.357727e-05, drift=1.807090e-02
epoch 90/160: loss=4.250356e-05, drift=1.786329e-02
epoch 91/160: loss=4.199075e-05, drift=1.776153e-02
epoch 92/160: loss=4.150747e-05, drift=1.765008e-02
epoch 93/160: loss=4.233841e-05, drift=1.783892e-02
epoch 94/160: loss=4.225895e-05, drift=1.780770e-02
epoch 95/160: loss=4.261342e-05, drift=1.792022e-02
epoch 96/160: loss=4.132410e-05, drift=1.760907e-02
epoch 97/160: loss=4.153193e-05, drift=1.764408e-02
epoch 98/160: loss=4.183419e-05, drift=1.772457e-02
epoch 99/160: loss=4.181648e-05, drift=1.772511e-02
epoch 100/160: loss=4.099080e-05, drift=1.754136e-02
epoch 101/160: loss=4.182918e-05, drift=1.773414e-02
epoch 102/160: loss=4.117852e-05, drift=1.758396e-02
epoch 103/160: loss=4.101252e-05, drift=1.754005e-02
epoch 104/160: loss=4.160944e-05, drift=1.765564e-02
epoch 105/160: loss=4.008855e-05, drift=1.734305e-02
epoch 106/160: loss=4.296369e-05, drift=1.797113e-02
epoch 107/160: loss=4.102167e-05, drift=1.758269e-02
epoch 108/160: loss=4.074082e-05, drift=1.751143e-02
epoch 109/160: loss=4.075149e-05, drift=1.749841e-02
epoch 110/160: loss=4.046521e-05, drift=1.742644e-02
epoch 111/160: loss=4.022143e-05, drift=1.739334e-02
epoch 112/160: loss=3.907083e-05, drift=1.713373e-02
epoch 113/160: loss=3.945508e-05, drift=1.721784e-02
epoch 114/160: loss=3.993761e-05, drift=1.733278e-02
epoch 115/160: loss=4.124934e-05, drift=1.758230e-02
epoch 116/160: loss=3.884023e-05, drift=1.705219e-02
epoch 117/160: loss=4.010703e-05, drift=1.736360e-02
epoch 118/160: loss=3.982832e-05, drift=1.730801e-02
epoch 119/160: loss=4.069275e-05, drift=1.749349e-02
epoch 120/160: loss=3.959105e-05, drift=1.724785e-02
epoch 121/160: loss=3.915232e-05, drift=1.716223e-02
epoch 122/160: loss=3.992240e-05, drift=1.732808e-02
epoch 123/160: loss=3.868487e-05, drift=1.704703e-02
epoch 124/160: loss=3.899528e-05, drift=1.711531e-02
epoch 125/160: loss=3.918784e-05, drift=1.715305e-02
epoch 126/160: loss=3.817398e-05, drift=1.693653e-02
epoch 127/160: loss=3.967144e-05, drift=1.727788e-02
epoch 128/160: loss=3.959658e-05, drift=1.727285e-02
epoch 129/160: loss=3.866649e-05, drift=1.705424e-02
epoch 130/160: loss=4.033524e-05, drift=1.741896e-02
epoch 131/160: loss=3.842005e-05, drift=1.701119e-02
epoch 132/160: loss=3.902834e-05, drift=1.711597e-02
epoch 133/160: loss=3.885009e-05, drift=1.709229e-02
epoch 134/160: loss=3.886157e-05, drift=1.709112e-02
epoch 135/160: loss=3.918179e-05, drift=1.718152e-02
epoch 136/160: loss=3.745368e-05, drift=1.678192e-02
epoch 137/160: loss=3.928259e-05, drift=1.718482e-02
epoch 138/160: loss=3.867858e-05, drift=1.704629e-02
epoch 139/160: loss=3.856592e-05, drift=1.701535e-02
epoch 140/160: loss=3.830725e-05, drift=1.692996e-02
epoch 141/160: loss=3.803809e-05, drift=1.691486e-02
epoch 142/160: loss=3.836171e-05, drift=1.698984e-02
epoch 143/160: loss=3.768787e-05, drift=1.683183e-02
epoch 144/160: loss=3.784732e-05, drift=1.686512e-02
epoch 145/160: loss=3.749885e-05, drift=1.680024e-02
epoch 146/160: loss=3.778866e-05, drift=1.685788e-02
epoch 147/160: loss=3.800370e-05, drift=1.691503e-02
epoch 148/160: loss=3.778423e-05, drift=1.684897e-02
epoch 149/160: loss=3.759769e-05, drift=1.680879e-02
epoch 150/160: loss=3.805544e-05, drift=1.690436e-02
epoch 151/160: loss=3.795836e-05, drift=1.688720e-02
epoch 152/160: loss=3.813310e-05, drift=1.693888e-02
epoch 153/160: loss=3.745306e-05, drift=1.677503e-02
epoch 154/160: loss=3.865742e-05, drift=1.702524e-02
epoch 155/160: loss=3.838893e-05, drift=1.699016e-02
epoch 156/160: loss=3.677421e-05, drift=1.662960e-02
epoch 157/160: loss=3.834047e-05, drift=1.699687e-02
epoch 158/160: loss=3.801297e-05, drift=1.691610e-02
epoch 159/160: loss=3.681199e-05, drift=1.663848e-02
epoch 160/160: loss=3.787587e-05, drift=1.688576e-02
epoch 1/160: loss=1.955540e-04, drift=3.825181e-02
epoch 2/160: loss=1.639682e-04, drift=3.513454e-02
epoch 3/160: loss=1.608475e-04, drift=3.475132e-02
epoch 4/160: loss=1.598352e-04, drift=3.468341e-02
epoch 5/160: loss=1.543458e-04, drift=3.405773e-02
epoch 6/160: loss=1.523756e-04, drift=3.384080e-02
epoch 7/160: loss=1.485240e-04, drift=3.343332e-02
epoch 8/160: loss=1.508630e-04, drift=3.373743e-02
epoch 9/160: loss=1.444783e-04, drift=3.300121e-02
epoch 10/160: loss=1.465231e-04, drift=3.316356e-02
epoch 11/160: loss=1.451419e-04, drift=3.296474e-02
epoch 12/160: loss=1.453085e-04, drift=3.305819e-02
epoch 13/160: loss=1.448873e-04, drift=3.300820e-02
epoch 14/160: loss=1.435965e-04, drift=3.283892e-02
epoch 15/160: loss=1.427400e-04, drift=3.279669e-02
epoch 16/160: loss=1.432573e-04, drift=3.279897e-02
epoch 17/160: loss=1.451385e-04, drift=3.303631e-02
epoch 18/160: loss=1.428715e-04, drift=3.275465e-02
epoch 19/160: loss=1.425425e-04, drift=3.274212e-02
epoch 20/160: loss=1.425798e-04, drift=3.271998e-02
epoch 21/160: loss=1.435306e-04, drift=3.282933e-02
epoch 22/160: loss=1.415385e-04, drift=3.261516e-02
epoch 23/160: loss=1.408209e-04, drift=3.252247e-02
epoch 24/160: loss=1.426934e-04, drift=3.270319e-02
epoch 25/160: loss=1.393372e-04, drift=3.232420e-02
epoch 26/160: loss=1.427046e-04, drift=3.271523e-02
epoch 27/160: loss=1.400471e-04, drift=3.242605e-02
epoch 28/160: loss=1.375774e-04, drift=3.213723e-02
epoch 29/160: loss=1.398937e-04, drift=3.239567e-02
epoch 30/160: loss=1.387343e-04, drift=3.225455e-02
epoch 31/160: loss=1.388341e-04, drift=3.229400e-02
epoch 32/160: loss=1.376997e-04, drift=3.217556e-02
epoch 33/160: loss=1.377639e-04, drift=3.214365e-02
epoch 34/160: loss=1.365666e-04, drift=3.205591e-02
epoch 35/160: loss=1.333139e-04, drift=3.169934e-02
epoch 36/160: loss=1.380793e-04, drift=3.221917e-02
epoch 37/160: loss=1.362118e-04, drift=3.196625e-02
epoch 38/160: loss=1.366630e-04, drift=3.206122e-02
epoch 39/160: loss=1.342824e-04, drift=3.179343e-02
epoch 40/160: loss=1.357410e-04, drift=3.193746e-02
epoch 41/160: loss=1.359062e-04, drift=3.194055e-02
epoch 42/160: loss=1.326867e-04, drift=3.158266e-02
epoch 43/160: loss=1.362847e-04, drift=3.200064e-02
epoch 44/160: loss=1.364024e-04, drift=3.202864e-02
epoch 45/160: loss=1.330474e-04, drift=3.161206e-02
epoch 46/160: loss=1.323507e-04, drift=3.154804e-02
epoch 47/160: loss=1.326140e-04, drift=3.150806e-02
epoch 48/160: loss=1.360969e-04, drift=3.196696e-02
epoch 49/160: loss=1.351868e-04, drift=3.186746e-02
epoch 50/160: loss=1.322723e-04, drift=3.150773e-02
epoch 51/160: loss=1.353776e-04, drift=3.188251e-02
epoch 52/160: loss=1.321352e-04, drift=3.151328e-02
epoch 53/160: loss=1.327132e-04, drift=3.152665e-02
epoch 54/160: loss=1.322692e-04, drift=3.155076e-02
epoch 55/160: loss=1.329013e-04, drift=3.162249e-02
epoch 56/160: loss=1.312938e-04, drift=3.141247e-02
epoch 57/160: loss=1.310192e-04, drift=3.138069e-02
epoch 58/160: loss=1.314559e-04, drift=3.144540e-02
epoch 59/160: loss=1.314956e-04, drift=3.144853e-02
epoch 60/160: loss=1.285673e-04, drift=3.108109e-02
epoch 61/160: loss=1.324052e-04, drift=3.151336e-02
epoch 62/160: loss=1.304661e-04, drift=3.133151e-02
epoch 63/160: loss=1.293041e-04, drift=3.115693e-02
epoch 64/160: loss=1.289458e-04, drift=3.111148e-02
epoch 65/160: loss=1.301556e-04, drift=3.128818e-02
epoch 66/160: loss=1.286800e-04, drift=3.114007e-02
epoch 67/160: loss=1.289873e-04, drift=3.116785e-02
epoch 68/160: loss=1.270459e-04, drift=3.086582e-02
epoch 69/160: loss=1.296213e-04, drift=3.126271e-02
epoch 70/160: loss=1.291082e-04, drift=3.118559e-02
epoch 71/160: loss=1.311255e-04, drift=3.133687e-02
epoch 72/160: loss=1.273214e-04, drift=3.093633e-02
epoch 73/160: loss=1.308701e-04, drift=3.134989e-02
epoch 74/160: loss=1.284772e-04, drift=3.104434e-02
epoch 75/160: loss=1.289179e-04, drift=3.115282e-02
epoch 76/160: loss=1.269753e-04, drift=3.087913e-02
epoch 77/160: loss=1.288574e-04, drift=3.112140e-02
epoch 78/160: loss=1.295394e-04, drift=3.122374e-02
epoch 79/160: loss=1.273602e-04, drift=3.091533e-02
epoch 80/160: loss=1.281007e-04, drift=3.110254e-02
epoch 81/160: loss=1.297563e-04, drift=3.123630e-02
epoch 82/160: loss=1.254612e-04, drift=3.073761e-02
epoch 83/160: loss=1.281822e-04, drift=3.104031e-02
epoch 84/160: loss=1.259218e-04, drift=3.072013e-02
epoch 85/160: loss=1.278603e-04, drift=3.098331e-02
epoch 86/160: loss=1.283420e-04, drift=3.101497e-02
epoch 87/160: loss=1.268405e-04, drift=3.083236e-02
epoch 88/160: loss=1.271750e-04, drift=3.090811e-02
epoch 89/160: loss=1.284827e-04, drift=3.106942e-02
epoch 90/160: loss=1.285248e-04, drift=3.107515e-02
epoch 91/160: loss=1.241418e-04, drift=3.050042e-02
epoch 92/160: loss=1.269443e-04, drift=3.091820e-02
epoch 93/160: loss=1.266827e-04, drift=3.083002e-02
epoch 94/160: loss=1.271502e-04, drift=3.092426e-02
epoch 95/160: loss=1.280879e-04, drift=3.101206e-02
epoch 96/160: loss=1.255037e-04, drift=3.072770e-02
epoch 97/160: loss=1.259610e-04, drift=3.079743e-02
epoch 98/160: loss=1.277238e-04, drift=3.105278e-02
epoch 99/160: loss=1.290582e-04, drift=3.117293e-02
epoch 100/160: loss=1.265020e-04, drift=3.084303e-02
epoch 101/160: loss=1.274479e-04, drift=3.094830e-02
epoch 102/160: loss=1.257139e-04, drift=3.070956e-02
epoch 103/160: loss=1.256522e-04, drift=3.075076e-02
epoch 104/160: loss=1.252681e-04, drift=3.063577e-02
epoch 105/160: loss=1.254472e-04, drift=3.066854e-02
epoch 106/160: loss=1.234735e-04, drift=3.044068e-02
epoch 107/160: loss=1.253587e-04, drift=3.067716e-02
epoch 108/160: loss=1.268526e-04, drift=3.088336e-02
epoch 109/160: loss=1.229691e-04, drift=3.039993e-02
epoch 110/160: loss=1.257557e-04, drift=3.073419e-02
epoch 111/160: loss=1.235491e-04, drift=3.048777e-02
epoch 112/160: loss=1.258868e-04, drift=3.074842e-02
epoch 113/160: loss=1.250694e-04, drift=3.069488e-02
epoch 114/160: loss=1.245602e-04, drift=3.059662e-02
epoch 115/160: loss=1.247851e-04, drift=3.057020e-02
epoch 116/160: loss=1.246858e-04, drift=3.061873e-02
epoch 117/160: loss=1.240412e-04, drift=3.057210e-02
epoch 118/160: loss=1.255644e-04, drift=3.073057e-02
epoch 119/160: loss=1.239178e-04, drift=3.050996e-02
epoch 120/160: loss=1.262698e-04, drift=3.077207e-02
epoch 121/160: loss=1.243709e-04, drift=3.053367e-02
epoch 122/160: loss=1.233885e-04, drift=3.047485e-02
epoch 123/160: loss=1.232120e-04, drift=3.040653e-02
epoch 124/160: loss=1.254451e-04, drift=3.071649e-02
epoch 125/160: loss=1.262031e-04, drift=3.075482e-02
epoch 126/160: loss=1.256378e-04, drift=3.073118e-02
epoch 127/160: loss=1.252314e-04, drift=3.065917e-02
epoch 128/160: loss=1.220925e-04, drift=3.030400e-02
epoch 129/160: loss=1.231058e-04, drift=3.046080e-02
epoch 130/160: loss=1.250565e-04, drift=3.068057e-02
epoch 131/160: loss=1.249725e-04, drift=3.063999e-02
epoch 132/160: loss=1.260447e-04, drift=3.078160e-02
epoch 133/160: loss=1.244327e-04, drift=3.057672e-02
epoch 134/160: loss=1.212962e-04, drift=3.021803e-02
epoch 135/160: loss=1.227512e-04, drift=3.033836e-02
epoch 136/160: loss=1.215973e-04, drift=3.016873e-02
epoch 137/160: loss=1.244380e-04, drift=3.058792e-02
epoch 138/160: loss=1.220666e-04, drift=3.026519e-02
epoch 139/160: loss=1.254244e-04, drift=3.072942e-02
epoch 140/160: loss=1.214224e-04, drift=3.023276e-02
epoch 141/160: loss=1.231874e-04, drift=3.043200e-02
epoch 142/160: loss=1.241090e-04, drift=3.053694e-02
epoch 143/160: loss=1.232627e-04, drift=3.043444e-02
epoch 144/160: loss=1.243856e-04, drift=3.060080e-02
epoch 145/160: loss=1.221988e-04, drift=3.029429e-02
epoch 146/160: loss=1.248057e-04, drift=3.064433e-02
epoch 147/160: loss=1.236235e-04, drift=3.046164e-02
epoch 148/160: loss=1.217506e-04, drift=3.024921e-02
epoch 149/160: loss=1.237217e-04, drift=3.051040e-02
epoch 150/160: loss=1.230956e-04, drift=3.038080e-02
epoch 151/160: loss=1.223237e-04, drift=3.029691e-02
epoch 152/160: loss=1.247966e-04, drift=3.056580e-02
epoch 153/160: loss=1.222579e-04, drift=3.030976e-02
epoch 154/160: loss=1.221182e-04, drift=3.030774e-02
epoch 155/160: loss=1.228363e-04, drift=3.036173e-02
epoch 156/160: loss=1.225266e-04, drift=3.029565e-02
epoch 157/160: loss=1.212192e-04, drift=3.018948e-02
epoch 158/160: loss=1.252247e-04, drift=3.067941e-02
epoch 159/160: loss=1.222451e-04, drift=3.035194e-02
epoch 160/160: loss=1.216951e-04, drift=3.022467e-02
diff epoch 1/160: loss=7.484006e-01, lr=1.000e-04
diff epoch 2/160: loss=5.370935e-01, lr=1.000e-04
diff epoch 3/160: loss=5.169893e-01, lr=1.000e-04
diff epoch 4/160: loss=5.108884e-01, lr=1.000e-04
diff epoch 5/160: loss=5.074026e-01, lr=1.000e-04
diff epoch 6/160: loss=5.029843e-01, lr=1.000e-04
diff epoch 7/160: loss=4.938769e-01, lr=1.000e-04
diff epoch 8/160: loss=4.711317e-01, lr=1.000e-04
diff epoch 9/160: loss=4.259017e-01, lr=1.000e-04
diff epoch 10/160: loss=3.623276e-01, lr=1.000e-04
diff epoch 11/160: loss=3.071545e-01, lr=1.000e-04
diff epoch 12/160: loss=2.748250e-01, lr=1.000e-04
diff epoch 13/160: loss=2.578757e-01, lr=1.000e-04
diff epoch 14/160: loss=2.483818e-01, lr=1.000e-04
diff epoch 15/160: loss=2.420636e-01, lr=1.000e-04
diff epoch 16/160: loss=2.380608e-01, lr=1.000e-04
diff epoch 17/160: loss=2.351165e-01, lr=1.000e-04
diff epoch 18/160: loss=2.330120e-01, lr=1.000e-04
diff epoch 19/160: loss=2.313268e-01, lr=1.000e-04
diff epoch 20/160: loss=2.300083e-01, lr=1.000e-04
diff epoch 21/160: loss=2.287887e-01, lr=1.000e-04
diff epoch 22/160: loss=2.280237e-01, lr=1.000e-04
diff epoch 23/160: loss=2.270705e-01, lr=1.000e-04
diff epoch 24/160: loss=2.265575e-01, lr=1.000e-04
diff epoch 25/160: loss=2.258086e-01, lr=1.000e-04
diff epoch 26/160: loss=2.255543e-01, lr=1.000e-04
diff epoch 27/160: loss=2.250173e-01, lr=1.000e-04
diff epoch 28/160: loss=2.249643e-01, lr=1.000e-04
diff epoch 29/160: loss=2.247292e-01, lr=1.000e-04
diff epoch 30/160: loss=2.242344e-01, lr=1.000e-04
diff epoch 31/160: loss=2.240195e-01, lr=1.000e-04
diff epoch 32/160: loss=2.238412e-01, lr=1.000e-04
diff epoch 33/160: loss=2.237729e-01, lr=1.000e-04
diff epoch 34/160: loss=2.235612e-01, lr=1.000e-04
diff epoch 35/160: loss=2.235047e-01, lr=1.000e-04
diff epoch 36/160: loss=2.232255e-01, lr=1.000e-04
diff epoch 37/160: loss=2.232150e-01, lr=1.000e-04
diff epoch 38/160: loss=2.229732e-01, lr=1.000e-04
diff epoch 39/160: loss=2.228933e-01, lr=1.000e-04
diff epoch 40/160: loss=2.228291e-01, lr=1.000e-04
diff epoch 41/160: loss=2.225417e-01, lr=1.000e-04
diff epoch 42/160: loss=2.226187e-01, lr=1.000e-04
diff epoch 43/160: loss=2.225543e-01, lr=1.000e-04
diff epoch 44/160: loss=2.224255e-01, lr=1.000e-04
diff epoch 45/160: loss=2.224973e-01, lr=1.000e-04
diff epoch 46/160: loss=2.223295e-01, lr=1.000e-04
diff epoch 47/160: loss=2.222590e-01, lr=1.000e-04
diff epoch 48/160: loss=2.221187e-01, lr=1.000e-04
diff epoch 49/160: loss=2.221669e-01, lr=1.000e-04
diff epoch 50/160: loss=2.221435e-01, lr=1.000e-04
diff epoch 51/160: loss=2.220080e-01, lr=1.000e-04
diff epoch 52/160: loss=2.218962e-01, lr=1.000e-04
diff epoch 53/160: loss=2.221087e-01, lr=1.000e-04
diff epoch 54/160: loss=2.220092e-01, lr=1.000e-04
diff epoch 55/160: loss=2.219365e-01, lr=1.000e-04
diff epoch 56/160: loss=2.218416e-01, lr=1.000e-04
diff epoch 57/160: loss=2.218204e-01, lr=1.000e-04
diff epoch 58/160: loss=2.218604e-01, lr=1.000e-04
diff epoch 59/160: loss=2.217361e-01, lr=1.000e-04
diff epoch 60/160: loss=2.218233e-01, lr=1.000e-04
diff epoch 61/160: loss=2.216325e-01, lr=1.000e-04
diff epoch 62/160: loss=2.217941e-01, lr=1.000e-04
diff epoch 63/160: loss=2.216130e-01, lr=1.000e-04
diff epoch 64/160: loss=2.216616e-01, lr=1.000e-04
diff epoch 65/160: loss=2.216395e-01, lr=1.000e-04
diff epoch 66/160: loss=2.214560e-01, lr=1.000e-04
diff epoch 67/160: loss=2.216878e-01, lr=1.000e-04
diff epoch 68/160: loss=2.215007e-01, lr=1.000e-04
diff epoch 69/160: loss=2.214153e-01, lr=1.000e-04
diff epoch 70/160: loss=2.215239e-01, lr=1.000e-04
diff epoch 71/160: loss=2.213685e-01, lr=1.000e-04
diff epoch 72/160: loss=2.213816e-01, lr=1.000e-04
diff epoch 73/160: loss=2.213434e-01, lr=1.000e-04
diff epoch 74/160: loss=2.211967e-01, lr=1.000e-04
diff epoch 75/160: loss=2.215187e-01, lr=1.000e-04
diff epoch 76/160: loss=2.214530e-01, lr=1.000e-04
diff epoch 77/160: loss=2.213623e-01, lr=1.000e-04
diff epoch 78/160: loss=2.214609e-01, lr=1.000e-04
diff epoch 79/160: loss=2.213062e-01, lr=1.000e-04
diff epoch 80/160: loss=2.211457e-01, lr=1.000e-04
diff epoch 81/160: loss=2.211409e-01, lr=1.000e-04
diff epoch 82/160: loss=2.210281e-01, lr=1.000e-04
diff epoch 83/160: loss=2.213503e-01, lr=1.000e-04
diff epoch 84/160: loss=2.210663e-01, lr=1.000e-04
diff epoch 85/160: loss=2.212264e-01, lr=1.000e-04
diff epoch 86/160: loss=2.212222e-01, lr=1.000e-04
diff epoch 87/160: loss=2.212251e-01, lr=1.000e-04
diff epoch 88/160: loss=2.211983e-01, lr=1.000e-04
diff epoch 89/160: loss=2.210582e-01, lr=1.000e-04
diff epoch 90/160: loss=2.211730e-01, lr=1.000e-04
diff epoch 91/160: loss=2.210742e-01, lr=1.000e-04
diff epoch 92/160: loss=2.210897e-01, lr=1.000e-04
diff epoch 93/160: loss=2.211052e-01, lr=1.000e-04
diff epoch 94/160: loss=2.211248e-01, lr=1.000e-04
diff epoch 95/160: loss=2.211485e-01, lr=1.000e-04
diff epoch 96/160: loss=2.212268e-01, lr=1.000e-04
diff epoch 97/160: loss=2.209476e-01, lr=1.000e-04
diff epoch 98/160: loss=2.209925e-01, lr=1.000e-04
diff epoch 99/160: loss=2.209420e-01, lr=1.000e-04
diff epoch 100/160: loss=2.210182e-01, lr=1.000e-04
diff epoch 101/160: loss=2.209885e-01, lr=1.000e-04
diff epoch 102/160: loss=2.210717e-01, lr=1.000e-04
diff epoch 103/160: loss=2.210329e-01, lr=1.000e-04
diff epoch 104/160: loss=2.209909e-01, lr=1.000e-04
diff epoch 105/160: loss=2.208810e-01, lr=1.000e-04
diff epoch 106/160: loss=2.209134e-01, lr=1.000e-04
diff epoch 107/160: loss=2.212051e-01, lr=1.000e-04
diff epoch 108/160: loss=2.208766e-01, lr=1.000e-04
diff epoch 109/160: loss=2.210700e-01, lr=1.000e-04
diff epoch 110/160: loss=2.209472e-01, lr=1.000e-04
diff epoch 111/160: loss=2.206698e-01, lr=1.000e-04
diff epoch 112/160: loss=2.207984e-01, lr=1.000e-04
diff epoch 113/160: loss=2.209819e-01, lr=1.000e-04
diff epoch 114/160: loss=2.207067e-01, lr=1.000e-04
diff epoch 115/160: loss=2.208916e-01, lr=1.000e-04
diff epoch 116/160: loss=2.207623e-01, lr=1.000e-04
diff epoch 117/160: loss=2.209003e-01, lr=1.000e-04
diff epoch 118/160: loss=2.208074e-01, lr=1.000e-04
diff epoch 119/160: loss=2.209840e-01, lr=1.000e-04
diff epoch 120/160: loss=2.208534e-01, lr=1.000e-04
diff epoch 121/160: loss=2.209686e-01, lr=1.000e-04
diff epoch 122/160: loss=2.209770e-01, lr=1.000e-04
diff epoch 123/160: loss=2.207290e-01, lr=1.000e-04
diff epoch 124/160: loss=2.210131e-01, lr=1.000e-04
diff epoch 125/160: loss=2.208715e-01, lr=1.000e-04
diff epoch 126/160: loss=2.208515e-01, lr=1.000e-04
diff epoch 127/160: loss=2.206424e-01, lr=1.000e-04
diff epoch 128/160: loss=2.207329e-01, lr=1.000e-04
diff epoch 129/160: loss=2.207413e-01, lr=1.000e-04
diff epoch 130/160: loss=2.207284e-01, lr=1.000e-04
diff epoch 131/160: loss=2.208273e-01, lr=1.000e-04
diff epoch 132/160: loss=2.207371e-01, lr=1.000e-04
diff epoch 133/160: loss=2.208005e-01, lr=1.000e-04
diff epoch 134/160: loss=2.207056e-01, lr=1.000e-04
diff epoch 135/160: loss=2.208342e-01, lr=1.000e-04
diff epoch 136/160: loss=2.207139e-01, lr=1.000e-04
diff epoch 137/160: loss=2.207411e-01, lr=1.000e-04
diff epoch 138/160: loss=2.209516e-01, lr=1.000e-04
diff epoch 139/160: loss=2.207296e-01, lr=1.000e-04
diff epoch 140/160: loss=2.206428e-01, lr=1.000e-04
diff epoch 141/160: loss=2.208777e-01, lr=1.000e-04
diff epoch 142/160: loss=2.207713e-01, lr=1.000e-04
diff epoch 143/160: loss=2.207681e-01, lr=1.000e-04
diff epoch 144/160: loss=2.207506e-01, lr=1.000e-04
diff epoch 145/160: loss=2.207847e-01, lr=1.000e-04
diff epoch 146/160: loss=2.208174e-01, lr=1.000e-04
diff epoch 147/160: loss=2.205477e-01, lr=1.000e-04
diff epoch 148/160: loss=2.207960e-01, lr=1.000e-04
diff epoch 149/160: loss=2.209200e-01, lr=1.000e-04
diff epoch 150/160: loss=2.207411e-01, lr=1.000e-04
diff epoch 151/160: loss=2.206777e-01, lr=1.000e-04
diff epoch 152/160: loss=2.207141e-01, lr=1.000e-04
diff epoch 153/160: loss=2.206494e-01, lr=1.000e-04
diff epoch 154/160: loss=2.207151e-01, lr=1.000e-04
diff epoch 155/160: loss=2.206460e-01, lr=1.000e-04
diff epoch 156/160: loss=2.206106e-01, lr=1.000e-04
diff epoch 157/160: loss=2.206408e-01, lr=1.000e-04
diff epoch 158/160: loss=2.205956e-01, lr=1.000e-04
diff epoch 159/160: loss=2.207194e-01, lr=1.000e-04
diff epoch 160/160: loss=2.206075e-01, lr=1.000e-04
[SSPA] diffusion training complete; starting evaluation
[SSPA] DDPM chunk 1/1: batch=1000000, sample=0.66s, total=0.66s, elapsed=0.66s, eta=0.00s
[SSPA] DDPM done: swd=0.003083, sample=0.66s, swd_eval=0.25s
[SSPA] DDIM-100 chunk 1/1: batch=1000000, sample=0.60s, total=0.60s, elapsed=0.60s, eta=0.00s
[SSPA] DDIM-100 done: swd=0.002428, sample=0.60s, swd_eval=0.28s
[SSPA] DDIM-50 chunk 1/1: batch=1000000, sample=0.20s, total=0.20s, elapsed=0.20s, eta=0.00s
[SSPA] DDIM-50 done: swd=0.002652, sample=0.20s, swd_eval=0.29s
[SSPA] DDIM-20 chunk 1/1: batch=1000000, sample=0.01s, total=0.01s, elapsed=0.01s, eta=0.00s
[SSPA] DDIM-20 done: swd=0.005316, sample=0.01s, swd_eval=0.24s
[SSPA] DDIM-10 chunk 1/1: batch=1000000, sample=0.01s, total=0.01s, elapsed=0.01s, eta=0.00s
[SSPA] DDIM-10 done: swd=0.008740, sample=0.01s, swd_eval=0.16s
[benchmark] matplotlib not available; skipping plot generation
{
  "output_json": "/home/rifr807e/repos/conditional_drifting_models/results_hpc/20260318_203626/paper2309_benchmark_seed7/paper2309_benchmark_summary.json",
  "output_dir": "/home/rifr807e/repos/conditional_drifting_models/results_hpc/20260318_203626/paper2309_benchmark_seed7",
  "channels": [
    "AWGN",
    "Rayleigh",
    "SSPA"
  ]
}

[seed-runner] exit_code: 0
[seed-runner] elapsed_seconds: 16649.922
