[seed-runner] start 2026-03-19T05:27:42Z
[seed-runner] label: paper
[seed-runner] cwd: /home/h3/rifr807e/repos/conditional_drifting_models
[seed-runner] command: /software/genoa/r24.04/Python/3.11.3-GCCcore-12.3.0/bin/python -u scripts/run_paper2309_benchmark.py --device cuda --seed 12 --channels AWGN,Rayleigh,SSPA --eval-size 1000000 --out-dir /home/rifr807e/repos/conditional_drifting_models/results_hpc/20260318_203626/paper2309_benchmark_seed12

epoch 1/30: loss=6.524659e-04, drift=6.455005e-02
epoch 2/30: loss=3.931954e-04, drift=5.012350e-02
epoch 3/30: loss=2.178390e-04, drift=3.728507e-02
epoch 4/30: loss=1.247980e-04, drift=2.842779e-02
epoch 5/30: loss=1.144484e-04, drift=2.733878e-02
epoch 6/30: loss=1.148023e-04, drift=2.728925e-02
epoch 7/30: loss=1.101968e-04, drift=2.680887e-02
epoch 8/30: loss=1.096095e-04, drift=2.673120e-02
epoch 9/30: loss=1.074369e-04, drift=2.649273e-02
epoch 10/30: loss=1.092514e-04, drift=2.673763e-02
epoch 11/30: loss=1.065897e-04, drift=2.634341e-02
epoch 12/30: loss=1.044825e-04, drift=2.608789e-02
epoch 13/30: loss=1.042241e-04, drift=2.606563e-02
epoch 14/30: loss=1.003896e-04, drift=2.561204e-02
epoch 15/30: loss=1.002460e-04, drift=2.556264e-02
epoch 16/30: loss=1.025668e-04, drift=2.588248e-02
epoch 17/30: loss=1.006701e-04, drift=2.564961e-02
epoch 18/30: loss=1.016098e-04, drift=2.571262e-02
epoch 19/30: loss=1.000297e-04, drift=2.556421e-02
epoch 20/30: loss=9.926293e-05, drift=2.544370e-02
epoch 21/30: loss=9.716269e-05, drift=2.518348e-02
epoch 22/30: loss=9.653208e-05, drift=2.504748e-02
epoch 23/30: loss=9.823195e-05, drift=2.530261e-02
epoch 24/30: loss=9.604937e-05, drift=2.499060e-02
epoch 25/30: loss=9.588077e-05, drift=2.497923e-02
epoch 26/30: loss=9.634422e-05, drift=2.506632e-02
epoch 27/30: loss=9.551186e-05, drift=2.492553e-02
epoch 28/30: loss=9.332073e-05, drift=2.465437e-02
epoch 29/30: loss=9.316634e-05, drift=2.468035e-02
epoch 30/30: loss=9.467318e-05, drift=2.485432e-02
epoch 1/30: loss=1.742374e-04, drift=3.343081e-02
epoch 2/30: loss=1.515936e-04, drift=3.149054e-02
epoch 3/30: loss=1.474675e-04, drift=3.096265e-02
epoch 4/30: loss=1.456268e-04, drift=3.081467e-02
epoch 5/30: loss=1.385370e-04, drift=3.002389e-02
epoch 6/30: loss=1.360004e-04, drift=2.976971e-02
epoch 7/30: loss=1.344414e-04, drift=2.961794e-02
epoch 8/30: loss=1.317163e-04, drift=2.932873e-02
epoch 9/30: loss=1.340144e-04, drift=2.952450e-02
epoch 10/30: loss=1.324441e-04, drift=2.935305e-02
epoch 11/30: loss=1.303366e-04, drift=2.913376e-02
epoch 12/30: loss=1.285279e-04, drift=2.890522e-02
epoch 13/30: loss=1.318726e-04, drift=2.931339e-02
epoch 14/30: loss=1.321172e-04, drift=2.938523e-02
epoch 15/30: loss=1.278256e-04, drift=2.883573e-02
epoch 16/30: loss=1.319504e-04, drift=2.933380e-02
epoch 17/30: loss=1.324404e-04, drift=2.936790e-02
epoch 18/30: loss=1.301006e-04, drift=2.913109e-02
epoch 19/30: loss=1.290477e-04, drift=2.902183e-02
epoch 20/30: loss=1.304652e-04, drift=2.920598e-02
epoch 21/30: loss=1.269936e-04, drift=2.874603e-02
epoch 22/30: loss=1.308231e-04, drift=2.916998e-02
epoch 23/30: loss=1.259905e-04, drift=2.865192e-02
epoch 24/30: loss=1.274833e-04, drift=2.878355e-02
epoch 25/30: loss=1.291328e-04, drift=2.900831e-02
epoch 26/30: loss=1.297602e-04, drift=2.911503e-02
epoch 27/30: loss=1.287812e-04, drift=2.896794e-02
epoch 28/30: loss=1.282452e-04, drift=2.888215e-02
epoch 29/30: loss=1.299462e-04, drift=2.909475e-02
epoch 30/30: loss=1.295113e-04, drift=2.907051e-02
diff epoch 1/30: loss=5.633059e-01, lr=1.000e-03
diff epoch 2/30: loss=5.211869e-01, lr=1.000e-03
diff epoch 3/30: loss=5.206325e-01, lr=1.000e-03
diff epoch 4/30: loss=5.202503e-01, lr=1.000e-03
diff epoch 5/30: loss=5.201512e-01, lr=1.000e-03
diff epoch 6/30: loss=5.201253e-01, lr=1.000e-03
diff epoch 7/30: loss=5.198254e-01, lr=1.000e-03
diff epoch 8/30: loss=5.198594e-01, lr=1.000e-03
diff epoch 9/30: loss=5.196822e-01, lr=1.000e-03
diff epoch 10/30: loss=5.197090e-01, lr=1.000e-03
diff epoch 11/30: loss=5.189479e-01, lr=1.000e-04
diff epoch 12/30: loss=5.191054e-01, lr=1.000e-04
diff epoch 13/30: loss=5.186909e-01, lr=1.000e-04
diff epoch 14/30: loss=5.189480e-01, lr=1.000e-04
diff epoch 15/30: loss=5.188523e-01, lr=1.000e-04
diff epoch 16/30: loss=5.187645e-01, lr=1.000e-04
diff epoch 17/30: loss=5.190775e-01, lr=1.000e-04
diff epoch 18/30: loss=5.189666e-01, lr=1.000e-04
diff epoch 19/30: loss=5.187600e-01, lr=1.000e-04
diff epoch 20/30: loss=5.193126e-01, lr=1.000e-04
diff epoch 21/30: loss=5.187841e-01, lr=1.000e-04
diff epoch 22/30: loss=5.190713e-01, lr=1.000e-04
diff epoch 23/30: loss=5.188414e-01, lr=1.000e-04
diff epoch 24/30: loss=5.189207e-01, lr=1.000e-04
diff epoch 25/30: loss=5.190005e-01, lr=1.000e-04
diff epoch 26/30: loss=5.189250e-01, lr=1.000e-04
diff epoch 27/30: loss=5.191948e-01, lr=1.000e-04
diff epoch 28/30: loss=5.189498e-01, lr=1.000e-04
diff epoch 29/30: loss=5.188522e-01, lr=1.000e-04
diff epoch 30/30: loss=5.190853e-01, lr=1.000e-04
[AWGN] diffusion training complete; starting evaluation
[AWGN] DDPM chunk 1/1: batch=1000000, sample=0.66s, total=0.66s, elapsed=0.66s, eta=0.00s
[AWGN] DDPM done: swd=0.007686, sample=0.66s, swd_eval=0.24s
[AWGN] DDIM-100 chunk 1/1: batch=1000000, sample=0.61s, total=0.61s, elapsed=0.61s, eta=0.00s
[AWGN] DDIM-100 done: swd=0.004662, sample=0.61s, swd_eval=0.29s
[AWGN] DDIM-50 chunk 1/1: batch=1000000, sample=0.20s, total=0.20s, elapsed=0.20s, eta=0.00s
[AWGN] DDIM-50 done: swd=0.006728, sample=0.20s, swd_eval=0.29s
[AWGN] DDIM-20 chunk 1/1: batch=1000000, sample=0.01s, total=0.01s, elapsed=0.01s, eta=0.00s
[AWGN] DDIM-20 done: swd=0.014717, sample=0.01s, swd_eval=0.24s
[AWGN] DDIM-10 chunk 1/1: batch=1000000, sample=0.01s, total=0.01s, elapsed=0.01s, eta=0.00s
[AWGN] DDIM-10 done: swd=0.026526, sample=0.01s, swd_eval=0.16s
epoch 1/30: loss=5.860935e-04, drift=6.123676e-02
epoch 2/30: loss=3.614995e-04, drift=4.820026e-02
epoch 3/30: loss=1.832601e-04, drift=3.419277e-02
epoch 4/30: loss=1.053006e-04, drift=2.616709e-02
epoch 5/30: loss=9.086111e-05, drift=2.429044e-02
epoch 6/30: loss=9.080516e-05, drift=2.433406e-02
epoch 7/30: loss=8.949860e-05, drift=2.410112e-02
epoch 8/30: loss=8.696839e-05, drift=2.376507e-02
epoch 9/30: loss=8.920334e-05, drift=2.407489e-02
epoch 10/30: loss=8.810830e-05, drift=2.393560e-02
epoch 11/30: loss=8.751530e-05, drift=2.383982e-02
epoch 12/30: loss=8.761951e-05, drift=2.385950e-02
epoch 13/30: loss=8.765454e-05, drift=2.388079e-02
epoch 14/30: loss=8.484094e-05, drift=2.348014e-02
epoch 15/30: loss=8.162868e-05, drift=2.306213e-02
epoch 16/30: loss=8.125818e-05, drift=2.296147e-02
epoch 17/30: loss=7.934815e-05, drift=2.271204e-02
epoch 18/30: loss=8.074561e-05, drift=2.288379e-02
epoch 19/30: loss=7.764991e-05, drift=2.246363e-02
epoch 20/30: loss=7.586491e-05, drift=2.220902e-02
epoch 21/30: loss=7.772420e-05, drift=2.248215e-02
epoch 22/30: loss=7.923404e-05, drift=2.267803e-02
epoch 23/30: loss=7.586956e-05, drift=2.218265e-02
epoch 24/30: loss=7.643892e-05, drift=2.228995e-02
epoch 25/30: loss=7.813785e-05, drift=2.250732e-02
epoch 26/30: loss=7.620442e-05, drift=2.227944e-02
epoch 27/30: loss=7.467728e-05, drift=2.202358e-02
epoch 28/30: loss=7.639075e-05, drift=2.227410e-02
epoch 29/30: loss=7.612695e-05, drift=2.219762e-02
epoch 30/30: loss=7.546660e-05, drift=2.209567e-02
epoch 1/30: loss=1.565419e-04, drift=3.170075e-02
epoch 2/30: loss=1.330970e-04, drift=2.947331e-02
epoch 3/30: loss=1.180008e-04, drift=2.772691e-02
epoch 4/30: loss=1.144662e-04, drift=2.724429e-02
epoch 5/30: loss=1.086077e-04, drift=2.655676e-02
epoch 6/30: loss=1.041985e-04, drift=2.605027e-02
epoch 7/30: loss=1.000877e-04, drift=2.552210e-02
epoch 8/30: loss=9.982433e-05, drift=2.546890e-02
epoch 9/30: loss=1.002956e-04, drift=2.554080e-02
epoch 10/30: loss=9.792354e-05, drift=2.525092e-02
epoch 11/30: loss=9.728429e-05, drift=2.517204e-02
epoch 12/30: loss=9.667033e-05, drift=2.513317e-02
epoch 13/30: loss=9.784109e-05, drift=2.521565e-02
epoch 14/30: loss=9.642523e-05, drift=2.505258e-02
epoch 15/30: loss=9.760236e-05, drift=2.520408e-02
epoch 16/30: loss=9.744734e-05, drift=2.516257e-02
epoch 17/30: loss=9.467330e-05, drift=2.486051e-02
epoch 18/30: loss=9.466173e-05, drift=2.481532e-02
epoch 19/30: loss=9.392766e-05, drift=2.475550e-02
epoch 20/30: loss=9.423042e-05, drift=2.478620e-02
epoch 21/30: loss=9.496812e-05, drift=2.485901e-02
epoch 22/30: loss=9.184104e-05, drift=2.447083e-02
epoch 23/30: loss=9.356869e-05, drift=2.468136e-02
epoch 24/30: loss=9.522372e-05, drift=2.492532e-02
epoch 25/30: loss=9.480096e-05, drift=2.482988e-02
epoch 26/30: loss=9.362023e-05, drift=2.467027e-02
epoch 27/30: loss=9.198649e-05, drift=2.450341e-02
epoch 28/30: loss=9.169433e-05, drift=2.443861e-02
epoch 29/30: loss=9.373600e-05, drift=2.466559e-02
epoch 30/30: loss=9.242194e-05, drift=2.451519e-02
diff epoch 1/30: loss=5.486064e-01, lr=1.000e-03
diff epoch 2/30: loss=5.125787e-01, lr=1.000e-03
diff epoch 3/30: loss=5.069053e-01, lr=1.000e-03
diff epoch 4/30: loss=4.854775e-01, lr=1.000e-03
diff epoch 5/30: loss=4.672735e-01, lr=1.000e-03
diff epoch 6/30: loss=4.602926e-01, lr=1.000e-03
diff epoch 7/30: loss=4.579935e-01, lr=1.000e-03
diff epoch 8/30: loss=4.572905e-01, lr=1.000e-03
diff epoch 9/30: loss=4.566542e-01, lr=1.000e-03
diff epoch 10/30: loss=4.561663e-01, lr=1.000e-03
diff epoch 11/30: loss=4.550760e-01, lr=1.000e-04
diff epoch 12/30: loss=4.547580e-01, lr=1.000e-04
diff epoch 13/30: loss=4.549734e-01, lr=1.000e-04
diff epoch 14/30: loss=4.548602e-01, lr=1.000e-04
diff epoch 15/30: loss=4.548303e-01, lr=1.000e-04
diff epoch 16/30: loss=4.547065e-01, lr=1.000e-04
diff epoch 17/30: loss=4.546666e-01, lr=1.000e-04
diff epoch 18/30: loss=4.547381e-01, lr=1.000e-04
diff epoch 19/30: loss=4.547822e-01, lr=1.000e-04
diff epoch 20/30: loss=4.546157e-01, lr=1.000e-04
diff epoch 21/30: loss=4.545747e-01, lr=1.000e-04
diff epoch 22/30: loss=4.544870e-01, lr=1.000e-04
diff epoch 23/30: loss=4.544211e-01, lr=1.000e-04
diff epoch 24/30: loss=4.543645e-01, lr=1.000e-04
diff epoch 25/30: loss=4.545894e-01, lr=1.000e-04
diff epoch 26/30: loss=4.542449e-01, lr=1.000e-04
diff epoch 27/30: loss=4.545694e-01, lr=1.000e-04
diff epoch 28/30: loss=4.544843e-01, lr=1.000e-04
diff epoch 29/30: loss=4.544383e-01, lr=1.000e-04
diff epoch 30/30: loss=4.541814e-01, lr=1.000e-04
[Rayleigh] diffusion training complete; starting evaluation
[Rayleigh] DDPM chunk 1/1: batch=1000000, sample=0.76s, total=0.76s, elapsed=0.76s, eta=0.00s
[Rayleigh] DDPM done: swd=0.008421, sample=0.76s, swd_eval=0.27s
[Rayleigh] DDIM-100 chunk 1/1: batch=1000000, sample=0.69s, total=0.69s, elapsed=0.69s, eta=0.00s
[Rayleigh] DDIM-100 done: swd=0.003786, sample=0.69s, swd_eval=0.31s
[Rayleigh] DDIM-50 chunk 1/1: batch=1000000, sample=0.23s, total=0.23s, elapsed=0.23s, eta=0.00s
[Rayleigh] DDIM-50 done: swd=0.005797, sample=0.23s, swd_eval=0.31s
[Rayleigh] DDIM-20 chunk 1/1: batch=1000000, sample=0.01s, total=0.01s, elapsed=0.01s, eta=0.00s
[Rayleigh] DDIM-20 done: swd=0.014828, sample=0.01s, swd_eval=0.26s
[Rayleigh] DDIM-10 chunk 1/1: batch=1000000, sample=0.01s, total=0.01s, elapsed=0.01s, eta=0.00s
[Rayleigh] DDIM-10 done: swd=0.026113, sample=0.01s, swd_eval=0.17s
epoch 1/160: loss=6.879168e-04, drift=7.121016e-02
epoch 2/160: loss=3.173731e-04, drift=4.840993e-02
epoch 3/160: loss=1.481782e-04, drift=3.323881e-02
epoch 4/160: loss=1.153824e-04, drift=2.947765e-02
epoch 5/160: loss=1.118987e-04, drift=2.902626e-02
epoch 6/160: loss=1.095681e-04, drift=2.871393e-02
epoch 7/160: loss=1.050823e-04, drift=2.809447e-02
epoch 8/160: loss=1.017937e-04, drift=2.766188e-02
epoch 9/160: loss=1.021938e-04, drift=2.771440e-02
epoch 10/160: loss=9.711598e-05, drift=2.703494e-02
epoch 11/160: loss=9.697637e-05, drift=2.697563e-02
epoch 12/160: loss=9.326472e-05, drift=2.647911e-02
epoch 13/160: loss=9.225261e-05, drift=2.632376e-02
epoch 14/160: loss=8.960286e-05, drift=2.594878e-02
epoch 15/160: loss=8.490813e-05, drift=2.526184e-02
epoch 16/160: loss=8.451145e-05, drift=2.520252e-02
epoch 17/160: loss=8.419753e-05, drift=2.518085e-02
epoch 18/160: loss=8.006145e-05, drift=2.453415e-02
epoch 19/160: loss=7.859481e-05, drift=2.430836e-02
epoch 20/160: loss=7.685398e-05, drift=2.404461e-02
epoch 21/160: loss=7.427283e-05, drift=2.363251e-02
epoch 22/160: loss=7.001049e-05, drift=2.296154e-02
epoch 23/160: loss=6.989885e-05, drift=2.292926e-02
epoch 24/160: loss=6.869113e-05, drift=2.268581e-02
epoch 25/160: loss=6.517003e-05, drift=2.209580e-02
epoch 26/160: loss=6.479247e-05, drift=2.207890e-02
epoch 27/160: loss=6.398691e-05, drift=2.193288e-02
epoch 28/160: loss=6.176039e-05, drift=2.155260e-02
epoch 29/160: loss=6.144034e-05, drift=2.148312e-02
epoch 30/160: loss=6.136095e-05, drift=2.149213e-02
epoch 31/160: loss=6.032401e-05, drift=2.126480e-02
epoch 32/160: loss=5.899845e-05, drift=2.107031e-02
epoch 33/160: loss=5.779458e-05, drift=2.080817e-02
epoch 34/160: loss=5.810891e-05, drift=2.089081e-02
epoch 35/160: loss=5.636818e-05, drift=2.059978e-02
epoch 36/160: loss=5.495464e-05, drift=2.033853e-02
epoch 37/160: loss=5.557234e-05, drift=2.044398e-02
epoch 38/160: loss=5.552257e-05, drift=2.041241e-02
epoch 39/160: loss=5.393615e-05, drift=2.011195e-02
epoch 40/160: loss=5.361383e-05, drift=2.004132e-02
epoch 41/160: loss=5.338629e-05, drift=2.006031e-02
epoch 42/160: loss=5.349756e-05, drift=2.005707e-02
epoch 43/160: loss=5.208021e-05, drift=1.981242e-02
epoch 44/160: loss=5.264466e-05, drift=1.988569e-02
epoch 45/160: loss=5.101698e-05, drift=1.959514e-02
epoch 46/160: loss=5.009218e-05, drift=1.937243e-02
epoch 47/160: loss=5.097562e-05, drift=1.958055e-02
epoch 48/160: loss=5.082115e-05, drift=1.954900e-02
epoch 49/160: loss=4.981512e-05, drift=1.935440e-02
epoch 50/160: loss=5.085304e-05, drift=1.955078e-02
epoch 51/160: loss=4.894301e-05, drift=1.918161e-02
epoch 52/160: loss=4.926653e-05, drift=1.926576e-02
epoch 53/160: loss=4.960476e-05, drift=1.932638e-02
epoch 54/160: loss=4.849809e-05, drift=1.908171e-02
epoch 55/160: loss=4.794915e-05, drift=1.895931e-02
epoch 56/160: loss=4.971790e-05, drift=1.931872e-02
epoch 57/160: loss=4.950562e-05, drift=1.927575e-02
epoch 58/160: loss=4.756050e-05, drift=1.895402e-02
epoch 59/160: loss=4.730179e-05, drift=1.885624e-02
epoch 60/160: loss=4.763749e-05, drift=1.890360e-02
epoch 61/160: loss=4.715674e-05, drift=1.882591e-02
epoch 62/160: loss=4.706267e-05, drift=1.881176e-02
epoch 63/160: loss=4.625291e-05, drift=1.864047e-02
epoch 64/160: loss=4.705589e-05, drift=1.880106e-02
epoch 65/160: loss=4.663019e-05, drift=1.874297e-02
epoch 66/160: loss=4.687931e-05, drift=1.880235e-02
epoch 67/160: loss=4.588040e-05, drift=1.855332e-02
epoch 68/160: loss=4.705019e-05, drift=1.880845e-02
epoch 69/160: loss=4.629934e-05, drift=1.863780e-02
epoch 70/160: loss=4.525788e-05, drift=1.843392e-02
epoch 71/160: loss=4.510466e-05, drift=1.839309e-02
epoch 72/160: loss=4.528924e-05, drift=1.845355e-02
epoch 73/160: loss=4.527763e-05, drift=1.843936e-02
epoch 74/160: loss=4.426185e-05, drift=1.824315e-02
epoch 75/160: loss=4.465200e-05, drift=1.829932e-02
epoch 76/160: loss=4.531752e-05, drift=1.846132e-02
epoch 77/160: loss=4.442188e-05, drift=1.825753e-02
epoch 78/160: loss=4.333400e-05, drift=1.805052e-02
epoch 79/160: loss=4.380879e-05, drift=1.811966e-02
epoch 80/160: loss=4.393400e-05, drift=1.817813e-02
epoch 81/160: loss=4.336277e-05, drift=1.805718e-02
epoch 82/160: loss=4.300755e-05, drift=1.797385e-02
epoch 83/160: loss=4.293584e-05, drift=1.797035e-02
epoch 84/160: loss=4.283347e-05, drift=1.792907e-02
epoch 85/160: loss=4.257818e-05, drift=1.789556e-02
epoch 86/160: loss=4.217874e-05, drift=1.777350e-02
epoch 87/160: loss=4.248812e-05, drift=1.785310e-02
epoch 88/160: loss=4.251813e-05, drift=1.783336e-02
epoch 89/160: loss=4.251176e-05, drift=1.788409e-02
epoch 90/160: loss=4.218738e-05, drift=1.782575e-02
epoch 91/160: loss=4.266829e-05, drift=1.790888e-02
epoch 92/160: loss=4.177614e-05, drift=1.770637e-02
epoch 93/160: loss=4.216536e-05, drift=1.780287e-02
epoch 94/160: loss=4.183372e-05, drift=1.773851e-02
epoch 95/160: loss=4.138959e-05, drift=1.762993e-02
epoch 96/160: loss=4.201638e-05, drift=1.777438e-02
epoch 97/160: loss=4.205992e-05, drift=1.779821e-02
epoch 98/160: loss=4.109068e-05, drift=1.757690e-02
epoch 99/160: loss=4.177180e-05, drift=1.775801e-02
epoch 100/160: loss=4.033021e-05, drift=1.742100e-02
epoch 101/160: loss=4.026123e-05, drift=1.737232e-02
epoch 102/160: loss=4.065132e-05, drift=1.749867e-02
epoch 103/160: loss=4.133703e-05, drift=1.762555e-02
epoch 104/160: loss=3.996647e-05, drift=1.733691e-02
epoch 105/160: loss=4.021226e-05, drift=1.737931e-02
epoch 106/160: loss=4.067951e-05, drift=1.747602e-02
epoch 107/160: loss=4.103602e-05, drift=1.758180e-02
epoch 108/160: loss=4.086638e-05, drift=1.752811e-02
epoch 109/160: loss=4.075255e-05, drift=1.748476e-02
epoch 110/160: loss=3.970119e-05, drift=1.727668e-02
epoch 111/160: loss=4.085309e-05, drift=1.752173e-02
epoch 112/160: loss=4.120339e-05, drift=1.758733e-02
epoch 113/160: loss=3.985140e-05, drift=1.730074e-02
epoch 114/160: loss=3.971780e-05, drift=1.727793e-02
epoch 115/160: loss=4.023669e-05, drift=1.738032e-02
epoch 116/160: loss=3.947424e-05, drift=1.720035e-02
epoch 117/160: loss=3.981070e-05, drift=1.730926e-02
epoch 118/160: loss=3.966777e-05, drift=1.726165e-02
epoch 119/160: loss=3.857059e-05, drift=1.702214e-02
epoch 120/160: loss=3.982363e-05, drift=1.729193e-02
epoch 121/160: loss=3.979190e-05, drift=1.727699e-02
epoch 122/160: loss=3.888942e-05, drift=1.708585e-02
epoch 123/160: loss=3.866829e-05, drift=1.706040e-02
epoch 124/160: loss=3.926967e-05, drift=1.717899e-02
epoch 125/160: loss=3.819733e-05, drift=1.694762e-02
epoch 126/160: loss=3.889572e-05, drift=1.711854e-02
epoch 127/160: loss=3.844015e-05, drift=1.699395e-02
epoch 128/160: loss=3.911486e-05, drift=1.715295e-02
epoch 129/160: loss=3.800584e-05, drift=1.689974e-02
epoch 130/160: loss=3.829740e-05, drift=1.693740e-02
epoch 131/160: loss=3.881873e-05, drift=1.707300e-02
epoch 132/160: loss=3.794555e-05, drift=1.690558e-02
epoch 133/160: loss=3.862276e-05, drift=1.703404e-02
epoch 134/160: loss=3.820221e-05, drift=1.692380e-02
epoch 135/160: loss=3.729021e-05, drift=1.673990e-02
epoch 136/160: loss=3.932741e-05, drift=1.721615e-02
epoch 137/160: loss=3.737689e-05, drift=1.676677e-02
epoch 138/160: loss=3.843257e-05, drift=1.699862e-02
epoch 139/160: loss=3.858647e-05, drift=1.702474e-02
epoch 140/160: loss=3.719695e-05, drift=1.672352e-02
epoch 141/160: loss=3.736652e-05, drift=1.674742e-02
epoch 142/160: loss=3.741036e-05, drift=1.678082e-02
epoch 143/160: loss=3.863650e-05, drift=1.704126e-02
epoch 144/160: loss=3.820496e-05, drift=1.692163e-02
epoch 145/160: loss=3.787943e-05, drift=1.688579e-02
epoch 146/160: loss=3.749624e-05, drift=1.679569e-02
epoch 147/160: loss=3.778035e-05, drift=1.685185e-02
epoch 148/160: loss=3.818543e-05, drift=1.692440e-02
epoch 149/160: loss=3.782105e-05, drift=1.685036e-02
epoch 150/160: loss=3.776320e-05, drift=1.685054e-02
epoch 151/160: loss=3.745076e-05, drift=1.676621e-02
epoch 152/160: loss=3.759823e-05, drift=1.680625e-02
epoch 153/160: loss=3.709344e-05, drift=1.669262e-02
epoch 154/160: loss=3.815173e-05, drift=1.694076e-02
epoch 155/160: loss=3.696046e-05, drift=1.668396e-02
epoch 156/160: loss=3.713325e-05, drift=1.669843e-02
epoch 157/160: loss=3.760133e-05, drift=1.682294e-02
epoch 158/160: loss=3.675677e-05, drift=1.660399e-02
epoch 159/160: loss=3.719932e-05, drift=1.671415e-02
epoch 160/160: loss=3.689909e-05, drift=1.665642e-02
epoch 1/160: loss=1.936009e-04, drift=3.809047e-02
epoch 2/160: loss=1.676033e-04, drift=3.543285e-02
epoch 3/160: loss=1.625085e-04, drift=3.497580e-02
epoch 4/160: loss=1.557076e-04, drift=3.420173e-02
epoch 5/160: loss=1.519774e-04, drift=3.383172e-02
epoch 6/160: loss=1.515677e-04, drift=3.376497e-02
epoch 7/160: loss=1.466226e-04, drift=3.323221e-02
epoch 8/160: loss=1.473480e-04, drift=3.321916e-02
epoch 9/160: loss=1.456753e-04, drift=3.307143e-02
epoch 10/160: loss=1.437445e-04, drift=3.284913e-02
epoch 11/160: loss=1.427731e-04, drift=3.270441e-02
epoch 12/160: loss=1.446314e-04, drift=3.297995e-02
epoch 13/160: loss=1.425806e-04, drift=3.277209e-02
epoch 14/160: loss=1.413349e-04, drift=3.256677e-02
epoch 15/160: loss=1.411245e-04, drift=3.257519e-02
epoch 16/160: loss=1.430595e-04, drift=3.275699e-02
epoch 17/160: loss=1.467762e-04, drift=3.326021e-02
epoch 18/160: loss=1.410919e-04, drift=3.256935e-02
epoch 19/160: loss=1.432437e-04, drift=3.283738e-02
epoch 20/160: loss=1.407697e-04, drift=3.249017e-02
epoch 21/160: loss=1.407310e-04, drift=3.256067e-02
epoch 22/160: loss=1.408485e-04, drift=3.248281e-02
epoch 23/160: loss=1.419754e-04, drift=3.266742e-02
epoch 24/160: loss=1.368194e-04, drift=3.205234e-02
epoch 25/160: loss=1.374737e-04, drift=3.214727e-02
epoch 26/160: loss=1.380739e-04, drift=3.218484e-02
epoch 27/160: loss=1.386426e-04, drift=3.230427e-02
epoch 28/160: loss=1.401965e-04, drift=3.248867e-02
epoch 29/160: loss=1.378096e-04, drift=3.218976e-02
epoch 30/160: loss=1.361425e-04, drift=3.201747e-02
epoch 31/160: loss=1.358321e-04, drift=3.194154e-02
epoch 32/160: loss=1.349994e-04, drift=3.184232e-02
epoch 33/160: loss=1.349210e-04, drift=3.182002e-02
epoch 34/160: loss=1.357139e-04, drift=3.199727e-02
epoch 35/160: loss=1.364065e-04, drift=3.196221e-02
epoch 36/160: loss=1.356333e-04, drift=3.191728e-02
epoch 37/160: loss=1.365631e-04, drift=3.204215e-02
epoch 38/160: loss=1.341187e-04, drift=3.179118e-02
epoch 39/160: loss=1.359951e-04, drift=3.193200e-02
epoch 40/160: loss=1.363578e-04, drift=3.202169e-02
epoch 41/160: loss=1.346808e-04, drift=3.179559e-02
epoch 42/160: loss=1.339226e-04, drift=3.177026e-02
epoch 43/160: loss=1.333700e-04, drift=3.165110e-02
epoch 44/160: loss=1.330917e-04, drift=3.162063e-02
epoch 45/160: loss=1.357658e-04, drift=3.192654e-02
epoch 46/160: loss=1.325578e-04, drift=3.155242e-02
epoch 47/160: loss=1.336356e-04, drift=3.168811e-02
epoch 48/160: loss=1.348044e-04, drift=3.186504e-02
epoch 49/160: loss=1.340966e-04, drift=3.176050e-02
epoch 50/160: loss=1.316171e-04, drift=3.140725e-02
epoch 51/160: loss=1.338285e-04, drift=3.167785e-02
epoch 52/160: loss=1.309833e-04, drift=3.138016e-02
epoch 53/160: loss=1.326043e-04, drift=3.154162e-02
epoch 54/160: loss=1.330496e-04, drift=3.164291e-02
epoch 55/160: loss=1.320177e-04, drift=3.149968e-02
epoch 56/160: loss=1.301063e-04, drift=3.130032e-02
epoch 57/160: loss=1.336575e-04, drift=3.165175e-02
epoch 58/160: loss=1.296750e-04, drift=3.122154e-02
epoch 59/160: loss=1.331029e-04, drift=3.164676e-02
epoch 60/160: loss=1.321105e-04, drift=3.155528e-02
epoch 61/160: loss=1.288618e-04, drift=3.115100e-02
epoch 62/160: loss=1.282687e-04, drift=3.105876e-02
epoch 63/160: loss=1.320873e-04, drift=3.150229e-02
epoch 64/160: loss=1.314729e-04, drift=3.144169e-02
epoch 65/160: loss=1.305772e-04, drift=3.132317e-02
epoch 66/160: loss=1.284919e-04, drift=3.109205e-02
epoch 67/160: loss=1.307071e-04, drift=3.133600e-02
epoch 68/160: loss=1.288338e-04, drift=3.114467e-02
epoch 69/160: loss=1.296112e-04, drift=3.117023e-02
epoch 70/160: loss=1.316114e-04, drift=3.144866e-02
epoch 71/160: loss=1.254633e-04, drift=3.071774e-02
epoch 72/160: loss=1.291926e-04, drift=3.115959e-02
epoch 73/160: loss=1.299588e-04, drift=3.127758e-02
epoch 74/160: loss=1.275216e-04, drift=3.095585e-02
epoch 75/160: loss=1.293093e-04, drift=3.117878e-02
epoch 76/160: loss=1.294846e-04, drift=3.119781e-02
epoch 77/160: loss=1.284050e-04, drift=3.102435e-02
epoch 78/160: loss=1.295936e-04, drift=3.121502e-02
epoch 79/160: loss=1.290731e-04, drift=3.117901e-02
epoch 80/160: loss=1.271458e-04, drift=3.089305e-02
epoch 81/160: loss=1.289377e-04, drift=3.113414e-02
epoch 82/160: loss=1.272434e-04, drift=3.093535e-02
epoch 83/160: loss=1.290125e-04, drift=3.115936e-02
epoch 84/160: loss=1.260427e-04, drift=3.076106e-02
epoch 85/160: loss=1.279082e-04, drift=3.103470e-02
epoch 86/160: loss=1.270941e-04, drift=3.091680e-02
epoch 87/160: loss=1.269211e-04, drift=3.087402e-02
epoch 88/160: loss=1.252488e-04, drift=3.067836e-02
epoch 89/160: loss=1.261902e-04, drift=3.076219e-02
epoch 90/160: loss=1.277738e-04, drift=3.098347e-02
epoch 91/160: loss=1.276916e-04, drift=3.100413e-02
epoch 92/160: loss=1.277368e-04, drift=3.100580e-02
epoch 93/160: loss=1.237309e-04, drift=3.052281e-02
epoch 94/160: loss=1.276330e-04, drift=3.098019e-02
epoch 95/160: loss=1.262723e-04, drift=3.080820e-02
epoch 96/160: loss=1.278930e-04, drift=3.100483e-02
epoch 97/160: loss=1.264272e-04, drift=3.080461e-02
epoch 98/160: loss=1.260567e-04, drift=3.079932e-02
epoch 99/160: loss=1.281658e-04, drift=3.103672e-02
epoch 100/160: loss=1.257556e-04, drift=3.072660e-02
epoch 101/160: loss=1.246662e-04, drift=3.065032e-02
epoch 102/160: loss=1.244300e-04, drift=3.053519e-02
epoch 103/160: loss=1.267449e-04, drift=3.089102e-02
epoch 104/160: loss=1.262042e-04, drift=3.077632e-02
epoch 105/160: loss=1.246947e-04, drift=3.060732e-02
epoch 106/160: loss=1.262740e-04, drift=3.077650e-02
epoch 107/160: loss=1.273194e-04, drift=3.094774e-02
epoch 108/160: loss=1.255020e-04, drift=3.075314e-02
epoch 109/160: loss=1.248206e-04, drift=3.063418e-02
epoch 110/160: loss=1.272222e-04, drift=3.090948e-02
epoch 111/160: loss=1.269709e-04, drift=3.091127e-02
epoch 112/160: loss=1.265397e-04, drift=3.085067e-02
epoch 113/160: loss=1.233043e-04, drift=3.048088e-02
epoch 114/160: loss=1.247171e-04, drift=3.065607e-02
epoch 115/160: loss=1.255572e-04, drift=3.072881e-02
epoch 116/160: loss=1.269473e-04, drift=3.082873e-02
epoch 117/160: loss=1.264348e-04, drift=3.081573e-02
epoch 118/160: loss=1.225760e-04, drift=3.036379e-02
epoch 119/160: loss=1.250469e-04, drift=3.061076e-02
epoch 120/160: loss=1.237659e-04, drift=3.052472e-02
epoch 121/160: loss=1.228437e-04, drift=3.037494e-02
epoch 122/160: loss=1.234222e-04, drift=3.044734e-02
epoch 123/160: loss=1.225551e-04, drift=3.036464e-02
epoch 124/160: loss=1.235858e-04, drift=3.045130e-02
epoch 125/160: loss=1.236226e-04, drift=3.046743e-02
epoch 126/160: loss=1.238986e-04, drift=3.053636e-02
epoch 127/160: loss=1.253228e-04, drift=3.066756e-02
epoch 128/160: loss=1.228966e-04, drift=3.038732e-02
epoch 129/160: loss=1.240385e-04, drift=3.050416e-02
epoch 130/160: loss=1.213774e-04, drift=3.020348e-02
epoch 131/160: loss=1.238221e-04, drift=3.046264e-02
epoch 132/160: loss=1.245040e-04, drift=3.054819e-02
epoch 133/160: loss=1.230014e-04, drift=3.043154e-02
epoch 134/160: loss=1.226169e-04, drift=3.035052e-02
epoch 135/160: loss=1.243444e-04, drift=3.053783e-02
epoch 136/160: loss=1.249908e-04, drift=3.065177e-02
epoch 137/160: loss=1.227260e-04, drift=3.035373e-02
epoch 138/160: loss=1.228421e-04, drift=3.040999e-02
epoch 139/160: loss=1.224514e-04, drift=3.033403e-02
epoch 140/160: loss=1.227207e-04, drift=3.038534e-02
epoch 141/160: loss=1.229374e-04, drift=3.038588e-02
epoch 142/160: loss=1.221304e-04, drift=3.027864e-02
epoch 143/160: loss=1.224157e-04, drift=3.030092e-02
epoch 144/160: loss=1.229553e-04, drift=3.040192e-02
epoch 145/160: loss=1.226566e-04, drift=3.036180e-02
epoch 146/160: loss=1.241175e-04, drift=3.055371e-02
epoch 147/160: loss=1.252773e-04, drift=3.070456e-02
epoch 148/160: loss=1.228607e-04, drift=3.037647e-02
epoch 149/160: loss=1.226318e-04, drift=3.031010e-02
epoch 150/160: loss=1.255288e-04, drift=3.072047e-02
epoch 151/160: loss=1.228202e-04, drift=3.037146e-02
epoch 152/160: loss=1.210722e-04, drift=3.016409e-02
epoch 153/160: loss=1.214755e-04, drift=3.025232e-02
epoch 154/160: loss=1.210576e-04, drift=3.018430e-02
epoch 155/160: loss=1.214628e-04, drift=3.023399e-02
epoch 156/160: loss=1.218683e-04, drift=3.023800e-02
epoch 157/160: loss=1.226771e-04, drift=3.035667e-02
epoch 158/160: loss=1.224478e-04, drift=3.036364e-02
epoch 159/160: loss=1.214385e-04, drift=3.022360e-02
epoch 160/160: loss=1.204937e-04, drift=3.011141e-02
diff epoch 1/160: loss=7.122123e-01, lr=1.000e-04
diff epoch 2/160: loss=5.377733e-01, lr=1.000e-04
diff epoch 3/160: loss=5.178577e-01, lr=1.000e-04
diff epoch 4/160: loss=5.123647e-01, lr=1.000e-04
diff epoch 5/160: loss=5.099683e-01, lr=1.000e-04
diff epoch 6/160: loss=5.082647e-01, lr=1.000e-04
diff epoch 7/160: loss=5.061000e-01, lr=1.000e-04
diff epoch 8/160: loss=5.028092e-01, lr=1.000e-04
diff epoch 9/160: loss=4.954328e-01, lr=1.000e-04
diff epoch 10/160: loss=4.774064e-01, lr=1.000e-04
diff epoch 11/160: loss=4.426128e-01, lr=1.000e-04
diff epoch 12/160: loss=3.895193e-01, lr=1.000e-04
diff epoch 13/160: loss=3.261922e-01, lr=1.000e-04
diff epoch 14/160: loss=2.837243e-01, lr=1.000e-04
diff epoch 15/160: loss=2.626005e-01, lr=1.000e-04
diff epoch 16/160: loss=2.512034e-01, lr=1.000e-04
diff epoch 17/160: loss=2.441029e-01, lr=1.000e-04
diff epoch 18/160: loss=2.393954e-01, lr=1.000e-04
diff epoch 19/160: loss=2.358762e-01, lr=1.000e-04
diff epoch 20/160: loss=2.335455e-01, lr=1.000e-04
diff epoch 21/160: loss=2.320664e-01, lr=1.000e-04
diff epoch 22/160: loss=2.305955e-01, lr=1.000e-04
diff epoch 23/160: loss=2.296641e-01, lr=1.000e-04
diff epoch 24/160: loss=2.286945e-01, lr=1.000e-04
diff epoch 25/160: loss=2.277116e-01, lr=1.000e-04
diff epoch 26/160: loss=2.273690e-01, lr=1.000e-04
diff epoch 27/160: loss=2.268234e-01, lr=1.000e-04
diff epoch 28/160: loss=2.262478e-01, lr=1.000e-04
diff epoch 29/160: loss=2.260104e-01, lr=1.000e-04
diff epoch 30/160: loss=2.255969e-01, lr=1.000e-04
diff epoch 31/160: loss=2.253317e-01, lr=1.000e-04
diff epoch 32/160: loss=2.250865e-01, lr=1.000e-04
diff epoch 33/160: loss=2.247153e-01, lr=1.000e-04
diff epoch 34/160: loss=2.247305e-01, lr=1.000e-04
diff epoch 35/160: loss=2.243245e-01, lr=1.000e-04
diff epoch 36/160: loss=2.243625e-01, lr=1.000e-04
diff epoch 37/160: loss=2.241837e-01, lr=1.000e-04
diff epoch 38/160: loss=2.239071e-01, lr=1.000e-04
diff epoch 39/160: loss=2.239658e-01, lr=1.000e-04
diff epoch 40/160: loss=2.235094e-01, lr=1.000e-04
diff epoch 41/160: loss=2.236843e-01, lr=1.000e-04
diff epoch 42/160: loss=2.236145e-01, lr=1.000e-04
diff epoch 43/160: loss=2.234770e-01, lr=1.000e-04
diff epoch 44/160: loss=2.234064e-01, lr=1.000e-04
diff epoch 45/160: loss=2.232281e-01, lr=1.000e-04
diff epoch 46/160: loss=2.230730e-01, lr=1.000e-04
diff epoch 47/160: loss=2.228073e-01, lr=1.000e-04
diff epoch 48/160: loss=2.229134e-01, lr=1.000e-04
diff epoch 49/160: loss=2.227516e-01, lr=1.000e-04
diff epoch 50/160: loss=2.228691e-01, lr=1.000e-04
diff epoch 51/160: loss=2.227313e-01, lr=1.000e-04
diff epoch 52/160: loss=2.225152e-01, lr=1.000e-04
diff epoch 53/160: loss=2.226052e-01, lr=1.000e-04
diff epoch 54/160: loss=2.224205e-01, lr=1.000e-04
diff epoch 55/160: loss=2.223942e-01, lr=1.000e-04
diff epoch 56/160: loss=2.222879e-01, lr=1.000e-04
diff epoch 57/160: loss=2.221074e-01, lr=1.000e-04
diff epoch 58/160: loss=2.223249e-01, lr=1.000e-04
diff epoch 59/160: loss=2.221852e-01, lr=1.000e-04
diff epoch 60/160: loss=2.222553e-01, lr=1.000e-04
diff epoch 61/160: loss=2.219664e-01, lr=1.000e-04
diff epoch 62/160: loss=2.219822e-01, lr=1.000e-04
diff epoch 63/160: loss=2.219782e-01, lr=1.000e-04
diff epoch 64/160: loss=2.220027e-01, lr=1.000e-04
diff epoch 65/160: loss=2.217336e-01, lr=1.000e-04
diff epoch 66/160: loss=2.219401e-01, lr=1.000e-04
diff epoch 67/160: loss=2.217318e-01, lr=1.000e-04
diff epoch 68/160: loss=2.217763e-01, lr=1.000e-04
diff epoch 69/160: loss=2.218465e-01, lr=1.000e-04
diff epoch 70/160: loss=2.217085e-01, lr=1.000e-04
diff epoch 71/160: loss=2.218205e-01, lr=1.000e-04
diff epoch 72/160: loss=2.216519e-01, lr=1.000e-04
diff epoch 73/160: loss=2.218566e-01, lr=1.000e-04
diff epoch 74/160: loss=2.215186e-01, lr=1.000e-04
diff epoch 75/160: loss=2.215719e-01, lr=1.000e-04
diff epoch 76/160: loss=2.214930e-01, lr=1.000e-04
diff epoch 77/160: loss=2.214645e-01, lr=1.000e-04
diff epoch 78/160: loss=2.214877e-01, lr=1.000e-04
diff epoch 79/160: loss=2.215428e-01, lr=1.000e-04
diff epoch 80/160: loss=2.214206e-01, lr=1.000e-04
diff epoch 81/160: loss=2.213632e-01, lr=1.000e-04
diff epoch 82/160: loss=2.215040e-01, lr=1.000e-04
diff epoch 83/160: loss=2.214689e-01, lr=1.000e-04
diff epoch 84/160: loss=2.213481e-01, lr=1.000e-04
diff epoch 85/160: loss=2.212819e-01, lr=1.000e-04
diff epoch 86/160: loss=2.211703e-01, lr=1.000e-04
diff epoch 87/160: loss=2.213255e-01, lr=1.000e-04
diff epoch 88/160: loss=2.212038e-01, lr=1.000e-04
diff epoch 89/160: loss=2.215295e-01, lr=1.000e-04
diff epoch 90/160: loss=2.211742e-01, lr=1.000e-04
diff epoch 91/160: loss=2.214158e-01, lr=1.000e-04
diff epoch 92/160: loss=2.213667e-01, lr=1.000e-04
diff epoch 93/160: loss=2.213924e-01, lr=1.000e-04
diff epoch 94/160: loss=2.211253e-01, lr=1.000e-04
diff epoch 95/160: loss=2.212396e-01, lr=1.000e-04
diff epoch 96/160: loss=2.212266e-01, lr=1.000e-04
diff epoch 97/160: loss=2.213157e-01, lr=1.000e-04
diff epoch 98/160: loss=2.212792e-01, lr=1.000e-04
diff epoch 99/160: loss=2.211447e-01, lr=1.000e-04
diff epoch 100/160: loss=2.211757e-01, lr=1.000e-04
diff epoch 101/160: loss=2.212799e-01, lr=1.000e-04
diff epoch 102/160: loss=2.212279e-01, lr=1.000e-04
diff epoch 103/160: loss=2.211770e-01, lr=1.000e-04
diff epoch 104/160: loss=2.212014e-01, lr=1.000e-04
diff epoch 105/160: loss=2.211298e-01, lr=1.000e-04
diff epoch 106/160: loss=2.210934e-01, lr=1.000e-04
diff epoch 107/160: loss=2.209306e-01, lr=1.000e-04
diff epoch 108/160: loss=2.208495e-01, lr=1.000e-04
diff epoch 109/160: loss=2.210657e-01, lr=1.000e-04
diff epoch 110/160: loss=2.211713e-01, lr=1.000e-04
diff epoch 111/160: loss=2.210868e-01, lr=1.000e-04
diff epoch 112/160: loss=2.212517e-01, lr=1.000e-04
diff epoch 113/160: loss=2.210019e-01, lr=1.000e-04
diff epoch 114/160: loss=2.211796e-01, lr=1.000e-04
diff epoch 115/160: loss=2.209841e-01, lr=1.000e-04
diff epoch 116/160: loss=2.209057e-01, lr=1.000e-04
diff epoch 117/160: loss=2.210623e-01, lr=1.000e-04
diff epoch 118/160: loss=2.209039e-01, lr=1.000e-04
diff epoch 119/160: loss=2.208915e-01, lr=1.000e-04
diff epoch 120/160: loss=2.211498e-01, lr=1.000e-04
diff epoch 121/160: loss=2.211622e-01, lr=1.000e-04
diff epoch 122/160: loss=2.210064e-01, lr=1.000e-04
diff epoch 123/160: loss=2.210074e-01, lr=1.000e-04
diff epoch 124/160: loss=2.208025e-01, lr=1.000e-04
diff epoch 125/160: loss=2.210082e-01, lr=1.000e-04
diff epoch 126/160: loss=2.208135e-01, lr=1.000e-04
diff epoch 127/160: loss=2.210313e-01, lr=1.000e-04
diff epoch 128/160: loss=2.208179e-01, lr=1.000e-04
diff epoch 129/160: loss=2.209195e-01, lr=1.000e-04
diff epoch 130/160: loss=2.208632e-01, lr=1.000e-04
diff epoch 131/160: loss=2.208819e-01, lr=1.000e-04
diff epoch 132/160: loss=2.210301e-01, lr=1.000e-04
diff epoch 133/160: loss=2.207726e-01, lr=1.000e-04
diff epoch 134/160: loss=2.209760e-01, lr=1.000e-04
diff epoch 135/160: loss=2.208899e-01, lr=1.000e-04
diff epoch 136/160: loss=2.207321e-01, lr=1.000e-04
diff epoch 137/160: loss=2.209387e-01, lr=1.000e-04
diff epoch 138/160: loss=2.207959e-01, lr=1.000e-04
diff epoch 139/160: loss=2.207605e-01, lr=1.000e-04
diff epoch 140/160: loss=2.207910e-01, lr=1.000e-04
diff epoch 141/160: loss=2.208073e-01, lr=1.000e-04
diff epoch 142/160: loss=2.207627e-01, lr=1.000e-04
diff epoch 143/160: loss=2.208549e-01, lr=1.000e-04
diff epoch 144/160: loss=2.208354e-01, lr=1.000e-04
diff epoch 145/160: loss=2.208421e-01, lr=1.000e-04
diff epoch 146/160: loss=2.209563e-01, lr=1.000e-04
diff epoch 147/160: loss=2.206417e-01, lr=1.000e-04
diff epoch 148/160: loss=2.209510e-01, lr=1.000e-04
diff epoch 149/160: loss=2.208683e-01, lr=1.000e-04
diff epoch 150/160: loss=2.208113e-01, lr=1.000e-04
diff epoch 151/160: loss=2.207490e-01, lr=1.000e-04
diff epoch 152/160: loss=2.208011e-01, lr=1.000e-04
diff epoch 153/160: loss=2.207361e-01, lr=1.000e-04
diff epoch 154/160: loss=2.209189e-01, lr=1.000e-04
diff epoch 155/160: loss=2.206808e-01, lr=1.000e-04
diff epoch 156/160: loss=2.208779e-01, lr=1.000e-04
diff epoch 157/160: loss=2.207426e-01, lr=1.000e-04
diff epoch 158/160: loss=2.207407e-01, lr=1.000e-04
diff epoch 159/160: loss=2.207330e-01, lr=1.000e-04
diff epoch 160/160: loss=2.207073e-01, lr=1.000e-04
[SSPA] diffusion training complete; starting evaluation
[SSPA] DDPM chunk 1/1: batch=1000000, sample=0.66s, total=0.66s, elapsed=0.66s, eta=0.00s
[SSPA] DDPM done: swd=0.003351, sample=0.66s, swd_eval=0.24s
[SSPA] DDIM-100 chunk 1/1: batch=1000000, sample=0.60s, total=0.60s, elapsed=0.60s, eta=0.00s
[SSPA] DDIM-100 done: swd=0.002537, sample=0.60s, swd_eval=0.28s
[SSPA] DDIM-50 chunk 1/1: batch=1000000, sample=0.20s, total=0.20s, elapsed=0.20s, eta=0.00s
[SSPA] DDIM-50 done: swd=0.002986, sample=0.20s, swd_eval=0.28s
[SSPA] DDIM-20 chunk 1/1: batch=1000000, sample=0.01s, total=0.01s, elapsed=0.01s, eta=0.00s
[SSPA] DDIM-20 done: swd=0.006101, sample=0.01s, swd_eval=0.23s
[SSPA] DDIM-10 chunk 1/1: batch=1000000, sample=0.01s, total=0.01s, elapsed=0.01s, eta=0.00s
[SSPA] DDIM-10 done: swd=0.009530, sample=0.01s, swd_eval=0.16s
[benchmark] matplotlib not available; skipping plot generation
{
  "output_json": "/home/rifr807e/repos/conditional_drifting_models/results_hpc/20260318_203626/paper2309_benchmark_seed12/paper2309_benchmark_summary.json",
  "output_dir": "/home/rifr807e/repos/conditional_drifting_models/results_hpc/20260318_203626/paper2309_benchmark_seed12",
  "channels": [
    "AWGN",
    "Rayleigh",
    "SSPA"
  ]
}

[seed-runner] exit_code: 0
[seed-runner] elapsed_seconds: 16876.508
