[seed-runner] start 2026-03-19T02:36:13Z
[seed-runner] label: paper
[seed-runner] cwd: /home/h3/rifr807e/repos/conditional_drifting_models
[seed-runner] command: /software/genoa/r24.04/Python/3.11.3-GCCcore-12.3.0/bin/python -u scripts/run_paper2309_benchmark.py --device cuda --seed 9 --channels AWGN,Rayleigh,SSPA --eval-size 1000000 --out-dir /home/rifr807e/repos/conditional_drifting_models/results_hpc/20260318_203626/paper2309_benchmark_seed9

epoch 1/30: loss=6.152825e-04, drift=6.259403e-02
epoch 2/30: loss=3.154266e-04, drift=4.498580e-02
epoch 3/30: loss=1.752426e-04, drift=3.356594e-02
epoch 4/30: loss=1.209791e-04, drift=2.808007e-02
epoch 5/30: loss=1.186571e-04, drift=2.784400e-02
epoch 6/30: loss=1.121629e-04, drift=2.703600e-02
epoch 7/30: loss=1.129935e-04, drift=2.712747e-02
epoch 8/30: loss=1.081005e-04, drift=2.650293e-02
epoch 9/30: loss=1.088687e-04, drift=2.664556e-02
epoch 10/30: loss=1.061765e-04, drift=2.629237e-02
epoch 11/30: loss=1.070626e-04, drift=2.639022e-02
epoch 12/30: loss=1.030481e-04, drift=2.594303e-02
epoch 13/30: loss=1.014607e-04, drift=2.574091e-02
epoch 14/30: loss=1.028344e-04, drift=2.590052e-02
epoch 15/30: loss=1.012183e-04, drift=2.567406e-02
epoch 16/30: loss=1.006142e-04, drift=2.561552e-02
epoch 17/30: loss=1.018964e-04, drift=2.582606e-02
epoch 18/30: loss=9.797565e-05, drift=2.524142e-02
epoch 19/30: loss=9.780326e-05, drift=2.527095e-02
epoch 20/30: loss=9.856735e-05, drift=2.537198e-02
epoch 21/30: loss=9.792163e-05, drift=2.522725e-02
epoch 22/30: loss=9.454733e-05, drift=2.478662e-02
epoch 23/30: loss=1.002647e-04, drift=2.556374e-02
epoch 24/30: loss=9.495141e-05, drift=2.487268e-02
epoch 25/30: loss=9.876458e-05, drift=2.535165e-02
epoch 26/30: loss=9.612092e-05, drift=2.504785e-02
epoch 27/30: loss=9.346620e-05, drift=2.465632e-02
epoch 28/30: loss=9.525852e-05, drift=2.491828e-02
epoch 29/30: loss=9.438579e-05, drift=2.480670e-02
epoch 30/30: loss=9.318870e-05, drift=2.465173e-02
epoch 1/30: loss=1.762703e-04, drift=3.365559e-02
epoch 2/30: loss=1.467357e-04, drift=3.093401e-02
epoch 3/30: loss=1.456789e-04, drift=3.086828e-02
epoch 4/30: loss=1.400686e-04, drift=3.027229e-02
epoch 5/30: loss=1.365729e-04, drift=2.988351e-02
epoch 6/30: loss=1.361237e-04, drift=2.978336e-02
epoch 7/30: loss=1.367626e-04, drift=2.984993e-02
epoch 8/30: loss=1.326600e-04, drift=2.943787e-02
epoch 9/30: loss=1.305525e-04, drift=2.920629e-02
epoch 10/30: loss=1.346450e-04, drift=2.963965e-02
epoch 11/30: loss=1.332758e-04, drift=2.947537e-02
epoch 12/30: loss=1.314176e-04, drift=2.924138e-02
epoch 13/30: loss=1.317024e-04, drift=2.927209e-02
epoch 14/30: loss=1.271924e-04, drift=2.879547e-02
epoch 15/30: loss=1.323695e-04, drift=2.935696e-02
epoch 16/30: loss=1.297629e-04, drift=2.909835e-02
epoch 17/30: loss=1.302430e-04, drift=2.916144e-02
epoch 18/30: loss=1.308229e-04, drift=2.919432e-02
epoch 19/30: loss=1.294338e-04, drift=2.907073e-02
epoch 20/30: loss=1.321805e-04, drift=2.931672e-02
epoch 21/30: loss=1.283572e-04, drift=2.894732e-02
epoch 22/30: loss=1.301736e-04, drift=2.909385e-02
epoch 23/30: loss=1.265768e-04, drift=2.869266e-02
epoch 24/30: loss=1.272537e-04, drift=2.880392e-02
epoch 25/30: loss=1.259617e-04, drift=2.867738e-02
epoch 26/30: loss=1.279656e-04, drift=2.883411e-02
epoch 27/30: loss=1.263698e-04, drift=2.872294e-02
epoch 28/30: loss=1.252290e-04, drift=2.855119e-02
epoch 29/30: loss=1.264334e-04, drift=2.872048e-02
epoch 30/30: loss=1.291600e-04, drift=2.896807e-02
diff epoch 1/30: loss=5.662065e-01, lr=1.000e-03
diff epoch 2/30: loss=5.210975e-01, lr=1.000e-03
diff epoch 3/30: loss=5.206494e-01, lr=1.000e-03
diff epoch 4/30: loss=5.204709e-01, lr=1.000e-03
diff epoch 5/30: loss=5.202127e-01, lr=1.000e-03
diff epoch 6/30: loss=5.201408e-01, lr=1.000e-03
diff epoch 7/30: loss=5.198589e-01, lr=1.000e-03
diff epoch 8/30: loss=5.198712e-01, lr=1.000e-03
diff epoch 9/30: loss=5.196719e-01, lr=1.000e-03
diff epoch 10/30: loss=5.195777e-01, lr=1.000e-03
diff epoch 11/30: loss=5.191772e-01, lr=1.000e-04
diff epoch 12/30: loss=5.191502e-01, lr=1.000e-04
diff epoch 13/30: loss=5.187193e-01, lr=1.000e-04
diff epoch 14/30: loss=5.189563e-01, lr=1.000e-04
diff epoch 15/30: loss=5.190027e-01, lr=1.000e-04
diff epoch 16/30: loss=5.191417e-01, lr=1.000e-04
diff epoch 17/30: loss=5.190093e-01, lr=1.000e-04
diff epoch 18/30: loss=5.187790e-01, lr=1.000e-04
diff epoch 19/30: loss=5.191573e-01, lr=1.000e-04
diff epoch 20/30: loss=5.189592e-01, lr=1.000e-04
diff epoch 21/30: loss=5.191535e-01, lr=1.000e-04
diff epoch 22/30: loss=5.189619e-01, lr=1.000e-04
diff epoch 23/30: loss=5.190356e-01, lr=1.000e-04
diff epoch 24/30: loss=5.188490e-01, lr=1.000e-04
diff epoch 25/30: loss=5.190337e-01, lr=1.000e-04
diff epoch 26/30: loss=5.188219e-01, lr=1.000e-04
diff epoch 27/30: loss=5.188417e-01, lr=1.000e-04
diff epoch 28/30: loss=5.187599e-01, lr=1.000e-04
diff epoch 29/30: loss=5.192658e-01, lr=1.000e-04
diff epoch 30/30: loss=5.190970e-01, lr=1.000e-04
[AWGN] diffusion training complete; starting evaluation
[AWGN] DDPM chunk 1/1: batch=1000000, sample=0.66s, total=0.66s, elapsed=0.66s, eta=0.00s
[AWGN] DDPM done: swd=0.007492, sample=0.66s, swd_eval=0.25s
[AWGN] DDIM-100 chunk 1/1: batch=1000000, sample=0.61s, total=0.61s, elapsed=0.61s, eta=0.00s
[AWGN] DDIM-100 done: swd=0.004364, sample=0.61s, swd_eval=0.29s
[AWGN] DDIM-50 chunk 1/1: batch=1000000, sample=0.20s, total=0.20s, elapsed=0.20s, eta=0.00s
[AWGN] DDIM-50 done: swd=0.007056, sample=0.20s, swd_eval=0.29s
[AWGN] DDIM-20 chunk 1/1: batch=1000000, sample=0.01s, total=0.01s, elapsed=0.01s, eta=0.00s
[AWGN] DDIM-20 done: swd=0.014592, sample=0.01s, swd_eval=0.24s
[AWGN] DDIM-10 chunk 1/1: batch=1000000, sample=0.01s, total=0.01s, elapsed=0.01s, eta=0.00s
[AWGN] DDIM-10 done: swd=0.026584, sample=0.01s, swd_eval=0.16s
epoch 1/30: loss=5.036077e-04, drift=5.665817e-02
epoch 2/30: loss=2.989176e-04, drift=4.379574e-02
epoch 3/30: loss=1.683409e-04, drift=3.273769e-02
epoch 4/30: loss=1.011302e-04, drift=2.563176e-02
epoch 5/30: loss=9.207203e-05, drift=2.443940e-02
epoch 6/30: loss=9.242093e-05, drift=2.450301e-02
epoch 7/30: loss=8.662162e-05, drift=2.367067e-02
epoch 8/30: loss=8.564923e-05, drift=2.359986e-02
epoch 9/30: loss=8.818226e-05, drift=2.391865e-02
epoch 10/30: loss=8.579629e-05, drift=2.365341e-02
epoch 11/30: loss=8.803573e-05, drift=2.389712e-02
epoch 12/30: loss=8.541524e-05, drift=2.357652e-02
epoch 13/30: loss=8.469817e-05, drift=2.349018e-02
epoch 14/30: loss=8.411319e-05, drift=2.338419e-02
epoch 15/30: loss=8.383383e-05, drift=2.336165e-02
epoch 16/30: loss=8.298903e-05, drift=2.321658e-02
epoch 17/30: loss=7.835806e-05, drift=2.253882e-02
epoch 18/30: loss=8.062407e-05, drift=2.290361e-02
epoch 19/30: loss=7.865100e-05, drift=2.261338e-02
epoch 20/30: loss=7.745322e-05, drift=2.236877e-02
epoch 21/30: loss=7.716224e-05, drift=2.238051e-02
epoch 22/30: loss=7.722131e-05, drift=2.237365e-02
epoch 23/30: loss=7.648697e-05, drift=2.227106e-02
epoch 24/30: loss=7.895755e-05, drift=2.267129e-02
epoch 25/30: loss=7.714618e-05, drift=2.238764e-02
epoch 26/30: loss=7.683122e-05, drift=2.235512e-02
epoch 27/30: loss=7.510590e-05, drift=2.209211e-02
epoch 28/30: loss=7.725513e-05, drift=2.240925e-02
epoch 29/30: loss=7.552293e-05, drift=2.216140e-02
epoch 30/30: loss=7.692581e-05, drift=2.236025e-02
epoch 1/30: loss=1.616189e-04, drift=3.217537e-02
epoch 2/30: loss=1.312000e-04, drift=2.923618e-02
epoch 3/30: loss=1.238627e-04, drift=2.837988e-02
epoch 4/30: loss=1.167480e-04, drift=2.759886e-02
epoch 5/30: loss=1.101708e-04, drift=2.683055e-02
epoch 6/30: loss=1.035833e-04, drift=2.596995e-02
epoch 7/30: loss=1.022302e-04, drift=2.579455e-02
epoch 8/30: loss=9.902648e-05, drift=2.540953e-02
epoch 9/30: loss=9.761232e-05, drift=2.525724e-02
epoch 10/30: loss=9.688473e-05, drift=2.506861e-02
epoch 11/30: loss=9.774277e-05, drift=2.524366e-02
epoch 12/30: loss=9.626563e-05, drift=2.506954e-02
epoch 13/30: loss=9.692528e-05, drift=2.511856e-02
epoch 14/30: loss=9.764941e-05, drift=2.522404e-02
epoch 15/30: loss=9.503027e-05, drift=2.486122e-02
epoch 16/30: loss=9.521817e-05, drift=2.493119e-02
epoch 17/30: loss=9.683708e-05, drift=2.510691e-02
epoch 18/30: loss=9.623884e-05, drift=2.500411e-02
epoch 19/30: loss=9.493477e-05, drift=2.485717e-02
epoch 20/30: loss=9.534055e-05, drift=2.496158e-02
epoch 21/30: loss=9.578407e-05, drift=2.501138e-02
epoch 22/30: loss=9.321202e-05, drift=2.465363e-02
epoch 23/30: loss=9.452803e-05, drift=2.479773e-02
epoch 24/30: loss=9.193467e-05, drift=2.448864e-02
epoch 25/30: loss=9.407569e-05, drift=2.473888e-02
epoch 26/30: loss=9.522154e-05, drift=2.490861e-02
epoch 27/30: loss=9.189522e-05, drift=2.447486e-02
epoch 28/30: loss=9.166902e-05, drift=2.443503e-02
epoch 29/30: loss=9.132989e-05, drift=2.439179e-02
epoch 30/30: loss=9.199275e-05, drift=2.450919e-02
diff epoch 1/30: loss=5.496809e-01, lr=1.000e-03
diff epoch 2/30: loss=5.126768e-01, lr=1.000e-03
diff epoch 3/30: loss=5.079166e-01, lr=1.000e-03
diff epoch 4/30: loss=4.876945e-01, lr=1.000e-03
diff epoch 5/30: loss=4.638111e-01, lr=1.000e-03
diff epoch 6/30: loss=4.595786e-01, lr=1.000e-03
diff epoch 7/30: loss=4.578640e-01, lr=1.000e-03
diff epoch 8/30: loss=4.572672e-01, lr=1.000e-03
diff epoch 9/30: loss=4.564979e-01, lr=1.000e-03
diff epoch 10/30: loss=4.562506e-01, lr=1.000e-03
diff epoch 11/30: loss=4.550879e-01, lr=1.000e-04
diff epoch 12/30: loss=4.550416e-01, lr=1.000e-04
diff epoch 13/30: loss=4.547368e-01, lr=1.000e-04
diff epoch 14/30: loss=4.549522e-01, lr=1.000e-04
diff epoch 15/30: loss=4.548467e-01, lr=1.000e-04
diff epoch 16/30: loss=4.548245e-01, lr=1.000e-04
diff epoch 17/30: loss=4.546193e-01, lr=1.000e-04
diff epoch 18/30: loss=4.545693e-01, lr=1.000e-04
diff epoch 19/30: loss=4.548897e-01, lr=1.000e-04
diff epoch 20/30: loss=4.545069e-01, lr=1.000e-04
diff epoch 21/30: loss=4.546072e-01, lr=1.000e-04
diff epoch 22/30: loss=4.546064e-01, lr=1.000e-04
diff epoch 23/30: loss=4.543501e-01, lr=1.000e-04
diff epoch 24/30: loss=4.544225e-01, lr=1.000e-04
diff epoch 25/30: loss=4.545306e-01, lr=1.000e-04
diff epoch 26/30: loss=4.545882e-01, lr=1.000e-04
diff epoch 27/30: loss=4.543917e-01, lr=1.000e-04
diff epoch 28/30: loss=4.542591e-01, lr=1.000e-04
diff epoch 29/30: loss=4.544979e-01, lr=1.000e-04
diff epoch 30/30: loss=4.543526e-01, lr=1.000e-04
[Rayleigh] diffusion training complete; starting evaluation
[Rayleigh] DDPM chunk 1/1: batch=1000000, sample=0.76s, total=0.76s, elapsed=0.76s, eta=0.00s
[Rayleigh] DDPM done: swd=0.007850, sample=0.76s, swd_eval=0.27s
[Rayleigh] DDIM-100 chunk 1/1: batch=1000000, sample=0.69s, total=0.69s, elapsed=0.69s, eta=0.00s
[Rayleigh] DDIM-100 done: swd=0.004376, sample=0.69s, swd_eval=0.32s
[Rayleigh] DDIM-50 chunk 1/1: batch=1000000, sample=0.23s, total=0.23s, elapsed=0.23s, eta=0.00s
[Rayleigh] DDIM-50 done: swd=0.007077, sample=0.23s, swd_eval=0.32s
[Rayleigh] DDIM-20 chunk 1/1: batch=1000000, sample=0.01s, total=0.01s, elapsed=0.01s, eta=0.00s
[Rayleigh] DDIM-20 done: swd=0.014424, sample=0.01s, swd_eval=0.26s
[Rayleigh] DDIM-10 chunk 1/1: batch=1000000, sample=0.01s, total=0.01s, elapsed=0.01s, eta=0.00s
[Rayleigh] DDIM-10 done: swd=0.027208, sample=0.01s, swd_eval=0.17s
epoch 1/160: loss=6.751289e-04, drift=7.045083e-02
epoch 2/160: loss=3.186745e-04, drift=4.828594e-02
epoch 3/160: loss=1.536425e-04, drift=3.384714e-02
epoch 4/160: loss=1.150269e-04, drift=2.940020e-02
epoch 5/160: loss=1.138649e-04, drift=2.926168e-02
epoch 6/160: loss=1.039342e-04, drift=2.791493e-02
epoch 7/160: loss=1.050694e-04, drift=2.807495e-02
epoch 8/160: loss=1.030279e-04, drift=2.784965e-02
epoch 9/160: loss=1.001527e-04, drift=2.743916e-02
epoch 10/160: loss=9.971566e-05, drift=2.738259e-02
epoch 11/160: loss=9.536039e-05, drift=2.675747e-02
epoch 12/160: loss=9.219705e-05, drift=2.630601e-02
epoch 13/160: loss=9.567234e-05, drift=2.679214e-02
epoch 14/160: loss=8.997296e-05, drift=2.599859e-02
epoch 15/160: loss=8.654078e-05, drift=2.551367e-02
epoch 16/160: loss=8.455099e-05, drift=2.521520e-02
epoch 17/160: loss=8.353145e-05, drift=2.506066e-02
epoch 18/160: loss=8.417378e-05, drift=2.512435e-02
epoch 19/160: loss=8.115474e-05, drift=2.471410e-02
epoch 20/160: loss=7.785201e-05, drift=2.414469e-02
epoch 21/160: loss=7.699077e-05, drift=2.405667e-02
epoch 22/160: loss=7.637635e-05, drift=2.391549e-02
epoch 23/160: loss=7.212425e-05, drift=2.327218e-02
epoch 24/160: loss=7.235557e-05, drift=2.330445e-02
epoch 25/160: loss=7.124394e-05, drift=2.312220e-02
epoch 26/160: loss=6.810373e-05, drift=2.261273e-02
epoch 27/160: loss=6.776140e-05, drift=2.258433e-02
epoch 28/160: loss=6.419910e-05, drift=2.196607e-02
epoch 29/160: loss=6.471363e-05, drift=2.204009e-02
epoch 30/160: loss=6.282917e-05, drift=2.171768e-02
epoch 31/160: loss=6.249821e-05, drift=2.166475e-02
epoch 32/160: loss=6.073292e-05, drift=2.136946e-02
epoch 33/160: loss=6.036851e-05, drift=2.131434e-02
epoch 34/160: loss=5.932550e-05, drift=2.111229e-02
epoch 35/160: loss=5.960714e-05, drift=2.116208e-02
epoch 36/160: loss=5.864355e-05, drift=2.099786e-02
epoch 37/160: loss=5.949562e-05, drift=2.114470e-02
epoch 38/160: loss=5.627408e-05, drift=2.055959e-02
epoch 39/160: loss=5.718358e-05, drift=2.073889e-02
epoch 40/160: loss=5.587663e-05, drift=2.049027e-02
epoch 41/160: loss=5.463172e-05, drift=2.025384e-02
epoch 42/160: loss=5.453595e-05, drift=2.023411e-02
epoch 43/160: loss=5.319400e-05, drift=1.999970e-02
epoch 44/160: loss=5.374350e-05, drift=2.010780e-02
epoch 45/160: loss=5.296794e-05, drift=1.996204e-02
epoch 46/160: loss=5.386783e-05, drift=2.012526e-02
epoch 47/160: loss=5.318803e-05, drift=2.000293e-02
epoch 48/160: loss=5.344571e-05, drift=2.002331e-02
epoch 49/160: loss=5.045655e-05, drift=1.947533e-02
epoch 50/160: loss=5.144557e-05, drift=1.964668e-02
epoch 51/160: loss=5.102698e-05, drift=1.959778e-02
epoch 52/160: loss=5.086317e-05, drift=1.953084e-02
epoch 53/160: loss=5.179515e-05, drift=1.972557e-02
epoch 54/160: loss=5.025585e-05, drift=1.944230e-02
epoch 55/160: loss=4.949506e-05, drift=1.928583e-02
epoch 56/160: loss=5.070466e-05, drift=1.951910e-02
epoch 57/160: loss=5.062277e-05, drift=1.950003e-02
epoch 58/160: loss=4.864596e-05, drift=1.910873e-02
epoch 59/160: loss=4.914051e-05, drift=1.922064e-02
epoch 60/160: loss=4.977597e-05, drift=1.934763e-02
epoch 61/160: loss=4.834937e-05, drift=1.904877e-02
epoch 62/160: loss=4.855711e-05, drift=1.911377e-02
epoch 63/160: loss=4.768127e-05, drift=1.890404e-02
epoch 64/160: loss=4.863030e-05, drift=1.911699e-02
epoch 65/160: loss=4.813652e-05, drift=1.903294e-02
epoch 66/160: loss=4.747495e-05, drift=1.888410e-02
epoch 67/160: loss=4.847332e-05, drift=1.909956e-02
epoch 68/160: loss=4.673477e-05, drift=1.872469e-02
epoch 69/160: loss=4.658058e-05, drift=1.870575e-02
epoch 70/160: loss=4.638250e-05, drift=1.865566e-02
epoch 71/160: loss=4.627926e-05, drift=1.866308e-02
epoch 72/160: loss=4.559856e-05, drift=1.850898e-02
epoch 73/160: loss=4.732201e-05, drift=1.885205e-02
epoch 74/160: loss=4.538094e-05, drift=1.846924e-02
epoch 75/160: loss=4.539871e-05, drift=1.847683e-02
epoch 76/160: loss=4.450774e-05, drift=1.828277e-02
epoch 77/160: loss=4.419995e-05, drift=1.823110e-02
epoch 78/160: loss=4.413602e-05, drift=1.820871e-02
epoch 79/160: loss=4.477670e-05, drift=1.833301e-02
epoch 80/160: loss=4.388335e-05, drift=1.817496e-02
epoch 81/160: loss=4.362626e-05, drift=1.810556e-02
epoch 82/160: loss=4.340749e-05, drift=1.804812e-02
epoch 83/160: loss=4.329279e-05, drift=1.803386e-02
epoch 84/160: loss=4.454700e-05, drift=1.828622e-02
epoch 85/160: loss=4.302794e-05, drift=1.799499e-02
epoch 86/160: loss=4.385006e-05, drift=1.812634e-02
epoch 87/160: loss=4.345875e-05, drift=1.808439e-02
epoch 88/160: loss=4.337354e-05, drift=1.802480e-02
epoch 89/160: loss=4.367235e-05, drift=1.812035e-02
epoch 90/160: loss=4.360190e-05, drift=1.811762e-02
epoch 91/160: loss=4.246529e-05, drift=1.785918e-02
epoch 92/160: loss=4.277581e-05, drift=1.792343e-02
epoch 93/160: loss=4.294278e-05, drift=1.797045e-02
epoch 94/160: loss=4.228355e-05, drift=1.782757e-02
epoch 95/160: loss=4.221878e-05, drift=1.782020e-02
epoch 96/160: loss=4.179579e-05, drift=1.773438e-02
epoch 97/160: loss=4.179569e-05, drift=1.774151e-02
epoch 98/160: loss=4.187514e-05, drift=1.773054e-02
epoch 99/160: loss=4.299954e-05, drift=1.799190e-02
epoch 100/160: loss=4.170438e-05, drift=1.773114e-02
epoch 101/160: loss=4.063632e-05, drift=1.749734e-02
epoch 102/160: loss=4.183910e-05, drift=1.773927e-02
epoch 103/160: loss=4.152070e-05, drift=1.764879e-02
epoch 104/160: loss=4.153490e-05, drift=1.768016e-02
epoch 105/160: loss=4.129414e-05, drift=1.761531e-02
epoch 106/160: loss=4.139453e-05, drift=1.762654e-02
epoch 107/160: loss=4.147508e-05, drift=1.764832e-02
epoch 108/160: loss=4.146829e-05, drift=1.766965e-02
epoch 109/160: loss=4.095157e-05, drift=1.752669e-02
epoch 110/160: loss=4.015311e-05, drift=1.737863e-02
epoch 111/160: loss=4.043454e-05, drift=1.741818e-02
epoch 112/160: loss=4.048573e-05, drift=1.746644e-02
epoch 113/160: loss=3.890455e-05, drift=1.710947e-02
epoch 114/160: loss=4.021182e-05, drift=1.738057e-02
epoch 115/160: loss=4.047048e-05, drift=1.742617e-02
epoch 116/160: loss=4.030488e-05, drift=1.739949e-02
epoch 117/160: loss=4.018927e-05, drift=1.736329e-02
epoch 118/160: loss=3.981899e-05, drift=1.730392e-02
epoch 119/160: loss=4.048656e-05, drift=1.746662e-02
epoch 120/160: loss=3.960316e-05, drift=1.724273e-02
epoch 121/160: loss=3.992479e-05, drift=1.731853e-02
epoch 122/160: loss=3.962835e-05, drift=1.726676e-02
epoch 123/160: loss=3.964975e-05, drift=1.724318e-02
epoch 124/160: loss=3.958023e-05, drift=1.724789e-02
epoch 125/160: loss=3.858940e-05, drift=1.703355e-02
epoch 126/160: loss=4.098972e-05, drift=1.756498e-02
epoch 127/160: loss=3.894840e-05, drift=1.711297e-02
epoch 128/160: loss=3.889089e-05, drift=1.709075e-02
epoch 129/160: loss=3.939411e-05, drift=1.719761e-02
epoch 130/160: loss=3.954784e-05, drift=1.723807e-02
epoch 131/160: loss=3.949219e-05, drift=1.724178e-02
epoch 132/160: loss=3.906742e-05, drift=1.711091e-02
epoch 133/160: loss=3.893822e-05, drift=1.709696e-02
epoch 134/160: loss=3.894617e-05, drift=1.712067e-02
epoch 135/160: loss=3.902785e-05, drift=1.710736e-02
epoch 136/160: loss=3.822752e-05, drift=1.693675e-02
epoch 137/160: loss=3.913146e-05, drift=1.715013e-02
epoch 138/160: loss=3.870801e-05, drift=1.704010e-02
epoch 139/160: loss=3.877688e-05, drift=1.706255e-02
epoch 140/160: loss=3.797821e-05, drift=1.688416e-02
epoch 141/160: loss=3.879341e-05, drift=1.707038e-02
epoch 142/160: loss=3.799258e-05, drift=1.690208e-02
epoch 143/160: loss=3.839155e-05, drift=1.699178e-02
epoch 144/160: loss=3.801174e-05, drift=1.690919e-02
epoch 145/160: loss=3.742909e-05, drift=1.677124e-02
epoch 146/160: loss=3.844627e-05, drift=1.699487e-02
epoch 147/160: loss=3.701340e-05, drift=1.668382e-02
epoch 148/160: loss=3.779336e-05, drift=1.686290e-02
epoch 149/160: loss=3.821825e-05, drift=1.695864e-02
epoch 150/160: loss=3.750940e-05, drift=1.681133e-02
epoch 151/160: loss=3.726657e-05, drift=1.675742e-02
epoch 152/160: loss=3.889867e-05, drift=1.707834e-02
epoch 153/160: loss=3.813229e-05, drift=1.691251e-02
epoch 154/160: loss=3.751178e-05, drift=1.681735e-02
epoch 155/160: loss=3.786392e-05, drift=1.685814e-02
epoch 156/160: loss=3.797320e-05, drift=1.689291e-02
epoch 157/160: loss=3.797057e-05, drift=1.689447e-02
epoch 158/160: loss=3.766451e-05, drift=1.685757e-02
epoch 159/160: loss=3.773695e-05, drift=1.684380e-02
epoch 160/160: loss=3.707089e-05, drift=1.668574e-02
epoch 1/160: loss=1.991805e-04, drift=3.843306e-02
epoch 2/160: loss=1.673406e-04, drift=3.546931e-02
epoch 3/160: loss=1.587224e-04, drift=3.453404e-02
epoch 4/160: loss=1.571054e-04, drift=3.434634e-02
epoch 5/160: loss=1.534222e-04, drift=3.393541e-02
epoch 6/160: loss=1.542173e-04, drift=3.405413e-02
epoch 7/160: loss=1.481431e-04, drift=3.335396e-02
epoch 8/160: loss=1.472112e-04, drift=3.332222e-02
epoch 9/160: loss=1.447646e-04, drift=3.297518e-02
epoch 10/160: loss=1.466066e-04, drift=3.319257e-02
epoch 11/160: loss=1.423186e-04, drift=3.273668e-02
epoch 12/160: loss=1.435522e-04, drift=3.282281e-02
epoch 13/160: loss=1.461445e-04, drift=3.312642e-02
epoch 14/160: loss=1.425061e-04, drift=3.274809e-02
epoch 15/160: loss=1.404938e-04, drift=3.248863e-02
epoch 16/160: loss=1.431664e-04, drift=3.279861e-02
epoch 17/160: loss=1.439289e-04, drift=3.286524e-02
epoch 18/160: loss=1.406480e-04, drift=3.252047e-02
epoch 19/160: loss=1.410940e-04, drift=3.256044e-02
epoch 20/160: loss=1.439862e-04, drift=3.292552e-02
epoch 21/160: loss=1.414527e-04, drift=3.261574e-02
epoch 22/160: loss=1.413582e-04, drift=3.259074e-02
epoch 23/160: loss=1.400735e-04, drift=3.249674e-02
epoch 24/160: loss=1.414721e-04, drift=3.262654e-02
epoch 25/160: loss=1.399312e-04, drift=3.242757e-02
epoch 26/160: loss=1.385358e-04, drift=3.224521e-02
epoch 27/160: loss=1.406378e-04, drift=3.251146e-02
epoch 28/160: loss=1.374199e-04, drift=3.216896e-02
epoch 29/160: loss=1.357820e-04, drift=3.199347e-02
epoch 30/160: loss=1.372584e-04, drift=3.216257e-02
epoch 31/160: loss=1.385510e-04, drift=3.228178e-02
epoch 32/160: loss=1.353962e-04, drift=3.189828e-02
epoch 33/160: loss=1.376406e-04, drift=3.214651e-02
epoch 34/160: loss=1.376480e-04, drift=3.217044e-02
epoch 35/160: loss=1.351636e-04, drift=3.187717e-02
epoch 36/160: loss=1.363989e-04, drift=3.203063e-02
epoch 37/160: loss=1.340626e-04, drift=3.175640e-02
epoch 38/160: loss=1.374219e-04, drift=3.214981e-02
epoch 39/160: loss=1.350118e-04, drift=3.184801e-02
epoch 40/160: loss=1.356826e-04, drift=3.189806e-02
epoch 41/160: loss=1.331860e-04, drift=3.162991e-02
epoch 42/160: loss=1.327015e-04, drift=3.159587e-02
epoch 43/160: loss=1.322953e-04, drift=3.157691e-02
epoch 44/160: loss=1.321106e-04, drift=3.151495e-02
epoch 45/160: loss=1.352215e-04, drift=3.185213e-02
epoch 46/160: loss=1.309591e-04, drift=3.133240e-02
epoch 47/160: loss=1.329271e-04, drift=3.166086e-02
epoch 48/160: loss=1.331973e-04, drift=3.165144e-02
epoch 49/160: loss=1.318709e-04, drift=3.143546e-02
epoch 50/160: loss=1.331334e-04, drift=3.162924e-02
epoch 51/160: loss=1.329778e-04, drift=3.158471e-02
epoch 52/160: loss=1.320722e-04, drift=3.149777e-02
epoch 53/160: loss=1.337199e-04, drift=3.170710e-02
epoch 54/160: loss=1.327114e-04, drift=3.155155e-02
epoch 55/160: loss=1.307774e-04, drift=3.137579e-02
epoch 56/160: loss=1.313491e-04, drift=3.139732e-02
epoch 57/160: loss=1.331684e-04, drift=3.160530e-02
epoch 58/160: loss=1.308206e-04, drift=3.132823e-02
epoch 59/160: loss=1.300688e-04, drift=3.123712e-02
epoch 60/160: loss=1.319676e-04, drift=3.150629e-02
epoch 61/160: loss=1.307582e-04, drift=3.137957e-02
epoch 62/160: loss=1.311554e-04, drift=3.139832e-02
epoch 63/160: loss=1.293719e-04, drift=3.115822e-02
epoch 64/160: loss=1.293921e-04, drift=3.122105e-02
epoch 65/160: loss=1.308620e-04, drift=3.140696e-02
epoch 66/160: loss=1.288368e-04, drift=3.108724e-02
epoch 67/160: loss=1.277474e-04, drift=3.102926e-02
epoch 68/160: loss=1.288064e-04, drift=3.113475e-02
epoch 69/160: loss=1.301225e-04, drift=3.128570e-02
epoch 70/160: loss=1.301566e-04, drift=3.130758e-02
epoch 71/160: loss=1.297326e-04, drift=3.122462e-02
epoch 72/160: loss=1.276342e-04, drift=3.100026e-02
epoch 73/160: loss=1.297843e-04, drift=3.122656e-02
epoch 74/160: loss=1.291355e-04, drift=3.118844e-02
epoch 75/160: loss=1.296805e-04, drift=3.121433e-02
epoch 76/160: loss=1.279412e-04, drift=3.102028e-02
epoch 77/160: loss=1.273579e-04, drift=3.094355e-02
epoch 78/160: loss=1.268917e-04, drift=3.085718e-02
epoch 79/160: loss=1.283269e-04, drift=3.104994e-02
epoch 80/160: loss=1.285887e-04, drift=3.110086e-02
epoch 81/160: loss=1.288549e-04, drift=3.115002e-02
epoch 82/160: loss=1.270263e-04, drift=3.093748e-02
epoch 83/160: loss=1.291402e-04, drift=3.116622e-02
epoch 84/160: loss=1.272470e-04, drift=3.090962e-02
epoch 85/160: loss=1.277529e-04, drift=3.099086e-02
epoch 86/160: loss=1.298927e-04, drift=3.122264e-02
epoch 87/160: loss=1.293657e-04, drift=3.116412e-02
epoch 88/160: loss=1.267187e-04, drift=3.080991e-02
epoch 89/160: loss=1.250960e-04, drift=3.061763e-02
epoch 90/160: loss=1.259656e-04, drift=3.080444e-02
epoch 91/160: loss=1.275313e-04, drift=3.098561e-02
epoch 92/160: loss=1.263287e-04, drift=3.083508e-02
epoch 93/160: loss=1.243900e-04, drift=3.054432e-02
epoch 94/160: loss=1.248868e-04, drift=3.060570e-02
epoch 95/160: loss=1.270727e-04, drift=3.092537e-02
epoch 96/160: loss=1.253303e-04, drift=3.072001e-02
epoch 97/160: loss=1.260661e-04, drift=3.074010e-02
epoch 98/160: loss=1.271149e-04, drift=3.091469e-02
epoch 99/160: loss=1.261953e-04, drift=3.077744e-02
epoch 100/160: loss=1.285261e-04, drift=3.110702e-02
epoch 101/160: loss=1.253679e-04, drift=3.068301e-02
epoch 102/160: loss=1.259253e-04, drift=3.077930e-02
epoch 103/160: loss=1.257030e-04, drift=3.075397e-02
epoch 104/160: loss=1.279676e-04, drift=3.102701e-02
epoch 105/160: loss=1.245837e-04, drift=3.061974e-02
epoch 106/160: loss=1.263086e-04, drift=3.079100e-02
epoch 107/160: loss=1.235363e-04, drift=3.046329e-02
epoch 108/160: loss=1.256724e-04, drift=3.071912e-02
epoch 109/160: loss=1.257756e-04, drift=3.078100e-02
epoch 110/160: loss=1.275767e-04, drift=3.094754e-02
epoch 111/160: loss=1.241731e-04, drift=3.054324e-02
epoch 112/160: loss=1.255007e-04, drift=3.068863e-02
epoch 113/160: loss=1.253762e-04, drift=3.067772e-02
epoch 114/160: loss=1.246977e-04, drift=3.059071e-02
epoch 115/160: loss=1.270145e-04, drift=3.084519e-02
epoch 116/160: loss=1.266117e-04, drift=3.088773e-02
epoch 117/160: loss=1.250645e-04, drift=3.068073e-02
epoch 118/160: loss=1.252754e-04, drift=3.069062e-02
epoch 119/160: loss=1.239812e-04, drift=3.053889e-02
epoch 120/160: loss=1.284263e-04, drift=3.106576e-02
epoch 121/160: loss=1.256507e-04, drift=3.071792e-02
epoch 122/160: loss=1.256046e-04, drift=3.071931e-02
epoch 123/160: loss=1.236918e-04, drift=3.049510e-02
epoch 124/160: loss=1.240099e-04, drift=3.056659e-02
epoch 125/160: loss=1.248862e-04, drift=3.063373e-02
epoch 126/160: loss=1.242638e-04, drift=3.061762e-02
epoch 127/160: loss=1.252179e-04, drift=3.061785e-02
epoch 128/160: loss=1.248345e-04, drift=3.062935e-02
epoch 129/160: loss=1.246083e-04, drift=3.060488e-02
epoch 130/160: loss=1.257543e-04, drift=3.074241e-02
epoch 131/160: loss=1.249179e-04, drift=3.064409e-02
epoch 132/160: loss=1.235935e-04, drift=3.048509e-02
epoch 133/160: loss=1.233630e-04, drift=3.042533e-02
epoch 134/160: loss=1.233442e-04, drift=3.047129e-02
epoch 135/160: loss=1.252224e-04, drift=3.066391e-02
epoch 136/160: loss=1.234512e-04, drift=3.044570e-02
epoch 137/160: loss=1.231006e-04, drift=3.042229e-02
epoch 138/160: loss=1.225228e-04, drift=3.031374e-02
epoch 139/160: loss=1.241864e-04, drift=3.053817e-02
epoch 140/160: loss=1.247683e-04, drift=3.061456e-02
epoch 141/160: loss=1.271155e-04, drift=3.093276e-02
epoch 142/160: loss=1.221123e-04, drift=3.030175e-02
epoch 143/160: loss=1.239235e-04, drift=3.050797e-02
epoch 144/160: loss=1.236039e-04, drift=3.045636e-02
epoch 145/160: loss=1.211882e-04, drift=3.020735e-02
epoch 146/160: loss=1.209431e-04, drift=3.012799e-02
epoch 147/160: loss=1.238407e-04, drift=3.052337e-02
epoch 148/160: loss=1.210991e-04, drift=3.017916e-02
epoch 149/160: loss=1.239636e-04, drift=3.051939e-02
epoch 150/160: loss=1.232783e-04, drift=3.044290e-02
epoch 151/160: loss=1.238374e-04, drift=3.047996e-02
epoch 152/160: loss=1.222956e-04, drift=3.032480e-02
epoch 153/160: loss=1.234173e-04, drift=3.046566e-02
epoch 154/160: loss=1.223232e-04, drift=3.030040e-02
epoch 155/160: loss=1.237333e-04, drift=3.050175e-02
epoch 156/160: loss=1.245241e-04, drift=3.060010e-02
epoch 157/160: loss=1.218318e-04, drift=3.032099e-02
epoch 158/160: loss=1.229690e-04, drift=3.039913e-02
epoch 159/160: loss=1.227599e-04, drift=3.035885e-02
epoch 160/160: loss=1.216163e-04, drift=3.024999e-02
diff epoch 1/160: loss=7.331183e-01, lr=1.000e-04
diff epoch 2/160: loss=5.355863e-01, lr=1.000e-04
diff epoch 3/160: loss=5.165458e-01, lr=1.000e-04
diff epoch 4/160: loss=5.108262e-01, lr=1.000e-04
diff epoch 5/160: loss=5.076114e-01, lr=1.000e-04
diff epoch 6/160: loss=5.037384e-01, lr=1.000e-04
diff epoch 7/160: loss=4.956105e-01, lr=1.000e-04
diff epoch 8/160: loss=4.766871e-01, lr=1.000e-04
diff epoch 9/160: loss=4.413276e-01, lr=1.000e-04
diff epoch 10/160: loss=3.846115e-01, lr=1.000e-04
diff epoch 11/160: loss=3.257241e-01, lr=1.000e-04
diff epoch 12/160: loss=2.834060e-01, lr=1.000e-04
diff epoch 13/160: loss=2.626706e-01, lr=1.000e-04
diff epoch 14/160: loss=2.511753e-01, lr=1.000e-04
diff epoch 15/160: loss=2.442225e-01, lr=1.000e-04
diff epoch 16/160: loss=2.393581e-01, lr=1.000e-04
diff epoch 17/160: loss=2.359131e-01, lr=1.000e-04
diff epoch 18/160: loss=2.335920e-01, lr=1.000e-04
diff epoch 19/160: loss=2.317123e-01, lr=1.000e-04
diff epoch 20/160: loss=2.302879e-01, lr=1.000e-04
diff epoch 21/160: loss=2.294988e-01, lr=1.000e-04
diff epoch 22/160: loss=2.283060e-01, lr=1.000e-04
diff epoch 23/160: loss=2.277209e-01, lr=1.000e-04
diff epoch 24/160: loss=2.269647e-01, lr=1.000e-04
diff epoch 25/160: loss=2.266447e-01, lr=1.000e-04
diff epoch 26/160: loss=2.262547e-01, lr=1.000e-04
diff epoch 27/160: loss=2.258798e-01, lr=1.000e-04
diff epoch 28/160: loss=2.251775e-01, lr=1.000e-04
diff epoch 29/160: loss=2.252528e-01, lr=1.000e-04
diff epoch 30/160: loss=2.249435e-01, lr=1.000e-04
diff epoch 31/160: loss=2.246812e-01, lr=1.000e-04
diff epoch 32/160: loss=2.244161e-01, lr=1.000e-04
diff epoch 33/160: loss=2.241835e-01, lr=1.000e-04
diff epoch 34/160: loss=2.241303e-01, lr=1.000e-04
diff epoch 35/160: loss=2.238772e-01, lr=1.000e-04
diff epoch 36/160: loss=2.238013e-01, lr=1.000e-04
diff epoch 37/160: loss=2.236054e-01, lr=1.000e-04
diff epoch 38/160: loss=2.234076e-01, lr=1.000e-04
diff epoch 39/160: loss=2.234841e-01, lr=1.000e-04
diff epoch 40/160: loss=2.231914e-01, lr=1.000e-04
diff epoch 41/160: loss=2.233021e-01, lr=1.000e-04
diff epoch 42/160: loss=2.231064e-01, lr=1.000e-04
diff epoch 43/160: loss=2.228875e-01, lr=1.000e-04
diff epoch 44/160: loss=2.227772e-01, lr=1.000e-04
diff epoch 45/160: loss=2.227326e-01, lr=1.000e-04
diff epoch 46/160: loss=2.230110e-01, lr=1.000e-04
diff epoch 47/160: loss=2.226385e-01, lr=1.000e-04
diff epoch 48/160: loss=2.225916e-01, lr=1.000e-04
diff epoch 49/160: loss=2.227117e-01, lr=1.000e-04
diff epoch 50/160: loss=2.224373e-01, lr=1.000e-04
diff epoch 51/160: loss=2.224789e-01, lr=1.000e-04
diff epoch 52/160: loss=2.223821e-01, lr=1.000e-04
diff epoch 53/160: loss=2.223684e-01, lr=1.000e-04
diff epoch 54/160: loss=2.222344e-01, lr=1.000e-04
diff epoch 55/160: loss=2.220554e-01, lr=1.000e-04
diff epoch 56/160: loss=2.221122e-01, lr=1.000e-04
diff epoch 57/160: loss=2.220693e-01, lr=1.000e-04
diff epoch 58/160: loss=2.220413e-01, lr=1.000e-04
diff epoch 59/160: loss=2.219955e-01, lr=1.000e-04
diff epoch 60/160: loss=2.219882e-01, lr=1.000e-04
diff epoch 61/160: loss=2.218362e-01, lr=1.000e-04
diff epoch 62/160: loss=2.217711e-01, lr=1.000e-04
diff epoch 63/160: loss=2.216266e-01, lr=1.000e-04
diff epoch 64/160: loss=2.217249e-01, lr=1.000e-04
diff epoch 65/160: loss=2.218002e-01, lr=1.000e-04
diff epoch 66/160: loss=2.217074e-01, lr=1.000e-04
diff epoch 67/160: loss=2.216217e-01, lr=1.000e-04
diff epoch 68/160: loss=2.217627e-01, lr=1.000e-04
diff epoch 69/160: loss=2.217480e-01, lr=1.000e-04
diff epoch 70/160: loss=2.216740e-01, lr=1.000e-04
diff epoch 71/160: loss=2.215948e-01, lr=1.000e-04
diff epoch 72/160: loss=2.215357e-01, lr=1.000e-04
diff epoch 73/160: loss=2.214986e-01, lr=1.000e-04
diff epoch 74/160: loss=2.216223e-01, lr=1.000e-04
diff epoch 75/160: loss=2.214551e-01, lr=1.000e-04
diff epoch 76/160: loss=2.215362e-01, lr=1.000e-04
diff epoch 77/160: loss=2.215457e-01, lr=1.000e-04
diff epoch 78/160: loss=2.215031e-01, lr=1.000e-04
diff epoch 79/160: loss=2.214580e-01, lr=1.000e-04
diff epoch 80/160: loss=2.215017e-01, lr=1.000e-04
diff epoch 81/160: loss=2.214123e-01, lr=1.000e-04
diff epoch 82/160: loss=2.213634e-01, lr=1.000e-04
diff epoch 83/160: loss=2.213515e-01, lr=1.000e-04
diff epoch 84/160: loss=2.213776e-01, lr=1.000e-04
diff epoch 85/160: loss=2.213144e-01, lr=1.000e-04
diff epoch 86/160: loss=2.212545e-01, lr=1.000e-04
diff epoch 87/160: loss=2.213183e-01, lr=1.000e-04
diff epoch 88/160: loss=2.214585e-01, lr=1.000e-04
diff epoch 89/160: loss=2.213233e-01, lr=1.000e-04
diff epoch 90/160: loss=2.213617e-01, lr=1.000e-04
diff epoch 91/160: loss=2.212570e-01, lr=1.000e-04
diff epoch 92/160: loss=2.213021e-01, lr=1.000e-04
diff epoch 93/160: loss=2.212097e-01, lr=1.000e-04
diff epoch 94/160: loss=2.211629e-01, lr=1.000e-04
diff epoch 95/160: loss=2.212658e-01, lr=1.000e-04
diff epoch 96/160: loss=2.212753e-01, lr=1.000e-04
diff epoch 97/160: loss=2.211390e-01, lr=1.000e-04
diff epoch 98/160: loss=2.211579e-01, lr=1.000e-04
diff epoch 99/160: loss=2.211629e-01, lr=1.000e-04
diff epoch 100/160: loss=2.211448e-01, lr=1.000e-04
diff epoch 101/160: loss=2.212925e-01, lr=1.000e-04
diff epoch 102/160: loss=2.213824e-01, lr=1.000e-04
diff epoch 103/160: loss=2.210260e-01, lr=1.000e-04
diff epoch 104/160: loss=2.212303e-01, lr=1.000e-04
diff epoch 105/160: loss=2.210881e-01, lr=1.000e-04
diff epoch 106/160: loss=2.210303e-01, lr=1.000e-04
diff epoch 107/160: loss=2.211244e-01, lr=1.000e-04
diff epoch 108/160: loss=2.211005e-01, lr=1.000e-04
diff epoch 109/160: loss=2.210245e-01, lr=1.000e-04
diff epoch 110/160: loss=2.210534e-01, lr=1.000e-04
diff epoch 111/160: loss=2.210893e-01, lr=1.000e-04
diff epoch 112/160: loss=2.211114e-01, lr=1.000e-04
diff epoch 113/160: loss=2.211101e-01, lr=1.000e-04
diff epoch 114/160: loss=2.209826e-01, lr=1.000e-04
diff epoch 115/160: loss=2.209971e-01, lr=1.000e-04
diff epoch 116/160: loss=2.210816e-01, lr=1.000e-04
diff epoch 117/160: loss=2.210683e-01, lr=1.000e-04
diff epoch 118/160: loss=2.210464e-01, lr=1.000e-04
diff epoch 119/160: loss=2.211109e-01, lr=1.000e-04
diff epoch 120/160: loss=2.209350e-01, lr=1.000e-04
diff epoch 121/160: loss=2.212492e-01, lr=1.000e-04
diff epoch 122/160: loss=2.209298e-01, lr=1.000e-04
diff epoch 123/160: loss=2.209781e-01, lr=1.000e-04
diff epoch 124/160: loss=2.209992e-01, lr=1.000e-04
diff epoch 125/160: loss=2.206979e-01, lr=1.000e-04
diff epoch 126/160: loss=2.209303e-01, lr=1.000e-04
diff epoch 127/160: loss=2.208719e-01, lr=1.000e-04
diff epoch 128/160: loss=2.209579e-01, lr=1.000e-04
diff epoch 129/160: loss=2.209122e-01, lr=1.000e-04
diff epoch 130/160: loss=2.209335e-01, lr=1.000e-04
diff epoch 131/160: loss=2.208955e-01, lr=1.000e-04
diff epoch 132/160: loss=2.207870e-01, lr=1.000e-04
diff epoch 133/160: loss=2.209370e-01, lr=1.000e-04
diff epoch 134/160: loss=2.210096e-01, lr=1.000e-04
diff epoch 135/160: loss=2.210697e-01, lr=1.000e-04
diff epoch 136/160: loss=2.209307e-01, lr=1.000e-04
diff epoch 137/160: loss=2.209961e-01, lr=1.000e-04
diff epoch 138/160: loss=2.210415e-01, lr=1.000e-04
diff epoch 139/160: loss=2.209101e-01, lr=1.000e-04
diff epoch 140/160: loss=2.206801e-01, lr=1.000e-04
diff epoch 141/160: loss=2.208871e-01, lr=1.000e-04
diff epoch 142/160: loss=2.207397e-01, lr=1.000e-04
diff epoch 143/160: loss=2.206838e-01, lr=1.000e-04
diff epoch 144/160: loss=2.209578e-01, lr=1.000e-04
diff epoch 145/160: loss=2.208707e-01, lr=1.000e-04
diff epoch 146/160: loss=2.208845e-01, lr=1.000e-04
diff epoch 147/160: loss=2.209015e-01, lr=1.000e-04
diff epoch 148/160: loss=2.206846e-01, lr=1.000e-04
diff epoch 149/160: loss=2.209011e-01, lr=1.000e-04
diff epoch 150/160: loss=2.206371e-01, lr=1.000e-04
diff epoch 151/160: loss=2.208871e-01, lr=1.000e-04
diff epoch 152/160: loss=2.207876e-01, lr=1.000e-04
diff epoch 153/160: loss=2.207898e-01, lr=1.000e-04
diff epoch 154/160: loss=2.207870e-01, lr=1.000e-04
diff epoch 155/160: loss=2.206611e-01, lr=1.000e-04
diff epoch 156/160: loss=2.206731e-01, lr=1.000e-04
diff epoch 157/160: loss=2.207612e-01, lr=1.000e-04
diff epoch 158/160: loss=2.206602e-01, lr=1.000e-04
diff epoch 159/160: loss=2.206644e-01, lr=1.000e-04
diff epoch 160/160: loss=2.206566e-01, lr=1.000e-04
[SSPA] diffusion training complete; starting evaluation
[SSPA] DDPM chunk 1/1: batch=1000000, sample=0.66s, total=0.66s, elapsed=0.66s, eta=0.00s
[SSPA] DDPM done: swd=0.003414, sample=0.66s, swd_eval=0.25s
[SSPA] DDIM-100 chunk 1/1: batch=1000000, sample=0.60s, total=0.60s, elapsed=0.60s, eta=0.00s
[SSPA] DDIM-100 done: swd=0.002614, sample=0.60s, swd_eval=0.28s
[SSPA] DDIM-50 chunk 1/1: batch=1000000, sample=0.20s, total=0.20s, elapsed=0.20s, eta=0.00s
[SSPA] DDIM-50 done: swd=0.002989, sample=0.20s, swd_eval=0.28s
[SSPA] DDIM-20 chunk 1/1: batch=1000000, sample=0.01s, total=0.01s, elapsed=0.01s, eta=0.00s
[SSPA] DDIM-20 done: swd=0.005821, sample=0.01s, swd_eval=0.24s
[SSPA] DDIM-10 chunk 1/1: batch=1000000, sample=0.01s, total=0.01s, elapsed=0.01s, eta=0.00s
[SSPA] DDIM-10 done: swd=0.008902, sample=0.01s, swd_eval=0.16s
[benchmark] matplotlib not available; skipping plot generation
{
  "output_json": "/home/rifr807e/repos/conditional_drifting_models/results_hpc/20260318_203626/paper2309_benchmark_seed9/paper2309_benchmark_summary.json",
  "output_dir": "/home/rifr807e/repos/conditional_drifting_models/results_hpc/20260318_203626/paper2309_benchmark_seed9",
  "channels": [
    "AWGN",
    "Rayleigh",
    "SSPA"
  ]
}

[seed-runner] exit_code: 0
[seed-runner] elapsed_seconds: 16954.859
