[seed-runner] start 2026-03-19T05:29:45Z
[seed-runner] label: paper
[seed-runner] cwd: /home/h3/rifr807e/repos/conditional_drifting_models
[seed-runner] command: /software/genoa/r24.04/Python/3.11.3-GCCcore-12.3.0/bin/python -u scripts/run_paper2309_benchmark.py --device cuda --seed 14 --channels AWGN,Rayleigh,SSPA --eval-size 1000000 --out-dir /home/rifr807e/repos/conditional_drifting_models/results_hpc/20260318_203626/paper2309_benchmark_seed14

epoch 1/30: loss=6.898468e-04, drift=6.635434e-02
epoch 2/30: loss=4.233035e-04, drift=5.201821e-02
epoch 3/30: loss=2.332014e-04, drift=3.861182e-02
epoch 4/30: loss=1.419389e-04, drift=3.030322e-02
epoch 5/30: loss=1.164280e-04, drift=2.755735e-02
epoch 6/30: loss=1.189067e-04, drift=2.787758e-02
epoch 7/30: loss=1.174158e-04, drift=2.769161e-02
epoch 8/30: loss=1.098473e-04, drift=2.678090e-02
epoch 9/30: loss=1.078681e-04, drift=2.651452e-02
epoch 10/30: loss=1.075638e-04, drift=2.645033e-02
epoch 11/30: loss=1.082846e-04, drift=2.660147e-02
epoch 12/30: loss=1.042911e-04, drift=2.605023e-02
epoch 13/30: loss=1.056244e-04, drift=2.629751e-02
epoch 14/30: loss=1.022291e-04, drift=2.583024e-02
epoch 15/30: loss=1.024551e-04, drift=2.581103e-02
epoch 16/30: loss=1.030497e-04, drift=2.589418e-02
epoch 17/30: loss=1.015770e-04, drift=2.571371e-02
epoch 18/30: loss=9.974058e-05, drift=2.548982e-02
epoch 19/30: loss=9.506885e-05, drift=2.487893e-02
epoch 20/30: loss=9.618483e-05, drift=2.502159e-02
epoch 21/30: loss=9.845958e-05, drift=2.536408e-02
epoch 22/30: loss=9.777769e-05, drift=2.524096e-02
epoch 23/30: loss=9.629988e-05, drift=2.504466e-02
epoch 24/30: loss=9.540593e-05, drift=2.492427e-02
epoch 25/30: loss=9.649133e-05, drift=2.507010e-02
epoch 26/30: loss=9.499593e-05, drift=2.488717e-02
epoch 27/30: loss=9.782695e-05, drift=2.523989e-02
epoch 28/30: loss=9.241664e-05, drift=2.454934e-02
epoch 29/30: loss=9.451566e-05, drift=2.484369e-02
epoch 30/30: loss=9.536330e-05, drift=2.489722e-02
epoch 1/30: loss=1.734538e-04, drift=3.338965e-02
epoch 2/30: loss=1.515478e-04, drift=3.144451e-02
epoch 3/30: loss=1.433811e-04, drift=3.052889e-02
epoch 4/30: loss=1.381530e-04, drift=3.004337e-02
epoch 5/30: loss=1.395643e-04, drift=3.016885e-02
epoch 6/30: loss=1.356209e-04, drift=2.972646e-02
epoch 7/30: loss=1.339047e-04, drift=2.955257e-02
epoch 8/30: loss=1.347915e-04, drift=2.960452e-02
epoch 9/30: loss=1.325246e-04, drift=2.940643e-02
epoch 10/30: loss=1.341233e-04, drift=2.954830e-02
epoch 11/30: loss=1.312232e-04, drift=2.926131e-02
epoch 12/30: loss=1.304774e-04, drift=2.912999e-02
epoch 13/30: loss=1.302542e-04, drift=2.915134e-02
epoch 14/30: loss=1.284039e-04, drift=2.892097e-02
epoch 15/30: loss=1.291317e-04, drift=2.901653e-02
epoch 16/30: loss=1.311095e-04, drift=2.926975e-02
epoch 17/30: loss=1.294482e-04, drift=2.905470e-02
epoch 18/30: loss=1.279273e-04, drift=2.890199e-02
epoch 19/30: loss=1.309293e-04, drift=2.919155e-02
epoch 20/30: loss=1.286558e-04, drift=2.897570e-02
epoch 21/30: loss=1.282535e-04, drift=2.886165e-02
epoch 22/30: loss=1.320299e-04, drift=2.936950e-02
epoch 23/30: loss=1.285742e-04, drift=2.896100e-02
epoch 24/30: loss=1.311544e-04, drift=2.922849e-02
epoch 25/30: loss=1.278796e-04, drift=2.888490e-02
epoch 26/30: loss=1.281318e-04, drift=2.889386e-02
epoch 27/30: loss=1.252044e-04, drift=2.856746e-02
epoch 28/30: loss=1.306315e-04, drift=2.917237e-02
epoch 29/30: loss=1.307230e-04, drift=2.922920e-02
epoch 30/30: loss=1.297581e-04, drift=2.910979e-02
diff epoch 1/30: loss=5.617875e-01, lr=1.000e-03
diff epoch 2/30: loss=5.212401e-01, lr=1.000e-03
diff epoch 3/30: loss=5.207517e-01, lr=1.000e-03
diff epoch 4/30: loss=5.203989e-01, lr=1.000e-03
diff epoch 5/30: loss=5.202654e-01, lr=1.000e-03
diff epoch 6/30: loss=5.201916e-01, lr=1.000e-03
diff epoch 7/30: loss=5.199685e-01, lr=1.000e-03
diff epoch 8/30: loss=5.200774e-01, lr=1.000e-03
diff epoch 9/30: loss=5.198038e-01, lr=1.000e-03
diff epoch 10/30: loss=5.199704e-01, lr=1.000e-03
diff epoch 11/30: loss=5.192106e-01, lr=1.000e-04
diff epoch 12/30: loss=5.189726e-01, lr=1.000e-04
diff epoch 13/30: loss=5.192150e-01, lr=1.000e-04
diff epoch 14/30: loss=5.189980e-01, lr=1.000e-04
diff epoch 15/30: loss=5.189272e-01, lr=1.000e-04
diff epoch 16/30: loss=5.190183e-01, lr=1.000e-04
diff epoch 17/30: loss=5.187605e-01, lr=1.000e-04
diff epoch 18/30: loss=5.190669e-01, lr=1.000e-04
diff epoch 19/30: loss=5.189479e-01, lr=1.000e-04
diff epoch 20/30: loss=5.191216e-01, lr=1.000e-04
diff epoch 21/30: loss=5.188965e-01, lr=1.000e-04
diff epoch 22/30: loss=5.191316e-01, lr=1.000e-04
diff epoch 23/30: loss=5.189093e-01, lr=1.000e-04
diff epoch 24/30: loss=5.188731e-01, lr=1.000e-04
diff epoch 25/30: loss=5.190908e-01, lr=1.000e-04
diff epoch 26/30: loss=5.188404e-01, lr=1.000e-04
diff epoch 27/30: loss=5.189976e-01, lr=1.000e-04
diff epoch 28/30: loss=5.190681e-01, lr=1.000e-04
diff epoch 29/30: loss=5.191367e-01, lr=1.000e-04
diff epoch 30/30: loss=5.190389e-01, lr=1.000e-04
[AWGN] diffusion training complete; starting evaluation
[AWGN] DDPM chunk 1/1: batch=1000000, sample=0.66s, total=0.66s, elapsed=0.66s, eta=0.00s
[AWGN] DDPM done: swd=0.007275, sample=0.66s, swd_eval=0.25s
[AWGN] DDIM-100 chunk 1/1: batch=1000000, sample=0.61s, total=0.61s, elapsed=0.61s, eta=0.00s
[AWGN] DDIM-100 done: swd=0.004719, sample=0.61s, swd_eval=0.29s
[AWGN] DDIM-50 chunk 1/1: batch=1000000, sample=0.20s, total=0.20s, elapsed=0.20s, eta=0.00s
[AWGN] DDIM-50 done: swd=0.006285, sample=0.20s, swd_eval=0.29s
[AWGN] DDIM-20 chunk 1/1: batch=1000000, sample=0.01s, total=0.01s, elapsed=0.01s, eta=0.00s
[AWGN] DDIM-20 done: swd=0.014665, sample=0.01s, swd_eval=0.24s
[AWGN] DDIM-10 chunk 1/1: batch=1000000, sample=0.00s, total=0.01s, elapsed=0.01s, eta=0.00s
[AWGN] DDIM-10 done: swd=0.027068, sample=0.00s, swd_eval=0.16s
epoch 1/30: loss=4.985751e-04, drift=5.650399e-02
epoch 2/30: loss=2.837421e-04, drift=4.268001e-02
epoch 3/30: loss=1.514040e-04, drift=3.120339e-02
epoch 4/30: loss=9.643912e-05, drift=2.507433e-02
epoch 5/30: loss=9.063234e-05, drift=2.426809e-02
epoch 6/30: loss=9.101707e-05, drift=2.435377e-02
epoch 7/30: loss=8.516734e-05, drift=2.353909e-02
epoch 8/30: loss=8.890953e-05, drift=2.401209e-02
epoch 9/30: loss=8.722754e-05, drift=2.381697e-02
epoch 10/30: loss=8.636472e-05, drift=2.366898e-02
epoch 11/30: loss=8.603215e-05, drift=2.360932e-02
epoch 12/30: loss=8.780127e-05, drift=2.388097e-02
epoch 13/30: loss=8.628156e-05, drift=2.369654e-02
epoch 14/30: loss=8.269866e-05, drift=2.318922e-02
epoch 15/30: loss=8.510292e-05, drift=2.354229e-02
epoch 16/30: loss=8.158708e-05, drift=2.306642e-02
epoch 17/30: loss=7.985485e-05, drift=2.280148e-02
epoch 18/30: loss=7.854391e-05, drift=2.256788e-02
epoch 19/30: loss=7.917813e-05, drift=2.264807e-02
epoch 20/30: loss=7.878318e-05, drift=2.261779e-02
epoch 21/30: loss=7.956535e-05, drift=2.271191e-02
epoch 22/30: loss=7.794846e-05, drift=2.248339e-02
epoch 23/30: loss=7.679537e-05, drift=2.228871e-02
epoch 24/30: loss=7.724169e-05, drift=2.239615e-02
epoch 25/30: loss=7.602718e-05, drift=2.222212e-02
epoch 26/30: loss=7.789083e-05, drift=2.248423e-02
epoch 27/30: loss=7.721741e-05, drift=2.237966e-02
epoch 28/30: loss=7.660253e-05, drift=2.228726e-02
epoch 29/30: loss=7.574280e-05, drift=2.217685e-02
epoch 30/30: loss=7.701946e-05, drift=2.235251e-02
epoch 1/30: loss=1.685202e-04, drift=3.306505e-02
epoch 2/30: loss=1.349596e-04, drift=2.966131e-02
epoch 3/30: loss=1.286008e-04, drift=2.894337e-02
epoch 4/30: loss=1.222922e-04, drift=2.826310e-02
epoch 5/30: loss=1.186879e-04, drift=2.782561e-02
epoch 6/30: loss=1.095170e-04, drift=2.669466e-02
epoch 7/30: loss=1.079126e-04, drift=2.650325e-02
epoch 8/30: loss=1.047683e-04, drift=2.612702e-02
epoch 9/30: loss=1.045730e-04, drift=2.608297e-02
epoch 10/30: loss=1.022333e-04, drift=2.578273e-02
epoch 11/30: loss=1.022239e-04, drift=2.578189e-02
epoch 12/30: loss=1.012918e-04, drift=2.571518e-02
epoch 13/30: loss=1.005455e-04, drift=2.559723e-02
epoch 14/30: loss=1.019317e-04, drift=2.576987e-02
epoch 15/30: loss=1.009588e-04, drift=2.563492e-02
epoch 16/30: loss=9.571240e-05, drift=2.497245e-02
epoch 17/30: loss=9.730048e-05, drift=2.518581e-02
epoch 18/30: loss=9.649844e-05, drift=2.510053e-02
epoch 19/30: loss=9.800773e-05, drift=2.529092e-02
epoch 20/30: loss=9.560825e-05, drift=2.496509e-02
epoch 21/30: loss=9.613285e-05, drift=2.497925e-02
epoch 22/30: loss=9.527395e-05, drift=2.493077e-02
epoch 23/30: loss=9.585028e-05, drift=2.495986e-02
epoch 24/30: loss=9.516465e-05, drift=2.490903e-02
epoch 25/30: loss=9.557181e-05, drift=2.494243e-02
epoch 26/30: loss=9.559684e-05, drift=2.496559e-02
epoch 27/30: loss=9.371122e-05, drift=2.470453e-02
epoch 28/30: loss=9.268564e-05, drift=2.455149e-02
epoch 29/30: loss=9.240785e-05, drift=2.449955e-02
epoch 30/30: loss=9.193503e-05, drift=2.448494e-02
diff epoch 1/30: loss=5.497156e-01, lr=1.000e-03
diff epoch 2/30: loss=5.123999e-01, lr=1.000e-03
diff epoch 3/30: loss=5.054170e-01, lr=1.000e-03
diff epoch 4/30: loss=4.795071e-01, lr=1.000e-03
diff epoch 5/30: loss=4.621197e-01, lr=1.000e-03
diff epoch 6/30: loss=4.590200e-01, lr=1.000e-03
diff epoch 7/30: loss=4.579550e-01, lr=1.000e-03
diff epoch 8/30: loss=4.573031e-01, lr=1.000e-03
diff epoch 9/30: loss=4.563858e-01, lr=1.000e-03
diff epoch 10/30: loss=4.562691e-01, lr=1.000e-03
diff epoch 11/30: loss=4.549066e-01, lr=1.000e-04
diff epoch 12/30: loss=4.549329e-01, lr=1.000e-04
diff epoch 13/30: loss=4.545857e-01, lr=1.000e-04
diff epoch 14/30: loss=4.548750e-01, lr=1.000e-04
diff epoch 15/30: loss=4.548678e-01, lr=1.000e-04
diff epoch 16/30: loss=4.547300e-01, lr=1.000e-04
diff epoch 17/30: loss=4.546785e-01, lr=1.000e-04
diff epoch 18/30: loss=4.544403e-01, lr=1.000e-04
diff epoch 19/30: loss=4.543990e-01, lr=1.000e-04
diff epoch 20/30: loss=4.546136e-01, lr=1.000e-04
diff epoch 21/30: loss=4.542181e-01, lr=1.000e-04
diff epoch 22/30: loss=4.543042e-01, lr=1.000e-04
diff epoch 23/30: loss=4.545171e-01, lr=1.000e-04
diff epoch 24/30: loss=4.544856e-01, lr=1.000e-04
diff epoch 25/30: loss=4.543519e-01, lr=1.000e-04
diff epoch 26/30: loss=4.541085e-01, lr=1.000e-04
diff epoch 27/30: loss=4.541291e-01, lr=1.000e-04
diff epoch 28/30: loss=4.541934e-01, lr=1.000e-04
diff epoch 29/30: loss=4.542154e-01, lr=1.000e-04
diff epoch 30/30: loss=4.542918e-01, lr=1.000e-04
[Rayleigh] diffusion training complete; starting evaluation
[Rayleigh] DDPM chunk 1/1: batch=1000000, sample=0.76s, total=0.76s, elapsed=0.76s, eta=0.00s
[Rayleigh] DDPM done: swd=0.008810, sample=0.76s, swd_eval=0.27s
[Rayleigh] DDIM-100 chunk 1/1: batch=1000000, sample=0.69s, total=0.69s, elapsed=0.69s, eta=0.00s
[Rayleigh] DDIM-100 done: swd=0.005079, sample=0.69s, swd_eval=0.32s
[Rayleigh] DDIM-50 chunk 1/1: batch=1000000, sample=0.23s, total=0.23s, elapsed=0.23s, eta=0.00s
[Rayleigh] DDIM-50 done: swd=0.007413, sample=0.23s, swd_eval=0.32s
[Rayleigh] DDIM-20 chunk 1/1: batch=1000000, sample=0.01s, total=0.01s, elapsed=0.01s, eta=0.00s
[Rayleigh] DDIM-20 done: swd=0.016477, sample=0.01s, swd_eval=0.26s
[Rayleigh] DDIM-10 chunk 1/1: batch=1000000, sample=0.01s, total=0.01s, elapsed=0.01s, eta=0.00s
[Rayleigh] DDIM-10 done: swd=0.028721, sample=0.01s, swd_eval=0.17s
epoch 1/160: loss=7.106572e-04, drift=7.211778e-02
epoch 2/160: loss=3.652752e-04, drift=5.149376e-02
epoch 3/160: loss=1.936918e-04, drift=3.762779e-02
epoch 4/160: loss=1.251244e-04, drift=3.052103e-02
epoch 5/160: loss=1.101854e-04, drift=2.876536e-02
epoch 6/160: loss=1.076677e-04, drift=2.848990e-02
epoch 7/160: loss=1.050791e-04, drift=2.813955e-02
epoch 8/160: loss=1.032761e-04, drift=2.788410e-02
epoch 9/160: loss=1.025624e-04, drift=2.773466e-02
epoch 10/160: loss=9.833009e-05, drift=2.718837e-02
epoch 11/160: loss=9.591187e-05, drift=2.684415e-02
epoch 12/160: loss=9.599634e-05, drift=2.685767e-02
epoch 13/160: loss=8.975429e-05, drift=2.598105e-02
epoch 14/160: loss=8.988517e-05, drift=2.599519e-02
epoch 15/160: loss=8.762780e-05, drift=2.569665e-02
epoch 16/160: loss=8.412413e-05, drift=2.517219e-02
epoch 17/160: loss=8.175136e-05, drift=2.480237e-02
epoch 18/160: loss=8.010055e-05, drift=2.452672e-02
epoch 19/160: loss=7.866574e-05, drift=2.427904e-02
epoch 20/160: loss=7.652080e-05, drift=2.398668e-02
epoch 21/160: loss=7.331675e-05, drift=2.346113e-02
epoch 22/160: loss=7.192680e-05, drift=2.324156e-02
epoch 23/160: loss=6.892733e-05, drift=2.275855e-02
epoch 24/160: loss=6.815724e-05, drift=2.264365e-02
epoch 25/160: loss=6.770592e-05, drift=2.254484e-02
epoch 26/160: loss=6.544965e-05, drift=2.221840e-02
epoch 27/160: loss=6.678649e-05, drift=2.236654e-02
epoch 28/160: loss=6.224274e-05, drift=2.165393e-02
epoch 29/160: loss=6.096648e-05, drift=2.138866e-02
epoch 30/160: loss=6.008924e-05, drift=2.124391e-02
epoch 31/160: loss=6.239744e-05, drift=2.166500e-02
epoch 32/160: loss=6.070749e-05, drift=2.133326e-02
epoch 33/160: loss=5.920284e-05, drift=2.109190e-02
epoch 34/160: loss=5.928297e-05, drift=2.112906e-02
epoch 35/160: loss=5.853048e-05, drift=2.091555e-02
epoch 36/160: loss=5.753691e-05, drift=2.078979e-02
epoch 37/160: loss=5.600495e-05, drift=2.049960e-02
epoch 38/160: loss=5.661117e-05, drift=2.061604e-02
epoch 39/160: loss=5.506100e-05, drift=2.035905e-02
epoch 40/160: loss=5.380996e-05, drift=2.009401e-02
epoch 41/160: loss=5.609422e-05, drift=2.053525e-02
epoch 42/160: loss=5.561726e-05, drift=2.045440e-02
epoch 43/160: loss=5.399116e-05, drift=2.015863e-02
epoch 44/160: loss=5.286662e-05, drift=1.994791e-02
epoch 45/160: loss=5.372946e-05, drift=2.011718e-02
epoch 46/160: loss=5.359166e-05, drift=2.007770e-02
epoch 47/160: loss=5.176213e-05, drift=1.970544e-02
epoch 48/160: loss=5.171425e-05, drift=1.974402e-02
epoch 49/160: loss=5.337786e-05, drift=2.002081e-02
epoch 50/160: loss=5.186645e-05, drift=1.974135e-02
epoch 51/160: loss=5.256548e-05, drift=1.987385e-02
epoch 52/160: loss=5.064209e-05, drift=1.950426e-02
epoch 53/160: loss=5.335456e-05, drift=2.001777e-02
epoch 54/160: loss=5.008654e-05, drift=1.939331e-02
epoch 55/160: loss=5.119223e-05, drift=1.962462e-02
epoch 56/160: loss=4.857655e-05, drift=1.911184e-02
epoch 57/160: loss=5.115878e-05, drift=1.961225e-02
epoch 58/160: loss=4.886321e-05, drift=1.918719e-02
epoch 59/160: loss=4.968768e-05, drift=1.934436e-02
epoch 60/160: loss=4.861820e-05, drift=1.912638e-02
epoch 61/160: loss=4.801095e-05, drift=1.902453e-02
epoch 62/160: loss=4.936431e-05, drift=1.926401e-02
epoch 63/160: loss=4.765393e-05, drift=1.891804e-02
epoch 64/160: loss=4.755103e-05, drift=1.890601e-02
epoch 65/160: loss=4.785605e-05, drift=1.896135e-02
epoch 66/160: loss=4.758104e-05, drift=1.889078e-02
epoch 67/160: loss=4.764167e-05, drift=1.893241e-02
epoch 68/160: loss=4.699132e-05, drift=1.877377e-02
epoch 69/160: loss=4.571193e-05, drift=1.852195e-02
epoch 70/160: loss=4.704659e-05, drift=1.881375e-02
epoch 71/160: loss=4.633616e-05, drift=1.865021e-02
epoch 72/160: loss=4.617171e-05, drift=1.863140e-02
epoch 73/160: loss=4.563576e-05, drift=1.851501e-02
epoch 74/160: loss=4.608827e-05, drift=1.861317e-02
epoch 75/160: loss=4.531492e-05, drift=1.847860e-02
epoch 76/160: loss=4.599593e-05, drift=1.861056e-02
epoch 77/160: loss=4.654451e-05, drift=1.868733e-02
epoch 78/160: loss=4.437396e-05, drift=1.825347e-02
epoch 79/160: loss=4.507573e-05, drift=1.839220e-02
epoch 80/160: loss=4.405420e-05, drift=1.820474e-02
epoch 81/160: loss=4.399817e-05, drift=1.817736e-02
epoch 82/160: loss=4.362584e-05, drift=1.810820e-02
epoch 83/160: loss=4.380307e-05, drift=1.815867e-02
epoch 84/160: loss=4.526598e-05, drift=1.844709e-02
epoch 85/160: loss=4.383639e-05, drift=1.816288e-02
epoch 86/160: loss=4.247717e-05, drift=1.788218e-02
epoch 87/160: loss=4.314790e-05, drift=1.801788e-02
epoch 88/160: loss=4.329611e-05, drift=1.804871e-02
epoch 89/160: loss=4.252762e-05, drift=1.786554e-02
epoch 90/160: loss=4.308068e-05, drift=1.797647e-02
epoch 91/160: loss=4.244873e-05, drift=1.783541e-02
epoch 92/160: loss=4.227743e-05, drift=1.781470e-02
epoch 93/160: loss=4.237949e-05, drift=1.787548e-02
epoch 94/160: loss=4.248924e-05, drift=1.785379e-02
epoch 95/160: loss=4.180968e-05, drift=1.773101e-02
epoch 96/160: loss=4.099427e-05, drift=1.756320e-02
epoch 97/160: loss=4.175395e-05, drift=1.772316e-02
epoch 98/160: loss=4.142644e-05, drift=1.766280e-02
epoch 99/160: loss=4.169080e-05, drift=1.770273e-02
epoch 100/160: loss=4.126620e-05, drift=1.760401e-02
epoch 101/160: loss=4.142089e-05, drift=1.761884e-02
epoch 102/160: loss=4.096562e-05, drift=1.753117e-02
epoch 103/160: loss=4.091842e-05, drift=1.754418e-02
epoch 104/160: loss=4.166366e-05, drift=1.767641e-02
epoch 105/160: loss=4.053370e-05, drift=1.744095e-02
epoch 106/160: loss=4.057605e-05, drift=1.745420e-02
epoch 107/160: loss=4.169925e-05, drift=1.767461e-02
epoch 108/160: loss=4.064816e-05, drift=1.747377e-02
epoch 109/160: loss=4.077416e-05, drift=1.751181e-02
epoch 110/160: loss=4.049186e-05, drift=1.743923e-02
epoch 111/160: loss=4.039599e-05, drift=1.742597e-02
epoch 112/160: loss=3.956781e-05, drift=1.727100e-02
epoch 113/160: loss=4.029125e-05, drift=1.741387e-02
epoch 114/160: loss=3.994555e-05, drift=1.732274e-02
epoch 115/160: loss=3.953007e-05, drift=1.725259e-02
epoch 116/160: loss=4.081559e-05, drift=1.751115e-02
epoch 117/160: loss=4.056728e-05, drift=1.746361e-02
epoch 118/160: loss=3.886346e-05, drift=1.708754e-02
epoch 119/160: loss=4.008684e-05, drift=1.736364e-02
epoch 120/160: loss=3.932896e-05, drift=1.717805e-02
epoch 121/160: loss=3.905428e-05, drift=1.714602e-02
epoch 122/160: loss=3.907513e-05, drift=1.714665e-02
epoch 123/160: loss=3.868607e-05, drift=1.703706e-02
epoch 124/160: loss=3.957061e-05, drift=1.721753e-02
epoch 125/160: loss=3.859174e-05, drift=1.704689e-02
epoch 126/160: loss=3.979942e-05, drift=1.731701e-02
epoch 127/160: loss=3.837874e-05, drift=1.697653e-02
epoch 128/160: loss=3.905277e-05, drift=1.715407e-02
epoch 129/160: loss=3.849013e-05, drift=1.702996e-02
epoch 130/160: loss=3.827380e-05, drift=1.696213e-02
epoch 131/160: loss=3.840281e-05, drift=1.699238e-02
epoch 132/160: loss=3.826670e-05, drift=1.694458e-02
epoch 133/160: loss=3.957654e-05, drift=1.725916e-02
epoch 134/160: loss=3.847405e-05, drift=1.700209e-02
epoch 135/160: loss=3.777004e-05, drift=1.685498e-02
epoch 136/160: loss=3.882037e-05, drift=1.708499e-02
epoch 137/160: loss=3.898471e-05, drift=1.713915e-02
epoch 138/160: loss=3.867917e-05, drift=1.704261e-02
epoch 139/160: loss=3.802272e-05, drift=1.689503e-02
epoch 140/160: loss=3.830154e-05, drift=1.697178e-02
epoch 141/160: loss=3.830040e-05, drift=1.697140e-02
epoch 142/160: loss=3.833768e-05, drift=1.695952e-02
epoch 143/160: loss=3.933624e-05, drift=1.723175e-02
epoch 144/160: loss=3.827745e-05, drift=1.696416e-02
epoch 145/160: loss=3.737679e-05, drift=1.678466e-02
epoch 146/160: loss=3.713709e-05, drift=1.669315e-02
epoch 147/160: loss=3.792110e-05, drift=1.686056e-02
epoch 148/160: loss=3.819694e-05, drift=1.695285e-02
epoch 149/160: loss=3.798930e-05, drift=1.689574e-02
epoch 150/160: loss=3.835519e-05, drift=1.696147e-02
epoch 151/160: loss=3.748808e-05, drift=1.677705e-02
epoch 152/160: loss=3.773176e-05, drift=1.686350e-02
epoch 153/160: loss=3.788718e-05, drift=1.688443e-02
epoch 154/160: loss=3.665414e-05, drift=1.660835e-02
epoch 155/160: loss=3.679331e-05, drift=1.660932e-02
epoch 156/160: loss=3.781527e-05, drift=1.684747e-02
epoch 157/160: loss=3.808189e-05, drift=1.691762e-02
epoch 158/160: loss=3.787457e-05, drift=1.688468e-02
epoch 159/160: loss=3.880816e-05, drift=1.708899e-02
epoch 160/160: loss=3.591396e-05, drift=1.641953e-02
epoch 1/160: loss=1.895860e-04, drift=3.758400e-02
epoch 2/160: loss=1.635886e-04, drift=3.507458e-02
epoch 3/160: loss=1.605853e-04, drift=3.470987e-02
epoch 4/160: loss=1.591239e-04, drift=3.461001e-02
epoch 5/160: loss=1.516134e-04, drift=3.375911e-02
epoch 6/160: loss=1.476614e-04, drift=3.332076e-02
epoch 7/160: loss=1.507424e-04, drift=3.370661e-02
epoch 8/160: loss=1.486288e-04, drift=3.339458e-02
epoch 9/160: loss=1.457204e-04, drift=3.309054e-02
epoch 10/160: loss=1.484223e-04, drift=3.340085e-02
epoch 11/160: loss=1.431727e-04, drift=3.280041e-02
epoch 12/160: loss=1.459798e-04, drift=3.309472e-02
epoch 13/160: loss=1.425926e-04, drift=3.273648e-02
epoch 14/160: loss=1.428949e-04, drift=3.281718e-02
epoch 15/160: loss=1.437501e-04, drift=3.285416e-02
epoch 16/160: loss=1.428841e-04, drift=3.274273e-02
epoch 17/160: loss=1.438038e-04, drift=3.283958e-02
epoch 18/160: loss=1.433251e-04, drift=3.279849e-02
epoch 19/160: loss=1.429479e-04, drift=3.275549e-02
epoch 20/160: loss=1.407232e-04, drift=3.251682e-02
epoch 21/160: loss=1.413141e-04, drift=3.256109e-02
epoch 22/160: loss=1.413856e-04, drift=3.261963e-02
epoch 23/160: loss=1.400032e-04, drift=3.242512e-02
epoch 24/160: loss=1.383285e-04, drift=3.226934e-02
epoch 25/160: loss=1.385727e-04, drift=3.226472e-02
epoch 26/160: loss=1.373613e-04, drift=3.217779e-02
epoch 27/160: loss=1.378769e-04, drift=3.216292e-02
epoch 28/160: loss=1.417062e-04, drift=3.264182e-02
epoch 29/160: loss=1.381190e-04, drift=3.220525e-02
epoch 30/160: loss=1.382087e-04, drift=3.222749e-02
epoch 31/160: loss=1.386697e-04, drift=3.230313e-02
epoch 32/160: loss=1.392510e-04, drift=3.232425e-02
epoch 33/160: loss=1.350653e-04, drift=3.180239e-02
epoch 34/160: loss=1.369348e-04, drift=3.208753e-02
epoch 35/160: loss=1.341941e-04, drift=3.175124e-02
epoch 36/160: loss=1.350743e-04, drift=3.186385e-02
epoch 37/160: loss=1.354838e-04, drift=3.191640e-02
epoch 38/160: loss=1.355589e-04, drift=3.193161e-02
epoch 39/160: loss=1.349719e-04, drift=3.185948e-02
epoch 40/160: loss=1.350062e-04, drift=3.186481e-02
epoch 41/160: loss=1.355872e-04, drift=3.191429e-02
epoch 42/160: loss=1.358889e-04, drift=3.198378e-02
epoch 43/160: loss=1.334265e-04, drift=3.168798e-02
epoch 44/160: loss=1.339116e-04, drift=3.173395e-02
epoch 45/160: loss=1.359220e-04, drift=3.197821e-02
epoch 46/160: loss=1.376516e-04, drift=3.217585e-02
epoch 47/160: loss=1.358957e-04, drift=3.195221e-02
epoch 48/160: loss=1.341284e-04, drift=3.169932e-02
epoch 49/160: loss=1.330169e-04, drift=3.165890e-02
epoch 50/160: loss=1.330760e-04, drift=3.160794e-02
epoch 51/160: loss=1.313383e-04, drift=3.143187e-02
epoch 52/160: loss=1.321662e-04, drift=3.149340e-02
epoch 53/160: loss=1.302901e-04, drift=3.130110e-02
epoch 54/160: loss=1.322154e-04, drift=3.153794e-02
epoch 55/160: loss=1.313672e-04, drift=3.142992e-02
epoch 56/160: loss=1.325047e-04, drift=3.152464e-02
epoch 57/160: loss=1.297791e-04, drift=3.124224e-02
epoch 58/160: loss=1.350416e-04, drift=3.187644e-02
epoch 59/160: loss=1.315446e-04, drift=3.141434e-02
epoch 60/160: loss=1.285520e-04, drift=3.107458e-02
epoch 61/160: loss=1.328004e-04, drift=3.160992e-02
epoch 62/160: loss=1.315434e-04, drift=3.145098e-02
epoch 63/160: loss=1.279588e-04, drift=3.102052e-02
epoch 64/160: loss=1.292103e-04, drift=3.115648e-02
epoch 65/160: loss=1.302283e-04, drift=3.124600e-02
epoch 66/160: loss=1.296533e-04, drift=3.119001e-02
epoch 67/160: loss=1.304259e-04, drift=3.129584e-02
epoch 68/160: loss=1.283245e-04, drift=3.108113e-02
epoch 69/160: loss=1.283679e-04, drift=3.105598e-02
epoch 70/160: loss=1.301101e-04, drift=3.129719e-02
epoch 71/160: loss=1.286669e-04, drift=3.108968e-02
epoch 72/160: loss=1.299395e-04, drift=3.125110e-02
epoch 73/160: loss=1.281920e-04, drift=3.104311e-02
epoch 74/160: loss=1.294347e-04, drift=3.120629e-02
epoch 75/160: loss=1.302558e-04, drift=3.128152e-02
epoch 76/160: loss=1.272235e-04, drift=3.094119e-02
epoch 77/160: loss=1.262356e-04, drift=3.083055e-02
epoch 78/160: loss=1.289311e-04, drift=3.113536e-02
epoch 79/160: loss=1.266207e-04, drift=3.083657e-02
epoch 80/160: loss=1.289488e-04, drift=3.115460e-02
epoch 81/160: loss=1.280352e-04, drift=3.102460e-02
epoch 82/160: loss=1.292853e-04, drift=3.108395e-02
epoch 83/160: loss=1.278731e-04, drift=3.098774e-02
epoch 84/160: loss=1.271952e-04, drift=3.097448e-02
epoch 85/160: loss=1.261218e-04, drift=3.082853e-02
epoch 86/160: loss=1.262045e-04, drift=3.082654e-02
epoch 87/160: loss=1.281306e-04, drift=3.104589e-02
epoch 88/160: loss=1.273142e-04, drift=3.094498e-02
epoch 89/160: loss=1.273210e-04, drift=3.091737e-02
epoch 90/160: loss=1.249245e-04, drift=3.059492e-02
epoch 91/160: loss=1.270377e-04, drift=3.090794e-02
epoch 92/160: loss=1.267565e-04, drift=3.088161e-02
epoch 93/160: loss=1.289087e-04, drift=3.115116e-02
epoch 94/160: loss=1.270960e-04, drift=3.091999e-02
epoch 95/160: loss=1.270991e-04, drift=3.092724e-02
epoch 96/160: loss=1.257285e-04, drift=3.069846e-02
epoch 97/160: loss=1.257347e-04, drift=3.073835e-02
epoch 98/160: loss=1.285057e-04, drift=3.105012e-02
epoch 99/160: loss=1.271209e-04, drift=3.090216e-02
epoch 100/160: loss=1.262896e-04, drift=3.081857e-02
epoch 101/160: loss=1.241653e-04, drift=3.055998e-02
epoch 102/160: loss=1.248272e-04, drift=3.060455e-02
epoch 103/160: loss=1.270885e-04, drift=3.092448e-02
epoch 104/160: loss=1.250732e-04, drift=3.066324e-02
epoch 105/160: loss=1.270780e-04, drift=3.089714e-02
epoch 106/160: loss=1.280839e-04, drift=3.106873e-02
epoch 107/160: loss=1.272377e-04, drift=3.088866e-02
epoch 108/160: loss=1.248889e-04, drift=3.064225e-02
epoch 109/160: loss=1.246282e-04, drift=3.058734e-02
epoch 110/160: loss=1.261112e-04, drift=3.078398e-02
epoch 111/160: loss=1.264083e-04, drift=3.082676e-02
epoch 112/160: loss=1.265679e-04, drift=3.083117e-02
epoch 113/160: loss=1.259664e-04, drift=3.076359e-02
epoch 114/160: loss=1.233381e-04, drift=3.044048e-02
epoch 115/160: loss=1.257713e-04, drift=3.078437e-02
epoch 116/160: loss=1.280084e-04, drift=3.099215e-02
epoch 117/160: loss=1.255400e-04, drift=3.067888e-02
epoch 118/160: loss=1.255862e-04, drift=3.074795e-02
epoch 119/160: loss=1.214749e-04, drift=3.017304e-02
epoch 120/160: loss=1.244530e-04, drift=3.057363e-02
epoch 121/160: loss=1.244571e-04, drift=3.060418e-02
epoch 122/160: loss=1.240000e-04, drift=3.049916e-02
epoch 123/160: loss=1.245153e-04, drift=3.057247e-02
epoch 124/160: loss=1.230085e-04, drift=3.040900e-02
epoch 125/160: loss=1.243913e-04, drift=3.056689e-02
epoch 126/160: loss=1.231093e-04, drift=3.044732e-02
epoch 127/160: loss=1.250675e-04, drift=3.065522e-02
epoch 128/160: loss=1.259366e-04, drift=3.077884e-02
epoch 129/160: loss=1.241302e-04, drift=3.052950e-02
epoch 130/160: loss=1.239893e-04, drift=3.056142e-02
epoch 131/160: loss=1.244944e-04, drift=3.057612e-02
epoch 132/160: loss=1.243995e-04, drift=3.060216e-02
epoch 133/160: loss=1.236428e-04, drift=3.045020e-02
epoch 134/160: loss=1.220848e-04, drift=3.027897e-02
epoch 135/160: loss=1.220864e-04, drift=3.026563e-02
epoch 136/160: loss=1.229556e-04, drift=3.040040e-02
epoch 137/160: loss=1.248223e-04, drift=3.062976e-02
epoch 138/160: loss=1.232326e-04, drift=3.037726e-02
epoch 139/160: loss=1.239069e-04, drift=3.055932e-02
epoch 140/160: loss=1.243301e-04, drift=3.057012e-02
epoch 141/160: loss=1.228285e-04, drift=3.040705e-02
epoch 142/160: loss=1.253362e-04, drift=3.071992e-02
epoch 143/160: loss=1.250478e-04, drift=3.063773e-02
epoch 144/160: loss=1.235707e-04, drift=3.050456e-02
epoch 145/160: loss=1.243893e-04, drift=3.055618e-02
epoch 146/160: loss=1.217543e-04, drift=3.028173e-02
epoch 147/160: loss=1.229082e-04, drift=3.038917e-02
epoch 148/160: loss=1.228851e-04, drift=3.037278e-02
epoch 149/160: loss=1.217064e-04, drift=3.019983e-02
epoch 150/160: loss=1.242309e-04, drift=3.053061e-02
epoch 151/160: loss=1.239587e-04, drift=3.048452e-02
epoch 152/160: loss=1.228285e-04, drift=3.039796e-02
epoch 153/160: loss=1.227032e-04, drift=3.037140e-02
epoch 154/160: loss=1.224233e-04, drift=3.037114e-02
epoch 155/160: loss=1.220116e-04, drift=3.029663e-02
epoch 156/160: loss=1.218419e-04, drift=3.025026e-02
epoch 157/160: loss=1.224968e-04, drift=3.034554e-02
epoch 158/160: loss=1.239045e-04, drift=3.056088e-02
epoch 159/160: loss=1.213757e-04, drift=3.022138e-02
epoch 160/160: loss=1.223613e-04, drift=3.030047e-02
diff epoch 1/160: loss=7.269655e-01, lr=1.000e-04
diff epoch 2/160: loss=5.371677e-01, lr=1.000e-04
diff epoch 3/160: loss=5.172733e-01, lr=1.000e-04
diff epoch 4/160: loss=5.115077e-01, lr=1.000e-04
diff epoch 5/160: loss=5.087845e-01, lr=1.000e-04
diff epoch 6/160: loss=5.064291e-01, lr=1.000e-04
diff epoch 7/160: loss=5.029204e-01, lr=1.000e-04
diff epoch 8/160: loss=4.942618e-01, lr=1.000e-04
diff epoch 9/160: loss=4.726454e-01, lr=1.000e-04
diff epoch 10/160: loss=4.297976e-01, lr=1.000e-04
diff epoch 11/160: loss=3.728279e-01, lr=1.000e-04
diff epoch 12/160: loss=3.227616e-01, lr=1.000e-04
diff epoch 13/160: loss=2.867357e-01, lr=1.000e-04
diff epoch 14/160: loss=2.658474e-01, lr=1.000e-04
diff epoch 15/160: loss=2.534916e-01, lr=1.000e-04
diff epoch 16/160: loss=2.459214e-01, lr=1.000e-04
diff epoch 17/160: loss=2.406491e-01, lr=1.000e-04
diff epoch 18/160: loss=2.369787e-01, lr=1.000e-04
diff epoch 19/160: loss=2.340445e-01, lr=1.000e-04
diff epoch 20/160: loss=2.318399e-01, lr=1.000e-04
diff epoch 21/160: loss=2.305196e-01, lr=1.000e-04
diff epoch 22/160: loss=2.291717e-01, lr=1.000e-04
diff epoch 23/160: loss=2.283003e-01, lr=1.000e-04
diff epoch 24/160: loss=2.275400e-01, lr=1.000e-04
diff epoch 25/160: loss=2.270035e-01, lr=1.000e-04
diff epoch 26/160: loss=2.263406e-01, lr=1.000e-04
diff epoch 27/160: loss=2.258510e-01, lr=1.000e-04
diff epoch 28/160: loss=2.252982e-01, lr=1.000e-04
diff epoch 29/160: loss=2.248424e-01, lr=1.000e-04
diff epoch 30/160: loss=2.247557e-01, lr=1.000e-04
diff epoch 31/160: loss=2.244217e-01, lr=1.000e-04
diff epoch 32/160: loss=2.241104e-01, lr=1.000e-04
diff epoch 33/160: loss=2.238744e-01, lr=1.000e-04
diff epoch 34/160: loss=2.237195e-01, lr=1.000e-04
diff epoch 35/160: loss=2.235992e-01, lr=1.000e-04
diff epoch 36/160: loss=2.234692e-01, lr=1.000e-04
diff epoch 37/160: loss=2.233963e-01, lr=1.000e-04
diff epoch 38/160: loss=2.231823e-01, lr=1.000e-04
diff epoch 39/160: loss=2.228458e-01, lr=1.000e-04
diff epoch 40/160: loss=2.230061e-01, lr=1.000e-04
diff epoch 41/160: loss=2.228808e-01, lr=1.000e-04
diff epoch 42/160: loss=2.226781e-01, lr=1.000e-04
diff epoch 43/160: loss=2.227083e-01, lr=1.000e-04
diff epoch 44/160: loss=2.224615e-01, lr=1.000e-04
diff epoch 45/160: loss=2.223538e-01, lr=1.000e-04
diff epoch 46/160: loss=2.222372e-01, lr=1.000e-04
diff epoch 47/160: loss=2.223055e-01, lr=1.000e-04
diff epoch 48/160: loss=2.222800e-01, lr=1.000e-04
diff epoch 49/160: loss=2.223081e-01, lr=1.000e-04
diff epoch 50/160: loss=2.220366e-01, lr=1.000e-04
diff epoch 51/160: loss=2.221007e-01, lr=1.000e-04
diff epoch 52/160: loss=2.220289e-01, lr=1.000e-04
diff epoch 53/160: loss=2.220249e-01, lr=1.000e-04
diff epoch 54/160: loss=2.218438e-01, lr=1.000e-04
diff epoch 55/160: loss=2.218486e-01, lr=1.000e-04
diff epoch 56/160: loss=2.217079e-01, lr=1.000e-04
diff epoch 57/160: loss=2.218097e-01, lr=1.000e-04
diff epoch 58/160: loss=2.217298e-01, lr=1.000e-04
diff epoch 59/160: loss=2.216019e-01, lr=1.000e-04
diff epoch 60/160: loss=2.217070e-01, lr=1.000e-04
diff epoch 61/160: loss=2.216651e-01, lr=1.000e-04
diff epoch 62/160: loss=2.215387e-01, lr=1.000e-04
diff epoch 63/160: loss=2.216203e-01, lr=1.000e-04
diff epoch 64/160: loss=2.214377e-01, lr=1.000e-04
diff epoch 65/160: loss=2.213808e-01, lr=1.000e-04
diff epoch 66/160: loss=2.214221e-01, lr=1.000e-04
diff epoch 67/160: loss=2.214868e-01, lr=1.000e-04
diff epoch 68/160: loss=2.214131e-01, lr=1.000e-04
diff epoch 69/160: loss=2.212936e-01, lr=1.000e-04
diff epoch 70/160: loss=2.213986e-01, lr=1.000e-04
diff epoch 71/160: loss=2.212860e-01, lr=1.000e-04
diff epoch 72/160: loss=2.213389e-01, lr=1.000e-04
diff epoch 73/160: loss=2.212229e-01, lr=1.000e-04
diff epoch 74/160: loss=2.212976e-01, lr=1.000e-04
diff epoch 75/160: loss=2.211634e-01, lr=1.000e-04
diff epoch 76/160: loss=2.213545e-01, lr=1.000e-04
diff epoch 77/160: loss=2.213770e-01, lr=1.000e-04
diff epoch 78/160: loss=2.211478e-01, lr=1.000e-04
diff epoch 79/160: loss=2.213317e-01, lr=1.000e-04
diff epoch 80/160: loss=2.212521e-01, lr=1.000e-04
diff epoch 81/160: loss=2.210604e-01, lr=1.000e-04
diff epoch 82/160: loss=2.211637e-01, lr=1.000e-04
diff epoch 83/160: loss=2.209826e-01, lr=1.000e-04
diff epoch 84/160: loss=2.211711e-01, lr=1.000e-04
diff epoch 85/160: loss=2.210278e-01, lr=1.000e-04
diff epoch 86/160: loss=2.211902e-01, lr=1.000e-04
diff epoch 87/160: loss=2.210534e-01, lr=1.000e-04
diff epoch 88/160: loss=2.211932e-01, lr=1.000e-04
diff epoch 89/160: loss=2.209783e-01, lr=1.000e-04
diff epoch 90/160: loss=2.208600e-01, lr=1.000e-04
diff epoch 91/160: loss=2.208291e-01, lr=1.000e-04
diff epoch 92/160: loss=2.208896e-01, lr=1.000e-04
diff epoch 93/160: loss=2.208160e-01, lr=1.000e-04
diff epoch 94/160: loss=2.208758e-01, lr=1.000e-04
diff epoch 95/160: loss=2.210486e-01, lr=1.000e-04
diff epoch 96/160: loss=2.209166e-01, lr=1.000e-04
diff epoch 97/160: loss=2.209842e-01, lr=1.000e-04
diff epoch 98/160: loss=2.209833e-01, lr=1.000e-04
diff epoch 99/160: loss=2.208444e-01, lr=1.000e-04
diff epoch 100/160: loss=2.210104e-01, lr=1.000e-04
diff epoch 101/160: loss=2.208886e-01, lr=1.000e-04
diff epoch 102/160: loss=2.206710e-01, lr=1.000e-04
diff epoch 103/160: loss=2.208032e-01, lr=1.000e-04
diff epoch 104/160: loss=2.210277e-01, lr=1.000e-04
diff epoch 105/160: loss=2.208408e-01, lr=1.000e-04
diff epoch 106/160: loss=2.208495e-01, lr=1.000e-04
diff epoch 107/160: loss=2.209818e-01, lr=1.000e-04
diff epoch 108/160: loss=2.207647e-01, lr=1.000e-04
diff epoch 109/160: loss=2.207503e-01, lr=1.000e-04
diff epoch 110/160: loss=2.207486e-01, lr=1.000e-04
diff epoch 111/160: loss=2.207890e-01, lr=1.000e-04
diff epoch 112/160: loss=2.207787e-01, lr=1.000e-04
diff epoch 113/160: loss=2.207896e-01, lr=1.000e-04
diff epoch 114/160: loss=2.206662e-01, lr=1.000e-04
diff epoch 115/160: loss=2.207840e-01, lr=1.000e-04
diff epoch 116/160: loss=2.206930e-01, lr=1.000e-04
diff epoch 117/160: loss=2.208404e-01, lr=1.000e-04
diff epoch 118/160: loss=2.207079e-01, lr=1.000e-04
diff epoch 119/160: loss=2.208187e-01, lr=1.000e-04
diff epoch 120/160: loss=2.206182e-01, lr=1.000e-04
diff epoch 121/160: loss=2.207829e-01, lr=1.000e-04
diff epoch 122/160: loss=2.206455e-01, lr=1.000e-04
diff epoch 123/160: loss=2.207564e-01, lr=1.000e-04
diff epoch 124/160: loss=2.208234e-01, lr=1.000e-04
diff epoch 125/160: loss=2.208502e-01, lr=1.000e-04
diff epoch 126/160: loss=2.206896e-01, lr=1.000e-04
diff epoch 127/160: loss=2.207718e-01, lr=1.000e-04
diff epoch 128/160: loss=2.207296e-01, lr=1.000e-04
diff epoch 129/160: loss=2.206615e-01, lr=1.000e-04
diff epoch 130/160: loss=2.206881e-01, lr=1.000e-04
diff epoch 131/160: loss=2.206498e-01, lr=1.000e-04
diff epoch 132/160: loss=2.208372e-01, lr=1.000e-04
diff epoch 133/160: loss=2.206460e-01, lr=1.000e-04
diff epoch 134/160: loss=2.207360e-01, lr=1.000e-04
diff epoch 135/160: loss=2.206035e-01, lr=1.000e-04
diff epoch 136/160: loss=2.207157e-01, lr=1.000e-04
diff epoch 137/160: loss=2.205498e-01, lr=1.000e-04
diff epoch 138/160: loss=2.206653e-01, lr=1.000e-04
diff epoch 139/160: loss=2.207772e-01, lr=1.000e-04
diff epoch 140/160: loss=2.205068e-01, lr=1.000e-04
diff epoch 141/160: loss=2.206963e-01, lr=1.000e-04
diff epoch 142/160: loss=2.205746e-01, lr=1.000e-04
diff epoch 143/160: loss=2.206401e-01, lr=1.000e-04
diff epoch 144/160: loss=2.206108e-01, lr=1.000e-04
diff epoch 145/160: loss=2.205912e-01, lr=1.000e-04
diff epoch 146/160: loss=2.204881e-01, lr=1.000e-04
diff epoch 147/160: loss=2.206814e-01, lr=1.000e-04
diff epoch 148/160: loss=2.206424e-01, lr=1.000e-04
diff epoch 149/160: loss=2.205041e-01, lr=1.000e-04
diff epoch 150/160: loss=2.206537e-01, lr=1.000e-04
diff epoch 151/160: loss=2.205432e-01, lr=1.000e-04
diff epoch 152/160: loss=2.206688e-01, lr=1.000e-04
diff epoch 153/160: loss=2.204776e-01, lr=1.000e-04
diff epoch 154/160: loss=2.206757e-01, lr=1.000e-04
diff epoch 155/160: loss=2.205486e-01, lr=1.000e-04
diff epoch 156/160: loss=2.204768e-01, lr=1.000e-04
diff epoch 157/160: loss=2.204107e-01, lr=1.000e-04
diff epoch 158/160: loss=2.203109e-01, lr=1.000e-04
diff epoch 159/160: loss=2.204667e-01, lr=1.000e-04
diff epoch 160/160: loss=2.205591e-01, lr=1.000e-04
[SSPA] diffusion training complete; starting evaluation
[SSPA] DDPM chunk 1/1: batch=1000000, sample=0.66s, total=0.66s, elapsed=0.66s, eta=0.00s
[SSPA] DDPM done: swd=0.002670, sample=0.66s, swd_eval=0.25s
[SSPA] DDIM-100 chunk 1/1: batch=1000000, sample=0.60s, total=0.60s, elapsed=0.60s, eta=0.00s
[SSPA] DDIM-100 done: swd=0.001769, sample=0.60s, swd_eval=0.28s
[SSPA] DDIM-50 chunk 1/1: batch=1000000, sample=0.20s, total=0.20s, elapsed=0.20s, eta=0.00s
[SSPA] DDIM-50 done: swd=0.002712, sample=0.20s, swd_eval=0.29s
[SSPA] DDIM-20 chunk 1/1: batch=1000000, sample=0.01s, total=0.01s, elapsed=0.01s, eta=0.00s
[SSPA] DDIM-20 done: swd=0.005103, sample=0.01s, swd_eval=0.24s
[SSPA] DDIM-10 chunk 1/1: batch=1000000, sample=0.00s, total=0.01s, elapsed=0.01s, eta=0.00s
[SSPA] DDIM-10 done: swd=0.008873, sample=0.00s, swd_eval=0.16s
[benchmark] matplotlib not available; skipping plot generation
{
  "output_json": "/home/rifr807e/repos/conditional_drifting_models/results_hpc/20260318_203626/paper2309_benchmark_seed14/paper2309_benchmark_summary.json",
  "output_dir": "/home/rifr807e/repos/conditional_drifting_models/results_hpc/20260318_203626/paper2309_benchmark_seed14",
  "channels": [
    "AWGN",
    "Rayleigh",
    "SSPA"
  ]
}

[seed-runner] exit_code: 0
[seed-runner] elapsed_seconds: 16664.503
