[seed-runner] start 2026-03-19T10:47:03Z
[seed-runner] label: optfib
[seed-runner] cwd: /home/h3/rifr807e/repos/conditional_drifting_models
[seed-runner] command: /software/genoa/r24.04/Python/3.11.3-GCCcore-12.3.0/bin/python -u scripts/compare_optional_baselines.py --device cuda --seed 15 --channel OptFib --dataset-size 120000 --epochs 60 --batch-size 512 --eval-size 100000 --num-steps 100 --ddim-steps 100 --out-dir /home/rifr807e/repos/conditional_drifting_models/results_hpc/20260318_203626/optfib_seed15

epoch 1/60: loss=6.168556e-03, drift=9.419727e-02
epoch 2/60: loss=5.115063e-03, drift=8.731984e-02
epoch 3/60: loss=5.066751e-03, drift=8.366321e-02
epoch 4/60: loss=5.497179e-03, drift=8.430802e-02
epoch 5/60: loss=4.892950e-03, drift=7.810594e-02
epoch 6/60: loss=4.884889e-03, drift=7.807328e-02
epoch 7/60: loss=4.890884e-03, drift=7.811494e-02
epoch 8/60: loss=4.117500e-03, drift=6.981544e-02
epoch 9/60: loss=3.972989e-03, drift=6.866053e-02
epoch 10/60: loss=4.209476e-03, drift=7.085476e-02
epoch 11/60: loss=4.096637e-03, drift=7.025469e-02
epoch 12/60: loss=3.893933e-03, drift=6.683688e-02
epoch 13/60: loss=3.738084e-03, drift=6.685918e-02
epoch 14/60: loss=3.753929e-03, drift=6.540238e-02
epoch 15/60: loss=3.609716e-03, drift=6.508268e-02
epoch 16/60: loss=3.502245e-03, drift=6.488250e-02
epoch 17/60: loss=3.411736e-03, drift=6.219602e-02
epoch 18/60: loss=3.385473e-03, drift=6.263187e-02
epoch 19/60: loss=3.515809e-03, drift=6.329758e-02
epoch 20/60: loss=3.543044e-03, drift=6.326544e-02
epoch 21/60: loss=3.502309e-03, drift=6.448324e-02
epoch 22/60: loss=3.657235e-03, drift=6.629255e-02
epoch 23/60: loss=3.493649e-03, drift=6.504142e-02
epoch 24/60: loss=3.388848e-03, drift=6.487667e-02
epoch 25/60: loss=3.435442e-03, drift=6.454451e-02
epoch 26/60: loss=3.281310e-03, drift=6.367954e-02
epoch 27/60: loss=3.327066e-03, drift=6.425949e-02
epoch 28/60: loss=3.216233e-03, drift=6.179613e-02
epoch 29/60: loss=3.335256e-03, drift=6.287721e-02
epoch 30/60: loss=3.515042e-03, drift=6.634861e-02
epoch 31/60: loss=3.411019e-03, drift=6.441884e-02
epoch 32/60: loss=3.319192e-03, drift=6.431143e-02
epoch 33/60: loss=3.344561e-03, drift=6.441149e-02
epoch 34/60: loss=3.427771e-03, drift=6.489757e-02
epoch 35/60: loss=3.304142e-03, drift=6.345424e-02
epoch 36/60: loss=3.103294e-03, drift=6.057762e-02
epoch 37/60: loss=3.184573e-03, drift=6.181556e-02
epoch 38/60: loss=3.425532e-03, drift=6.410710e-02
epoch 39/60: loss=3.248798e-03, drift=6.293389e-02
epoch 40/60: loss=3.402783e-03, drift=6.391756e-02
epoch 41/60: loss=3.309241e-03, drift=6.402784e-02
epoch 42/60: loss=3.416459e-03, drift=6.548074e-02
epoch 43/60: loss=3.410504e-03, drift=6.410129e-02
epoch 44/60: loss=3.241864e-03, drift=6.291961e-02
epoch 45/60: loss=3.117877e-03, drift=6.075858e-02
epoch 46/60: loss=2.854515e-03, drift=5.889656e-02
epoch 47/60: loss=3.256334e-03, drift=6.308840e-02
epoch 48/60: loss=3.151170e-03, drift=6.276419e-02
epoch 49/60: loss=3.249028e-03, drift=6.257554e-02
epoch 50/60: loss=3.312228e-03, drift=6.351370e-02
epoch 51/60: loss=3.303970e-03, drift=6.409907e-02
epoch 52/60: loss=3.209179e-03, drift=6.215659e-02
epoch 53/60: loss=3.088366e-03, drift=6.047200e-02
epoch 54/60: loss=3.353225e-03, drift=6.283673e-02
epoch 55/60: loss=3.319162e-03, drift=6.366027e-02
epoch 56/60: loss=3.303914e-03, drift=6.220264e-02
epoch 57/60: loss=3.206795e-03, drift=6.225588e-02
epoch 58/60: loss=3.457641e-03, drift=6.360843e-02
epoch 59/60: loss=3.226323e-03, drift=6.268587e-02
epoch 60/60: loss=3.236625e-03, drift=6.209667e-02
epoch 1/60: loss=4.614917e-03, drift=8.285602e-02
epoch 2/60: loss=3.791889e-03, drift=7.770373e-02
epoch 3/60: loss=3.721301e-03, drift=7.558761e-02
epoch 4/60: loss=3.448356e-03, drift=7.357030e-02
epoch 5/60: loss=3.720423e-03, drift=7.655866e-02
epoch 6/60: loss=3.667748e-03, drift=7.565908e-02
epoch 7/60: loss=3.135473e-03, drift=6.957128e-02
epoch 8/60: loss=3.338796e-03, drift=7.247952e-02
epoch 9/60: loss=3.405164e-03, drift=7.301995e-02
epoch 10/60: loss=3.538437e-03, drift=7.507634e-02
epoch 11/60: loss=3.501267e-03, drift=7.271305e-02
epoch 12/60: loss=3.565616e-03, drift=7.516266e-02
epoch 13/60: loss=3.238561e-03, drift=7.112013e-02
epoch 14/60: loss=3.155198e-03, drift=6.967976e-02
epoch 15/60: loss=2.794773e-03, drift=6.679418e-02
epoch 16/60: loss=3.629470e-03, drift=7.528001e-02
epoch 17/60: loss=3.570054e-03, drift=7.432257e-02
epoch 18/60: loss=3.506831e-03, drift=7.311463e-02
epoch 19/60: loss=3.355995e-03, drift=7.261681e-02
epoch 20/60: loss=3.130574e-03, drift=7.020182e-02
epoch 21/60: loss=3.308589e-03, drift=7.167768e-02
epoch 22/60: loss=3.303460e-03, drift=7.264812e-02
epoch 23/60: loss=3.407647e-03, drift=7.288923e-02
epoch 24/60: loss=2.983587e-03, drift=6.792874e-02
epoch 25/60: loss=3.580904e-03, drift=7.496950e-02
epoch 26/60: loss=3.410011e-03, drift=7.303347e-02
epoch 27/60: loss=3.069730e-03, drift=6.921333e-02
epoch 28/60: loss=2.934123e-03, drift=6.787830e-02
epoch 29/60: loss=3.217592e-03, drift=7.061731e-02
epoch 30/60: loss=3.554702e-03, drift=7.442449e-02
epoch 31/60: loss=3.092417e-03, drift=6.925581e-02
epoch 32/60: loss=3.321349e-03, drift=7.137766e-02
epoch 33/60: loss=3.385870e-03, drift=7.339802e-02
epoch 34/60: loss=3.689420e-03, drift=7.477154e-02
epoch 35/60: loss=3.368577e-03, drift=7.174239e-02
epoch 36/60: loss=3.380492e-03, drift=7.292646e-02
epoch 37/60: loss=3.118152e-03, drift=6.995131e-02
epoch 38/60: loss=2.988244e-03, drift=6.802416e-02
epoch 39/60: loss=3.245496e-03, drift=7.046130e-02
epoch 40/60: loss=3.013833e-03, drift=6.821882e-02
epoch 41/60: loss=3.481347e-03, drift=7.262681e-02
epoch 42/60: loss=2.989284e-03, drift=6.863993e-02
epoch 43/60: loss=3.071917e-03, drift=6.971270e-02
epoch 44/60: loss=3.058072e-03, drift=6.885869e-02
epoch 45/60: loss=3.640308e-03, drift=7.470415e-02
epoch 46/60: loss=3.071443e-03, drift=6.979346e-02
epoch 47/60: loss=3.279863e-03, drift=7.155726e-02
epoch 48/60: loss=3.079004e-03, drift=6.919005e-02
epoch 49/60: loss=3.059852e-03, drift=6.898674e-02
epoch 50/60: loss=3.240658e-03, drift=7.085265e-02
epoch 51/60: loss=3.024649e-03, drift=6.771401e-02
epoch 52/60: loss=3.375826e-03, drift=7.236172e-02
epoch 53/60: loss=3.077031e-03, drift=6.943554e-02
epoch 54/60: loss=2.822639e-03, drift=6.654231e-02
epoch 55/60: loss=3.256056e-03, drift=7.041992e-02
epoch 56/60: loss=3.025021e-03, drift=6.856586e-02
epoch 57/60: loss=2.895146e-03, drift=6.708043e-02
epoch 58/60: loss=3.112079e-03, drift=6.919585e-02
epoch 59/60: loss=3.043072e-03, drift=6.952839e-02
epoch 60/60: loss=3.258726e-03, drift=7.176652e-02
diff epoch 1/60: loss=6.640795e-01, lr=1.000e-03
diff epoch 2/60: loss=5.124007e-01, lr=1.000e-03
diff epoch 3/60: loss=5.030068e-01, lr=1.000e-03
diff epoch 4/60: loss=4.975671e-01, lr=1.000e-03
diff epoch 5/60: loss=4.898076e-01, lr=1.000e-03
diff epoch 6/60: loss=4.928769e-01, lr=1.000e-03
diff epoch 7/60: loss=4.941796e-01, lr=1.000e-03
diff epoch 8/60: loss=4.922476e-01, lr=1.000e-03
diff epoch 9/60: loss=4.885826e-01, lr=1.000e-03
diff epoch 10/60: loss=4.833697e-01, lr=1.000e-03
diff epoch 11/60: loss=4.773913e-01, lr=1.000e-03
diff epoch 12/60: loss=4.622739e-01, lr=1.000e-03
diff epoch 13/60: loss=4.529935e-01, lr=1.000e-03
diff epoch 14/60: loss=4.417721e-01, lr=1.000e-03
diff epoch 15/60: loss=4.362619e-01, lr=1.000e-03
diff epoch 16/60: loss=4.299502e-01, lr=1.000e-03
diff epoch 17/60: loss=4.257121e-01, lr=1.000e-03
diff epoch 18/60: loss=4.212847e-01, lr=1.000e-03
diff epoch 19/60: loss=4.197900e-01, lr=1.000e-03
diff epoch 20/60: loss=4.121273e-01, lr=1.000e-03
diff epoch 21/60: loss=4.097697e-01, lr=1.000e-03
diff epoch 22/60: loss=4.056235e-01, lr=1.000e-03
diff epoch 23/60: loss=3.982991e-01, lr=1.000e-03
diff epoch 24/60: loss=3.870031e-01, lr=1.000e-03
diff epoch 25/60: loss=3.810171e-01, lr=1.000e-03
diff epoch 26/60: loss=3.723830e-01, lr=1.000e-03
diff epoch 27/60: loss=3.673764e-01, lr=1.000e-03
diff epoch 28/60: loss=3.680985e-01, lr=1.000e-03
diff epoch 29/60: loss=3.631013e-01, lr=1.000e-03
diff epoch 30/60: loss=3.574637e-01, lr=1.000e-03
diff epoch 31/60: loss=3.591722e-01, lr=1.000e-03
diff epoch 32/60: loss=3.518190e-01, lr=1.000e-03
diff epoch 33/60: loss=3.497959e-01, lr=1.000e-03
diff epoch 34/60: loss=3.476694e-01, lr=1.000e-03
diff epoch 35/60: loss=3.482717e-01, lr=1.000e-03
diff epoch 36/60: loss=3.444584e-01, lr=1.000e-03
diff epoch 37/60: loss=3.426934e-01, lr=1.000e-03
diff epoch 38/60: loss=3.446395e-01, lr=1.000e-03
diff epoch 39/60: loss=3.415682e-01, lr=1.000e-03
diff epoch 40/60: loss=3.397281e-01, lr=1.000e-03
diff epoch 41/60: loss=3.411746e-01, lr=1.000e-03
diff epoch 42/60: loss=3.385872e-01, lr=1.000e-03
diff epoch 43/60: loss=3.376274e-01, lr=1.000e-03
diff epoch 44/60: loss=3.409099e-01, lr=1.000e-03
diff epoch 45/60: loss=3.390252e-01, lr=1.000e-03
diff epoch 46/60: loss=3.388043e-01, lr=1.000e-03
diff epoch 47/60: loss=3.347767e-01, lr=1.000e-03
diff epoch 48/60: loss=3.331272e-01, lr=1.000e-03
diff epoch 49/60: loss=3.349368e-01, lr=1.000e-03
diff epoch 50/60: loss=3.313252e-01, lr=1.000e-03
diff epoch 51/60: loss=3.320713e-01, lr=1.000e-03
diff epoch 52/60: loss=3.274174e-01, lr=1.000e-03
diff epoch 53/60: loss=3.296829e-01, lr=1.000e-03
diff epoch 54/60: loss=3.308476e-01, lr=1.000e-03
diff epoch 55/60: loss=3.302086e-01, lr=1.000e-03
diff epoch 56/60: loss=3.268890e-01, lr=1.000e-03
diff epoch 57/60: loss=3.269466e-01, lr=1.000e-03
diff epoch 58/60: loss=3.239538e-01, lr=1.000e-03
diff epoch 59/60: loss=3.265432e-01, lr=1.000e-03
diff epoch 60/60: loss=3.238830e-01, lr=1.000e-03
[benchmark] matplotlib not available; skipping plot generation
{
  "channel": "OptFib",
  "device": "cuda",
  "drifting_residual_swd": 0.04559538885951042,
  "drifting_direct_swd": 0.05187518894672394,
  "drifting_swd": 0.04559538885951042,
  "ddpm_swd": 0.010035526938736439,
  "ddim_swd": 0.05361667275428772,
  "paper_wgan_swd": 0.06296807527542114,
  "json": "/home/rifr807e/repos/conditional_drifting_models/results_hpc/20260318_203626/optfib_seed15/baseline_compare_optfib.json"
}

[seed-runner] exit_code: 0
[seed-runner] elapsed_seconds: 888.889
