[seed-runner] start 2026-03-19T10:03:56Z
[seed-runner] label: optfib
[seed-runner] cwd: /home/h3/rifr807e/repos/conditional_drifting_models
[seed-runner] command: /software/genoa/r24.04/Python/3.11.3-GCCcore-12.3.0/bin/python -u scripts/compare_optional_baselines.py --device cuda --seed 10 --channel OptFib --dataset-size 120000 --epochs 60 --batch-size 512 --eval-size 100000 --num-steps 100 --ddim-steps 100 --out-dir /home/rifr807e/repos/conditional_drifting_models/results_hpc/20260318_203626/optfib_seed10

epoch 1/60: loss=6.928673e-03, drift=1.021979e-01
epoch 2/60: loss=6.192111e-03, drift=9.449501e-02
epoch 3/60: loss=6.532267e-03, drift=9.571069e-02
epoch 4/60: loss=5.854922e-03, drift=8.847730e-02
epoch 5/60: loss=5.767328e-03, drift=8.644982e-02
epoch 6/60: loss=5.266360e-03, drift=8.152725e-02
epoch 7/60: loss=5.213714e-03, drift=8.125780e-02
epoch 8/60: loss=4.885287e-03, drift=7.759079e-02
epoch 9/60: loss=4.676488e-03, drift=7.479731e-02
epoch 10/60: loss=4.152215e-03, drift=7.110791e-02
epoch 11/60: loss=3.852906e-03, drift=6.810014e-02
epoch 12/60: loss=3.556184e-03, drift=6.430898e-02
epoch 13/60: loss=3.818181e-03, drift=6.868948e-02
epoch 14/60: loss=3.732059e-03, drift=6.643422e-02
epoch 15/60: loss=3.437285e-03, drift=6.287706e-02
epoch 16/60: loss=3.339394e-03, drift=6.373011e-02
epoch 17/60: loss=3.713999e-03, drift=6.704116e-02
epoch 18/60: loss=3.242098e-03, drift=6.202280e-02
epoch 19/60: loss=3.538041e-03, drift=6.598614e-02
epoch 20/60: loss=3.569439e-03, drift=6.610830e-02
epoch 21/60: loss=3.567534e-03, drift=6.574033e-02
epoch 22/60: loss=3.357177e-03, drift=6.322388e-02
epoch 23/60: loss=3.683067e-03, drift=6.631723e-02
epoch 24/60: loss=3.301828e-03, drift=6.242438e-02
epoch 25/60: loss=3.369407e-03, drift=6.417603e-02
epoch 26/60: loss=3.229330e-03, drift=6.259481e-02
epoch 27/60: loss=3.493829e-03, drift=6.565079e-02
epoch 28/60: loss=3.401367e-03, drift=6.549987e-02
epoch 29/60: loss=3.548425e-03, drift=6.559763e-02
epoch 30/60: loss=3.256552e-03, drift=6.360867e-02
epoch 31/60: loss=3.309155e-03, drift=6.298553e-02
epoch 32/60: loss=3.367553e-03, drift=6.440979e-02
epoch 33/60: loss=3.377000e-03, drift=6.435556e-02
epoch 34/60: loss=3.198542e-03, drift=6.315617e-02
epoch 35/60: loss=3.450478e-03, drift=6.434807e-02
epoch 36/60: loss=3.191600e-03, drift=6.414935e-02
epoch 37/60: loss=3.283446e-03, drift=6.375997e-02
epoch 38/60: loss=3.421632e-03, drift=6.531080e-02
epoch 39/60: loss=3.379473e-03, drift=6.412084e-02
epoch 40/60: loss=3.257886e-03, drift=6.344122e-02
epoch 41/60: loss=3.221502e-03, drift=6.296893e-02
epoch 42/60: loss=3.371732e-03, drift=6.447602e-02
epoch 43/60: loss=3.279358e-03, drift=6.293551e-02
epoch 44/60: loss=3.260212e-03, drift=6.329340e-02
epoch 45/60: loss=3.180127e-03, drift=6.260858e-02
epoch 46/60: loss=3.276510e-03, drift=6.465411e-02
epoch 47/60: loss=3.105509e-03, drift=6.298329e-02
epoch 48/60: loss=3.185427e-03, drift=6.200961e-02
epoch 49/60: loss=3.266675e-03, drift=6.344072e-02
epoch 50/60: loss=3.271820e-03, drift=6.337757e-02
epoch 51/60: loss=3.469678e-03, drift=6.671723e-02
epoch 52/60: loss=3.045749e-03, drift=6.187427e-02
epoch 53/60: loss=3.223100e-03, drift=6.221017e-02
epoch 54/60: loss=3.220547e-03, drift=6.291819e-02
epoch 55/60: loss=3.412734e-03, drift=6.450059e-02
epoch 56/60: loss=3.117008e-03, drift=6.076550e-02
epoch 57/60: loss=3.443125e-03, drift=6.359294e-02
epoch 58/60: loss=3.340294e-03, drift=6.298093e-02
epoch 59/60: loss=3.121123e-03, drift=6.101497e-02
epoch 60/60: loss=3.345617e-03, drift=6.367810e-02
epoch 1/60: loss=4.274486e-03, drift=7.898930e-02
epoch 2/60: loss=3.452522e-03, drift=7.419270e-02
epoch 3/60: loss=3.806957e-03, drift=7.765847e-02
epoch 4/60: loss=3.202772e-03, drift=7.065268e-02
epoch 5/60: loss=3.665340e-03, drift=7.600605e-02
epoch 6/60: loss=3.450164e-03, drift=7.290156e-02
epoch 7/60: loss=3.443297e-03, drift=7.347345e-02
epoch 8/60: loss=3.304221e-03, drift=7.152927e-02
epoch 9/60: loss=3.243688e-03, drift=7.077053e-02
epoch 10/60: loss=3.014838e-03, drift=6.879348e-02
epoch 11/60: loss=3.313689e-03, drift=7.168990e-02
epoch 12/60: loss=3.447517e-03, drift=7.278887e-02
epoch 13/60: loss=3.442629e-03, drift=7.224483e-02
epoch 14/60: loss=3.253401e-03, drift=7.129734e-02
epoch 15/60: loss=3.065777e-03, drift=7.021711e-02
epoch 16/60: loss=3.214685e-03, drift=7.143235e-02
epoch 17/60: loss=3.450264e-03, drift=7.289517e-02
epoch 18/60: loss=3.340731e-03, drift=7.277887e-02
epoch 19/60: loss=3.197171e-03, drift=7.028028e-02
epoch 20/60: loss=3.164277e-03, drift=6.988925e-02
epoch 21/60: loss=3.426838e-03, drift=7.304593e-02
epoch 22/60: loss=2.873495e-03, drift=6.613808e-02
epoch 23/60: loss=3.147479e-03, drift=7.029267e-02
epoch 24/60: loss=3.104432e-03, drift=6.899932e-02
epoch 25/60: loss=2.985267e-03, drift=6.917990e-02
epoch 26/60: loss=3.160624e-03, drift=7.048008e-02
epoch 27/60: loss=2.883335e-03, drift=6.706254e-02
epoch 28/60: loss=3.260376e-03, drift=7.132269e-02
epoch 29/60: loss=2.918736e-03, drift=6.820684e-02
epoch 30/60: loss=3.471008e-03, drift=7.353619e-02
epoch 31/60: loss=3.104295e-03, drift=6.938886e-02
epoch 32/60: loss=3.159880e-03, drift=6.995000e-02
epoch 33/60: loss=3.079159e-03, drift=6.889335e-02
epoch 34/60: loss=3.197022e-03, drift=7.038361e-02
epoch 35/60: loss=3.112815e-03, drift=6.952267e-02
epoch 36/60: loss=3.162056e-03, drift=6.999809e-02
epoch 37/60: loss=3.253383e-03, drift=7.162104e-02
epoch 38/60: loss=3.252233e-03, drift=7.121870e-02
epoch 39/60: loss=3.216719e-03, drift=7.061143e-02
epoch 40/60: loss=2.968241e-03, drift=6.806741e-02
epoch 41/60: loss=2.972695e-03, drift=6.859649e-02
epoch 42/60: loss=2.962571e-03, drift=6.778489e-02
epoch 43/60: loss=3.064991e-03, drift=6.966333e-02
epoch 44/60: loss=2.817370e-03, drift=6.723770e-02
epoch 45/60: loss=2.989354e-03, drift=6.835133e-02
epoch 46/60: loss=3.247967e-03, drift=7.004425e-02
epoch 47/60: loss=3.154894e-03, drift=6.999068e-02
epoch 48/60: loss=3.205167e-03, drift=7.057387e-02
epoch 49/60: loss=2.929303e-03, drift=6.761743e-02
epoch 50/60: loss=3.418587e-03, drift=7.336838e-02
epoch 51/60: loss=2.852713e-03, drift=6.602817e-02
epoch 52/60: loss=3.099734e-03, drift=6.944072e-02
epoch 53/60: loss=3.119206e-03, drift=6.951646e-02
epoch 54/60: loss=2.972529e-03, drift=6.845307e-02
epoch 55/60: loss=2.990371e-03, drift=6.914726e-02
epoch 56/60: loss=2.741377e-03, drift=6.585486e-02
epoch 57/60: loss=2.799507e-03, drift=6.622123e-02
epoch 58/60: loss=3.138473e-03, drift=6.927397e-02
epoch 59/60: loss=3.413059e-03, drift=7.251768e-02
epoch 60/60: loss=3.328033e-03, drift=7.278048e-02
diff epoch 1/60: loss=6.592049e-01, lr=1.000e-03
diff epoch 2/60: loss=5.114744e-01, lr=1.000e-03
diff epoch 3/60: loss=5.009292e-01, lr=1.000e-03
diff epoch 4/60: loss=4.955238e-01, lr=1.000e-03
diff epoch 5/60: loss=4.935964e-01, lr=1.000e-03
diff epoch 6/60: loss=4.956911e-01, lr=1.000e-03
diff epoch 7/60: loss=4.910772e-01, lr=1.000e-03
diff epoch 8/60: loss=4.857909e-01, lr=1.000e-03
diff epoch 9/60: loss=4.888481e-01, lr=1.000e-03
diff epoch 10/60: loss=4.805173e-01, lr=1.000e-03
diff epoch 11/60: loss=4.730506e-01, lr=1.000e-03
diff epoch 12/60: loss=4.655242e-01, lr=1.000e-03
diff epoch 13/60: loss=4.500311e-01, lr=1.000e-03
diff epoch 14/60: loss=4.426187e-01, lr=1.000e-03
diff epoch 15/60: loss=4.349407e-01, lr=1.000e-03
diff epoch 16/60: loss=4.273629e-01, lr=1.000e-03
diff epoch 17/60: loss=4.245740e-01, lr=1.000e-03
diff epoch 18/60: loss=4.163208e-01, lr=1.000e-03
diff epoch 19/60: loss=4.155783e-01, lr=1.000e-03
diff epoch 20/60: loss=4.097473e-01, lr=1.000e-03
diff epoch 21/60: loss=4.005754e-01, lr=1.000e-03
diff epoch 22/60: loss=3.945294e-01, lr=1.000e-03
diff epoch 23/60: loss=3.879288e-01, lr=1.000e-03
diff epoch 24/60: loss=3.822688e-01, lr=1.000e-03
diff epoch 25/60: loss=3.732052e-01, lr=1.000e-03
diff epoch 26/60: loss=3.650815e-01, lr=1.000e-03
diff epoch 27/60: loss=3.640869e-01, lr=1.000e-03
diff epoch 28/60: loss=3.597426e-01, lr=1.000e-03
diff epoch 29/60: loss=3.633307e-01, lr=1.000e-03
diff epoch 30/60: loss=3.581551e-01, lr=1.000e-03
diff epoch 31/60: loss=3.565797e-01, lr=1.000e-03
diff epoch 32/60: loss=3.509785e-01, lr=1.000e-03
diff epoch 33/60: loss=3.511065e-01, lr=1.000e-03
diff epoch 34/60: loss=3.478016e-01, lr=1.000e-03
diff epoch 35/60: loss=3.474046e-01, lr=1.000e-03
diff epoch 36/60: loss=3.474002e-01, lr=1.000e-03
diff epoch 37/60: loss=3.436853e-01, lr=1.000e-03
diff epoch 38/60: loss=3.419865e-01, lr=1.000e-03
diff epoch 39/60: loss=3.426489e-01, lr=1.000e-03
diff epoch 40/60: loss=3.412145e-01, lr=1.000e-03
diff epoch 41/60: loss=3.400970e-01, lr=1.000e-03
diff epoch 42/60: loss=3.410777e-01, lr=1.000e-03
diff epoch 43/60: loss=3.440905e-01, lr=1.000e-03
diff epoch 44/60: loss=3.356533e-01, lr=1.000e-03
diff epoch 45/60: loss=3.380230e-01, lr=1.000e-03
diff epoch 46/60: loss=3.341200e-01, lr=1.000e-03
diff epoch 47/60: loss=3.335619e-01, lr=1.000e-03
diff epoch 48/60: loss=3.356556e-01, lr=1.000e-03
diff epoch 49/60: loss=3.340426e-01, lr=1.000e-03
diff epoch 50/60: loss=3.320535e-01, lr=1.000e-03
diff epoch 51/60: loss=3.298647e-01, lr=1.000e-03
diff epoch 52/60: loss=3.295666e-01, lr=1.000e-03
diff epoch 53/60: loss=3.304678e-01, lr=1.000e-03
diff epoch 54/60: loss=3.295757e-01, lr=1.000e-03
diff epoch 55/60: loss=3.300384e-01, lr=1.000e-03
diff epoch 56/60: loss=3.291457e-01, lr=1.000e-03
diff epoch 57/60: loss=3.249508e-01, lr=1.000e-03
diff epoch 58/60: loss=3.279278e-01, lr=1.000e-03
diff epoch 59/60: loss=3.255465e-01, lr=1.000e-03
diff epoch 60/60: loss=3.261156e-01, lr=1.000e-03
[benchmark] matplotlib not available; skipping plot generation
{
  "channel": "OptFib",
  "device": "cuda",
  "drifting_residual_swd": 0.03664856031537056,
  "drifting_direct_swd": 0.01913553848862648,
  "drifting_swd": 0.03664856031537056,
  "ddpm_swd": 0.012064221315085888,
  "ddim_swd": 0.10479964315891266,
  "paper_wgan_swd": 0.03825206309556961,
  "json": "/home/rifr807e/repos/conditional_drifting_models/results_hpc/20260318_203626/optfib_seed10/baseline_compare_optfib.json"
}

[seed-runner] exit_code: 0
[seed-runner] elapsed_seconds: 884.011
