epoch 1/300: enc_loss=6.876086e-01, enc_ber=4.998244e-01, dec_loss=1.853481e-01, dec_ber=7.428719e-02, eval_ber=skipped
epoch 2/300: enc_loss=7.040309e-02, enc_ber=2.176406e-02, dec_loss=1.248653e-01, dec_ber=4.872300e-02, eval_ber=skipped
epoch 3/300: enc_loss=5.259817e-02, enc_ber=1.686188e-02, dec_loss=1.110847e-01, dec_ber=4.291794e-02, eval_ber=skipped
epoch 4/300: enc_loss=4.667732e-02, enc_ber=1.487188e-02, dec_loss=1.054167e-01, dec_ber=4.054594e-02, eval_ber=skipped
epoch 5/300: enc_loss=4.611776e-02, enc_ber=1.429031e-02, dec_loss=1.017743e-01, dec_ber=3.905638e-02, eval_ber=skipped
epoch 6/300: enc_loss=4.440074e-02, enc_ber=1.367281e-02, dec_loss=9.953437e-02, dec_ber=3.810331e-02, eval_ber=skipped
epoch 7/300: enc_loss=4.260492e-02, enc_ber=1.336188e-02, dec_loss=9.861902e-02, dec_ber=3.763438e-02, eval_ber=skipped
epoch 8/300: enc_loss=4.202018e-02, enc_ber=1.336625e-02, dec_loss=9.746316e-02, dec_ber=3.717244e-02, eval_ber=skipped
epoch 9/300: enc_loss=4.157534e-02, enc_ber=1.311844e-02, dec_loss=9.675498e-02, dec_ber=3.681031e-02, eval_ber=skipped
epoch 10/300: enc_loss=4.135923e-02, enc_ber=1.295375e-02, dec_loss=9.611519e-02, dec_ber=3.656125e-02, eval_ber=0.012960625626146794
epoch 11/300: enc_loss=4.040087e-02, enc_ber=1.282188e-02, dec_loss=9.520967e-02, dec_ber=3.623625e-02, eval_ber=skipped
epoch 12/300: enc_loss=4.116212e-02, enc_ber=1.267531e-02, dec_loss=9.458374e-02, dec_ber=3.594431e-02, eval_ber=skipped
epoch 13/300: enc_loss=4.070557e-02, enc_ber=1.235250e-02, dec_loss=9.353654e-02, dec_ber=3.557088e-02, eval_ber=skipped
epoch 14/300: enc_loss=3.967053e-02, enc_ber=1.208156e-02, dec_loss=9.196266e-02, dec_ber=3.489919e-02, eval_ber=skipped
epoch 15/300: enc_loss=3.780145e-02, enc_ber=1.168969e-02, dec_loss=8.980094e-02, dec_ber=3.401538e-02, eval_ber=skipped
epoch 16/300: enc_loss=3.598912e-02, enc_ber=1.126156e-02, dec_loss=8.738083e-02, dec_ber=3.307075e-02, eval_ber=skipped
epoch 17/300: enc_loss=3.399911e-02, enc_ber=1.049375e-02, dec_loss=8.535527e-02, dec_ber=3.220669e-02, eval_ber=skipped
epoch 18/300: enc_loss=3.361838e-02, enc_ber=1.009656e-02, dec_loss=8.310700e-02, dec_ber=3.137906e-02, eval_ber=skipped
epoch 19/300: enc_loss=3.069830e-02, enc_ber=9.648125e-03, dec_loss=8.098411e-02, dec_ber=3.051363e-02, eval_ber=skipped
epoch 20/300: enc_loss=3.024381e-02, enc_ber=9.004688e-03, dec_loss=7.953475e-02, dec_ber=2.992744e-02, eval_ber=0.008592187892645597
epoch 21/300: enc_loss=2.783895e-02, enc_ber=8.747500e-03, dec_loss=7.790162e-02, dec_ber=2.924075e-02, eval_ber=skipped
epoch 22/300: enc_loss=2.748754e-02, enc_ber=8.207188e-03, dec_loss=7.583730e-02, dec_ber=2.846556e-02, eval_ber=skipped
epoch 23/300: enc_loss=2.520646e-02, enc_ber=7.803750e-03, dec_loss=7.489079e-02, dec_ber=2.803663e-02, eval_ber=skipped
epoch 24/300: enc_loss=2.322620e-02, enc_ber=7.424375e-03, dec_loss=7.358653e-02, dec_ber=2.756794e-02, eval_ber=skipped
epoch 25/300: enc_loss=2.325441e-02, enc_ber=7.161563e-03, dec_loss=7.244269e-02, dec_ber=2.708363e-02, eval_ber=skipped
epoch 26/300: enc_loss=2.293030e-02, enc_ber=6.950313e-03, dec_loss=7.177548e-02, dec_ber=2.689619e-02, eval_ber=skipped
epoch 27/300: enc_loss=2.236425e-02, enc_ber=6.599688e-03, dec_loss=7.128826e-02, dec_ber=2.667075e-02, eval_ber=skipped
epoch 28/300: enc_loss=2.133790e-02, enc_ber=6.370313e-03, dec_loss=7.031515e-02, dec_ber=2.629106e-02, eval_ber=skipped
epoch 29/300: enc_loss=2.021003e-02, enc_ber=6.316250e-03, dec_loss=6.979448e-02, dec_ber=2.612888e-02, eval_ber=skipped
epoch 30/300: enc_loss=1.981631e-02, enc_ber=6.085313e-03, dec_loss=6.923081e-02, dec_ber=2.586494e-02, eval_ber=0.005965625252574682
epoch 31/300: enc_loss=1.928823e-02, enc_ber=6.004063e-03, dec_loss=6.847064e-02, dec_ber=2.554038e-02, eval_ber=skipped
epoch 32/300: enc_loss=1.881811e-02, enc_ber=5.863125e-03, dec_loss=6.826658e-02, dec_ber=2.548388e-02, eval_ber=skipped
epoch 33/300: enc_loss=1.961700e-02, enc_ber=5.682500e-03, dec_loss=6.731165e-02, dec_ber=2.515494e-02, eval_ber=skipped
epoch 34/300: enc_loss=1.860866e-02, enc_ber=5.502500e-03, dec_loss=6.746616e-02, dec_ber=2.519988e-02, eval_ber=skipped
epoch 35/300: enc_loss=1.840637e-02, enc_ber=5.475625e-03, dec_loss=6.789278e-02, dec_ber=2.533988e-02, eval_ber=skipped
epoch 36/300: enc_loss=1.801666e-02, enc_ber=5.500000e-03, dec_loss=6.680690e-02, dec_ber=2.495825e-02, eval_ber=skipped
epoch 37/300: enc_loss=1.758963e-02, enc_ber=5.215000e-03, dec_loss=6.540698e-02, dec_ber=2.444469e-02, eval_ber=skipped
epoch 38/300: enc_loss=1.682626e-02, enc_ber=4.999375e-03, dec_loss=6.488390e-02, dec_ber=2.421125e-02, eval_ber=skipped
epoch 39/300: enc_loss=1.652652e-02, enc_ber=5.078438e-03, dec_loss=6.443687e-02, dec_ber=2.400050e-02, eval_ber=skipped
epoch 40/300: enc_loss=1.617633e-02, enc_ber=4.914375e-03, dec_loss=6.473824e-02, dec_ber=2.415819e-02, eval_ber=0.004761875218246132
epoch 41/300: enc_loss=1.599706e-02, enc_ber=4.810313e-03, dec_loss=6.302892e-02, dec_ber=2.351781e-02, eval_ber=skipped
epoch 42/300: enc_loss=1.573423e-02, enc_ber=4.635000e-03, dec_loss=6.366111e-02, dec_ber=2.370850e-02, eval_ber=skipped
epoch 43/300: enc_loss=1.499036e-02, enc_ber=4.655000e-03, dec_loss=6.286203e-02, dec_ber=2.341325e-02, eval_ber=skipped
epoch 44/300: enc_loss=1.505935e-02, enc_ber=4.527188e-03, dec_loss=6.239043e-02, dec_ber=2.322050e-02, eval_ber=skipped
epoch 45/300: enc_loss=1.561697e-02, enc_ber=4.565625e-03, dec_loss=6.238880e-02, dec_ber=2.320931e-02, eval_ber=skipped
epoch 46/300: enc_loss=1.498623e-02, enc_ber=4.376875e-03, dec_loss=6.228690e-02, dec_ber=2.315025e-02, eval_ber=skipped
epoch 47/300: enc_loss=1.422236e-02, enc_ber=4.302500e-03, dec_loss=6.152267e-02, dec_ber=2.287800e-02, eval_ber=skipped
epoch 48/300: enc_loss=1.419242e-02, enc_ber=4.347188e-03, dec_loss=6.147069e-02, dec_ber=2.283956e-02, eval_ber=skipped
epoch 49/300: enc_loss=1.369310e-02, enc_ber=4.186563e-03, dec_loss=6.058465e-02, dec_ber=2.251719e-02, eval_ber=skipped
epoch 50/300: enc_loss=1.360311e-02, enc_ber=4.087188e-03, dec_loss=6.120991e-02, dec_ber=2.276200e-02, eval_ber=0.004018437678460032
epoch 51/300: enc_loss=1.415540e-02, enc_ber=4.107813e-03, dec_loss=6.021279e-02, dec_ber=2.237494e-02, eval_ber=skipped
epoch 52/300: enc_loss=1.385196e-02, enc_ber=4.120938e-03, dec_loss=5.920054e-02, dec_ber=2.199525e-02, eval_ber=skipped
epoch 53/300: enc_loss=1.328303e-02, enc_ber=3.953125e-03, dec_loss=5.984678e-02, dec_ber=2.226225e-02, eval_ber=skipped
epoch 54/300: enc_loss=1.294518e-02, enc_ber=3.832500e-03, dec_loss=5.900477e-02, dec_ber=2.191581e-02, eval_ber=skipped
epoch 55/300: enc_loss=1.340949e-02, enc_ber=3.880625e-03, dec_loss=5.913699e-02, dec_ber=2.194931e-02, eval_ber=skipped
epoch 56/300: enc_loss=1.286407e-02, enc_ber=3.806875e-03, dec_loss=5.921582e-02, dec_ber=2.195300e-02, eval_ber=skipped
epoch 57/300: enc_loss=1.269024e-02, enc_ber=3.706563e-03, dec_loss=5.905904e-02, dec_ber=2.192325e-02, eval_ber=skipped
epoch 58/300: enc_loss=1.262428e-02, enc_ber=3.838438e-03, dec_loss=5.807390e-02, dec_ber=2.157563e-02, eval_ber=skipped
epoch 59/300: enc_loss=1.279072e-02, enc_ber=3.708125e-03, dec_loss=5.784862e-02, dec_ber=2.147694e-02, eval_ber=skipped
epoch 60/300: enc_loss=1.230734e-02, enc_ber=3.639375e-03, dec_loss=5.688440e-02, dec_ber=2.112975e-02, eval_ber=0.0034203126560896635
epoch 61/300: enc_loss=1.264299e-02, enc_ber=3.541250e-03, dec_loss=5.796583e-02, dec_ber=2.148450e-02, eval_ber=skipped
epoch 62/300: enc_loss=1.202996e-02, enc_ber=3.540625e-03, dec_loss=5.780731e-02, dec_ber=2.141300e-02, eval_ber=skipped
epoch 63/300: enc_loss=1.206282e-02, enc_ber=3.688438e-03, dec_loss=5.753664e-02, dec_ber=2.134956e-02, eval_ber=skipped
epoch 64/300: enc_loss=1.199031e-02, enc_ber=3.441563e-03, dec_loss=5.730917e-02, dec_ber=2.129013e-02, eval_ber=skipped
epoch 65/300: enc_loss=1.161201e-02, enc_ber=3.450625e-03, dec_loss=5.684634e-02, dec_ber=2.107713e-02, eval_ber=skipped
epoch 66/300: enc_loss=1.116070e-02, enc_ber=3.335313e-03, dec_loss=5.629197e-02, dec_ber=2.085794e-02, eval_ber=skipped
epoch 67/300: enc_loss=1.153758e-02, enc_ber=3.353438e-03, dec_loss=5.620483e-02, dec_ber=2.084725e-02, eval_ber=skipped
epoch 68/300: enc_loss=1.147943e-02, enc_ber=3.354063e-03, dec_loss=5.521446e-02, dec_ber=2.041013e-02, eval_ber=skipped
epoch 69/300: enc_loss=1.168355e-02, enc_ber=3.154375e-03, dec_loss=5.387938e-02, dec_ber=1.992088e-02, eval_ber=skipped
epoch 70/300: enc_loss=1.047377e-02, enc_ber=2.980938e-03, dec_loss=5.233837e-02, dec_ber=1.932788e-02, eval_ber=0.002785312635824084
epoch 71/300: enc_loss=9.867276e-03, enc_ber=2.829375e-03, dec_loss=5.231971e-02, dec_ber=1.927000e-02, eval_ber=skipped
epoch 72/300: enc_loss=9.321454e-03, enc_ber=2.809063e-03, dec_loss=5.169495e-02, dec_ber=1.903213e-02, eval_ber=skipped
epoch 73/300: enc_loss=8.765531e-03, enc_ber=2.666875e-03, dec_loss=5.027432e-02, dec_ber=1.847269e-02, eval_ber=skipped
epoch 74/300: enc_loss=8.176914e-03, enc_ber=2.508438e-03, dec_loss=4.962072e-02, dec_ber=1.815738e-02, eval_ber=skipped
epoch 75/300: enc_loss=7.839883e-03, enc_ber=2.339375e-03, dec_loss=4.757422e-02, dec_ber=1.744244e-02, eval_ber=skipped
epoch 76/300: enc_loss=7.120099e-03, enc_ber=2.122813e-03, dec_loss=4.699962e-02, dec_ber=1.715256e-02, eval_ber=skipped
epoch 77/300: enc_loss=6.708509e-03, enc_ber=1.897813e-03, dec_loss=4.463349e-02, dec_ber=1.624969e-02, eval_ber=skipped
epoch 78/300: enc_loss=6.117249e-03, enc_ber=1.860313e-03, dec_loss=4.481567e-02, dec_ber=1.629750e-02, eval_ber=skipped
epoch 79/300: enc_loss=5.699948e-03, enc_ber=1.750625e-03, dec_loss=4.346096e-02, dec_ber=1.580575e-02, eval_ber=skipped
epoch 80/300: enc_loss=5.274965e-03, enc_ber=1.516563e-03, dec_loss=4.172550e-02, dec_ber=1.515881e-02, eval_ber=0.0013590625557117165
epoch 81/300: enc_loss=5.082428e-03, enc_ber=1.500313e-03, dec_loss=4.096447e-02, dec_ber=1.484113e-02, eval_ber=skipped
epoch 82/300: enc_loss=5.408989e-03, enc_ber=1.575625e-03, dec_loss=4.374932e-02, dec_ber=1.589331e-02, eval_ber=skipped
epoch 83/300: enc_loss=5.350198e-03, enc_ber=1.478750e-03, dec_loss=4.199651e-02, dec_ber=1.523056e-02, eval_ber=skipped
epoch 84/300: enc_loss=4.741693e-03, enc_ber=1.394688e-03, dec_loss=4.126607e-02, dec_ber=1.497713e-02, eval_ber=skipped
epoch 85/300: enc_loss=4.319535e-03, enc_ber=1.219375e-03, dec_loss=4.078913e-02, dec_ber=1.480900e-02, eval_ber=skipped
epoch 86/300: enc_loss=4.317323e-03, enc_ber=1.303438e-03, dec_loss=4.122300e-02, dec_ber=1.506313e-02, eval_ber=skipped
epoch 87/300: enc_loss=4.125149e-03, enc_ber=1.294688e-03, dec_loss=3.945084e-02, dec_ber=1.439413e-02, eval_ber=skipped
epoch 88/300: enc_loss=4.093470e-03, enc_ber=1.202188e-03, dec_loss=4.043721e-02, dec_ber=1.481019e-02, eval_ber=skipped
epoch 89/300: enc_loss=4.490338e-03, enc_ber=1.344063e-03, dec_loss=3.968438e-02, dec_ber=1.456481e-02, eval_ber=skipped
epoch 90/300: enc_loss=3.880963e-03, enc_ber=1.125000e-03, dec_loss=3.874308e-02, dec_ber=1.415775e-02, eval_ber=0.000925937540596351
epoch 91/300: enc_loss=4.463658e-03, enc_ber=1.377188e-03, dec_loss=3.873060e-02, dec_ber=1.415563e-02, eval_ber=skipped
epoch 92/300: enc_loss=3.445146e-03, enc_ber=1.054688e-03, dec_loss=3.963457e-02, dec_ber=1.447463e-02, eval_ber=skipped
epoch 93/300: enc_loss=3.376368e-03, enc_ber=9.668750e-04, dec_loss=3.832864e-02, dec_ber=1.403525e-02, eval_ber=skipped
epoch 94/300: enc_loss=3.493857e-03, enc_ber=1.082500e-03, dec_loss=1.015773e-01, dec_ber=3.897400e-02, eval_ber=skipped
epoch 95/300: enc_loss=1.095931e-02, enc_ber=3.385000e-03, dec_loss=4.928884e-02, dec_ber=1.808113e-02, eval_ber=skipped
epoch 96/300: enc_loss=4.114981e-03, enc_ber=1.262813e-03, dec_loss=4.172684e-02, dec_ber=1.524425e-02, eval_ber=skipped
epoch 97/300: enc_loss=3.833373e-03, enc_ber=1.170625e-03, dec_loss=3.767099e-02, dec_ber=1.375638e-02, eval_ber=skipped
epoch 98/300: enc_loss=3.808981e-03, enc_ber=1.130625e-03, dec_loss=3.611669e-02, dec_ber=1.324338e-02, eval_ber=skipped
epoch 99/300: enc_loss=3.737946e-03, enc_ber=1.123438e-03, dec_loss=3.556599e-02, dec_ber=1.293500e-02, eval_ber=skipped
epoch 100/300: enc_loss=3.487026e-03, enc_ber=1.031563e-03, dec_loss=3.546506e-02, dec_ber=1.298119e-02, eval_ber=0.0008181250339839608
epoch 101/300: enc_loss=3.135197e-03, enc_ber=9.671875e-04, dec_loss=3.694835e-02, dec_ber=1.365606e-02, eval_ber=skipped
epoch 102/300: enc_loss=2.694817e-03, enc_ber=8.431250e-04, dec_loss=3.554997e-02, dec_ber=1.309106e-02, eval_ber=skipped
epoch 103/300: enc_loss=3.217580e-03, enc_ber=9.828125e-04, dec_loss=3.727356e-02, dec_ber=1.391806e-02, eval_ber=skipped
epoch 104/300: enc_loss=2.675021e-03, enc_ber=7.850000e-04, dec_loss=3.703625e-02, dec_ber=1.379219e-02, eval_ber=skipped
epoch 105/300: enc_loss=3.124528e-03, enc_ber=9.621875e-04, dec_loss=3.572346e-02, dec_ber=1.311094e-02, eval_ber=skipped
epoch 106/300: enc_loss=3.070936e-03, enc_ber=8.353125e-04, dec_loss=3.639481e-02, dec_ber=1.345831e-02, eval_ber=skipped
epoch 107/300: enc_loss=2.900493e-03, enc_ber=8.665625e-04, dec_loss=3.547964e-02, dec_ber=1.288719e-02, eval_ber=skipped
epoch 108/300: enc_loss=3.106098e-03, enc_ber=8.800000e-04, dec_loss=3.517091e-02, dec_ber=1.292006e-02, eval_ber=skipped
epoch 109/300: enc_loss=3.213714e-03, enc_ber=9.393750e-04, dec_loss=3.490788e-02, dec_ber=1.293794e-02, eval_ber=skipped
epoch 110/300: enc_loss=3.235379e-03, enc_ber=9.687500e-04, dec_loss=3.786731e-02, dec_ber=1.365144e-02, eval_ber=0.0010134375392226503
epoch 111/300: enc_loss=3.448381e-03, enc_ber=9.834375e-04, dec_loss=3.426800e-02, dec_ber=1.244588e-02, eval_ber=skipped
epoch 112/300: enc_loss=2.925287e-03, enc_ber=8.156250e-04, dec_loss=3.499713e-02, dec_ber=1.292763e-02, eval_ber=skipped
epoch 113/300: enc_loss=3.027146e-03, enc_ber=8.368750e-04, dec_loss=3.732324e-02, dec_ber=1.397769e-02, eval_ber=skipped
epoch 114/300: enc_loss=2.959319e-03, enc_ber=8.471875e-04, dec_loss=4.078984e-02, dec_ber=1.583681e-02, eval_ber=skipped
epoch 115/300: enc_loss=2.799346e-03, enc_ber=8.553125e-04, dec_loss=3.768031e-02, dec_ber=1.387469e-02, eval_ber=skipped
epoch 116/300: enc_loss=3.400651e-03, enc_ber=1.040000e-03, dec_loss=3.507161e-02, dec_ber=1.278825e-02, eval_ber=skipped
epoch 117/300: enc_loss=3.028816e-03, enc_ber=9.434375e-04, dec_loss=3.485451e-02, dec_ber=1.282019e-02, eval_ber=skipped
epoch 118/300: enc_loss=2.893247e-03, enc_ber=7.753125e-04, dec_loss=3.488834e-02, dec_ber=1.285256e-02, eval_ber=skipped
epoch 119/300: enc_loss=2.727406e-03, enc_ber=7.906250e-04, dec_loss=3.575250e-02, dec_ber=1.340850e-02, eval_ber=skipped
epoch 120/300: enc_loss=3.068496e-03, enc_ber=9.190625e-04, dec_loss=3.519139e-02, dec_ber=1.304200e-02, eval_ber=0.000712812532146927
epoch 121/300: enc_loss=3.314836e-03, enc_ber=1.036875e-03, dec_loss=3.657683e-02, dec_ber=1.361819e-02, eval_ber=skipped
epoch 122/300: enc_loss=2.857936e-03, enc_ber=8.737500e-04, dec_loss=3.365196e-02, dec_ber=1.250625e-02, eval_ber=skipped
epoch 123/300: enc_loss=2.943102e-03, enc_ber=8.725000e-04, dec_loss=3.705774e-02, dec_ber=1.399013e-02, eval_ber=skipped
epoch 124/300: enc_loss=6.658614e-03, enc_ber=2.334688e-03, dec_loss=3.749459e-02, dec_ber=1.363325e-02, eval_ber=skipped
epoch 125/300: enc_loss=4.845541e-03, enc_ber=1.490000e-03, dec_loss=3.402100e-02, dec_ber=1.243906e-02, eval_ber=skipped
epoch 126/300: enc_loss=2.875532e-03, enc_ber=8.268750e-04, dec_loss=3.481302e-02, dec_ber=1.293113e-02, eval_ber=skipped
epoch 127/300: enc_loss=2.491214e-03, enc_ber=7.412500e-04, dec_loss=3.545176e-02, dec_ber=1.332894e-02, eval_ber=skipped
epoch 128/300: enc_loss=2.345208e-03, enc_ber=7.056250e-04, dec_loss=3.455186e-02, dec_ber=1.298431e-02, eval_ber=skipped
epoch 129/300: enc_loss=2.311105e-03, enc_ber=6.918750e-04, dec_loss=3.413173e-02, dec_ber=1.280763e-02, eval_ber=skipped
epoch 130/300: enc_loss=2.320227e-03, enc_ber=7.003125e-04, dec_loss=3.346501e-02, dec_ber=1.249019e-02, eval_ber=0.0006371875313925557
epoch 131/300: enc_loss=2.243559e-03, enc_ber=7.090625e-04, dec_loss=3.536407e-02, dec_ber=1.345881e-02, eval_ber=skipped
epoch 132/300: enc_loss=2.376022e-03, enc_ber=6.790625e-04, dec_loss=3.479989e-02, dec_ber=1.308256e-02, eval_ber=skipped
epoch 133/300: enc_loss=2.452683e-03, enc_ber=7.221875e-04, dec_loss=3.765830e-02, dec_ber=1.451663e-02, eval_ber=skipped
epoch 134/300: enc_loss=2.230667e-03, enc_ber=6.437500e-04, dec_loss=3.422330e-02, dec_ber=1.270750e-02, eval_ber=skipped
epoch 135/300: enc_loss=2.220379e-03, enc_ber=6.959375e-04, dec_loss=3.601310e-02, dec_ber=1.362994e-02, eval_ber=skipped
epoch 136/300: enc_loss=2.495399e-03, enc_ber=7.143750e-04, dec_loss=3.733253e-02, dec_ber=1.435325e-02, eval_ber=skipped
epoch 137/300: enc_loss=2.324598e-03, enc_ber=6.818750e-04, dec_loss=3.557533e-02, dec_ber=1.340431e-02, eval_ber=skipped
epoch 138/300: enc_loss=2.490523e-03, enc_ber=7.025000e-04, dec_loss=3.453765e-02, dec_ber=1.297419e-02, eval_ber=skipped
epoch 139/300: enc_loss=2.056025e-03, enc_ber=5.787500e-04, dec_loss=3.390929e-02, dec_ber=1.271131e-02, eval_ber=skipped
epoch 140/300: enc_loss=2.547815e-03, enc_ber=7.353125e-04, dec_loss=3.420452e-02, dec_ber=1.280919e-02, eval_ber=0.0006037500296952203
epoch 141/300: enc_loss=2.446668e-03, enc_ber=7.028125e-04, dec_loss=3.496236e-02, dec_ber=1.318406e-02, eval_ber=skipped
epoch 142/300: enc_loss=2.257468e-03, enc_ber=6.837500e-04, dec_loss=3.434470e-02, dec_ber=1.259519e-02, eval_ber=skipped
epoch 143/300: enc_loss=2.595551e-03, enc_ber=7.712500e-04, dec_loss=3.551274e-02, dec_ber=1.305363e-02, eval_ber=skipped
epoch 144/300: enc_loss=2.572030e-03, enc_ber=7.431250e-04, dec_loss=3.372791e-02, dec_ber=1.259050e-02, eval_ber=skipped
epoch 145/300: enc_loss=2.197255e-03, enc_ber=5.909375e-04, dec_loss=3.420649e-02, dec_ber=1.281938e-02, eval_ber=skipped
epoch 146/300: enc_loss=2.057102e-03, enc_ber=5.890625e-04, dec_loss=3.343507e-02, dec_ber=1.247869e-02, eval_ber=skipped
epoch 147/300: enc_loss=2.545646e-03, enc_ber=7.521875e-04, dec_loss=3.468134e-02, dec_ber=1.293700e-02, eval_ber=skipped
epoch 148/300: enc_loss=2.529754e-03, enc_ber=7.771875e-04, dec_loss=3.320638e-02, dec_ber=1.229169e-02, eval_ber=skipped
epoch 149/300: enc_loss=2.501850e-03, enc_ber=7.437500e-04, dec_loss=3.522788e-02, dec_ber=1.334556e-02, eval_ber=skipped
epoch 150/300: enc_loss=2.384320e-03, enc_ber=6.878125e-04, dec_loss=3.482541e-02, dec_ber=1.306575e-02, eval_ber=0.0006137500274053309
epoch 151/300: enc_loss=2.842005e-03, enc_ber=8.881250e-04, dec_loss=3.498025e-02, dec_ber=1.302600e-02, eval_ber=skipped
epoch 152/300: enc_loss=2.707201e-03, enc_ber=8.090625e-04, dec_loss=3.323468e-02, dec_ber=1.235581e-02, eval_ber=skipped
epoch 153/300: enc_loss=2.431399e-03, enc_ber=6.984375e-04, dec_loss=3.268796e-02, dec_ber=1.211900e-02, eval_ber=skipped
epoch 154/300: enc_loss=4.980117e-03, enc_ber=1.642188e-03, dec_loss=3.449111e-02, dec_ber=1.298213e-02, eval_ber=skipped
epoch 155/300: enc_loss=2.268242e-03, enc_ber=6.359375e-04, dec_loss=3.528131e-02, dec_ber=1.349606e-02, eval_ber=skipped
epoch 156/300: enc_loss=2.244352e-03, enc_ber=6.246875e-04, dec_loss=3.692457e-02, dec_ber=1.435444e-02, eval_ber=skipped
epoch 157/300: enc_loss=2.482689e-03, enc_ber=7.437500e-04, dec_loss=3.498296e-02, dec_ber=1.321038e-02, eval_ber=skipped
epoch 158/300: enc_loss=2.262879e-03, enc_ber=7.137500e-04, dec_loss=3.445523e-02, dec_ber=1.305306e-02, eval_ber=skipped
epoch 159/300: enc_loss=2.060869e-03, enc_ber=6.184375e-04, dec_loss=3.358156e-02, dec_ber=1.264813e-02, eval_ber=skipped
epoch 160/300: enc_loss=2.230285e-03, enc_ber=6.343750e-04, dec_loss=3.528580e-02, dec_ber=1.348838e-02, eval_ber=0.0005112500254472252
epoch 161/300: enc_loss=1.878622e-03, enc_ber=5.371875e-04, dec_loss=3.401010e-02, dec_ber=1.269475e-02, eval_ber=skipped
epoch 162/300: enc_loss=1.924109e-03, enc_ber=5.684375e-04, dec_loss=3.578185e-02, dec_ber=1.367919e-02, eval_ber=skipped
epoch 163/300: enc_loss=1.979128e-03, enc_ber=5.840625e-04, dec_loss=3.428460e-02, dec_ber=1.300969e-02, eval_ber=skipped
epoch 164/300: enc_loss=2.286623e-03, enc_ber=6.512500e-04, dec_loss=3.555752e-02, dec_ber=1.362963e-02, eval_ber=skipped
epoch 165/300: enc_loss=2.374669e-03, enc_ber=6.993750e-04, dec_loss=3.404529e-02, dec_ber=1.259013e-02, eval_ber=skipped
epoch 166/300: enc_loss=2.261746e-03, enc_ber=6.715625e-04, dec_loss=3.353657e-02, dec_ber=1.249331e-02, eval_ber=skipped
epoch 167/300: enc_loss=1.986247e-03, enc_ber=5.875000e-04, dec_loss=3.370231e-02, dec_ber=1.260338e-02, eval_ber=skipped
epoch 168/300: enc_loss=2.229119e-03, enc_ber=6.959375e-04, dec_loss=3.379820e-02, dec_ber=1.270950e-02, eval_ber=skipped
epoch 169/300: enc_loss=2.525037e-03, enc_ber=7.368750e-04, dec_loss=3.349118e-02, dec_ber=1.252863e-02, eval_ber=skipped
epoch 170/300: enc_loss=2.008476e-03, enc_ber=5.956250e-04, dec_loss=3.694862e-02, dec_ber=1.357563e-02, eval_ber=0.0006593750329921022
epoch 171/300: enc_loss=2.605209e-03, enc_ber=6.984375e-04, dec_loss=3.339702e-02, dec_ber=1.229294e-02, eval_ber=skipped
epoch 172/300: enc_loss=2.038675e-03, enc_ber=5.900000e-04, dec_loss=3.358302e-02, dec_ber=1.257250e-02, eval_ber=skipped
epoch 173/300: enc_loss=2.469775e-03, enc_ber=7.006250e-04, dec_loss=3.578544e-02, dec_ber=1.378875e-02, eval_ber=skipped
epoch 174/300: enc_loss=2.025972e-03, enc_ber=6.146875e-04, dec_loss=3.398867e-02, dec_ber=1.248506e-02, eval_ber=skipped
epoch 175/300: enc_loss=2.464978e-03, enc_ber=7.043750e-04, dec_loss=3.165294e-02, dec_ber=1.150600e-02, eval_ber=skipped
epoch 176/300: enc_loss=2.423499e-03, enc_ber=6.878125e-04, dec_loss=3.191702e-02, dec_ber=1.172263e-02, eval_ber=skipped
epoch 177/300: enc_loss=2.053870e-03, enc_ber=5.668750e-04, dec_loss=3.284989e-02, dec_ber=1.223125e-02, eval_ber=skipped
epoch 178/300: enc_loss=2.202562e-03, enc_ber=6.228125e-04, dec_loss=3.249566e-02, dec_ber=1.206356e-02, eval_ber=skipped
epoch 179/300: enc_loss=2.002569e-03, enc_ber=5.721875e-04, dec_loss=3.401162e-02, dec_ber=1.282875e-02, eval_ber=skipped
epoch 180/300: enc_loss=2.260027e-03, enc_ber=6.446875e-04, dec_loss=3.411493e-02, dec_ber=1.294294e-02, eval_ber=0.0005112500247196294
epoch 181/300: enc_loss=1.978714e-03, enc_ber=5.746875e-04, dec_loss=3.354542e-02, dec_ber=1.262219e-02, eval_ber=skipped
epoch 182/300: enc_loss=1.802935e-03, enc_ber=5.246875e-04, dec_loss=3.360648e-02, dec_ber=1.270850e-02, eval_ber=skipped
epoch 183/300: enc_loss=2.060150e-03, enc_ber=5.871875e-04, dec_loss=3.425417e-02, dec_ber=1.304144e-02, eval_ber=skipped
epoch 184/300: enc_loss=1.959871e-03, enc_ber=5.778125e-04, dec_loss=3.634400e-02, dec_ber=1.415663e-02, eval_ber=skipped
epoch 185/300: enc_loss=2.113621e-03, enc_ber=5.706250e-04, dec_loss=3.479268e-02, dec_ber=1.327788e-02, eval_ber=skipped
epoch 186/300: enc_loss=3.058453e-03, enc_ber=9.715625e-04, dec_loss=4.123041e-02, dec_ber=1.626044e-02, eval_ber=skipped
epoch 187/300: enc_loss=2.253211e-03, enc_ber=6.581250e-04, dec_loss=3.441503e-02, dec_ber=1.313675e-02, eval_ber=skipped
epoch 188/300: enc_loss=2.592952e-03, enc_ber=7.868750e-04, dec_loss=3.536028e-02, dec_ber=1.338206e-02, eval_ber=skipped
epoch 189/300: enc_loss=3.082649e-03, enc_ber=9.762500e-04, dec_loss=3.538336e-02, dec_ber=1.324463e-02, eval_ber=skipped
epoch 190/300: enc_loss=2.588772e-03, enc_ber=7.475000e-04, dec_loss=3.591871e-02, dec_ber=1.372769e-02, eval_ber=0.0005456250262795947
epoch 191/300: enc_loss=1.968241e-03, enc_ber=5.609375e-04, dec_loss=3.618083e-02, dec_ber=1.398081e-02, eval_ber=skipped
epoch 192/300: enc_loss=1.942267e-03, enc_ber=5.859375e-04, dec_loss=3.269753e-02, dec_ber=1.224981e-02, eval_ber=skipped
epoch 193/300: enc_loss=2.013852e-03, enc_ber=5.596875e-04, dec_loss=3.399957e-02, dec_ber=1.275481e-02, eval_ber=skipped
epoch 194/300: enc_loss=2.080431e-03, enc_ber=6.212500e-04, dec_loss=3.268457e-02, dec_ber=1.224588e-02, eval_ber=skipped
epoch 195/300: enc_loss=2.470859e-03, enc_ber=7.490625e-04, dec_loss=3.301042e-02, dec_ber=1.251425e-02, eval_ber=skipped
epoch 196/300: enc_loss=1.755016e-03, enc_ber=5.131250e-04, dec_loss=3.246183e-02, dec_ber=1.221681e-02, eval_ber=skipped
epoch 197/300: enc_loss=2.059238e-03, enc_ber=6.050000e-04, dec_loss=3.164920e-02, dec_ber=1.180019e-02, eval_ber=skipped
epoch 198/300: enc_loss=2.034463e-03, enc_ber=5.878125e-04, dec_loss=3.122930e-02, dec_ber=1.152563e-02, eval_ber=skipped
epoch 199/300: enc_loss=2.106849e-03, enc_ber=6.056250e-04, dec_loss=3.254869e-02, dec_ber=1.202888e-02, eval_ber=skipped
epoch 200/300: enc_loss=2.021374e-03, enc_ber=5.584375e-04, dec_loss=3.187225e-02, dec_ber=1.191481e-02, eval_ber=0.0004443750214704778
epoch 201/300: enc_loss=2.281896e-03, enc_ber=6.643750e-04, dec_loss=3.478777e-02, dec_ber=1.331850e-02, eval_ber=skipped
epoch 202/300: enc_loss=1.918848e-03, enc_ber=5.609375e-04, dec_loss=3.628100e-02, dec_ber=1.384913e-02, eval_ber=skipped
epoch 203/300: enc_loss=2.390536e-03, enc_ber=7.365625e-04, dec_loss=3.363595e-02, dec_ber=1.271588e-02, eval_ber=skipped
epoch 204/300: enc_loss=1.868357e-03, enc_ber=5.143750e-04, dec_loss=3.216370e-02, dec_ber=1.212719e-02, eval_ber=skipped
epoch 205/300: enc_loss=1.912222e-03, enc_ber=5.956250e-04, dec_loss=3.309502e-02, dec_ber=1.256388e-02, eval_ber=skipped
epoch 206/300: enc_loss=1.954832e-03, enc_ber=5.606250e-04, dec_loss=3.273994e-02, dec_ber=1.216300e-02, eval_ber=skipped
epoch 207/300: enc_loss=2.347030e-03, enc_ber=6.928125e-04, dec_loss=3.220758e-02, dec_ber=1.199488e-02, eval_ber=skipped
epoch 208/300: enc_loss=1.852845e-03, enc_ber=5.212500e-04, dec_loss=3.286658e-02, dec_ber=1.240481e-02, eval_ber=skipped
epoch 209/300: enc_loss=1.962859e-03, enc_ber=5.771875e-04, dec_loss=3.152441e-02, dec_ber=1.171356e-02, eval_ber=skipped
epoch 210/300: enc_loss=1.941901e-03, enc_ber=5.606250e-04, dec_loss=3.303913e-02, dec_ber=1.255688e-02, eval_ber=0.000471562524617184
epoch 211/300: enc_loss=1.829404e-03, enc_ber=5.065625e-04, dec_loss=3.451652e-02, dec_ber=1.323831e-02, eval_ber=skipped
epoch 212/300: enc_loss=1.879252e-03, enc_ber=5.562500e-04, dec_loss=3.208976e-02, dec_ber=1.197275e-02, eval_ber=skipped
epoch 213/300: enc_loss=1.964275e-03, enc_ber=5.150000e-04, dec_loss=3.254768e-02, dec_ber=1.225631e-02, eval_ber=skipped
epoch 214/300: enc_loss=1.857906e-03, enc_ber=5.571875e-04, dec_loss=3.165706e-02, dec_ber=1.164869e-02, eval_ber=skipped
epoch 215/300: enc_loss=1.848794e-03, enc_ber=5.409375e-04, dec_loss=3.188890e-02, dec_ber=1.180988e-02, eval_ber=skipped
epoch 216/300: enc_loss=1.904295e-03, enc_ber=5.265625e-04, dec_loss=3.300571e-02, dec_ber=1.244856e-02, eval_ber=skipped
epoch 217/300: enc_loss=1.925287e-03, enc_ber=6.028125e-04, dec_loss=3.212462e-02, dec_ber=1.196825e-02, eval_ber=skipped
epoch 218/300: enc_loss=1.894223e-03, enc_ber=5.556250e-04, dec_loss=3.290796e-02, dec_ber=1.227775e-02, eval_ber=skipped
epoch 219/300: enc_loss=2.001544e-03, enc_ber=5.621875e-04, dec_loss=3.451132e-02, dec_ber=1.308031e-02, eval_ber=skipped
epoch 220/300: enc_loss=2.115557e-03, enc_ber=5.912500e-04, dec_loss=3.197817e-02, dec_ber=1.168831e-02, eval_ber=0.0005412500268357689
epoch 221/300: enc_loss=1.959412e-03, enc_ber=5.328125e-04, dec_loss=3.203191e-02, dec_ber=1.194888e-02, eval_ber=skipped
epoch 222/300: enc_loss=1.776016e-03, enc_ber=4.865625e-04, dec_loss=3.260341e-02, dec_ber=1.231056e-02, eval_ber=skipped
epoch 223/300: enc_loss=1.834387e-03, enc_ber=5.090625e-04, dec_loss=3.459971e-02, dec_ber=1.333869e-02, eval_ber=skipped
epoch 224/300: enc_loss=1.839974e-03, enc_ber=5.306250e-04, dec_loss=3.180204e-02, dec_ber=1.182344e-02, eval_ber=skipped
epoch 225/300: enc_loss=1.833201e-03, enc_ber=5.459375e-04, dec_loss=3.372438e-02, dec_ber=1.268644e-02, eval_ber=skipped
epoch 226/300: enc_loss=1.914044e-03, enc_ber=5.753125e-04, dec_loss=3.527534e-02, dec_ber=1.347838e-02, eval_ber=skipped
epoch 227/300: enc_loss=1.903561e-03, enc_ber=5.812500e-04, dec_loss=3.631465e-02, dec_ber=1.398125e-02, eval_ber=skipped
epoch 228/300: enc_loss=2.049286e-03, enc_ber=6.078125e-04, dec_loss=3.582089e-02, dec_ber=1.379531e-02, eval_ber=skipped
epoch 229/300: enc_loss=1.772901e-03, enc_ber=5.296875e-04, dec_loss=3.499407e-02, dec_ber=1.357138e-02, eval_ber=skipped
epoch 230/300: enc_loss=2.288037e-03, enc_ber=7.096875e-04, dec_loss=3.430912e-02, dec_ber=1.320788e-02, eval_ber=0.0004421875190746505
epoch 231/300: enc_loss=1.650771e-03, enc_ber=4.771875e-04, dec_loss=3.344484e-02, dec_ber=1.272506e-02, eval_ber=skipped
epoch 232/300: enc_loss=2.028923e-03, enc_ber=6.187500e-04, dec_loss=3.396100e-02, dec_ber=1.305131e-02, eval_ber=skipped
epoch 233/300: enc_loss=1.869042e-03, enc_ber=5.484375e-04, dec_loss=3.439392e-02, dec_ber=1.322281e-02, eval_ber=skipped
epoch 234/300: enc_loss=1.711591e-03, enc_ber=4.950000e-04, dec_loss=3.205440e-02, dec_ber=1.181444e-02, eval_ber=skipped
epoch 235/300: enc_loss=1.905499e-03, enc_ber=5.284375e-04, dec_loss=3.123661e-02, dec_ber=1.161244e-02, eval_ber=skipped
epoch 236/300: enc_loss=2.317615e-03, enc_ber=6.937500e-04, dec_loss=3.379270e-02, dec_ber=1.300444e-02, eval_ber=skipped
epoch 237/300: enc_loss=1.915023e-03, enc_ber=5.518750e-04, dec_loss=3.320601e-02, dec_ber=1.266625e-02, eval_ber=skipped
epoch 238/300: enc_loss=2.221472e-03, enc_ber=7.118750e-04, dec_loss=3.565141e-02, dec_ber=1.353338e-02, eval_ber=skipped
epoch 239/300: enc_loss=1.927512e-03, enc_ber=5.628125e-04, dec_loss=3.172800e-02, dec_ber=1.179144e-02, eval_ber=skipped
epoch 240/300: enc_loss=2.039533e-03, enc_ber=5.943750e-04, dec_loss=3.285233e-02, dec_ber=1.223119e-02, eval_ber=0.0005209375254344195
epoch 241/300: enc_loss=1.792420e-03, enc_ber=4.834375e-04, dec_loss=3.256759e-02, dec_ber=1.218494e-02, eval_ber=skipped
epoch 242/300: enc_loss=1.922110e-03, enc_ber=5.543750e-04, dec_loss=3.356204e-02, dec_ber=1.277325e-02, eval_ber=skipped
epoch 243/300: enc_loss=2.477638e-03, enc_ber=7.284375e-04, dec_loss=3.199605e-02, dec_ber=1.207100e-02, eval_ber=skipped
epoch 244/300: enc_loss=2.153349e-03, enc_ber=6.228125e-04, dec_loss=3.259395e-02, dec_ber=1.240669e-02, eval_ber=skipped
epoch 245/300: enc_loss=1.905182e-03, enc_ber=5.381250e-04, dec_loss=3.354242e-02, dec_ber=1.284906e-02, eval_ber=skipped
epoch 246/300: enc_loss=1.964345e-03, enc_ber=5.865625e-04, dec_loss=3.201162e-02, dec_ber=1.194106e-02, eval_ber=skipped
epoch 247/300: enc_loss=1.870366e-03, enc_ber=5.578125e-04, dec_loss=3.185452e-02, dec_ber=1.193800e-02, eval_ber=skipped
epoch 248/300: enc_loss=2.073559e-03, enc_ber=5.768750e-04, dec_loss=3.169237e-02, dec_ber=1.197769e-02, eval_ber=skipped
epoch 249/300: enc_loss=2.763554e-03, enc_ber=8.571875e-04, dec_loss=3.222302e-02, dec_ber=1.213713e-02, eval_ber=skipped
epoch 250/300: enc_loss=1.806333e-03, enc_ber=5.187500e-04, dec_loss=3.318837e-02, dec_ber=1.271738e-02, eval_ber=0.0004953125238534995
epoch 251/300: enc_loss=1.832212e-03, enc_ber=5.296875e-04, dec_loss=3.339602e-02, dec_ber=1.277625e-02, eval_ber=skipped
epoch 252/300: enc_loss=1.843762e-03, enc_ber=5.771875e-04, dec_loss=3.221686e-02, dec_ber=1.229563e-02, eval_ber=skipped
epoch 253/300: enc_loss=1.692375e-03, enc_ber=4.921875e-04, dec_loss=3.217901e-02, dec_ber=1.197738e-02, eval_ber=skipped
epoch 254/300: enc_loss=1.742628e-03, enc_ber=4.931250e-04, dec_loss=3.245238e-02, dec_ber=1.228769e-02, eval_ber=skipped
epoch 255/300: enc_loss=1.653050e-03, enc_ber=4.615625e-04, dec_loss=3.420353e-02, dec_ber=1.313369e-02, eval_ber=skipped
epoch 256/300: enc_loss=2.264265e-03, enc_ber=6.384375e-04, dec_loss=3.449260e-02, dec_ber=1.331900e-02, eval_ber=skipped
epoch 257/300: enc_loss=1.616361e-03, enc_ber=4.981250e-04, dec_loss=3.207557e-02, dec_ber=1.218694e-02, eval_ber=skipped
epoch 258/300: enc_loss=1.620040e-03, enc_ber=4.815625e-04, dec_loss=3.261456e-02, dec_ber=1.242681e-02, eval_ber=skipped
epoch 259/300: enc_loss=1.724740e-03, enc_ber=5.115625e-04, dec_loss=3.220007e-02, dec_ber=1.223538e-02, eval_ber=skipped
epoch 260/300: enc_loss=1.858208e-03, enc_ber=5.425000e-04, dec_loss=3.486989e-02, dec_ber=1.358819e-02, eval_ber=0.00044156252086395396
epoch 261/300: enc_loss=1.879138e-03, enc_ber=5.800000e-04, dec_loss=3.258111e-02, dec_ber=1.243294e-02, eval_ber=skipped
epoch 262/300: enc_loss=1.628978e-03, enc_ber=4.778125e-04, dec_loss=3.192717e-02, dec_ber=1.213063e-02, eval_ber=skipped
epoch 263/300: enc_loss=1.720997e-03, enc_ber=4.700000e-04, dec_loss=3.241390e-02, dec_ber=1.238931e-02, eval_ber=skipped
epoch 264/300: enc_loss=1.668630e-03, enc_ber=4.918750e-04, dec_loss=3.208573e-02, dec_ber=1.211963e-02, eval_ber=skipped
epoch 265/300: enc_loss=1.638857e-03, enc_ber=4.762500e-04, dec_loss=3.068180e-02, dec_ber=1.143219e-02, eval_ber=skipped
epoch 266/300: enc_loss=1.681821e-03, enc_ber=4.603125e-04, dec_loss=3.152384e-02, dec_ber=1.186025e-02, eval_ber=skipped
epoch 267/300: enc_loss=1.742113e-03, enc_ber=4.909375e-04, dec_loss=3.020416e-02, dec_ber=1.123144e-02, eval_ber=skipped
epoch 268/300: enc_loss=1.488092e-03, enc_ber=4.043750e-04, dec_loss=3.148063e-02, dec_ber=1.189169e-02, eval_ber=skipped
epoch 269/300: enc_loss=2.605000e-03, enc_ber=7.531250e-04, dec_loss=3.252908e-02, dec_ber=1.232388e-02, eval_ber=skipped
epoch 270/300: enc_loss=1.676460e-03, enc_ber=4.662500e-04, dec_loss=3.319921e-02, dec_ber=1.275800e-02, eval_ber=0.000442812519686413
epoch 271/300: enc_loss=2.422003e-03, enc_ber=7.543750e-04, dec_loss=3.210302e-02, dec_ber=1.214000e-02, eval_ber=skipped
epoch 272/300: enc_loss=1.799886e-03, enc_ber=4.534375e-04, dec_loss=3.160066e-02, dec_ber=1.194706e-02, eval_ber=skipped
epoch 273/300: enc_loss=1.759900e-03, enc_ber=5.159375e-04, dec_loss=3.106261e-02, dec_ber=1.152963e-02, eval_ber=skipped
epoch 274/300: enc_loss=1.647884e-03, enc_ber=4.856250e-04, dec_loss=3.032697e-02, dec_ber=1.131188e-02, eval_ber=skipped
epoch 275/300: enc_loss=1.688519e-03, enc_ber=4.953125e-04, dec_loss=3.047196e-02, dec_ber=1.124725e-02, eval_ber=skipped
epoch 276/300: enc_loss=1.600501e-03, enc_ber=4.656250e-04, dec_loss=3.149049e-02, dec_ber=1.189163e-02, eval_ber=skipped
epoch 277/300: enc_loss=1.617884e-03, enc_ber=4.625000e-04, dec_loss=3.143851e-02, dec_ber=1.193813e-02, eval_ber=skipped
epoch 278/300: enc_loss=1.611247e-03, enc_ber=4.825000e-04, dec_loss=3.148709e-02, dec_ber=1.190000e-02, eval_ber=skipped
epoch 279/300: enc_loss=1.522373e-03, enc_ber=4.565625e-04, dec_loss=3.356602e-02, dec_ber=1.285350e-02, eval_ber=skipped
epoch 280/300: enc_loss=1.793277e-03, enc_ber=5.175000e-04, dec_loss=3.230706e-02, dec_ber=1.216869e-02, eval_ber=0.0004471875203307718
epoch 281/300: enc_loss=1.633392e-03, enc_ber=4.384375e-04, dec_loss=3.241024e-02, dec_ber=1.234500e-02, eval_ber=skipped
epoch 282/300: enc_loss=1.715938e-03, enc_ber=4.940625e-04, dec_loss=3.266555e-02, dec_ber=1.248625e-02, eval_ber=skipped
epoch 283/300: enc_loss=1.792927e-03, enc_ber=4.675000e-04, dec_loss=3.088710e-02, dec_ber=1.139781e-02, eval_ber=skipped
epoch 284/300: enc_loss=1.977482e-03, enc_ber=5.628125e-04, dec_loss=3.174246e-02, dec_ber=1.193838e-02, eval_ber=skipped
epoch 285/300: enc_loss=1.557164e-03, enc_ber=4.418750e-04, dec_loss=3.232094e-02, dec_ber=1.233438e-02, eval_ber=skipped
epoch 286/300: enc_loss=1.800234e-03, enc_ber=5.318750e-04, dec_loss=3.109397e-02, dec_ber=1.170544e-02, eval_ber=skipped
epoch 287/300: enc_loss=1.792066e-03, enc_ber=5.246875e-04, dec_loss=3.347054e-02, dec_ber=1.218156e-02, eval_ber=skipped
epoch 288/300: enc_loss=2.216313e-03, enc_ber=5.718750e-04, dec_loss=2.960512e-02, dec_ber=1.082400e-02, eval_ber=skipped
epoch 289/300: enc_loss=1.584588e-03, enc_ber=4.403125e-04, dec_loss=3.114967e-02, dec_ber=1.174413e-02, eval_ber=skipped
epoch 290/300: enc_loss=1.455632e-03, enc_ber=4.146875e-04, dec_loss=3.090196e-02, dec_ber=1.163838e-02, eval_ber=0.00037843751793843695
epoch 291/300: enc_loss=1.592241e-03, enc_ber=4.706250e-04, dec_loss=3.108958e-02, dec_ber=1.175713e-02, eval_ber=skipped
epoch 292/300: enc_loss=1.609988e-03, enc_ber=4.243750e-04, dec_loss=3.043674e-02, dec_ber=1.133631e-02, eval_ber=skipped
epoch 293/300: enc_loss=1.558386e-03, enc_ber=4.278125e-04, dec_loss=3.250441e-02, dec_ber=1.247944e-02, eval_ber=skipped
epoch 294/300: enc_loss=1.676505e-03, enc_ber=5.134375e-04, dec_loss=3.184022e-02, dec_ber=1.209019e-02, eval_ber=skipped
epoch 295/300: enc_loss=1.730347e-03, enc_ber=4.775000e-04, dec_loss=3.304108e-02, dec_ber=1.255569e-02, eval_ber=skipped
epoch 296/300: enc_loss=1.666512e-03, enc_ber=4.843750e-04, dec_loss=3.051817e-02, dec_ber=1.148944e-02, eval_ber=skipped
epoch 297/300: enc_loss=1.462030e-03, enc_ber=4.350000e-04, dec_loss=3.077549e-02, dec_ber=1.158138e-02, eval_ber=skipped
epoch 298/300: enc_loss=1.544022e-03, enc_ber=4.737500e-04, dec_loss=3.168253e-02, dec_ber=1.206713e-02, eval_ber=skipped
epoch 299/300: enc_loss=1.484371e-03, enc_ber=4.196875e-04, dec_loss=3.050832e-02, dec_ber=1.146850e-02, eval_ber=skipped
epoch 300/300: enc_loss=1.700893e-03, enc_ber=4.850000e-04, dec_loss=2.943185e-02, dec_ber=1.089375e-02, eval_ber=0.00040687501939828507
{
  "summary": "/home/entropy/GitHub/conditional_drifting_models/results/e2e_awgn_suite_20260322_190840/analytic_to_analytic/summary.json"
}
