epoch 1/300: enc_loss=6.939331e-01, enc_ber=5.007013e-01, dec_loss=2.480964e-02, dec_ber=1.051519e-02, eval_ber=skipped
epoch 2/300: enc_loss=4.584994e-05, enc_ber=1.031250e-05, dec_loss=2.052723e-05, dec_ber=4.000000e-06, eval_ber=skipped
epoch 3/300: enc_loss=4.978989e-06, enc_ber=3.125000e-07, dec_loss=2.782606e-06, dec_ber=3.125000e-07, eval_ber=skipped
epoch 4/300: enc_loss=1.278910e-06, enc_ber=6.250000e-07, dec_loss=4.870291e-03, dec_ber=7.878750e-04, eval_ber=skipped
epoch 5/300: enc_loss=1.355415e-04, enc_ber=9.375000e-07, dec_loss=7.262030e-05, dec_ber=3.125000e-07, eval_ber=skipped
epoch 6/300: enc_loss=3.906120e-05, enc_ber=3.125000e-07, dec_loss=2.716857e-05, dec_ber=4.375000e-07, eval_ber=skipped
epoch 7/300: enc_loss=1.811553e-05, enc_ber=0.000000e+00, dec_loss=1.375543e-05, dec_ber=1.875000e-07, eval_ber=skipped
epoch 8/300: enc_loss=1.003969e-05, enc_ber=3.125000e-07, dec_loss=8.062040e-06, dec_ber=1.875000e-07, eval_ber=skipped
epoch 9/300: enc_loss=6.275322e-06, enc_ber=3.125000e-07, dec_loss=5.080472e-06, dec_ber=6.250000e-08, eval_ber=skipped
epoch 10/300: enc_loss=3.958327e-06, enc_ber=0.000000e+00, dec_loss=3.394140e-06, dec_ber=1.250000e-07, eval_ber=0.12159063085913659
epoch 11/300: enc_loss=2.747043e-06, enc_ber=0.000000e+00, dec_loss=2.468333e-06, dec_ber=6.250000e-08, eval_ber=skipped
epoch 12/300: enc_loss=1.824442e-06, enc_ber=0.000000e+00, dec_loss=1.530138e-06, dec_ber=0.000000e+00, eval_ber=skipped
epoch 13/300: enc_loss=1.233748e-06, enc_ber=0.000000e+00, dec_loss=1.087925e-06, dec_ber=0.000000e+00, eval_ber=skipped
epoch 14/300: enc_loss=9.085267e-07, enc_ber=0.000000e+00, dec_loss=1.030453e-06, dec_ber=1.250000e-07, eval_ber=skipped
epoch 15/300: enc_loss=7.085527e-07, enc_ber=0.000000e+00, dec_loss=5.497573e-07, dec_ber=0.000000e+00, eval_ber=skipped
epoch 16/300: enc_loss=4.879352e-07, enc_ber=0.000000e+00, dec_loss=3.816168e-07, dec_ber=0.000000e+00, eval_ber=skipped
epoch 17/300: enc_loss=3.093622e-07, enc_ber=0.000000e+00, dec_loss=2.992787e-07, dec_ber=0.000000e+00, eval_ber=skipped
epoch 18/300: enc_loss=2.711801e-07, enc_ber=0.000000e+00, dec_loss=2.289360e-07, dec_ber=0.000000e+00, eval_ber=skipped
epoch 19/300: enc_loss=1.657998e-07, enc_ber=0.000000e+00, dec_loss=1.479452e-07, dec_ber=0.000000e+00, eval_ber=skipped
epoch 20/300: enc_loss=1.267031e-07, enc_ber=0.000000e+00, dec_loss=1.112047e-07, dec_ber=0.000000e+00, eval_ber=0.12129219353199006
epoch 21/300: enc_loss=9.270222e-08, enc_ber=0.000000e+00, dec_loss=9.515641e-08, dec_ber=0.000000e+00, eval_ber=skipped
epoch 22/300: enc_loss=7.340989e-08, enc_ber=0.000000e+00, dec_loss=5.538839e-04, dec_ber=1.291250e-04, eval_ber=skipped
epoch 23/300: enc_loss=5.711347e-05, enc_ber=0.000000e+00, dec_loss=1.615008e-05, dec_ber=6.250000e-08, eval_ber=skipped
epoch 24/300: enc_loss=6.165674e-06, enc_ber=0.000000e+00, dec_loss=4.129700e-06, dec_ber=0.000000e+00, eval_ber=skipped
epoch 25/300: enc_loss=2.725313e-06, enc_ber=0.000000e+00, dec_loss=2.080153e-06, dec_ber=0.000000e+00, eval_ber=skipped
