[seed-runner] start 2026-03-18T14:03:43Z
[seed-runner] label: paper
[seed-runner] cwd: /home/h3/rifr807e/repos/conditional_drifting_models
[seed-runner] command: /software/genoa/r24.04/Python/3.11.3-GCCcore-12.3.0/bin/python -u scripts/run_paper2309_benchmark.py --device cuda --seed 15 --channels AWGN,Rayleigh,SSPA --eval-size 1000000 --include-gan-fa --out-dir /home/rifr807e/repos/conditional_drifting_models/results_hpc/20260318_135508/paper2309_benchmark_seed15

epoch 1/30: loss=7.315808e-04, drift=6.837193e-02
epoch 2/30: loss=4.678265e-04, drift=5.477879e-02
epoch 3/30: loss=2.722792e-04, drift=4.168933e-02
epoch 4/30: loss=1.556273e-04, drift=3.165082e-02
epoch 5/30: loss=1.180459e-04, drift=2.772745e-02
epoch 6/30: loss=1.156282e-04, drift=2.749768e-02
epoch 7/30: loss=1.121518e-04, drift=2.705782e-02
epoch 8/30: loss=1.133121e-04, drift=2.717414e-02
epoch 9/30: loss=1.118609e-04, drift=2.699649e-02
epoch 10/30: loss=1.061257e-04, drift=2.630265e-02
epoch 11/30: loss=1.069802e-04, drift=2.638971e-02
epoch 12/30: loss=1.062240e-04, drift=2.632716e-02
epoch 13/30: loss=1.015133e-04, drift=2.567310e-02
epoch 14/30: loss=1.039600e-04, drift=2.601528e-02
epoch 15/30: loss=1.044848e-04, drift=2.609033e-02
epoch 16/30: loss=9.889129e-05, drift=2.537455e-02
epoch 17/30: loss=9.969495e-05, drift=2.548260e-02
epoch 18/30: loss=9.660434e-05, drift=2.512411e-02
epoch 19/30: loss=9.945759e-05, drift=2.548667e-02
epoch 20/30: loss=9.824919e-05, drift=2.530140e-02
epoch 21/30: loss=9.650397e-05, drift=2.508330e-02
epoch 22/30: loss=9.761401e-05, drift=2.522557e-02
epoch 23/30: loss=9.807121e-05, drift=2.525336e-02
epoch 24/30: loss=9.651175e-05, drift=2.508516e-02
epoch 25/30: loss=9.606396e-05, drift=2.502617e-02
epoch 26/30: loss=9.569416e-05, drift=2.495649e-02
epoch 27/30: loss=9.203690e-05, drift=2.449867e-02
epoch 28/30: loss=9.365128e-05, drift=2.471766e-02
epoch 29/30: loss=9.509674e-05, drift=2.488960e-02
epoch 30/30: loss=9.280557e-05, drift=2.460359e-02
diff epoch 1/30: loss=5.650787e-01, lr=1.000e-03
diff epoch 2/30: loss=5.210709e-01, lr=1.000e-03
diff epoch 3/30: loss=5.205191e-01, lr=1.000e-03
diff epoch 4/30: loss=5.201973e-01, lr=1.000e-03
diff epoch 5/30: loss=5.200877e-01, lr=1.000e-03
diff epoch 6/30: loss=5.201120e-01, lr=1.000e-03
diff epoch 7/30: loss=5.200894e-01, lr=1.000e-03
diff epoch 8/30: loss=5.198111e-01, lr=1.000e-03
diff epoch 9/30: loss=5.196697e-01, lr=1.000e-03
diff epoch 10/30: loss=5.198625e-01, lr=1.000e-03
diff epoch 11/30: loss=5.189756e-01, lr=1.000e-04
diff epoch 12/30: loss=5.188434e-01, lr=1.000e-04
diff epoch 13/30: loss=5.191610e-01, lr=1.000e-04
diff epoch 14/30: loss=5.188956e-01, lr=1.000e-04
diff epoch 15/30: loss=5.190125e-01, lr=1.000e-04
diff epoch 16/30: loss=5.188976e-01, lr=1.000e-04
diff epoch 17/30: loss=5.190050e-01, lr=1.000e-04
diff epoch 18/30: loss=5.188192e-01, lr=1.000e-04
diff epoch 19/30: loss=5.190460e-01, lr=1.000e-04
diff epoch 20/30: loss=5.189708e-01, lr=1.000e-04
diff epoch 21/30: loss=5.188500e-01, lr=1.000e-04
diff epoch 22/30: loss=5.191380e-01, lr=1.000e-04
diff epoch 23/30: loss=5.188453e-01, lr=1.000e-04
diff epoch 24/30: loss=5.189736e-01, lr=1.000e-04
diff epoch 25/30: loss=5.188876e-01, lr=1.000e-04
diff epoch 26/30: loss=5.189428e-01, lr=1.000e-04
diff epoch 27/30: loss=5.189473e-01, lr=1.000e-04
diff epoch 28/30: loss=5.192159e-01, lr=1.000e-04
diff epoch 29/30: loss=5.187551e-01, lr=1.000e-04
diff epoch 30/30: loss=5.191387e-01, lr=1.000e-04
[AWGN] diffusion training complete; starting evaluation
[AWGN] DDPM chunk 1/1: batch=1000000, sample=0.66s, total=0.66s, elapsed=0.66s, eta=0.00s
[AWGN] DDPM done: swd=0.007122, sample=0.66s, swd_eval=0.25s
[AWGN] DDIM-100 chunk 1/1: batch=1000000, sample=0.61s, total=0.61s, elapsed=0.61s, eta=0.00s
[AWGN] DDIM-100 done: swd=0.004584, sample=0.61s, swd_eval=0.29s
[AWGN] DDIM-50 chunk 1/1: batch=1000000, sample=0.20s, total=0.20s, elapsed=0.20s, eta=0.00s
[AWGN] DDIM-50 done: swd=0.006004, sample=0.20s, swd_eval=0.29s
[AWGN] DDIM-20 chunk 1/1: batch=1000000, sample=0.01s, total=0.01s, elapsed=0.01s, eta=0.00s
[AWGN] DDIM-20 done: swd=0.014160, sample=0.01s, swd_eval=0.24s
[AWGN] DDIM-10 chunk 1/1: batch=1000000, sample=0.00s, total=0.01s, elapsed=0.01s, eta=0.00s
[AWGN] DDIM-10 done: swd=0.026189, sample=0.00s, swd_eval=0.16s
gan epoch 1/30: g_loss=4.690364e+00, d_loss=1.179973e+00
gan epoch 2/30: g_loss=4.482834e+00, d_loss=1.189876e+00
gan epoch 3/30: g_loss=4.504302e+00, d_loss=1.183978e+00
gan epoch 4/30: g_loss=4.504788e+00, d_loss=1.158593e+00
gan epoch 5/30: g_loss=4.501731e+00, d_loss=1.152663e+00
gan epoch 6/30: g_loss=4.501192e+00, d_loss=1.152611e+00
gan epoch 7/30: g_loss=4.502020e+00, d_loss=1.151978e+00
gan epoch 8/30: g_loss=4.503890e+00, d_loss=1.151620e+00
gan epoch 9/30: g_loss=4.501963e+00, d_loss=1.152160e+00
gan epoch 10/30: g_loss=4.501329e+00, d_loss=1.151398e+00
gan epoch 11/30: g_loss=4.501055e+00, d_loss=1.151102e+00
gan epoch 12/30: g_loss=4.503942e+00, d_loss=1.150734e+00
gan epoch 13/30: g_loss=4.503667e+00, d_loss=1.150409e+00
gan epoch 14/30: g_loss=4.503581e+00, d_loss=1.149954e+00
gan epoch 15/30: g_loss=4.502747e+00, d_loss=1.149576e+00
gan epoch 16/30: g_loss=4.503609e+00, d_loss=1.149702e+00
gan epoch 17/30: g_loss=4.503705e+00, d_loss=1.149581e+00
gan epoch 18/30: g_loss=4.503904e+00, d_loss=1.149148e+00
gan epoch 19/30: g_loss=4.504971e+00, d_loss=1.149174e+00
gan epoch 20/30: g_loss=4.504421e+00, d_loss=1.149378e+00
gan epoch 21/30: g_loss=4.507278e+00, d_loss=1.148990e+00
gan epoch 22/30: g_loss=4.504809e+00, d_loss=1.149424e+00
gan epoch 23/30: g_loss=4.503399e+00, d_loss=1.149407e+00
gan epoch 24/30: g_loss=4.506063e+00, d_loss=1.148706e+00
gan epoch 25/30: g_loss=4.503966e+00, d_loss=1.148911e+00
gan epoch 26/30: g_loss=4.503622e+00, d_loss=1.148841e+00
gan epoch 27/30: g_loss=4.504638e+00, d_loss=1.148996e+00
gan epoch 28/30: g_loss=4.504831e+00, d_loss=1.148325e+00
gan epoch 29/30: g_loss=4.505009e+00, d_loss=1.148866e+00
gan epoch 30/30: g_loss=4.506041e+00, d_loss=1.148446e+00
epoch 1/30: loss=4.593293e-04, drift=5.408763e-02
epoch 2/30: loss=2.406234e-04, drift=3.920404e-02
epoch 3/30: loss=1.302899e-04, drift=2.902516e-02
epoch 4/30: loss=9.395511e-05, drift=2.472836e-02
epoch 5/30: loss=9.152345e-05, drift=2.436210e-02
epoch 6/30: loss=8.895085e-05, drift=2.401442e-02
epoch 7/30: loss=8.643129e-05, drift=2.371046e-02
epoch 8/30: loss=8.902347e-05, drift=2.401546e-02
epoch 9/30: loss=8.756413e-05, drift=2.386302e-02
epoch 10/30: loss=8.803937e-05, drift=2.390893e-02
epoch 11/30: loss=8.706061e-05, drift=2.379194e-02
epoch 12/30: loss=8.695359e-05, drift=2.380217e-02
epoch 13/30: loss=8.268459e-05, drift=2.315710e-02
epoch 14/30: loss=8.290170e-05, drift=2.320013e-02
epoch 15/30: loss=8.170499e-05, drift=2.302288e-02
epoch 16/30: loss=8.072552e-05, drift=2.292094e-02
epoch 17/30: loss=7.888223e-05, drift=2.263370e-02
epoch 18/30: loss=7.983122e-05, drift=2.277095e-02
epoch 19/30: loss=7.597802e-05, drift=2.219214e-02
epoch 20/30: loss=8.026480e-05, drift=2.282051e-02
epoch 21/30: loss=7.811061e-05, drift=2.252404e-02
epoch 22/30: loss=7.759711e-05, drift=2.242618e-02
epoch 23/30: loss=7.587596e-05, drift=2.221317e-02
epoch 24/30: loss=7.885968e-05, drift=2.264375e-02
epoch 25/30: loss=7.593825e-05, drift=2.222603e-02
epoch 26/30: loss=7.510502e-05, drift=2.207702e-02
epoch 27/30: loss=7.712102e-05, drift=2.235473e-02
epoch 28/30: loss=7.763069e-05, drift=2.244935e-02
epoch 29/30: loss=7.660014e-05, drift=2.229087e-02
epoch 30/30: loss=7.644587e-05, drift=2.232558e-02
diff epoch 1/30: loss=5.470605e-01, lr=1.000e-03
diff epoch 2/30: loss=5.126060e-01, lr=1.000e-03
diff epoch 3/30: loss=5.083625e-01, lr=1.000e-03
diff epoch 4/30: loss=4.929428e-01, lr=1.000e-03
diff epoch 5/30: loss=4.667794e-01, lr=1.000e-03
diff epoch 6/30: loss=4.605407e-01, lr=1.000e-03
diff epoch 7/30: loss=4.583084e-01, lr=1.000e-03
diff epoch 8/30: loss=4.575087e-01, lr=1.000e-03
diff epoch 9/30: loss=4.567466e-01, lr=1.000e-03
diff epoch 10/30: loss=4.564272e-01, lr=1.000e-03
diff epoch 11/30: loss=4.549173e-01, lr=1.000e-04
diff epoch 12/30: loss=4.549104e-01, lr=1.000e-04
diff epoch 13/30: loss=4.549845e-01, lr=1.000e-04
diff epoch 14/30: loss=4.549069e-01, lr=1.000e-04
diff epoch 15/30: loss=4.547597e-01, lr=1.000e-04
diff epoch 16/30: loss=4.546980e-01, lr=1.000e-04
diff epoch 17/30: loss=4.546214e-01, lr=1.000e-04
diff epoch 18/30: loss=4.547366e-01, lr=1.000e-04
diff epoch 19/30: loss=4.546787e-01, lr=1.000e-04
diff epoch 20/30: loss=4.548522e-01, lr=1.000e-04
diff epoch 21/30: loss=4.543918e-01, lr=1.000e-04
diff epoch 22/30: loss=4.543666e-01, lr=1.000e-04
diff epoch 23/30: loss=4.546041e-01, lr=1.000e-04
diff epoch 24/30: loss=4.545075e-01, lr=1.000e-04
diff epoch 25/30: loss=4.544159e-01, lr=1.000e-04
diff epoch 26/30: loss=4.544932e-01, lr=1.000e-04
diff epoch 27/30: loss=4.543468e-01, lr=1.000e-04
diff epoch 28/30: loss=4.543232e-01, lr=1.000e-04
diff epoch 29/30: loss=4.544575e-01, lr=1.000e-04
diff epoch 30/30: loss=4.543415e-01, lr=1.000e-04
[Rayleigh] diffusion training complete; starting evaluation
[Rayleigh] DDPM chunk 1/1: batch=1000000, sample=0.75s, total=0.75s, elapsed=0.75s, eta=0.00s
[Rayleigh] DDPM done: swd=0.007745, sample=0.75s, swd_eval=0.27s
[Rayleigh] DDIM-100 chunk 1/1: batch=1000000, sample=0.69s, total=0.69s, elapsed=0.69s, eta=0.00s
[Rayleigh] DDIM-100 done: swd=0.004337, sample=0.69s, swd_eval=0.32s
[Rayleigh] DDIM-50 chunk 1/1: batch=1000000, sample=0.23s, total=0.23s, elapsed=0.23s, eta=0.00s
[Rayleigh] DDIM-50 done: swd=0.006956, sample=0.23s, swd_eval=0.32s
[Rayleigh] DDIM-20 chunk 1/1: batch=1000000, sample=0.01s, total=0.01s, elapsed=0.01s, eta=0.00s
[Rayleigh] DDIM-20 done: swd=0.013865, sample=0.01s, swd_eval=0.26s
[Rayleigh] DDIM-10 chunk 1/1: batch=1000000, sample=0.01s, total=0.01s, elapsed=0.01s, eta=0.00s
[Rayleigh] DDIM-10 done: swd=0.026296, sample=0.01s, swd_eval=0.17s
gan epoch 1/30: g_loss=4.150814e+00, d_loss=1.204091e+00
gan epoch 2/30: g_loss=4.050033e+00, d_loss=1.190790e+00
gan epoch 3/30: g_loss=4.049480e+00, d_loss=1.190919e+00
gan epoch 4/30: g_loss=4.050315e+00, d_loss=1.188490e+00
gan epoch 5/30: g_loss=4.054966e+00, d_loss=1.186331e+00
gan epoch 6/30: g_loss=4.053796e+00, d_loss=1.185243e+00
gan epoch 7/30: g_loss=4.052343e+00, d_loss=1.185072e+00
gan epoch 8/30: g_loss=4.053980e+00, d_loss=1.184257e+00
gan epoch 9/30: g_loss=4.053791e+00, d_loss=1.184084e+00
gan epoch 10/30: g_loss=4.056613e+00, d_loss=1.184195e+00
gan epoch 11/30: g_loss=4.056334e+00, d_loss=1.184012e+00
gan epoch 12/30: g_loss=4.055091e+00, d_loss=1.183638e+00
gan epoch 13/30: g_loss=4.053860e+00, d_loss=1.184016e+00
gan epoch 14/30: g_loss=4.052939e+00, d_loss=1.183919e+00
gan epoch 15/30: g_loss=4.054545e+00, d_loss=1.183584e+00
gan epoch 16/30: g_loss=4.054802e+00, d_loss=1.183840e+00
gan epoch 17/30: g_loss=4.054040e+00, d_loss=1.183948e+00
gan epoch 18/30: g_loss=4.053230e+00, d_loss=1.183893e+00
gan epoch 19/30: g_loss=4.051204e+00, d_loss=1.184482e+00
gan epoch 20/30: g_loss=4.050999e+00, d_loss=1.183744e+00
gan epoch 21/30: g_loss=4.052221e+00, d_loss=1.184549e+00
gan epoch 22/30: g_loss=4.052978e+00, d_loss=1.184885e+00
gan epoch 23/30: g_loss=4.051699e+00, d_loss=1.184718e+00
gan epoch 24/30: g_loss=4.050641e+00, d_loss=1.184708e+00
gan epoch 25/30: g_loss=4.052419e+00, d_loss=1.184366e+00
gan epoch 26/30: g_loss=4.051434e+00, d_loss=1.184649e+00
gan epoch 27/30: g_loss=4.050219e+00, d_loss=1.184398e+00
gan epoch 28/30: g_loss=4.049409e+00, d_loss=1.184715e+00
gan epoch 29/30: g_loss=4.051822e+00, d_loss=1.184238e+00
gan epoch 30/30: g_loss=4.051607e+00, d_loss=1.183896e+00
epoch 1/160: loss=7.896670e-04, drift=7.632456e-02
epoch 2/160: loss=3.804027e-04, drift=5.286651e-02
epoch 3/160: loss=1.694483e-04, drift=3.541568e-02
epoch 4/160: loss=1.170729e-04, drift=2.966988e-02
epoch 5/160: loss=1.125177e-04, drift=2.911621e-02
epoch 6/160: loss=1.075545e-04, drift=2.845419e-02
epoch 7/160: loss=1.029047e-04, drift=2.781914e-02
epoch 8/160: loss=1.038835e-04, drift=2.793011e-02
epoch 9/160: loss=9.835036e-05, drift=2.717808e-02
epoch 10/160: loss=9.784463e-05, drift=2.711335e-02
epoch 11/160: loss=9.212648e-05, drift=2.634653e-02
epoch 12/160: loss=9.112040e-05, drift=2.615628e-02
epoch 13/160: loss=9.120540e-05, drift=2.618445e-02
epoch 14/160: loss=8.895380e-05, drift=2.586633e-02
epoch 15/160: loss=8.531725e-05, drift=2.532464e-02
epoch 16/160: loss=8.311366e-05, drift=2.500915e-02
epoch 17/160: loss=7.800635e-05, drift=2.421958e-02
epoch 18/160: loss=7.616734e-05, drift=2.390201e-02
epoch 19/160: loss=7.412668e-05, drift=2.359390e-02
epoch 20/160: loss=7.310441e-05, drift=2.341789e-02
epoch 21/160: loss=6.988278e-05, drift=2.290446e-02
epoch 22/160: loss=7.012459e-05, drift=2.287757e-02
epoch 23/160: loss=6.626508e-05, drift=2.232335e-02
epoch 24/160: loss=6.471881e-05, drift=2.201953e-02
epoch 25/160: loss=6.348470e-05, drift=2.184604e-02
epoch 26/160: loss=6.246896e-05, drift=2.168320e-02
epoch 27/160: loss=6.169295e-05, drift=2.153430e-02
epoch 28/160: loss=6.024779e-05, drift=2.129968e-02
epoch 29/160: loss=5.979092e-05, drift=2.118547e-02
epoch 30/160: loss=5.720962e-05, drift=2.076609e-02
epoch 31/160: loss=5.693846e-05, drift=2.069918e-02
epoch 32/160: loss=5.755376e-05, drift=2.079566e-02
epoch 33/160: loss=5.599703e-05, drift=2.052751e-02
epoch 34/160: loss=5.428662e-05, drift=2.019018e-02
epoch 35/160: loss=5.464926e-05, drift=2.027675e-02
epoch 36/160: loss=5.285517e-05, drift=1.994430e-02
epoch 37/160: loss=5.415918e-05, drift=2.016493e-02
epoch 38/160: loss=5.439125e-05, drift=2.020636e-02
epoch 39/160: loss=5.210432e-05, drift=1.979034e-02
epoch 40/160: loss=5.022660e-05, drift=1.939977e-02
epoch 41/160: loss=5.152437e-05, drift=1.967439e-02
epoch 42/160: loss=5.109670e-05, drift=1.960363e-02
epoch 43/160: loss=4.985126e-05, drift=1.935681e-02
epoch 44/160: loss=5.055129e-05, drift=1.947753e-02
epoch 45/160: loss=4.983492e-05, drift=1.933400e-02
epoch 46/160: loss=4.979561e-05, drift=1.932306e-02
epoch 47/160: loss=4.918402e-05, drift=1.921505e-02
epoch 48/160: loss=4.818755e-05, drift=1.900380e-02
epoch 49/160: loss=4.795400e-05, drift=1.900018e-02
epoch 50/160: loss=4.842260e-05, drift=1.909205e-02
epoch 51/160: loss=4.850839e-05, drift=1.911135e-02
epoch 52/160: loss=4.807650e-05, drift=1.900104e-02
epoch 53/160: loss=4.713125e-05, drift=1.883174e-02
epoch 54/160: loss=4.677771e-05, drift=1.873477e-02
epoch 55/160: loss=4.963674e-05, drift=1.930683e-02
epoch 56/160: loss=4.602968e-05, drift=1.859295e-02
epoch 57/160: loss=4.620097e-05, drift=1.863337e-02
epoch 58/160: loss=4.513007e-05, drift=1.841451e-02
epoch 59/160: loss=4.755158e-05, drift=1.890777e-02
epoch 60/160: loss=4.641666e-05, drift=1.869183e-02
epoch 61/160: loss=4.594338e-05, drift=1.857722e-02
epoch 62/160: loss=4.498543e-05, drift=1.837002e-02
epoch 63/160: loss=4.553771e-05, drift=1.850595e-02
epoch 64/160: loss=4.591056e-05, drift=1.859393e-02
epoch 65/160: loss=4.486235e-05, drift=1.836396e-02
epoch 66/160: loss=4.548593e-05, drift=1.849360e-02
epoch 67/160: loss=4.464770e-05, drift=1.830815e-02
epoch 68/160: loss=4.519918e-05, drift=1.841836e-02
epoch 69/160: loss=4.457597e-05, drift=1.831898e-02
epoch 70/160: loss=4.523642e-05, drift=1.843137e-02
epoch 71/160: loss=4.187861e-05, drift=1.773934e-02
epoch 72/160: loss=4.458826e-05, drift=1.829818e-02
epoch 73/160: loss=4.422900e-05, drift=1.820609e-02
epoch 74/160: loss=4.327870e-05, drift=1.804335e-02
epoch 75/160: loss=4.334923e-05, drift=1.805984e-02
epoch 76/160: loss=4.271891e-05, drift=1.791848e-02
epoch 77/160: loss=4.365015e-05, drift=1.813710e-02
epoch 78/160: loss=4.208108e-05, drift=1.779854e-02
epoch 79/160: loss=4.339176e-05, drift=1.805738e-02
epoch 80/160: loss=4.243497e-05, drift=1.785355e-02
epoch 81/160: loss=4.310298e-05, drift=1.799241e-02
epoch 82/160: loss=4.249700e-05, drift=1.787996e-02
epoch 83/160: loss=4.227382e-05, drift=1.782903e-02
epoch 84/160: loss=4.180947e-05, drift=1.774668e-02
epoch 85/160: loss=4.219628e-05, drift=1.779750e-02
epoch 86/160: loss=4.159882e-05, drift=1.768385e-02
epoch 87/160: loss=4.243539e-05, drift=1.786470e-02
epoch 88/160: loss=4.219413e-05, drift=1.781512e-02
epoch 89/160: loss=4.124861e-05, drift=1.761188e-02
epoch 90/160: loss=4.233750e-05, drift=1.785183e-02
epoch 91/160: loss=4.104980e-05, drift=1.754466e-02
epoch 92/160: loss=4.244064e-05, drift=1.785829e-02
epoch 93/160: loss=4.143980e-05, drift=1.765379e-02
epoch 94/160: loss=4.207191e-05, drift=1.778907e-02
epoch 95/160: loss=4.221173e-05, drift=1.781845e-02
epoch 96/160: loss=4.073563e-05, drift=1.750035e-02
epoch 97/160: loss=4.143232e-05, drift=1.764101e-02
epoch 98/160: loss=4.195799e-05, drift=1.772921e-02
epoch 99/160: loss=4.111529e-05, drift=1.757791e-02
epoch 100/160: loss=4.105008e-05, drift=1.757972e-02
epoch 101/160: loss=4.066856e-05, drift=1.750099e-02
epoch 102/160: loss=4.065358e-05, drift=1.746448e-02
epoch 103/160: loss=4.119155e-05, drift=1.758648e-02
epoch 104/160: loss=4.064113e-05, drift=1.747255e-02
epoch 105/160: loss=4.026147e-05, drift=1.738680e-02
epoch 106/160: loss=4.066130e-05, drift=1.748511e-02
epoch 107/160: loss=3.958919e-05, drift=1.725750e-02
epoch 108/160: loss=4.047223e-05, drift=1.746164e-02
epoch 109/160: loss=4.034040e-05, drift=1.740444e-02
epoch 110/160: loss=4.039713e-05, drift=1.743164e-02
epoch 111/160: loss=3.996834e-05, drift=1.733875e-02
epoch 112/160: loss=4.020081e-05, drift=1.737018e-02
epoch 113/160: loss=4.078537e-05, drift=1.752767e-02
epoch 114/160: loss=3.986178e-05, drift=1.726973e-02
epoch 115/160: loss=3.956304e-05, drift=1.725682e-02
epoch 116/160: loss=4.036988e-05, drift=1.742094e-02
epoch 117/160: loss=3.971601e-05, drift=1.725024e-02
epoch 118/160: loss=4.034235e-05, drift=1.742170e-02
epoch 119/160: loss=3.959361e-05, drift=1.724592e-02
epoch 120/160: loss=3.987947e-05, drift=1.732277e-02
epoch 121/160: loss=3.990084e-05, drift=1.730431e-02
epoch 122/160: loss=3.948764e-05, drift=1.721156e-02
epoch 123/160: loss=3.967912e-05, drift=1.726260e-02
epoch 124/160: loss=3.863269e-05, drift=1.704370e-02
epoch 125/160: loss=3.912729e-05, drift=1.714241e-02
epoch 126/160: loss=3.944896e-05, drift=1.723318e-02
epoch 127/160: loss=3.813529e-05, drift=1.692497e-02
epoch 128/160: loss=3.849392e-05, drift=1.703257e-02
epoch 129/160: loss=3.813374e-05, drift=1.692670e-02
epoch 130/160: loss=3.980160e-05, drift=1.731951e-02
epoch 131/160: loss=3.946731e-05, drift=1.722374e-02
epoch 132/160: loss=3.832621e-05, drift=1.697312e-02
epoch 133/160: loss=3.877957e-05, drift=1.706168e-02
epoch 134/160: loss=3.809734e-05, drift=1.689778e-02
epoch 135/160: loss=3.946839e-05, drift=1.722484e-02
epoch 136/160: loss=3.822624e-05, drift=1.694182e-02
epoch 137/160: loss=3.842093e-05, drift=1.697349e-02
epoch 138/160: loss=3.931714e-05, drift=1.718704e-02
epoch 139/160: loss=3.821504e-05, drift=1.696684e-02
epoch 140/160: loss=3.793535e-05, drift=1.688825e-02
epoch 141/160: loss=3.864566e-05, drift=1.703498e-02
epoch 142/160: loss=3.763249e-05, drift=1.683325e-02
epoch 143/160: loss=3.780463e-05, drift=1.685580e-02
epoch 144/160: loss=3.749961e-05, drift=1.678586e-02
epoch 145/160: loss=3.870310e-05, drift=1.707559e-02
epoch 146/160: loss=3.792510e-05, drift=1.687988e-02
epoch 147/160: loss=3.808453e-05, drift=1.693613e-02
epoch 148/160: loss=3.766785e-05, drift=1.682017e-02
epoch 149/160: loss=3.769970e-05, drift=1.684208e-02
epoch 150/160: loss=3.730185e-05, drift=1.674453e-02
epoch 151/160: loss=3.628564e-05, drift=1.650641e-02
epoch 152/160: loss=3.741337e-05, drift=1.677751e-02
epoch 153/160: loss=3.764123e-05, drift=1.682203e-02
epoch 154/160: loss=3.714947e-05, drift=1.671062e-02
epoch 155/160: loss=3.779500e-05, drift=1.683200e-02
epoch 156/160: loss=3.765504e-05, drift=1.683143e-02
epoch 157/160: loss=3.709923e-05, drift=1.670685e-02
epoch 158/160: loss=3.803828e-05, drift=1.692453e-02
epoch 159/160: loss=3.720484e-05, drift=1.671104e-02
epoch 160/160: loss=3.723455e-05, drift=1.675248e-02
diff epoch 1/160: loss=7.166025e-01, lr=1.000e-04
diff epoch 2/160: loss=5.369286e-01, lr=1.000e-04
diff epoch 3/160: loss=5.170253e-01, lr=1.000e-04
diff epoch 4/160: loss=5.110606e-01, lr=1.000e-04
diff epoch 5/160: loss=5.082571e-01, lr=1.000e-04
diff epoch 6/160: loss=5.045936e-01, lr=1.000e-04
diff epoch 7/160: loss=4.971890e-01, lr=1.000e-04
diff epoch 8/160: loss=4.784134e-01, lr=1.000e-04
diff epoch 9/160: loss=4.397846e-01, lr=1.000e-04
diff epoch 10/160: loss=3.836788e-01, lr=1.000e-04
diff epoch 11/160: loss=3.248132e-01, lr=1.000e-04
diff epoch 12/160: loss=2.847462e-01, lr=1.000e-04
diff epoch 13/160: loss=2.636232e-01, lr=1.000e-04
diff epoch 14/160: loss=2.524171e-01, lr=1.000e-04
diff epoch 15/160: loss=2.457073e-01, lr=1.000e-04
diff epoch 16/160: loss=2.407581e-01, lr=1.000e-04
diff epoch 17/160: loss=2.374221e-01, lr=1.000e-04
diff epoch 18/160: loss=2.345447e-01, lr=1.000e-04
diff epoch 19/160: loss=2.326602e-01, lr=1.000e-04
diff epoch 20/160: loss=2.310266e-01, lr=1.000e-04
diff epoch 21/160: loss=2.297052e-01, lr=1.000e-04
diff epoch 22/160: loss=2.285994e-01, lr=1.000e-04
diff epoch 23/160: loss=2.278309e-01, lr=1.000e-04
diff epoch 24/160: loss=2.270773e-01, lr=1.000e-04
diff epoch 25/160: loss=2.266663e-01, lr=1.000e-04
diff epoch 26/160: loss=2.263134e-01, lr=1.000e-04
diff epoch 27/160: loss=2.257915e-01, lr=1.000e-04
diff epoch 28/160: loss=2.253921e-01, lr=1.000e-04
diff epoch 29/160: loss=2.252134e-01, lr=1.000e-04
diff epoch 30/160: loss=2.248458e-01, lr=1.000e-04
diff epoch 31/160: loss=2.246020e-01, lr=1.000e-04
diff epoch 32/160: loss=2.243841e-01, lr=1.000e-04
diff epoch 33/160: loss=2.241472e-01, lr=1.000e-04
diff epoch 34/160: loss=2.241268e-01, lr=1.000e-04
diff epoch 35/160: loss=2.241011e-01, lr=1.000e-04
diff epoch 36/160: loss=2.237077e-01, lr=1.000e-04
diff epoch 37/160: loss=2.235937e-01, lr=1.000e-04
diff epoch 38/160: loss=2.235042e-01, lr=1.000e-04
diff epoch 39/160: loss=2.233570e-01, lr=1.000e-04
diff epoch 40/160: loss=2.231945e-01, lr=1.000e-04
diff epoch 41/160: loss=2.232191e-01, lr=1.000e-04
diff epoch 42/160: loss=2.229400e-01, lr=1.000e-04
diff epoch 43/160: loss=2.228739e-01, lr=1.000e-04
diff epoch 44/160: loss=2.228396e-01, lr=1.000e-04
diff epoch 45/160: loss=2.227908e-01, lr=1.000e-04
diff epoch 46/160: loss=2.227054e-01, lr=1.000e-04
diff epoch 47/160: loss=2.226644e-01, lr=1.000e-04
diff epoch 48/160: loss=2.225388e-01, lr=1.000e-04
diff epoch 49/160: loss=2.224556e-01, lr=1.000e-04
diff epoch 50/160: loss=2.224410e-01, lr=1.000e-04
diff epoch 51/160: loss=2.225227e-01, lr=1.000e-04
diff epoch 52/160: loss=2.223821e-01, lr=1.000e-04
diff epoch 53/160: loss=2.223101e-01, lr=1.000e-04
diff epoch 54/160: loss=2.222603e-01, lr=1.000e-04
diff epoch 55/160: loss=2.219557e-01, lr=1.000e-04
diff epoch 56/160: loss=2.221023e-01, lr=1.000e-04
diff epoch 57/160: loss=2.219783e-01, lr=1.000e-04
diff epoch 58/160: loss=2.221880e-01, lr=1.000e-04
diff epoch 59/160: loss=2.220498e-01, lr=1.000e-04
diff epoch 60/160: loss=2.219447e-01, lr=1.000e-04
diff epoch 61/160: loss=2.219738e-01, lr=1.000e-04
diff epoch 62/160: loss=2.219083e-01, lr=1.000e-04
diff epoch 63/160: loss=2.218437e-01, lr=1.000e-04
diff epoch 64/160: loss=2.219912e-01, lr=1.000e-04
diff epoch 65/160: loss=2.219168e-01, lr=1.000e-04
diff epoch 66/160: loss=2.217356e-01, lr=1.000e-04
diff epoch 67/160: loss=2.217890e-01, lr=1.000e-04
diff epoch 68/160: loss=2.215980e-01, lr=1.000e-04
diff epoch 69/160: loss=2.215837e-01, lr=1.000e-04
diff epoch 70/160: loss=2.216252e-01, lr=1.000e-04
diff epoch 71/160: loss=2.215344e-01, lr=1.000e-04
diff epoch 72/160: loss=2.216142e-01, lr=1.000e-04
diff epoch 73/160: loss=2.216631e-01, lr=1.000e-04
diff epoch 74/160: loss=2.214192e-01, lr=1.000e-04
diff epoch 75/160: loss=2.216212e-01, lr=1.000e-04
diff epoch 76/160: loss=2.215606e-01, lr=1.000e-04
diff epoch 77/160: loss=2.213108e-01, lr=1.000e-04
diff epoch 78/160: loss=2.214446e-01, lr=1.000e-04
diff epoch 79/160: loss=2.213853e-01, lr=1.000e-04
diff epoch 80/160: loss=2.214782e-01, lr=1.000e-04
diff epoch 81/160: loss=2.215196e-01, lr=1.000e-04
diff epoch 82/160: loss=2.212654e-01, lr=1.000e-04
diff epoch 83/160: loss=2.214755e-01, lr=1.000e-04
diff epoch 84/160: loss=2.213770e-01, lr=1.000e-04
diff epoch 85/160: loss=2.213988e-01, lr=1.000e-04
diff epoch 86/160: loss=2.212806e-01, lr=1.000e-04
diff epoch 87/160: loss=2.212422e-01, lr=1.000e-04
diff epoch 88/160: loss=2.213113e-01, lr=1.000e-04
diff epoch 89/160: loss=2.211841e-01, lr=1.000e-04
diff epoch 90/160: loss=2.212453e-01, lr=1.000e-04
diff epoch 91/160: loss=2.211158e-01, lr=1.000e-04
diff epoch 92/160: loss=2.213017e-01, lr=1.000e-04
diff epoch 93/160: loss=2.211860e-01, lr=1.000e-04
diff epoch 94/160: loss=2.212026e-01, lr=1.000e-04
diff epoch 95/160: loss=2.211531e-01, lr=1.000e-04
diff epoch 96/160: loss=2.209903e-01, lr=1.000e-04
diff epoch 97/160: loss=2.211386e-01, lr=1.000e-04
diff epoch 98/160: loss=2.210925e-01, lr=1.000e-04
diff epoch 99/160: loss=2.209751e-01, lr=1.000e-04
diff epoch 100/160: loss=2.210374e-01, lr=1.000e-04
diff epoch 101/160: loss=2.211434e-01, lr=1.000e-04
diff epoch 102/160: loss=2.210511e-01, lr=1.000e-04
diff epoch 103/160: loss=2.211152e-01, lr=1.000e-04
diff epoch 104/160: loss=2.210419e-01, lr=1.000e-04
diff epoch 105/160: loss=2.209492e-01, lr=1.000e-04
diff epoch 106/160: loss=2.210189e-01, lr=1.000e-04
diff epoch 107/160: loss=2.209365e-01, lr=1.000e-04
diff epoch 108/160: loss=2.210511e-01, lr=1.000e-04
diff epoch 109/160: loss=2.209544e-01, lr=1.000e-04
diff epoch 110/160: loss=2.209601e-01, lr=1.000e-04
diff epoch 111/160: loss=2.211989e-01, lr=1.000e-04
diff epoch 112/160: loss=2.209156e-01, lr=1.000e-04
diff epoch 113/160: loss=2.211433e-01, lr=1.000e-04
diff epoch 114/160: loss=2.210624e-01, lr=1.000e-04
diff epoch 115/160: loss=2.207389e-01, lr=1.000e-04
diff epoch 116/160: loss=2.208845e-01, lr=1.000e-04
diff epoch 117/160: loss=2.208771e-01, lr=1.000e-04
diff epoch 118/160: loss=2.209973e-01, lr=1.000e-04
diff epoch 119/160: loss=2.207383e-01, lr=1.000e-04
diff epoch 120/160: loss=2.209159e-01, lr=1.000e-04
diff epoch 121/160: loss=2.208736e-01, lr=1.000e-04
diff epoch 122/160: loss=2.209424e-01, lr=1.000e-04
diff epoch 123/160: loss=2.209930e-01, lr=1.000e-04
diff epoch 124/160: loss=2.208991e-01, lr=1.000e-04
diff epoch 125/160: loss=2.208423e-01, lr=1.000e-04
diff epoch 126/160: loss=2.207117e-01, lr=1.000e-04
diff epoch 127/160: loss=2.207781e-01, lr=1.000e-04
diff epoch 128/160: loss=2.208517e-01, lr=1.000e-04
diff epoch 129/160: loss=2.208520e-01, lr=1.000e-04
diff epoch 130/160: loss=2.209728e-01, lr=1.000e-04
diff epoch 131/160: loss=2.209209e-01, lr=1.000e-04
diff epoch 132/160: loss=2.205763e-01, lr=1.000e-04
diff epoch 133/160: loss=2.209133e-01, lr=1.000e-04
diff epoch 134/160: loss=2.207826e-01, lr=1.000e-04
diff epoch 135/160: loss=2.208719e-01, lr=1.000e-04
diff epoch 136/160: loss=2.207358e-01, lr=1.000e-04
diff epoch 137/160: loss=2.206420e-01, lr=1.000e-04
diff epoch 138/160: loss=2.207855e-01, lr=1.000e-04
diff epoch 139/160: loss=2.206421e-01, lr=1.000e-04
diff epoch 140/160: loss=2.206774e-01, lr=1.000e-04
diff epoch 141/160: loss=2.206655e-01, lr=1.000e-04
diff epoch 142/160: loss=2.207941e-01, lr=1.000e-04
diff epoch 143/160: loss=2.208143e-01, lr=1.000e-04
diff epoch 144/160: loss=2.207572e-01, lr=1.000e-04
diff epoch 145/160: loss=2.206146e-01, lr=1.000e-04
diff epoch 146/160: loss=2.206131e-01, lr=1.000e-04
diff epoch 147/160: loss=2.206730e-01, lr=1.000e-04
diff epoch 148/160: loss=2.207791e-01, lr=1.000e-04
diff epoch 149/160: loss=2.207389e-01, lr=1.000e-04
diff epoch 150/160: loss=2.204670e-01, lr=1.000e-04
diff epoch 151/160: loss=2.208000e-01, lr=1.000e-04
diff epoch 152/160: loss=2.208944e-01, lr=1.000e-04
diff epoch 153/160: loss=2.206289e-01, lr=1.000e-04
diff epoch 154/160: loss=2.206806e-01, lr=1.000e-04
diff epoch 155/160: loss=2.206419e-01, lr=1.000e-04
diff epoch 156/160: loss=2.206705e-01, lr=1.000e-04
diff epoch 157/160: loss=2.207672e-01, lr=1.000e-04
diff epoch 158/160: loss=2.208095e-01, lr=1.000e-04
diff epoch 159/160: loss=2.206571e-01, lr=1.000e-04
diff epoch 160/160: loss=2.205034e-01, lr=1.000e-04
[SSPA] diffusion training complete; starting evaluation
[SSPA] DDPM chunk 1/1: batch=1000000, sample=0.66s, total=0.66s, elapsed=0.66s, eta=0.00s
[SSPA] DDPM done: swd=0.003433, sample=0.66s, swd_eval=0.25s
[SSPA] DDIM-100 chunk 1/1: batch=1000000, sample=0.60s, total=0.60s, elapsed=0.60s, eta=0.00s
[SSPA] DDIM-100 done: swd=0.002356, sample=0.60s, swd_eval=0.28s
[SSPA] DDIM-50 chunk 1/1: batch=1000000, sample=0.20s, total=0.20s, elapsed=0.20s, eta=0.00s
[SSPA] DDIM-50 done: swd=0.002798, sample=0.20s, swd_eval=0.28s
[SSPA] DDIM-20 chunk 1/1: batch=1000000, sample=0.01s, total=0.01s, elapsed=0.01s, eta=0.00s
[SSPA] DDIM-20 done: swd=0.005639, sample=0.01s, swd_eval=0.24s
[SSPA] DDIM-10 chunk 1/1: batch=1000000, sample=0.00s, total=0.01s, elapsed=0.01s, eta=0.00s
[SSPA] DDIM-10 done: swd=0.009490, sample=0.00s, swd_eval=0.16s
gan epoch 1/160: g_loss=4.233494e+00, d_loss=1.161694e+00
gan epoch 2/160: g_loss=2.893512e+00, d_loss=1.262943e+00
gan epoch 3/160: g_loss=2.629584e+00, d_loss=1.280835e+00
gan epoch 4/160: g_loss=2.633944e+00, d_loss=1.258199e+00
gan epoch 5/160: g_loss=2.663054e+00, d_loss=1.254172e+00
gan epoch 6/160: g_loss=2.679652e+00, d_loss=1.261518e+00
gan epoch 7/160: g_loss=2.684706e+00, d_loss=1.271775e+00
gan epoch 8/160: g_loss=2.686355e+00, d_loss=1.277441e+00
gan epoch 9/160: g_loss=2.686767e+00, d_loss=1.282135e+00
gan epoch 10/160: g_loss=2.687606e+00, d_loss=1.285110e+00
gan epoch 11/160: g_loss=2.688967e+00, d_loss=1.284335e+00
gan epoch 12/160: g_loss=2.693162e+00, d_loss=1.277411e+00
gan epoch 13/160: g_loss=2.702431e+00, d_loss=1.280362e+00
gan epoch 14/160: g_loss=2.707737e+00, d_loss=1.284639e+00
gan epoch 15/160: g_loss=2.709763e+00, d_loss=1.285645e+00
gan epoch 16/160: g_loss=2.711093e+00, d_loss=1.286504e+00
gan epoch 17/160: g_loss=2.712832e+00, d_loss=1.287327e+00
gan epoch 18/160: g_loss=2.711136e+00, d_loss=1.287602e+00
gan epoch 19/160: g_loss=2.710574e+00, d_loss=1.287481e+00
gan epoch 20/160: g_loss=2.710753e+00, d_loss=1.287538e+00
gan epoch 21/160: g_loss=2.711202e+00, d_loss=1.287702e+00
gan epoch 22/160: g_loss=2.711372e+00, d_loss=1.287428e+00
gan epoch 23/160: g_loss=2.709911e+00, d_loss=1.287336e+00
gan epoch 24/160: g_loss=2.709200e+00, d_loss=1.286800e+00
gan epoch 25/160: g_loss=2.709654e+00, d_loss=1.286315e+00
gan epoch 26/160: g_loss=2.710158e+00, d_loss=1.285941e+00
gan epoch 27/160: g_loss=2.709224e+00, d_loss=1.285159e+00
gan epoch 28/160: g_loss=2.709607e+00, d_loss=1.284789e+00
gan epoch 29/160: g_loss=2.708752e+00, d_loss=1.284001e+00
gan epoch 30/160: g_loss=2.708036e+00, d_loss=1.283352e+00
gan epoch 31/160: g_loss=2.709810e+00, d_loss=1.282747e+00
gan epoch 32/160: g_loss=2.709007e+00, d_loss=1.282033e+00
gan epoch 33/160: g_loss=2.709369e+00, d_loss=1.281208e+00
gan epoch 34/160: g_loss=2.708874e+00, d_loss=1.280686e+00
gan epoch 35/160: g_loss=2.707882e+00, d_loss=1.280212e+00
gan epoch 36/160: g_loss=2.709000e+00, d_loss=1.279658e+00
gan epoch 37/160: g_loss=2.708863e+00, d_loss=1.279338e+00
gan epoch 38/160: g_loss=2.710009e+00, d_loss=1.279094e+00
gan epoch 39/160: g_loss=2.709003e+00, d_loss=1.278782e+00
gan epoch 40/160: g_loss=2.708624e+00, d_loss=1.278767e+00
gan epoch 41/160: g_loss=2.708103e+00, d_loss=1.278332e+00
gan epoch 42/160: g_loss=2.708762e+00, d_loss=1.278217e+00
gan epoch 43/160: g_loss=2.707407e+00, d_loss=1.278098e+00
gan epoch 44/160: g_loss=2.708146e+00, d_loss=1.277905e+00
gan epoch 45/160: g_loss=2.707658e+00, d_loss=1.277804e+00
gan epoch 46/160: g_loss=2.708529e+00, d_loss=1.277992e+00
gan epoch 47/160: g_loss=2.707713e+00, d_loss=1.277793e+00
gan epoch 48/160: g_loss=2.707043e+00, d_loss=1.277837e+00
gan epoch 49/160: g_loss=2.707320e+00, d_loss=1.277953e+00
gan epoch 50/160: g_loss=2.706741e+00, d_loss=1.277875e+00
gan epoch 51/160: g_loss=2.709059e+00, d_loss=1.277983e+00
gan epoch 52/160: g_loss=2.706661e+00, d_loss=1.277869e+00
gan epoch 53/160: g_loss=2.706767e+00, d_loss=1.278077e+00
gan epoch 54/160: g_loss=2.707247e+00, d_loss=1.277825e+00
gan epoch 55/160: g_loss=2.706516e+00, d_loss=1.277737e+00
gan epoch 56/160: g_loss=2.706651e+00, d_loss=1.277906e+00
gan epoch 57/160: g_loss=2.706657e+00, d_loss=1.278227e+00
gan epoch 58/160: g_loss=2.706320e+00, d_loss=1.278182e+00
gan epoch 59/160: g_loss=2.706690e+00, d_loss=1.277995e+00
gan epoch 60/160: g_loss=2.706696e+00, d_loss=1.278116e+00
gan epoch 61/160: g_loss=2.706443e+00, d_loss=1.278165e+00
gan epoch 62/160: g_loss=2.705358e+00, d_loss=1.278493e+00
gan epoch 63/160: g_loss=2.707086e+00, d_loss=1.278129e+00
gan epoch 64/160: g_loss=2.706517e+00, d_loss=1.278217e+00
gan epoch 65/160: g_loss=2.707361e+00, d_loss=1.278247e+00
gan epoch 66/160: g_loss=2.706641e+00, d_loss=1.278290e+00
gan epoch 67/160: g_loss=2.705838e+00, d_loss=1.278335e+00
gan epoch 68/160: g_loss=2.705821e+00, d_loss=1.278291e+00
gan epoch 69/160: g_loss=2.705637e+00, d_loss=1.278511e+00
gan epoch 70/160: g_loss=2.705237e+00, d_loss=1.278362e+00
gan epoch 71/160: g_loss=2.705120e+00, d_loss=1.278460e+00
gan epoch 72/160: g_loss=2.705312e+00, d_loss=1.278507e+00
gan epoch 73/160: g_loss=2.705751e+00, d_loss=1.278207e+00
gan epoch 74/160: g_loss=2.705220e+00, d_loss=1.278774e+00
gan epoch 75/160: g_loss=2.704601e+00, d_loss=1.278911e+00
gan epoch 76/160: g_loss=2.704972e+00, d_loss=1.278567e+00
gan epoch 77/160: g_loss=2.704755e+00, d_loss=1.278728e+00
gan epoch 78/160: g_loss=2.705777e+00, d_loss=1.278451e+00
gan epoch 79/160: g_loss=2.705111e+00, d_loss=1.278615e+00
gan epoch 80/160: g_loss=2.705025e+00, d_loss=1.278523e+00
gan epoch 81/160: g_loss=2.705031e+00, d_loss=1.278637e+00
gan epoch 82/160: g_loss=2.704183e+00, d_loss=1.278636e+00
gan epoch 83/160: g_loss=2.705079e+00, d_loss=1.278902e+00
gan epoch 84/160: g_loss=2.704103e+00, d_loss=1.278803e+00
gan epoch 85/160: g_loss=2.704312e+00, d_loss=1.278951e+00
gan epoch 86/160: g_loss=2.704330e+00, d_loss=1.278760e+00
gan epoch 87/160: g_loss=2.704140e+00, d_loss=1.278891e+00
gan epoch 88/160: g_loss=2.704376e+00, d_loss=1.278920e+00
gan epoch 89/160: g_loss=2.704489e+00, d_loss=1.278759e+00
gan epoch 90/160: g_loss=2.703503e+00, d_loss=1.279055e+00
gan epoch 91/160: g_loss=2.703376e+00, d_loss=1.278878e+00
gan epoch 92/160: g_loss=2.703600e+00, d_loss=1.279090e+00
gan epoch 93/160: g_loss=2.704330e+00, d_loss=1.279204e+00
gan epoch 94/160: g_loss=2.704399e+00, d_loss=1.279153e+00
gan epoch 95/160: g_loss=2.702929e+00, d_loss=1.279265e+00
gan epoch 96/160: g_loss=2.702868e+00, d_loss=1.279200e+00
gan epoch 97/160: g_loss=2.702514e+00, d_loss=1.279094e+00
gan epoch 98/160: g_loss=2.704869e+00, d_loss=1.279257e+00
gan epoch 99/160: g_loss=2.702577e+00, d_loss=1.279330e+00
gan epoch 100/160: g_loss=2.702812e+00, d_loss=1.279282e+00
gan epoch 101/160: g_loss=2.704261e+00, d_loss=1.279281e+00
gan epoch 102/160: g_loss=2.703323e+00, d_loss=1.279293e+00
gan epoch 103/160: g_loss=2.703124e+00, d_loss=1.279523e+00
gan epoch 104/160: g_loss=2.703554e+00, d_loss=1.279470e+00
gan epoch 105/160: g_loss=2.702345e+00, d_loss=1.279479e+00
gan epoch 106/160: g_loss=2.703722e+00, d_loss=1.279367e+00
gan epoch 107/160: g_loss=2.703121e+00, d_loss=1.279503e+00
gan epoch 108/160: g_loss=2.702840e+00, d_loss=1.279446e+00
gan epoch 109/160: g_loss=2.703041e+00, d_loss=1.279590e+00
gan epoch 110/160: g_loss=2.703081e+00, d_loss=1.279807e+00
gan epoch 111/160: g_loss=2.702561e+00, d_loss=1.279686e+00
gan epoch 112/160: g_loss=2.701371e+00, d_loss=1.279909e+00
gan epoch 113/160: g_loss=2.702252e+00, d_loss=1.279864e+00
gan epoch 114/160: g_loss=2.703123e+00, d_loss=1.279834e+00
gan epoch 115/160: g_loss=2.702707e+00, d_loss=1.280042e+00
gan epoch 116/160: g_loss=2.702041e+00, d_loss=1.279917e+00
gan epoch 117/160: g_loss=2.702277e+00, d_loss=1.279833e+00
gan epoch 118/160: g_loss=2.701888e+00, d_loss=1.279678e+00
gan epoch 119/160: g_loss=2.701477e+00, d_loss=1.280074e+00
gan epoch 120/160: g_loss=2.702717e+00, d_loss=1.279869e+00
gan epoch 121/160: g_loss=2.701879e+00, d_loss=1.279976e+00
gan epoch 122/160: g_loss=2.701460e+00, d_loss=1.280025e+00
gan epoch 123/160: g_loss=2.701254e+00, d_loss=1.279929e+00
gan epoch 124/160: g_loss=2.702002e+00, d_loss=1.279731e+00
gan epoch 125/160: g_loss=2.700883e+00, d_loss=1.280024e+00
gan epoch 126/160: g_loss=2.702664e+00, d_loss=1.279948e+00
gan epoch 127/160: g_loss=2.702342e+00, d_loss=1.280062e+00
gan epoch 128/160: g_loss=2.701476e+00, d_loss=1.280069e+00
gan epoch 129/160: g_loss=2.702323e+00, d_loss=1.279843e+00
gan epoch 130/160: g_loss=2.700954e+00, d_loss=1.279995e+00
gan epoch 131/160: g_loss=2.701585e+00, d_loss=1.280136e+00
gan epoch 132/160: g_loss=2.701888e+00, d_loss=1.280075e+00
gan epoch 133/160: g_loss=2.702285e+00, d_loss=1.279988e+00
gan epoch 134/160: g_loss=2.702842e+00, d_loss=1.279936e+00
gan epoch 135/160: g_loss=2.700683e+00, d_loss=1.280086e+00
gan epoch 136/160: g_loss=2.701855e+00, d_loss=1.280223e+00
gan epoch 137/160: g_loss=2.701806e+00, d_loss=1.280041e+00
gan epoch 138/160: g_loss=2.701698e+00, d_loss=1.280137e+00
gan epoch 139/160: g_loss=2.700656e+00, d_loss=1.280108e+00
gan epoch 140/160: g_loss=2.701617e+00, d_loss=1.280057e+00
gan epoch 141/160: g_loss=2.701121e+00, d_loss=1.280328e+00
gan epoch 142/160: g_loss=2.701261e+00, d_loss=1.280202e+00
gan epoch 143/160: g_loss=2.701620e+00, d_loss=1.280255e+00
gan epoch 144/160: g_loss=2.702048e+00, d_loss=1.280282e+00
gan epoch 145/160: g_loss=2.701844e+00, d_loss=1.280182e+00
gan epoch 146/160: g_loss=2.701419e+00, d_loss=1.280165e+00
gan epoch 147/160: g_loss=2.701844e+00, d_loss=1.279931e+00
gan epoch 148/160: g_loss=2.700200e+00, d_loss=1.280156e+00
gan epoch 149/160: g_loss=2.701377e+00, d_loss=1.279608e+00
gan epoch 150/160: g_loss=2.700555e+00, d_loss=1.279804e+00
gan epoch 151/160: g_loss=2.701250e+00, d_loss=1.279844e+00
gan epoch 152/160: g_loss=2.700981e+00, d_loss=1.279778e+00
gan epoch 153/160: g_loss=2.700579e+00, d_loss=1.279652e+00
gan epoch 154/160: g_loss=2.700754e+00, d_loss=1.279782e+00
gan epoch 155/160: g_loss=2.701704e+00, d_loss=1.279705e+00
gan epoch 156/160: g_loss=2.700329e+00, d_loss=1.279782e+00
gan epoch 157/160: g_loss=2.701111e+00, d_loss=1.279583e+00
gan epoch 158/160: g_loss=2.700344e+00, d_loss=1.279565e+00
gan epoch 159/160: g_loss=2.700909e+00, d_loss=1.279754e+00
gan epoch 160/160: g_loss=2.701414e+00, d_loss=1.279547e+00
[benchmark] matplotlib not available; skipping plot generation
{
  "output_json": "/home/rifr807e/repos/conditional_drifting_models/results_hpc/20260318_135508/paper2309_benchmark_seed15/paper2309_benchmark_summary.json",
  "output_dir": "/home/rifr807e/repos/conditional_drifting_models/results_hpc/20260318_135508/paper2309_benchmark_seed15",
  "channels": [
    "AWGN",
    "Rayleigh",
    "SSPA"
  ]
}

[seed-runner] exit_code: 0
[seed-runner] elapsed_seconds: 16005.339
