[seed-runner] start 2026-03-18T18:18:07Z
[seed-runner] label: optfib
[seed-runner] cwd: /home/h3/rifr807e/repos/conditional_drifting_models
[seed-runner] command: /software/genoa/r24.04/Python/3.11.3-GCCcore-12.3.0/bin/python -u scripts/compare_optional_baselines.py --device cuda --seed 7 --channel OptFib --dataset-size 120000 --epochs 60 --batch-size 512 --eval-size 100000 --num-steps 100 --ddim-steps 100 --out-dir /home/rifr807e/repos/conditional_drifting_models/results_hpc/20260318_135508/optfib_seed7

epoch 1/60: loss=6.246221e-03, drift=9.698591e-02
epoch 2/60: loss=5.552902e-03, drift=9.059016e-02
epoch 3/60: loss=5.563853e-03, drift=8.916436e-02
epoch 4/60: loss=5.057438e-03, drift=8.096683e-02
epoch 5/60: loss=5.594283e-03, drift=8.555411e-02
epoch 6/60: loss=4.746439e-03, drift=7.699208e-02
epoch 7/60: loss=4.934670e-03, drift=7.797431e-02
epoch 8/60: loss=4.853178e-03, drift=7.716196e-02
epoch 9/60: loss=4.663238e-03, drift=7.630312e-02
epoch 10/60: loss=4.246827e-03, drift=7.250570e-02
epoch 11/60: loss=3.956582e-03, drift=6.921618e-02
epoch 12/60: loss=3.768681e-03, drift=6.819082e-02
epoch 13/60: loss=3.845886e-03, drift=6.580943e-02
epoch 14/60: loss=3.523446e-03, drift=6.436619e-02
epoch 15/60: loss=3.704010e-03, drift=6.608540e-02
epoch 16/60: loss=3.638883e-03, drift=6.499042e-02
epoch 17/60: loss=3.386653e-03, drift=6.371255e-02
epoch 18/60: loss=3.774678e-03, drift=6.643631e-02
epoch 19/60: loss=3.671465e-03, drift=6.445919e-02
epoch 20/60: loss=3.402845e-03, drift=6.360657e-02
epoch 21/60: loss=3.230756e-03, drift=6.179772e-02
epoch 22/60: loss=3.431941e-03, drift=6.340202e-02
epoch 23/60: loss=3.735838e-03, drift=6.750832e-02
epoch 24/60: loss=3.329109e-03, drift=6.313840e-02
epoch 25/60: loss=3.498715e-03, drift=6.457440e-02
epoch 26/60: loss=3.353184e-03, drift=6.319327e-02
epoch 27/60: loss=3.553071e-03, drift=6.556171e-02
epoch 28/60: loss=3.379021e-03, drift=6.340272e-02
epoch 29/60: loss=3.449892e-03, drift=6.455447e-02
epoch 30/60: loss=3.412802e-03, drift=6.353623e-02
epoch 31/60: loss=3.207596e-03, drift=6.214065e-02
epoch 32/60: loss=3.307158e-03, drift=6.312583e-02
epoch 33/60: loss=3.415895e-03, drift=6.401123e-02
epoch 34/60: loss=3.115709e-03, drift=6.124727e-02
epoch 35/60: loss=3.442188e-03, drift=6.565815e-02
epoch 36/60: loss=3.355751e-03, drift=6.465777e-02
epoch 37/60: loss=3.464334e-03, drift=6.361497e-02
epoch 38/60: loss=3.225451e-03, drift=6.291566e-02
epoch 39/60: loss=3.590213e-03, drift=6.576817e-02
epoch 40/60: loss=3.277857e-03, drift=6.304860e-02
epoch 41/60: loss=3.019542e-03, drift=6.132896e-02
epoch 42/60: loss=3.477559e-03, drift=6.452299e-02
epoch 43/60: loss=3.477320e-03, drift=6.492752e-02
epoch 44/60: loss=3.479123e-03, drift=6.556417e-02
epoch 45/60: loss=3.401019e-03, drift=6.473288e-02
epoch 46/60: loss=3.195786e-03, drift=6.310715e-02
epoch 47/60: loss=3.259875e-03, drift=6.434905e-02
epoch 48/60: loss=3.147513e-03, drift=6.143519e-02
epoch 49/60: loss=3.324878e-03, drift=6.388685e-02
epoch 50/60: loss=3.228121e-03, drift=6.240098e-02
epoch 51/60: loss=3.301946e-03, drift=6.365062e-02
epoch 52/60: loss=3.080725e-03, drift=6.134751e-02
epoch 53/60: loss=3.198756e-03, drift=6.133964e-02
epoch 54/60: loss=3.354712e-03, drift=6.413521e-02
epoch 55/60: loss=3.385446e-03, drift=6.406050e-02
epoch 56/60: loss=3.355058e-03, drift=6.299783e-02
epoch 57/60: loss=3.321206e-03, drift=6.274136e-02
epoch 58/60: loss=3.282764e-03, drift=6.274475e-02
epoch 59/60: loss=3.464570e-03, drift=6.526377e-02
epoch 60/60: loss=3.152850e-03, drift=6.189965e-02
diff epoch 1/60: loss=6.580271e-01, lr=1.000e-03
diff epoch 2/60: loss=5.104208e-01, lr=1.000e-03
diff epoch 3/60: loss=5.006204e-01, lr=1.000e-03
diff epoch 4/60: loss=4.989344e-01, lr=1.000e-03
diff epoch 5/60: loss=4.925893e-01, lr=1.000e-03
diff epoch 6/60: loss=4.927869e-01, lr=1.000e-03
diff epoch 7/60: loss=4.888812e-01, lr=1.000e-03
diff epoch 8/60: loss=4.914968e-01, lr=1.000e-03
diff epoch 9/60: loss=4.916593e-01, lr=1.000e-03
diff epoch 10/60: loss=4.787498e-01, lr=1.000e-03
diff epoch 11/60: loss=4.745854e-01, lr=1.000e-03
diff epoch 12/60: loss=4.625190e-01, lr=1.000e-03
diff epoch 13/60: loss=4.541110e-01, lr=1.000e-03
diff epoch 14/60: loss=4.402192e-01, lr=1.000e-03
diff epoch 15/60: loss=4.379100e-01, lr=1.000e-03
diff epoch 16/60: loss=4.282078e-01, lr=1.000e-03
diff epoch 17/60: loss=4.244821e-01, lr=1.000e-03
diff epoch 18/60: loss=4.183222e-01, lr=1.000e-03
diff epoch 19/60: loss=4.100011e-01, lr=1.000e-03
diff epoch 20/60: loss=4.022848e-01, lr=1.000e-03
diff epoch 21/60: loss=3.934912e-01, lr=1.000e-03
diff epoch 22/60: loss=3.849268e-01, lr=1.000e-03
diff epoch 23/60: loss=3.771508e-01, lr=1.000e-03
diff epoch 24/60: loss=3.715019e-01, lr=1.000e-03
diff epoch 25/60: loss=3.676962e-01, lr=1.000e-03
diff epoch 26/60: loss=3.645761e-01, lr=1.000e-03
diff epoch 27/60: loss=3.616645e-01, lr=1.000e-03
diff epoch 28/60: loss=3.605997e-01, lr=1.000e-03
diff epoch 29/60: loss=3.621007e-01, lr=1.000e-03
diff epoch 30/60: loss=3.564266e-01, lr=1.000e-03
diff epoch 31/60: loss=3.532617e-01, lr=1.000e-03
diff epoch 32/60: loss=3.513582e-01, lr=1.000e-03
diff epoch 33/60: loss=3.506347e-01, lr=1.000e-03
diff epoch 34/60: loss=3.502756e-01, lr=1.000e-03
diff epoch 35/60: loss=3.503289e-01, lr=1.000e-03
diff epoch 36/60: loss=3.492404e-01, lr=1.000e-03
diff epoch 37/60: loss=3.463981e-01, lr=1.000e-03
diff epoch 38/60: loss=3.444243e-01, lr=1.000e-03
diff epoch 39/60: loss=3.422098e-01, lr=1.000e-03
diff epoch 40/60: loss=3.448693e-01, lr=1.000e-03
diff epoch 41/60: loss=3.434140e-01, lr=1.000e-03
diff epoch 42/60: loss=3.414613e-01, lr=1.000e-03
diff epoch 43/60: loss=3.405036e-01, lr=1.000e-03
diff epoch 44/60: loss=3.395649e-01, lr=1.000e-03
diff epoch 45/60: loss=3.371601e-01, lr=1.000e-03
diff epoch 46/60: loss=3.387325e-01, lr=1.000e-03
diff epoch 47/60: loss=3.363638e-01, lr=1.000e-03
diff epoch 48/60: loss=3.372488e-01, lr=1.000e-03
diff epoch 49/60: loss=3.349138e-01, lr=1.000e-03
diff epoch 50/60: loss=3.337718e-01, lr=1.000e-03
diff epoch 51/60: loss=3.352317e-01, lr=1.000e-03
diff epoch 52/60: loss=3.327461e-01, lr=1.000e-03
diff epoch 53/60: loss=3.351628e-01, lr=1.000e-03
diff epoch 54/60: loss=3.348937e-01, lr=1.000e-03
diff epoch 55/60: loss=3.367413e-01, lr=1.000e-03
diff epoch 56/60: loss=3.345767e-01, lr=1.000e-03
diff epoch 57/60: loss=3.317202e-01, lr=1.000e-03
diff epoch 58/60: loss=3.314188e-01, lr=1.000e-03
diff epoch 59/60: loss=3.311502e-01, lr=1.000e-03
diff epoch 60/60: loss=3.291549e-01, lr=1.000e-03
gan epoch 1/60: g_loss=3.856785e+00, d_loss=1.131752e+00
gan epoch 2/60: g_loss=3.443002e+00, d_loss=1.069978e+00
gan epoch 3/60: g_loss=3.302488e+00, d_loss=1.062449e+00
gan epoch 4/60: g_loss=3.257145e+00, d_loss=1.061008e+00
gan epoch 5/60: g_loss=3.273566e+00, d_loss=1.035694e+00
gan epoch 6/60: g_loss=3.307737e+00, d_loss=1.007868e+00
gan epoch 7/60: g_loss=3.337252e+00, d_loss=9.878978e-01
gan epoch 8/60: g_loss=3.350523e+00, d_loss=9.722352e-01
gan epoch 9/60: g_loss=3.345686e+00, d_loss=9.582021e-01
gan epoch 10/60: g_loss=3.370909e+00, d_loss=9.439324e-01
gan epoch 11/60: g_loss=3.369545e+00, d_loss=9.326900e-01
gan epoch 12/60: g_loss=3.352946e+00, d_loss=9.221303e-01
gan epoch 13/60: g_loss=3.370666e+00, d_loss=9.110995e-01
gan epoch 14/60: g_loss=3.357023e+00, d_loss=9.011244e-01
gan epoch 15/60: g_loss=3.349906e+00, d_loss=8.933113e-01
gan epoch 16/60: g_loss=3.343791e+00, d_loss=8.885653e-01
gan epoch 17/60: g_loss=3.327844e+00, d_loss=8.832846e-01
gan epoch 18/60: g_loss=3.318277e+00, d_loss=8.771360e-01
gan epoch 19/60: g_loss=3.280950e+00, d_loss=8.735547e-01
gan epoch 20/60: g_loss=3.292709e+00, d_loss=8.718502e-01
gan epoch 21/60: g_loss=3.306116e+00, d_loss=8.696674e-01
gan epoch 22/60: g_loss=3.294139e+00, d_loss=8.669322e-01
gan epoch 23/60: g_loss=3.286076e+00, d_loss=8.678702e-01
gan epoch 24/60: g_loss=3.272785e+00, d_loss=8.658512e-01
gan epoch 25/60: g_loss=3.281630e+00, d_loss=8.660762e-01
gan epoch 26/60: g_loss=3.294775e+00, d_loss=8.646622e-01
gan epoch 27/60: g_loss=3.281185e+00, d_loss=8.635449e-01
gan epoch 28/60: g_loss=3.284233e+00, d_loss=8.641227e-01
gan epoch 29/60: g_loss=3.295383e+00, d_loss=8.630186e-01
gan epoch 30/60: g_loss=3.303210e+00, d_loss=8.626459e-01
gan epoch 31/60: g_loss=3.284002e+00, d_loss=8.636212e-01
gan epoch 32/60: g_loss=3.285676e+00, d_loss=8.606439e-01
gan epoch 33/60: g_loss=3.279117e+00, d_loss=8.608987e-01
gan epoch 34/60: g_loss=3.284933e+00, d_loss=8.606293e-01
gan epoch 35/60: g_loss=3.270732e+00, d_loss=8.610649e-01
gan epoch 36/60: g_loss=3.283111e+00, d_loss=8.611420e-01
gan epoch 37/60: g_loss=3.279966e+00, d_loss=8.598430e-01
gan epoch 38/60: g_loss=3.287852e+00, d_loss=8.608813e-01
gan epoch 39/60: g_loss=3.291238e+00, d_loss=8.598472e-01
gan epoch 40/60: g_loss=3.274743e+00, d_loss=8.596576e-01
gan epoch 41/60: g_loss=3.296171e+00, d_loss=8.579658e-01
gan epoch 42/60: g_loss=3.272416e+00, d_loss=8.579986e-01
gan epoch 43/60: g_loss=3.284892e+00, d_loss=8.579910e-01
gan epoch 44/60: g_loss=3.278591e+00, d_loss=8.578354e-01
gan epoch 45/60: g_loss=3.277517e+00, d_loss=8.595726e-01
gan epoch 46/60: g_loss=3.279733e+00, d_loss=8.578214e-01
gan epoch 47/60: g_loss=3.283450e+00, d_loss=8.580527e-01
gan epoch 48/60: g_loss=3.266992e+00, d_loss=8.583098e-01
gan epoch 49/60: g_loss=3.271261e+00, d_loss=8.577604e-01
gan epoch 50/60: g_loss=3.276245e+00, d_loss=8.573838e-01
gan epoch 51/60: g_loss=3.267102e+00, d_loss=8.568579e-01
gan epoch 52/60: g_loss=3.281471e+00, d_loss=8.565321e-01
gan epoch 53/60: g_loss=3.281555e+00, d_loss=8.582310e-01
gan epoch 54/60: g_loss=3.254102e+00, d_loss=8.566514e-01
gan epoch 55/60: g_loss=3.277561e+00, d_loss=8.560705e-01
gan epoch 56/60: g_loss=3.255544e+00, d_loss=8.559983e-01
gan epoch 57/60: g_loss=3.282558e+00, d_loss=8.552719e-01
gan epoch 58/60: g_loss=3.282609e+00, d_loss=8.550896e-01
gan epoch 59/60: g_loss=3.272312e+00, d_loss=8.567668e-01
gan epoch 60/60: g_loss=3.260371e+00, d_loss=8.560596e-01
[benchmark] matplotlib not available; skipping plot generation
{
  "channel": "OptFib",
  "device": "cuda",
  "drifting_swd": 0.0478215329349041,
  "ddpm_swd": 0.0107911741361022,
  "ddim_swd": 0.06227191910147667,
  "gan_swd": 0.2616349756717682,
  "json": "/home/rifr807e/repos/conditional_drifting_models/results_hpc/20260318_135508/optfib_seed7/baseline_compare_optfib.json"
}

[seed-runner] exit_code: 0
[seed-runner] elapsed_seconds: 393.509
