[seed-runner] start 2026-03-18T13:58:31Z
[seed-runner] label: paper
[seed-runner] cwd: /home/h3/rifr807e/repos/conditional_drifting_models
[seed-runner] command: /software/genoa/r24.04/Python/3.11.3-GCCcore-12.3.0/bin/python -u scripts/run_paper2309_benchmark.py --device cuda --seed 10 --channels AWGN,Rayleigh,SSPA --eval-size 1000000 --include-gan-fa --out-dir /home/rifr807e/repos/conditional_drifting_models/results_hpc/20260318_135508/paper2309_benchmark_seed10

epoch 1/30: loss=5.514906e-04, drift=5.934242e-02
epoch 2/30: loss=3.017276e-04, drift=4.383430e-02
epoch 3/30: loss=1.769397e-04, drift=3.371290e-02
epoch 4/30: loss=1.230955e-04, drift=2.835360e-02
epoch 5/30: loss=1.161120e-04, drift=2.749789e-02
epoch 6/30: loss=1.107339e-04, drift=2.679242e-02
epoch 7/30: loss=1.137160e-04, drift=2.720082e-02
epoch 8/30: loss=1.102355e-04, drift=2.679807e-02
epoch 9/30: loss=1.081505e-04, drift=2.654403e-02
epoch 10/30: loss=1.056326e-04, drift=2.620396e-02
epoch 11/30: loss=1.047881e-04, drift=2.611441e-02
epoch 12/30: loss=1.033342e-04, drift=2.594166e-02
epoch 13/30: loss=1.028211e-04, drift=2.584752e-02
epoch 14/30: loss=1.025236e-04, drift=2.589520e-02
epoch 15/30: loss=9.883587e-05, drift=2.534827e-02
epoch 16/30: loss=9.897915e-05, drift=2.541580e-02
epoch 17/30: loss=1.001641e-04, drift=2.557505e-02
epoch 18/30: loss=9.951893e-05, drift=2.544387e-02
epoch 19/30: loss=9.697486e-05, drift=2.517351e-02
epoch 20/30: loss=9.702795e-05, drift=2.515450e-02
epoch 21/30: loss=9.639345e-05, drift=2.503990e-02
epoch 22/30: loss=9.610066e-05, drift=2.500931e-02
epoch 23/30: loss=9.522628e-05, drift=2.489115e-02
epoch 24/30: loss=9.695579e-05, drift=2.515081e-02
epoch 25/30: loss=9.468478e-05, drift=2.487173e-02
epoch 26/30: loss=9.224947e-05, drift=2.447634e-02
epoch 27/30: loss=9.379677e-05, drift=2.473375e-02
epoch 28/30: loss=9.350550e-05, drift=2.470139e-02
epoch 29/30: loss=9.500719e-05, drift=2.488129e-02
epoch 30/30: loss=9.324588e-05, drift=2.466229e-02
diff epoch 1/30: loss=5.658457e-01, lr=1.000e-03
diff epoch 2/30: loss=5.209278e-01, lr=1.000e-03
diff epoch 3/30: loss=5.208545e-01, lr=1.000e-03
diff epoch 4/30: loss=5.202135e-01, lr=1.000e-03
diff epoch 5/30: loss=5.201076e-01, lr=1.000e-03
diff epoch 6/30: loss=5.200233e-01, lr=1.000e-03
diff epoch 7/30: loss=5.201218e-01, lr=1.000e-03
diff epoch 8/30: loss=5.200221e-01, lr=1.000e-03
diff epoch 9/30: loss=5.198384e-01, lr=1.000e-03
diff epoch 10/30: loss=5.196799e-01, lr=1.000e-03
diff epoch 11/30: loss=5.190656e-01, lr=1.000e-04
diff epoch 12/30: loss=5.190822e-01, lr=1.000e-04
diff epoch 13/30: loss=5.191120e-01, lr=1.000e-04
diff epoch 14/30: loss=5.190342e-01, lr=1.000e-04
diff epoch 15/30: loss=5.189771e-01, lr=1.000e-04
diff epoch 16/30: loss=5.189936e-01, lr=1.000e-04
diff epoch 17/30: loss=5.191464e-01, lr=1.000e-04
diff epoch 18/30: loss=5.189263e-01, lr=1.000e-04
diff epoch 19/30: loss=5.191261e-01, lr=1.000e-04
diff epoch 20/30: loss=5.189077e-01, lr=1.000e-04
diff epoch 21/30: loss=5.192163e-01, lr=1.000e-04
diff epoch 22/30: loss=5.188593e-01, lr=1.000e-04
diff epoch 23/30: loss=5.190014e-01, lr=1.000e-04
diff epoch 24/30: loss=5.187073e-01, lr=1.000e-04
diff epoch 25/30: loss=5.189345e-01, lr=1.000e-04
diff epoch 26/30: loss=5.186975e-01, lr=1.000e-04
diff epoch 27/30: loss=5.189901e-01, lr=1.000e-04
diff epoch 28/30: loss=5.189450e-01, lr=1.000e-04
diff epoch 29/30: loss=5.191761e-01, lr=1.000e-04
diff epoch 30/30: loss=5.189042e-01, lr=1.000e-04
[AWGN] diffusion training complete; starting evaluation
[AWGN] DDPM chunk 1/1: batch=1000000, sample=0.66s, total=0.66s, elapsed=0.66s, eta=0.00s
[AWGN] DDPM done: swd=0.007217, sample=0.66s, swd_eval=0.25s
[AWGN] DDIM-100 chunk 1/1: batch=1000000, sample=0.60s, total=0.61s, elapsed=0.61s, eta=0.00s
[AWGN] DDIM-100 done: swd=0.004031, sample=0.60s, swd_eval=0.29s
[AWGN] DDIM-50 chunk 1/1: batch=1000000, sample=0.20s, total=0.20s, elapsed=0.20s, eta=0.00s
[AWGN] DDIM-50 done: swd=0.006444, sample=0.20s, swd_eval=0.29s
[AWGN] DDIM-20 chunk 1/1: batch=1000000, sample=0.01s, total=0.01s, elapsed=0.01s, eta=0.00s
[AWGN] DDIM-20 done: swd=0.014250, sample=0.01s, swd_eval=0.24s
[AWGN] DDIM-10 chunk 1/1: batch=1000000, sample=0.00s, total=0.01s, elapsed=0.01s, eta=0.00s
[AWGN] DDIM-10 done: swd=0.026804, sample=0.00s, swd_eval=0.16s
gan epoch 1/30: g_loss=4.590732e+00, d_loss=1.223339e+00
gan epoch 2/30: g_loss=4.475083e+00, d_loss=1.180847e+00
gan epoch 3/30: g_loss=4.495474e+00, d_loss=1.170447e+00
gan epoch 4/30: g_loss=4.503539e+00, d_loss=1.157425e+00
gan epoch 5/30: g_loss=4.504726e+00, d_loss=1.154400e+00
gan epoch 6/30: g_loss=4.505405e+00, d_loss=1.154674e+00
gan epoch 7/30: g_loss=4.506794e+00, d_loss=1.154312e+00
gan epoch 8/30: g_loss=4.504293e+00, d_loss=1.154496e+00
gan epoch 9/30: g_loss=4.505371e+00, d_loss=1.154714e+00
gan epoch 10/30: g_loss=4.504309e+00, d_loss=1.154124e+00
gan epoch 11/30: g_loss=4.506233e+00, d_loss=1.153232e+00
gan epoch 12/30: g_loss=4.505805e+00, d_loss=1.153863e+00
gan epoch 13/30: g_loss=4.505082e+00, d_loss=1.153101e+00
gan epoch 14/30: g_loss=4.505138e+00, d_loss=1.152912e+00
gan epoch 15/30: g_loss=4.505072e+00, d_loss=1.152638e+00
gan epoch 16/30: g_loss=4.505444e+00, d_loss=1.152760e+00
gan epoch 17/30: g_loss=4.504849e+00, d_loss=1.152710e+00
gan epoch 18/30: g_loss=4.505508e+00, d_loss=1.151947e+00
gan epoch 19/30: g_loss=4.503889e+00, d_loss=1.152080e+00
gan epoch 20/30: g_loss=4.507023e+00, d_loss=1.151684e+00
gan epoch 21/30: g_loss=4.504449e+00, d_loss=1.151154e+00
gan epoch 22/30: g_loss=4.505341e+00, d_loss=1.150906e+00
gan epoch 23/30: g_loss=4.504903e+00, d_loss=1.150824e+00
gan epoch 24/30: g_loss=4.505231e+00, d_loss=1.151131e+00
gan epoch 25/30: g_loss=4.505897e+00, d_loss=1.150688e+00
gan epoch 26/30: g_loss=4.505449e+00, d_loss=1.150422e+00
gan epoch 27/30: g_loss=4.506674e+00, d_loss=1.150065e+00
gan epoch 28/30: g_loss=4.504814e+00, d_loss=1.150355e+00
gan epoch 29/30: g_loss=4.505773e+00, d_loss=1.150673e+00
gan epoch 30/30: g_loss=4.506470e+00, d_loss=1.150375e+00
epoch 1/30: loss=5.124594e-04, drift=5.723223e-02
epoch 2/30: loss=3.199419e-04, drift=4.526810e-02
epoch 3/30: loss=1.884510e-04, drift=3.468693e-02
epoch 4/30: loss=1.174260e-04, drift=2.752407e-02
epoch 5/30: loss=9.371774e-05, drift=2.467043e-02
epoch 6/30: loss=8.842524e-05, drift=2.397792e-02
epoch 7/30: loss=9.139209e-05, drift=2.436534e-02
epoch 8/30: loss=8.986169e-05, drift=2.419662e-02
epoch 9/30: loss=8.973765e-05, drift=2.415885e-02
epoch 10/30: loss=8.985193e-05, drift=2.416362e-02
epoch 11/30: loss=9.030097e-05, drift=2.422683e-02
epoch 12/30: loss=8.779191e-05, drift=2.389836e-02
epoch 13/30: loss=8.473160e-05, drift=2.345946e-02
epoch 14/30: loss=8.322246e-05, drift=2.323841e-02
epoch 15/30: loss=8.297239e-05, drift=2.324375e-02
epoch 16/30: loss=8.267805e-05, drift=2.317587e-02
epoch 17/30: loss=8.119588e-05, drift=2.297578e-02
epoch 18/30: loss=7.920588e-05, drift=2.266268e-02
epoch 19/30: loss=8.045399e-05, drift=2.285539e-02
epoch 20/30: loss=8.004682e-05, drift=2.279291e-02
epoch 21/30: loss=7.776462e-05, drift=2.243925e-02
epoch 22/30: loss=7.792683e-05, drift=2.246639e-02
epoch 23/30: loss=7.682326e-05, drift=2.230560e-02
epoch 24/30: loss=7.877060e-05, drift=2.261845e-02
epoch 25/30: loss=7.754627e-05, drift=2.244924e-02
epoch 26/30: loss=7.595704e-05, drift=2.219985e-02
epoch 27/30: loss=7.656143e-05, drift=2.230082e-02
epoch 28/30: loss=7.791246e-05, drift=2.248661e-02
epoch 29/30: loss=7.635062e-05, drift=2.228590e-02
epoch 30/30: loss=7.637521e-05, drift=2.226151e-02
diff epoch 1/30: loss=5.502389e-01, lr=1.000e-03
diff epoch 2/30: loss=5.121403e-01, lr=1.000e-03
diff epoch 3/30: loss=5.023808e-01, lr=1.000e-03
diff epoch 4/30: loss=4.724874e-01, lr=1.000e-03
diff epoch 5/30: loss=4.610278e-01, lr=1.000e-03
diff epoch 6/30: loss=4.585419e-01, lr=1.000e-03
diff epoch 7/30: loss=4.577808e-01, lr=1.000e-03
diff epoch 8/30: loss=4.569563e-01, lr=1.000e-03
diff epoch 9/30: loss=4.565722e-01, lr=1.000e-03
diff epoch 10/30: loss=4.563051e-01, lr=1.000e-03
diff epoch 11/30: loss=4.549467e-01, lr=1.000e-04
diff epoch 12/30: loss=4.550221e-01, lr=1.000e-04
diff epoch 13/30: loss=4.549700e-01, lr=1.000e-04
diff epoch 14/30: loss=4.547665e-01, lr=1.000e-04
diff epoch 15/30: loss=4.546916e-01, lr=1.000e-04
diff epoch 16/30: loss=4.547546e-01, lr=1.000e-04
diff epoch 17/30: loss=4.546720e-01, lr=1.000e-04
diff epoch 18/30: loss=4.545438e-01, lr=1.000e-04
diff epoch 19/30: loss=4.547389e-01, lr=1.000e-04
diff epoch 20/30: loss=4.545156e-01, lr=1.000e-04
diff epoch 21/30: loss=4.542533e-01, lr=1.000e-04
diff epoch 22/30: loss=4.545117e-01, lr=1.000e-04
diff epoch 23/30: loss=4.544224e-01, lr=1.000e-04
diff epoch 24/30: loss=4.546777e-01, lr=1.000e-04
diff epoch 25/30: loss=4.544508e-01, lr=1.000e-04
diff epoch 26/30: loss=4.542391e-01, lr=1.000e-04
diff epoch 27/30: loss=4.541142e-01, lr=1.000e-04
diff epoch 28/30: loss=4.544432e-01, lr=1.000e-04
diff epoch 29/30: loss=4.545909e-01, lr=1.000e-04
diff epoch 30/30: loss=4.544327e-01, lr=1.000e-04
[Rayleigh] diffusion training complete; starting evaluation
[Rayleigh] DDPM chunk 1/1: batch=1000000, sample=0.76s, total=0.76s, elapsed=0.76s, eta=0.00s
[Rayleigh] DDPM done: swd=0.009501, sample=0.76s, swd_eval=0.27s
[Rayleigh] DDIM-100 chunk 1/1: batch=1000000, sample=0.69s, total=0.69s, elapsed=0.69s, eta=0.00s
[Rayleigh] DDIM-100 done: swd=0.005647, sample=0.69s, swd_eval=0.31s
[Rayleigh] DDIM-50 chunk 1/1: batch=1000000, sample=0.23s, total=0.23s, elapsed=0.23s, eta=0.00s
[Rayleigh] DDIM-50 done: swd=0.007612, sample=0.23s, swd_eval=0.31s
[Rayleigh] DDIM-20 chunk 1/1: batch=1000000, sample=0.01s, total=0.01s, elapsed=0.01s, eta=0.00s
[Rayleigh] DDIM-20 done: swd=0.016185, sample=0.01s, swd_eval=0.26s
[Rayleigh] DDIM-10 chunk 1/1: batch=1000000, sample=0.01s, total=0.01s, elapsed=0.01s, eta=0.00s
[Rayleigh] DDIM-10 done: swd=0.026946, sample=0.01s, swd_eval=0.17s
gan epoch 1/30: g_loss=4.173562e+00, d_loss=1.208352e+00
gan epoch 2/30: g_loss=4.051533e+00, d_loss=1.195225e+00
gan epoch 3/30: g_loss=4.050908e+00, d_loss=1.192071e+00
gan epoch 4/30: g_loss=4.051827e+00, d_loss=1.188770e+00
gan epoch 5/30: g_loss=4.051578e+00, d_loss=1.186676e+00
gan epoch 6/30: g_loss=4.054412e+00, d_loss=1.185421e+00
gan epoch 7/30: g_loss=4.055152e+00, d_loss=1.184714e+00
gan epoch 8/30: g_loss=4.052901e+00, d_loss=1.184757e+00
gan epoch 9/30: g_loss=4.054094e+00, d_loss=1.184029e+00
gan epoch 10/30: g_loss=4.053123e+00, d_loss=1.183623e+00
gan epoch 11/30: g_loss=4.054332e+00, d_loss=1.183569e+00
gan epoch 12/30: g_loss=4.053502e+00, d_loss=1.183657e+00
gan epoch 13/30: g_loss=4.055128e+00, d_loss=1.183401e+00
gan epoch 14/30: g_loss=4.053256e+00, d_loss=1.183301e+00
gan epoch 15/30: g_loss=4.055777e+00, d_loss=1.183504e+00
gan epoch 16/30: g_loss=4.054782e+00, d_loss=1.183347e+00
gan epoch 17/30: g_loss=4.055239e+00, d_loss=1.183558e+00
gan epoch 18/30: g_loss=4.055347e+00, d_loss=1.183469e+00
gan epoch 19/30: g_loss=4.053962e+00, d_loss=1.183583e+00
gan epoch 20/30: g_loss=4.054105e+00, d_loss=1.183427e+00
gan epoch 21/30: g_loss=4.053664e+00, d_loss=1.183994e+00
gan epoch 22/30: g_loss=4.053139e+00, d_loss=1.183831e+00
gan epoch 23/30: g_loss=4.052769e+00, d_loss=1.183962e+00
gan epoch 24/30: g_loss=4.053888e+00, d_loss=1.184321e+00
gan epoch 25/30: g_loss=4.053207e+00, d_loss=1.184275e+00
gan epoch 26/30: g_loss=4.051731e+00, d_loss=1.184600e+00
gan epoch 27/30: g_loss=4.054630e+00, d_loss=1.184255e+00
gan epoch 28/30: g_loss=4.050487e+00, d_loss=1.184301e+00
gan epoch 29/30: g_loss=4.054614e+00, d_loss=1.184147e+00
gan epoch 30/30: g_loss=4.051060e+00, d_loss=1.184233e+00
epoch 1/160: loss=6.813231e-04, drift=7.090413e-02
epoch 2/160: loss=3.116803e-04, drift=4.781165e-02
epoch 3/160: loss=1.481510e-04, drift=3.319918e-02
epoch 4/160: loss=1.164798e-04, drift=2.963030e-02
epoch 5/160: loss=1.087869e-04, drift=2.860677e-02
epoch 6/160: loss=1.094241e-04, drift=2.868650e-02
epoch 7/160: loss=1.055595e-04, drift=2.819234e-02
epoch 8/160: loss=1.023879e-04, drift=2.772221e-02
epoch 9/160: loss=9.902801e-05, drift=2.725966e-02
epoch 10/160: loss=9.884969e-05, drift=2.725269e-02
epoch 11/160: loss=9.491165e-05, drift=2.669972e-02
epoch 12/160: loss=9.397617e-05, drift=2.662202e-02
epoch 13/160: loss=9.313404e-05, drift=2.648282e-02
epoch 14/160: loss=8.864538e-05, drift=2.582300e-02
epoch 15/160: loss=8.936943e-05, drift=2.587188e-02
epoch 16/160: loss=8.519885e-05, drift=2.532597e-02
epoch 17/160: loss=8.285499e-05, drift=2.493353e-02
epoch 18/160: loss=8.391039e-05, drift=2.510174e-02
epoch 19/160: loss=7.904615e-05, drift=2.440285e-02
epoch 20/160: loss=7.734929e-05, drift=2.410023e-02
epoch 21/160: loss=7.432673e-05, drift=2.363554e-02
epoch 22/160: loss=7.196710e-05, drift=2.326922e-02
epoch 23/160: loss=7.217860e-05, drift=2.327662e-02
epoch 24/160: loss=6.855676e-05, drift=2.270533e-02
epoch 25/160: loss=6.930662e-05, drift=2.283987e-02
epoch 26/160: loss=6.339311e-05, drift=2.181870e-02
epoch 27/160: loss=6.638968e-05, drift=2.234843e-02
epoch 28/160: loss=6.283722e-05, drift=2.175641e-02
epoch 29/160: loss=6.237724e-05, drift=2.163680e-02
epoch 30/160: loss=6.120327e-05, drift=2.146980e-02
epoch 31/160: loss=6.032427e-05, drift=2.125150e-02
epoch 32/160: loss=5.995540e-05, drift=2.123928e-02
epoch 33/160: loss=6.043884e-05, drift=2.130840e-02
epoch 34/160: loss=5.798074e-05, drift=2.087978e-02
epoch 35/160: loss=5.689127e-05, drift=2.067661e-02
epoch 36/160: loss=5.636293e-05, drift=2.057621e-02
epoch 37/160: loss=5.531144e-05, drift=2.039700e-02
epoch 38/160: loss=5.462816e-05, drift=2.026338e-02
epoch 39/160: loss=5.574870e-05, drift=2.045573e-02
epoch 40/160: loss=5.426029e-05, drift=2.020906e-02
epoch 41/160: loss=5.331327e-05, drift=1.999697e-02
epoch 42/160: loss=5.244841e-05, drift=1.985790e-02
epoch 43/160: loss=5.314247e-05, drift=1.997152e-02
epoch 44/160: loss=5.221780e-05, drift=1.979640e-02
epoch 45/160: loss=5.187378e-05, drift=1.976374e-02
epoch 46/160: loss=5.226610e-05, drift=1.985046e-02
epoch 47/160: loss=5.130225e-05, drift=1.962990e-02
epoch 48/160: loss=5.115743e-05, drift=1.958228e-02
epoch 49/160: loss=5.072353e-05, drift=1.950904e-02
epoch 50/160: loss=5.057550e-05, drift=1.949416e-02
epoch 51/160: loss=5.145633e-05, drift=1.966130e-02
epoch 52/160: loss=4.933204e-05, drift=1.927215e-02
epoch 53/160: loss=5.012073e-05, drift=1.942723e-02
epoch 54/160: loss=4.879484e-05, drift=1.913114e-02
epoch 55/160: loss=4.912418e-05, drift=1.924248e-02
epoch 56/160: loss=4.771259e-05, drift=1.893658e-02
epoch 57/160: loss=4.912995e-05, drift=1.925014e-02
epoch 58/160: loss=4.677179e-05, drift=1.874485e-02
epoch 59/160: loss=4.658146e-05, drift=1.872187e-02
epoch 60/160: loss=4.755362e-05, drift=1.889607e-02
epoch 61/160: loss=4.695120e-05, drift=1.878888e-02
epoch 62/160: loss=4.686078e-05, drift=1.878727e-02
epoch 63/160: loss=4.618378e-05, drift=1.863310e-02
epoch 64/160: loss=4.635666e-05, drift=1.867174e-02
epoch 65/160: loss=4.614852e-05, drift=1.862086e-02
epoch 66/160: loss=4.651364e-05, drift=1.868439e-02
epoch 67/160: loss=4.412218e-05, drift=1.821067e-02
epoch 68/160: loss=4.589977e-05, drift=1.858650e-02
epoch 69/160: loss=4.535496e-05, drift=1.848219e-02
epoch 70/160: loss=4.349458e-05, drift=1.807768e-02
epoch 71/160: loss=4.649703e-05, drift=1.867542e-02
epoch 72/160: loss=4.590739e-05, drift=1.858421e-02
epoch 73/160: loss=4.522084e-05, drift=1.844391e-02
epoch 74/160: loss=4.490296e-05, drift=1.837044e-02
epoch 75/160: loss=4.439611e-05, drift=1.823639e-02
epoch 76/160: loss=4.467885e-05, drift=1.830297e-02
epoch 77/160: loss=4.434159e-05, drift=1.824703e-02
epoch 78/160: loss=4.555781e-05, drift=1.849348e-02
epoch 79/160: loss=4.401169e-05, drift=1.817490e-02
epoch 80/160: loss=4.382909e-05, drift=1.815929e-02
epoch 81/160: loss=4.375392e-05, drift=1.811937e-02
epoch 82/160: loss=4.341681e-05, drift=1.807100e-02
epoch 83/160: loss=4.312934e-05, drift=1.800299e-02
epoch 84/160: loss=4.396531e-05, drift=1.817475e-02
epoch 85/160: loss=4.317628e-05, drift=1.801338e-02
epoch 86/160: loss=4.477685e-05, drift=1.832251e-02
epoch 87/160: loss=4.370335e-05, drift=1.812265e-02
epoch 88/160: loss=4.283268e-05, drift=1.793925e-02
epoch 89/160: loss=4.363944e-05, drift=1.811446e-02
epoch 90/160: loss=4.250428e-05, drift=1.789016e-02
epoch 91/160: loss=4.215369e-05, drift=1.779892e-02
epoch 92/160: loss=4.252676e-05, drift=1.787066e-02
epoch 93/160: loss=4.330192e-05, drift=1.802891e-02
epoch 94/160: loss=4.263490e-05, drift=1.790390e-02
epoch 95/160: loss=4.202732e-05, drift=1.779389e-02
epoch 96/160: loss=4.211324e-05, drift=1.776583e-02
epoch 97/160: loss=4.198559e-05, drift=1.775015e-02
epoch 98/160: loss=4.163213e-05, drift=1.768558e-02
epoch 99/160: loss=4.136182e-05, drift=1.762299e-02
epoch 100/160: loss=4.143823e-05, drift=1.763260e-02
epoch 101/160: loss=4.111579e-05, drift=1.759659e-02
epoch 102/160: loss=4.200526e-05, drift=1.778253e-02
epoch 103/160: loss=4.171950e-05, drift=1.770287e-02
epoch 104/160: loss=4.150925e-05, drift=1.766644e-02
epoch 105/160: loss=4.188555e-05, drift=1.774226e-02
epoch 106/160: loss=4.122686e-05, drift=1.758269e-02
epoch 107/160: loss=4.081733e-05, drift=1.752774e-02
epoch 108/160: loss=4.038939e-05, drift=1.742812e-02
epoch 109/160: loss=4.093362e-05, drift=1.754495e-02
epoch 110/160: loss=4.076643e-05, drift=1.750842e-02
epoch 111/160: loss=4.141977e-05, drift=1.763778e-02
epoch 112/160: loss=4.021799e-05, drift=1.737350e-02
epoch 113/160: loss=4.097850e-05, drift=1.757255e-02
epoch 114/160: loss=4.016133e-05, drift=1.737022e-02
epoch 115/160: loss=4.141105e-05, drift=1.765202e-02
epoch 116/160: loss=3.981356e-05, drift=1.729952e-02
epoch 117/160: loss=3.996299e-05, drift=1.732358e-02
epoch 118/160: loss=4.081511e-05, drift=1.753245e-02
epoch 119/160: loss=3.960022e-05, drift=1.726935e-02
epoch 120/160: loss=4.050296e-05, drift=1.745239e-02
epoch 121/160: loss=4.055627e-05, drift=1.745675e-02
epoch 122/160: loss=3.989799e-05, drift=1.732131e-02
epoch 123/160: loss=3.945607e-05, drift=1.722619e-02
epoch 124/160: loss=3.913980e-05, drift=1.712901e-02
epoch 125/160: loss=3.969820e-05, drift=1.724359e-02
epoch 126/160: loss=4.012924e-05, drift=1.736125e-02
epoch 127/160: loss=3.986188e-05, drift=1.726101e-02
epoch 128/160: loss=3.996746e-05, drift=1.734106e-02
epoch 129/160: loss=3.937057e-05, drift=1.721122e-02
epoch 130/160: loss=4.005810e-05, drift=1.735232e-02
epoch 131/160: loss=3.817117e-05, drift=1.694392e-02
epoch 132/160: loss=3.917587e-05, drift=1.715266e-02
epoch 133/160: loss=3.945632e-05, drift=1.723192e-02
epoch 134/160: loss=3.924190e-05, drift=1.717387e-02
epoch 135/160: loss=3.828531e-05, drift=1.697848e-02
epoch 136/160: loss=3.838932e-05, drift=1.699556e-02
epoch 137/160: loss=3.975660e-05, drift=1.728792e-02
epoch 138/160: loss=3.883613e-05, drift=1.708824e-02
epoch 139/160: loss=3.895536e-05, drift=1.710258e-02
epoch 140/160: loss=3.832174e-05, drift=1.697200e-02
epoch 141/160: loss=3.902814e-05, drift=1.711123e-02
epoch 142/160: loss=3.891938e-05, drift=1.708746e-02
epoch 143/160: loss=3.873026e-05, drift=1.704744e-02
epoch 144/160: loss=3.872459e-05, drift=1.708102e-02
epoch 145/160: loss=3.873118e-05, drift=1.706511e-02
epoch 146/160: loss=3.864813e-05, drift=1.701782e-02
epoch 147/160: loss=3.844871e-05, drift=1.700312e-02
epoch 148/160: loss=3.893975e-05, drift=1.710969e-02
epoch 149/160: loss=3.839264e-05, drift=1.694556e-02
epoch 150/160: loss=3.882034e-05, drift=1.705073e-02
epoch 151/160: loss=3.789180e-05, drift=1.687277e-02
epoch 152/160: loss=3.744814e-05, drift=1.678105e-02
epoch 153/160: loss=3.892004e-05, drift=1.709404e-02
epoch 154/160: loss=3.824455e-05, drift=1.693368e-02
epoch 155/160: loss=3.941515e-05, drift=1.723432e-02
epoch 156/160: loss=3.758016e-05, drift=1.680309e-02
epoch 157/160: loss=3.867615e-05, drift=1.704341e-02
epoch 158/160: loss=3.826981e-05, drift=1.695672e-02
epoch 159/160: loss=3.766055e-05, drift=1.681562e-02
epoch 160/160: loss=3.809623e-05, drift=1.690404e-02
diff epoch 1/160: loss=7.088742e-01, lr=1.000e-04
diff epoch 2/160: loss=5.357466e-01, lr=1.000e-04
diff epoch 3/160: loss=5.177401e-01, lr=1.000e-04
diff epoch 4/160: loss=5.122565e-01, lr=1.000e-04
diff epoch 5/160: loss=5.101307e-01, lr=1.000e-04
diff epoch 6/160: loss=5.080733e-01, lr=1.000e-04
diff epoch 7/160: loss=5.067450e-01, lr=1.000e-04
diff epoch 8/160: loss=5.043800e-01, lr=1.000e-04
diff epoch 9/160: loss=4.994422e-01, lr=1.000e-04
diff epoch 10/160: loss=4.874885e-01, lr=1.000e-04
diff epoch 11/160: loss=4.608593e-01, lr=1.000e-04
diff epoch 12/160: loss=4.129924e-01, lr=1.000e-04
diff epoch 13/160: loss=3.576906e-01, lr=1.000e-04
diff epoch 14/160: loss=3.103824e-01, lr=1.000e-04
diff epoch 15/160: loss=2.797925e-01, lr=1.000e-04
diff epoch 16/160: loss=2.640077e-01, lr=1.000e-04
diff epoch 17/160: loss=2.548130e-01, lr=1.000e-04
diff epoch 18/160: loss=2.483579e-01, lr=1.000e-04
diff epoch 19/160: loss=2.438413e-01, lr=1.000e-04
diff epoch 20/160: loss=2.400711e-01, lr=1.000e-04
diff epoch 21/160: loss=2.369864e-01, lr=1.000e-04
diff epoch 22/160: loss=2.344745e-01, lr=1.000e-04
diff epoch 23/160: loss=2.321637e-01, lr=1.000e-04
diff epoch 24/160: loss=2.303990e-01, lr=1.000e-04
diff epoch 25/160: loss=2.292263e-01, lr=1.000e-04
diff epoch 26/160: loss=2.281782e-01, lr=1.000e-04
diff epoch 27/160: loss=2.274601e-01, lr=1.000e-04
diff epoch 28/160: loss=2.267752e-01, lr=1.000e-04
diff epoch 29/160: loss=2.258652e-01, lr=1.000e-04
diff epoch 30/160: loss=2.257380e-01, lr=1.000e-04
diff epoch 31/160: loss=2.253726e-01, lr=1.000e-04
diff epoch 32/160: loss=2.250531e-01, lr=1.000e-04
diff epoch 33/160: loss=2.245044e-01, lr=1.000e-04
diff epoch 34/160: loss=2.242367e-01, lr=1.000e-04
diff epoch 35/160: loss=2.240387e-01, lr=1.000e-04
diff epoch 36/160: loss=2.238811e-01, lr=1.000e-04
diff epoch 37/160: loss=2.235112e-01, lr=1.000e-04
diff epoch 38/160: loss=2.234214e-01, lr=1.000e-04
diff epoch 39/160: loss=2.232331e-01, lr=1.000e-04
diff epoch 40/160: loss=2.232008e-01, lr=1.000e-04
diff epoch 41/160: loss=2.229841e-01, lr=1.000e-04
diff epoch 42/160: loss=2.227981e-01, lr=1.000e-04
diff epoch 43/160: loss=2.227467e-01, lr=1.000e-04
diff epoch 44/160: loss=2.226771e-01, lr=1.000e-04
diff epoch 45/160: loss=2.227337e-01, lr=1.000e-04
diff epoch 46/160: loss=2.226008e-01, lr=1.000e-04
diff epoch 47/160: loss=2.224755e-01, lr=1.000e-04
diff epoch 48/160: loss=2.224285e-01, lr=1.000e-04
diff epoch 49/160: loss=2.223015e-01, lr=1.000e-04
diff epoch 50/160: loss=2.221360e-01, lr=1.000e-04
diff epoch 51/160: loss=2.222037e-01, lr=1.000e-04
diff epoch 52/160: loss=2.219951e-01, lr=1.000e-04
diff epoch 53/160: loss=2.220693e-01, lr=1.000e-04
diff epoch 54/160: loss=2.219966e-01, lr=1.000e-04
diff epoch 55/160: loss=2.219564e-01, lr=1.000e-04
diff epoch 56/160: loss=2.220487e-01, lr=1.000e-04
diff epoch 57/160: loss=2.217412e-01, lr=1.000e-04
diff epoch 58/160: loss=2.217016e-01, lr=1.000e-04
diff epoch 59/160: loss=2.217631e-01, lr=1.000e-04
diff epoch 60/160: loss=2.217441e-01, lr=1.000e-04
diff epoch 61/160: loss=2.216427e-01, lr=1.000e-04
diff epoch 62/160: loss=2.217790e-01, lr=1.000e-04
diff epoch 63/160: loss=2.216626e-01, lr=1.000e-04
diff epoch 64/160: loss=2.216414e-01, lr=1.000e-04
diff epoch 65/160: loss=2.216876e-01, lr=1.000e-04
diff epoch 66/160: loss=2.216953e-01, lr=1.000e-04
diff epoch 67/160: loss=2.215901e-01, lr=1.000e-04
diff epoch 68/160: loss=2.216733e-01, lr=1.000e-04
diff epoch 69/160: loss=2.216683e-01, lr=1.000e-04
diff epoch 70/160: loss=2.215376e-01, lr=1.000e-04
diff epoch 71/160: loss=2.215623e-01, lr=1.000e-04
diff epoch 72/160: loss=2.214432e-01, lr=1.000e-04
diff epoch 73/160: loss=2.214623e-01, lr=1.000e-04
diff epoch 74/160: loss=2.213880e-01, lr=1.000e-04
diff epoch 75/160: loss=2.213073e-01, lr=1.000e-04
diff epoch 76/160: loss=2.213529e-01, lr=1.000e-04
diff epoch 77/160: loss=2.213997e-01, lr=1.000e-04
diff epoch 78/160: loss=2.212991e-01, lr=1.000e-04
diff epoch 79/160: loss=2.213966e-01, lr=1.000e-04
diff epoch 80/160: loss=2.214563e-01, lr=1.000e-04
diff epoch 81/160: loss=2.214034e-01, lr=1.000e-04
diff epoch 82/160: loss=2.212754e-01, lr=1.000e-04
diff epoch 83/160: loss=2.211266e-01, lr=1.000e-04
diff epoch 84/160: loss=2.212740e-01, lr=1.000e-04
diff epoch 85/160: loss=2.215051e-01, lr=1.000e-04
diff epoch 86/160: loss=2.210408e-01, lr=1.000e-04
diff epoch 87/160: loss=2.210428e-01, lr=1.000e-04
diff epoch 88/160: loss=2.211478e-01, lr=1.000e-04
diff epoch 89/160: loss=2.211178e-01, lr=1.000e-04
diff epoch 90/160: loss=2.211033e-01, lr=1.000e-04
diff epoch 91/160: loss=2.211532e-01, lr=1.000e-04
diff epoch 92/160: loss=2.213378e-01, lr=1.000e-04
diff epoch 93/160: loss=2.210552e-01, lr=1.000e-04
diff epoch 94/160: loss=2.210165e-01, lr=1.000e-04
diff epoch 95/160: loss=2.211280e-01, lr=1.000e-04
diff epoch 96/160: loss=2.211768e-01, lr=1.000e-04
diff epoch 97/160: loss=2.210410e-01, lr=1.000e-04
diff epoch 98/160: loss=2.211338e-01, lr=1.000e-04
diff epoch 99/160: loss=2.208722e-01, lr=1.000e-04
diff epoch 100/160: loss=2.210292e-01, lr=1.000e-04
diff epoch 101/160: loss=2.211337e-01, lr=1.000e-04
diff epoch 102/160: loss=2.209614e-01, lr=1.000e-04
diff epoch 103/160: loss=2.210315e-01, lr=1.000e-04
diff epoch 104/160: loss=2.207702e-01, lr=1.000e-04
diff epoch 105/160: loss=2.210238e-01, lr=1.000e-04
diff epoch 106/160: loss=2.209908e-01, lr=1.000e-04
diff epoch 107/160: loss=2.210419e-01, lr=1.000e-04
diff epoch 108/160: loss=2.211389e-01, lr=1.000e-04
diff epoch 109/160: loss=2.209168e-01, lr=1.000e-04
diff epoch 110/160: loss=2.208987e-01, lr=1.000e-04
diff epoch 111/160: loss=2.209299e-01, lr=1.000e-04
diff epoch 112/160: loss=2.208282e-01, lr=1.000e-04
diff epoch 113/160: loss=2.207528e-01, lr=1.000e-04
diff epoch 114/160: loss=2.208821e-01, lr=1.000e-04
diff epoch 115/160: loss=2.208654e-01, lr=1.000e-04
diff epoch 116/160: loss=2.209297e-01, lr=1.000e-04
diff epoch 117/160: loss=2.208303e-01, lr=1.000e-04
diff epoch 118/160: loss=2.207729e-01, lr=1.000e-04
diff epoch 119/160: loss=2.208261e-01, lr=1.000e-04
diff epoch 120/160: loss=2.208565e-01, lr=1.000e-04
diff epoch 121/160: loss=2.208333e-01, lr=1.000e-04
diff epoch 122/160: loss=2.206892e-01, lr=1.000e-04
diff epoch 123/160: loss=2.205548e-01, lr=1.000e-04
diff epoch 124/160: loss=2.208860e-01, lr=1.000e-04
diff epoch 125/160: loss=2.210155e-01, lr=1.000e-04
diff epoch 126/160: loss=2.208066e-01, lr=1.000e-04
diff epoch 127/160: loss=2.209449e-01, lr=1.000e-04
diff epoch 128/160: loss=2.207535e-01, lr=1.000e-04
diff epoch 129/160: loss=2.208734e-01, lr=1.000e-04
diff epoch 130/160: loss=2.206851e-01, lr=1.000e-04
diff epoch 131/160: loss=2.206330e-01, lr=1.000e-04
diff epoch 132/160: loss=2.207251e-01, lr=1.000e-04
diff epoch 133/160: loss=2.207834e-01, lr=1.000e-04
diff epoch 134/160: loss=2.207197e-01, lr=1.000e-04
diff epoch 135/160: loss=2.207042e-01, lr=1.000e-04
diff epoch 136/160: loss=2.208762e-01, lr=1.000e-04
diff epoch 137/160: loss=2.208263e-01, lr=1.000e-04
diff epoch 138/160: loss=2.206123e-01, lr=1.000e-04
diff epoch 139/160: loss=2.207618e-01, lr=1.000e-04
diff epoch 140/160: loss=2.206248e-01, lr=1.000e-04
diff epoch 141/160: loss=2.208813e-01, lr=1.000e-04
diff epoch 142/160: loss=2.205773e-01, lr=1.000e-04
diff epoch 143/160: loss=2.205843e-01, lr=1.000e-04
diff epoch 144/160: loss=2.206203e-01, lr=1.000e-04
diff epoch 145/160: loss=2.207021e-01, lr=1.000e-04
diff epoch 146/160: loss=2.205528e-01, lr=1.000e-04
diff epoch 147/160: loss=2.205516e-01, lr=1.000e-04
diff epoch 148/160: loss=2.206623e-01, lr=1.000e-04
diff epoch 149/160: loss=2.206691e-01, lr=1.000e-04
diff epoch 150/160: loss=2.208464e-01, lr=1.000e-04
diff epoch 151/160: loss=2.204769e-01, lr=1.000e-04
diff epoch 152/160: loss=2.206920e-01, lr=1.000e-04
diff epoch 153/160: loss=2.207137e-01, lr=1.000e-04
diff epoch 154/160: loss=2.205899e-01, lr=1.000e-04
diff epoch 155/160: loss=2.207742e-01, lr=1.000e-04
diff epoch 156/160: loss=2.206018e-01, lr=1.000e-04
diff epoch 157/160: loss=2.207396e-01, lr=1.000e-04
diff epoch 158/160: loss=2.205475e-01, lr=1.000e-04
diff epoch 159/160: loss=2.206616e-01, lr=1.000e-04
diff epoch 160/160: loss=2.205367e-01, lr=1.000e-04
[SSPA] diffusion training complete; starting evaluation
[SSPA] DDPM chunk 1/1: batch=1000000, sample=0.66s, total=0.66s, elapsed=0.66s, eta=0.00s
[SSPA] DDPM done: swd=0.003155, sample=0.66s, swd_eval=0.24s
[SSPA] DDIM-100 chunk 1/1: batch=1000000, sample=0.60s, total=0.60s, elapsed=0.60s, eta=0.00s
[SSPA] DDIM-100 done: swd=0.002395, sample=0.60s, swd_eval=0.28s
[SSPA] DDIM-50 chunk 1/1: batch=1000000, sample=0.20s, total=0.20s, elapsed=0.20s, eta=0.00s
[SSPA] DDIM-50 done: swd=0.002944, sample=0.20s, swd_eval=0.28s
[SSPA] DDIM-20 chunk 1/1: batch=1000000, sample=0.01s, total=0.01s, elapsed=0.01s, eta=0.00s
[SSPA] DDIM-20 done: swd=0.005285, sample=0.01s, swd_eval=0.23s
[SSPA] DDIM-10 chunk 1/1: batch=1000000, sample=0.00s, total=0.01s, elapsed=0.01s, eta=0.00s
[SSPA] DDIM-10 done: swd=0.008905, sample=0.00s, swd_eval=0.16s
gan epoch 1/160: g_loss=4.359973e+00, d_loss=1.146805e+00
gan epoch 2/160: g_loss=2.925599e+00, d_loss=1.253296e+00
gan epoch 3/160: g_loss=2.641877e+00, d_loss=1.275139e+00
gan epoch 4/160: g_loss=2.647109e+00, d_loss=1.258203e+00
gan epoch 5/160: g_loss=2.671398e+00, d_loss=1.256260e+00
gan epoch 6/160: g_loss=2.674932e+00, d_loss=1.263190e+00
gan epoch 7/160: g_loss=2.680508e+00, d_loss=1.270836e+00
gan epoch 8/160: g_loss=2.681143e+00, d_loss=1.277124e+00
gan epoch 9/160: g_loss=2.685483e+00, d_loss=1.280544e+00
gan epoch 10/160: g_loss=2.685331e+00, d_loss=1.282839e+00
gan epoch 11/160: g_loss=2.686863e+00, d_loss=1.284307e+00
gan epoch 12/160: g_loss=2.687060e+00, d_loss=1.282571e+00
gan epoch 13/160: g_loss=2.693830e+00, d_loss=1.276627e+00
gan epoch 14/160: g_loss=2.702447e+00, d_loss=1.280640e+00
gan epoch 15/160: g_loss=2.708679e+00, d_loss=1.283630e+00
gan epoch 16/160: g_loss=2.709274e+00, d_loss=1.284571e+00
gan epoch 17/160: g_loss=2.711503e+00, d_loss=1.285477e+00
gan epoch 18/160: g_loss=2.711635e+00, d_loss=1.286037e+00
gan epoch 19/160: g_loss=2.711662e+00, d_loss=1.286431e+00
gan epoch 20/160: g_loss=2.712051e+00, d_loss=1.286725e+00
gan epoch 21/160: g_loss=2.711734e+00, d_loss=1.286624e+00
gan epoch 22/160: g_loss=2.710415e+00, d_loss=1.286768e+00
gan epoch 23/160: g_loss=2.709997e+00, d_loss=1.286449e+00
gan epoch 24/160: g_loss=2.709799e+00, d_loss=1.286328e+00
gan epoch 25/160: g_loss=2.709828e+00, d_loss=1.285820e+00
gan epoch 26/160: g_loss=2.709574e+00, d_loss=1.285379e+00
gan epoch 27/160: g_loss=2.709365e+00, d_loss=1.284887e+00
gan epoch 28/160: g_loss=2.708283e+00, d_loss=1.284033e+00
gan epoch 29/160: g_loss=2.708403e+00, d_loss=1.283247e+00
gan epoch 30/160: g_loss=2.709156e+00, d_loss=1.282566e+00
gan epoch 31/160: g_loss=2.708348e+00, d_loss=1.281394e+00
gan epoch 32/160: g_loss=2.709346e+00, d_loss=1.280783e+00
gan epoch 33/160: g_loss=2.708203e+00, d_loss=1.280294e+00
gan epoch 34/160: g_loss=2.708802e+00, d_loss=1.279729e+00
gan epoch 35/160: g_loss=2.708620e+00, d_loss=1.279318e+00
gan epoch 36/160: g_loss=2.708761e+00, d_loss=1.279029e+00
gan epoch 37/160: g_loss=2.709599e+00, d_loss=1.278814e+00
gan epoch 38/160: g_loss=2.709188e+00, d_loss=1.278452e+00
gan epoch 39/160: g_loss=2.708664e+00, d_loss=1.278444e+00
gan epoch 40/160: g_loss=2.708127e+00, d_loss=1.278194e+00
gan epoch 41/160: g_loss=2.708271e+00, d_loss=1.278003e+00
gan epoch 42/160: g_loss=2.709319e+00, d_loss=1.277746e+00
gan epoch 43/160: g_loss=2.707757e+00, d_loss=1.277861e+00
gan epoch 44/160: g_loss=2.707131e+00, d_loss=1.277901e+00
gan epoch 45/160: g_loss=2.708538e+00, d_loss=1.277836e+00
gan epoch 46/160: g_loss=2.707477e+00, d_loss=1.277902e+00
gan epoch 47/160: g_loss=2.706798e+00, d_loss=1.277754e+00
gan epoch 48/160: g_loss=2.707159e+00, d_loss=1.277765e+00
gan epoch 49/160: g_loss=2.707874e+00, d_loss=1.277639e+00
gan epoch 50/160: g_loss=2.706337e+00, d_loss=1.277836e+00
gan epoch 51/160: g_loss=2.707253e+00, d_loss=1.277630e+00
gan epoch 52/160: g_loss=2.706972e+00, d_loss=1.277502e+00
gan epoch 53/160: g_loss=2.705975e+00, d_loss=1.277714e+00
gan epoch 54/160: g_loss=2.707307e+00, d_loss=1.277631e+00
gan epoch 55/160: g_loss=2.706549e+00, d_loss=1.277686e+00
gan epoch 56/160: g_loss=2.707603e+00, d_loss=1.277600e+00
gan epoch 57/160: g_loss=2.707397e+00, d_loss=1.277777e+00
gan epoch 58/160: g_loss=2.707368e+00, d_loss=1.277959e+00
gan epoch 59/160: g_loss=2.705810e+00, d_loss=1.277939e+00
gan epoch 60/160: g_loss=2.706256e+00, d_loss=1.277916e+00
gan epoch 61/160: g_loss=2.707331e+00, d_loss=1.277732e+00
gan epoch 62/160: g_loss=2.707292e+00, d_loss=1.277877e+00
gan epoch 63/160: g_loss=2.706048e+00, d_loss=1.278110e+00
gan epoch 64/160: g_loss=2.706932e+00, d_loss=1.277619e+00
gan epoch 65/160: g_loss=2.705052e+00, d_loss=1.277872e+00
gan epoch 66/160: g_loss=2.706424e+00, d_loss=1.278007e+00
gan epoch 67/160: g_loss=2.705497e+00, d_loss=1.277922e+00
gan epoch 68/160: g_loss=2.704788e+00, d_loss=1.278047e+00
gan epoch 69/160: g_loss=2.704875e+00, d_loss=1.278146e+00
gan epoch 70/160: g_loss=2.705854e+00, d_loss=1.278274e+00
gan epoch 71/160: g_loss=2.705631e+00, d_loss=1.278261e+00
gan epoch 72/160: g_loss=2.705788e+00, d_loss=1.278040e+00
gan epoch 73/160: g_loss=2.705092e+00, d_loss=1.278159e+00
gan epoch 74/160: g_loss=2.704595e+00, d_loss=1.278230e+00
gan epoch 75/160: g_loss=2.705470e+00, d_loss=1.278309e+00
gan epoch 76/160: g_loss=2.704627e+00, d_loss=1.278346e+00
gan epoch 77/160: g_loss=2.704581e+00, d_loss=1.278320e+00
gan epoch 78/160: g_loss=2.704181e+00, d_loss=1.278297e+00
gan epoch 79/160: g_loss=2.705608e+00, d_loss=1.278293e+00
gan epoch 80/160: g_loss=2.703841e+00, d_loss=1.278511e+00
gan epoch 81/160: g_loss=2.705102e+00, d_loss=1.278530e+00
gan epoch 82/160: g_loss=2.703940e+00, d_loss=1.278553e+00
gan epoch 83/160: g_loss=2.704809e+00, d_loss=1.278347e+00
gan epoch 84/160: g_loss=2.703876e+00, d_loss=1.278625e+00
gan epoch 85/160: g_loss=2.703563e+00, d_loss=1.278787e+00
gan epoch 86/160: g_loss=2.703238e+00, d_loss=1.278792e+00
gan epoch 87/160: g_loss=2.704418e+00, d_loss=1.278860e+00
gan epoch 88/160: g_loss=2.704221e+00, d_loss=1.278679e+00
gan epoch 89/160: g_loss=2.703154e+00, d_loss=1.278778e+00
gan epoch 90/160: g_loss=2.704818e+00, d_loss=1.278700e+00
gan epoch 91/160: g_loss=2.703948e+00, d_loss=1.278889e+00
gan epoch 92/160: g_loss=2.704019e+00, d_loss=1.278904e+00
gan epoch 93/160: g_loss=2.703180e+00, d_loss=1.278889e+00
gan epoch 94/160: g_loss=2.703159e+00, d_loss=1.278966e+00
gan epoch 95/160: g_loss=2.704781e+00, d_loss=1.278717e+00
gan epoch 96/160: g_loss=2.704136e+00, d_loss=1.278958e+00
gan epoch 97/160: g_loss=2.702554e+00, d_loss=1.279086e+00
gan epoch 98/160: g_loss=2.704039e+00, d_loss=1.279182e+00
gan epoch 99/160: g_loss=2.705065e+00, d_loss=1.279156e+00
gan epoch 100/160: g_loss=2.703334e+00, d_loss=1.279233e+00
gan epoch 101/160: g_loss=2.703239e+00, d_loss=1.279458e+00
gan epoch 102/160: g_loss=2.703788e+00, d_loss=1.279409e+00
gan epoch 103/160: g_loss=2.703612e+00, d_loss=1.279305e+00
gan epoch 104/160: g_loss=2.703402e+00, d_loss=1.279531e+00
gan epoch 105/160: g_loss=2.702721e+00, d_loss=1.279646e+00
gan epoch 106/160: g_loss=2.702128e+00, d_loss=1.279608e+00
gan epoch 107/160: g_loss=2.703957e+00, d_loss=1.279369e+00
gan epoch 108/160: g_loss=2.703974e+00, d_loss=1.279443e+00
gan epoch 109/160: g_loss=2.703767e+00, d_loss=1.279404e+00
gan epoch 110/160: g_loss=2.702631e+00, d_loss=1.279462e+00
gan epoch 111/160: g_loss=2.702491e+00, d_loss=1.279482e+00
gan epoch 112/160: g_loss=2.701578e+00, d_loss=1.279533e+00
gan epoch 113/160: g_loss=2.702443e+00, d_loss=1.279655e+00
gan epoch 114/160: g_loss=2.702985e+00, d_loss=1.279700e+00
gan epoch 115/160: g_loss=2.702815e+00, d_loss=1.279785e+00
gan epoch 116/160: g_loss=2.702961e+00, d_loss=1.279666e+00
gan epoch 117/160: g_loss=2.703509e+00, d_loss=1.279777e+00
gan epoch 118/160: g_loss=2.703005e+00, d_loss=1.279660e+00
gan epoch 119/160: g_loss=2.703572e+00, d_loss=1.279576e+00
gan epoch 120/160: g_loss=2.703115e+00, d_loss=1.279844e+00
gan epoch 121/160: g_loss=2.702180e+00, d_loss=1.280139e+00
gan epoch 122/160: g_loss=2.702404e+00, d_loss=1.279764e+00
gan epoch 123/160: g_loss=2.702474e+00, d_loss=1.279832e+00
gan epoch 124/160: g_loss=2.703038e+00, d_loss=1.279839e+00
gan epoch 125/160: g_loss=2.702767e+00, d_loss=1.279720e+00
gan epoch 126/160: g_loss=2.702561e+00, d_loss=1.279815e+00
gan epoch 127/160: g_loss=2.701745e+00, d_loss=1.280210e+00
gan epoch 128/160: g_loss=2.702168e+00, d_loss=1.280058e+00
gan epoch 129/160: g_loss=2.702485e+00, d_loss=1.280206e+00
gan epoch 130/160: g_loss=2.702361e+00, d_loss=1.279714e+00
gan epoch 131/160: g_loss=2.701589e+00, d_loss=1.280053e+00
gan epoch 132/160: g_loss=2.702468e+00, d_loss=1.280021e+00
gan epoch 133/160: g_loss=2.701030e+00, d_loss=1.279953e+00
gan epoch 134/160: g_loss=2.702754e+00, d_loss=1.279830e+00
gan epoch 135/160: g_loss=2.702468e+00, d_loss=1.280096e+00
gan epoch 136/160: g_loss=2.701834e+00, d_loss=1.280201e+00
gan epoch 137/160: g_loss=2.701394e+00, d_loss=1.280367e+00
gan epoch 138/160: g_loss=2.701336e+00, d_loss=1.280269e+00
gan epoch 139/160: g_loss=2.701825e+00, d_loss=1.280189e+00
gan epoch 140/160: g_loss=2.701447e+00, d_loss=1.280128e+00
gan epoch 141/160: g_loss=2.701912e+00, d_loss=1.279969e+00
gan epoch 142/160: g_loss=2.700996e+00, d_loss=1.279930e+00
gan epoch 143/160: g_loss=2.702318e+00, d_loss=1.279985e+00
gan epoch 144/160: g_loss=2.702660e+00, d_loss=1.279942e+00
gan epoch 145/160: g_loss=2.701967e+00, d_loss=1.280187e+00
gan epoch 146/160: g_loss=2.701514e+00, d_loss=1.280111e+00
gan epoch 147/160: g_loss=2.701486e+00, d_loss=1.280351e+00
gan epoch 148/160: g_loss=2.701883e+00, d_loss=1.280097e+00
gan epoch 149/160: g_loss=2.701663e+00, d_loss=1.280284e+00
gan epoch 150/160: g_loss=2.702219e+00, d_loss=1.280165e+00
gan epoch 151/160: g_loss=2.702279e+00, d_loss=1.279941e+00
gan epoch 152/160: g_loss=2.701162e+00, d_loss=1.280569e+00
gan epoch 153/160: g_loss=2.701758e+00, d_loss=1.280009e+00
gan epoch 154/160: g_loss=2.702065e+00, d_loss=1.280659e+00
gan epoch 155/160: g_loss=2.701926e+00, d_loss=1.280006e+00
gan epoch 156/160: g_loss=2.702141e+00, d_loss=1.280478e+00
gan epoch 157/160: g_loss=2.701708e+00, d_loss=1.279989e+00
gan epoch 158/160: g_loss=2.701898e+00, d_loss=1.280776e+00
gan epoch 159/160: g_loss=2.702694e+00, d_loss=1.280695e+00
gan epoch 160/160: g_loss=2.702372e+00, d_loss=1.280754e+00
[benchmark] matplotlib not available; skipping plot generation
{
  "output_json": "/home/rifr807e/repos/conditional_drifting_models/results_hpc/20260318_135508/paper2309_benchmark_seed10/paper2309_benchmark_summary.json",
  "output_dir": "/home/rifr807e/repos/conditional_drifting_models/results_hpc/20260318_135508/paper2309_benchmark_seed10",
  "channels": [
    "AWGN",
    "Rayleigh",
    "SSPA"
  ]
}

[seed-runner] exit_code: 0
[seed-runner] elapsed_seconds: 15752.090
