[seed-runner] start 2026-03-18T18:19:43Z
[seed-runner] label: optfib
[seed-runner] cwd: /home/h3/rifr807e/repos/conditional_drifting_models
[seed-runner] command: /software/genoa/r24.04/Python/3.11.3-GCCcore-12.3.0/bin/python -u scripts/compare_optional_baselines.py --device cuda --seed 11 --channel OptFib --dataset-size 120000 --epochs 60 --batch-size 512 --eval-size 100000 --num-steps 100 --ddim-steps 100 --out-dir /home/rifr807e/repos/conditional_drifting_models/results_hpc/20260318_135508/optfib_seed11

epoch 1/60: loss=6.842776e-03, drift=1.011921e-01
epoch 2/60: loss=6.116280e-03, drift=9.506830e-02
epoch 3/60: loss=6.806548e-03, drift=9.930047e-02
epoch 4/60: loss=6.244528e-03, drift=9.293747e-02
epoch 5/60: loss=6.491593e-03, drift=9.184023e-02
epoch 6/60: loss=6.236932e-03, drift=9.072355e-02
epoch 7/60: loss=5.650887e-03, drift=8.509021e-02
epoch 8/60: loss=5.461921e-03, drift=8.354124e-02
epoch 9/60: loss=5.314028e-03, drift=8.337077e-02
epoch 10/60: loss=5.391420e-03, drift=8.411808e-02
epoch 11/60: loss=4.738678e-03, drift=7.794849e-02
epoch 12/60: loss=4.309410e-03, drift=7.189315e-02
epoch 13/60: loss=4.304263e-03, drift=7.456089e-02
epoch 14/60: loss=4.079364e-03, drift=7.019260e-02
epoch 15/60: loss=3.543917e-03, drift=6.383151e-02
epoch 16/60: loss=3.789312e-03, drift=6.795926e-02
epoch 17/60: loss=3.737822e-03, drift=6.682905e-02
epoch 18/60: loss=3.558440e-03, drift=6.489823e-02
epoch 19/60: loss=3.453950e-03, drift=6.420795e-02
epoch 20/60: loss=3.516672e-03, drift=6.585055e-02
epoch 21/60: loss=3.774202e-03, drift=6.722027e-02
epoch 22/60: loss=3.327115e-03, drift=6.262217e-02
epoch 23/60: loss=3.318895e-03, drift=6.423218e-02
epoch 24/60: loss=3.318791e-03, drift=6.272914e-02
epoch 25/60: loss=3.360134e-03, drift=6.429984e-02
epoch 26/60: loss=3.345471e-03, drift=6.368738e-02
epoch 27/60: loss=3.392229e-03, drift=6.455961e-02
epoch 28/60: loss=3.368159e-03, drift=6.459264e-02
epoch 29/60: loss=3.404095e-03, drift=6.405631e-02
epoch 30/60: loss=3.375006e-03, drift=6.307578e-02
epoch 31/60: loss=3.271069e-03, drift=6.364537e-02
epoch 32/60: loss=2.958499e-03, drift=6.013355e-02
epoch 33/60: loss=3.215696e-03, drift=6.313833e-02
epoch 34/60: loss=3.407652e-03, drift=6.467398e-02
epoch 35/60: loss=3.339558e-03, drift=6.524934e-02
epoch 36/60: loss=3.453188e-03, drift=6.611880e-02
epoch 37/60: loss=3.263010e-03, drift=6.382571e-02
epoch 38/60: loss=3.552311e-03, drift=6.679769e-02
epoch 39/60: loss=3.171825e-03, drift=6.283937e-02
epoch 40/60: loss=3.238457e-03, drift=6.313294e-02
epoch 41/60: loss=3.289121e-03, drift=6.315250e-02
epoch 42/60: loss=3.372672e-03, drift=6.506634e-02
epoch 43/60: loss=3.100164e-03, drift=6.127476e-02
epoch 44/60: loss=3.247873e-03, drift=6.269969e-02
epoch 45/60: loss=3.203994e-03, drift=6.217350e-02
epoch 46/60: loss=3.307256e-03, drift=6.232561e-02
epoch 47/60: loss=2.978746e-03, drift=6.104886e-02
epoch 48/60: loss=3.445192e-03, drift=6.474506e-02
epoch 49/60: loss=3.135863e-03, drift=6.175001e-02
epoch 50/60: loss=3.340915e-03, drift=6.304877e-02
epoch 51/60: loss=3.318984e-03, drift=6.403672e-02
epoch 52/60: loss=3.513838e-03, drift=6.597232e-02
epoch 53/60: loss=3.151695e-03, drift=6.111255e-02
epoch 54/60: loss=3.181643e-03, drift=6.155830e-02
epoch 55/60: loss=3.434818e-03, drift=6.447595e-02
epoch 56/60: loss=3.314283e-03, drift=6.391202e-02
epoch 57/60: loss=3.307793e-03, drift=6.286521e-02
epoch 58/60: loss=3.175764e-03, drift=6.180469e-02
epoch 59/60: loss=3.110841e-03, drift=6.086233e-02
epoch 60/60: loss=3.341592e-03, drift=6.387058e-02
diff epoch 1/60: loss=6.803112e-01, lr=1.000e-03
diff epoch 2/60: loss=5.099184e-01, lr=1.000e-03
diff epoch 3/60: loss=4.991783e-01, lr=1.000e-03
diff epoch 4/60: loss=4.954316e-01, lr=1.000e-03
diff epoch 5/60: loss=4.969978e-01, lr=1.000e-03
diff epoch 6/60: loss=4.927427e-01, lr=1.000e-03
diff epoch 7/60: loss=4.927329e-01, lr=1.000e-03
diff epoch 8/60: loss=4.874750e-01, lr=1.000e-03
diff epoch 9/60: loss=4.821274e-01, lr=1.000e-03
diff epoch 10/60: loss=4.746494e-01, lr=1.000e-03
diff epoch 11/60: loss=4.638864e-01, lr=1.000e-03
diff epoch 12/60: loss=4.564184e-01, lr=1.000e-03
diff epoch 13/60: loss=4.417767e-01, lr=1.000e-03
diff epoch 14/60: loss=4.351953e-01, lr=1.000e-03
diff epoch 15/60: loss=4.264736e-01, lr=1.000e-03
diff epoch 16/60: loss=4.258240e-01, lr=1.000e-03
diff epoch 17/60: loss=4.165509e-01, lr=1.000e-03
diff epoch 18/60: loss=4.103583e-01, lr=1.000e-03
diff epoch 19/60: loss=4.014082e-01, lr=1.000e-03
diff epoch 20/60: loss=3.930483e-01, lr=1.000e-03
diff epoch 21/60: loss=3.877021e-01, lr=1.000e-03
diff epoch 22/60: loss=3.790524e-01, lr=1.000e-03
diff epoch 23/60: loss=3.714992e-01, lr=1.000e-03
diff epoch 24/60: loss=3.702008e-01, lr=1.000e-03
diff epoch 25/60: loss=3.633009e-01, lr=1.000e-03
diff epoch 26/60: loss=3.620297e-01, lr=1.000e-03
diff epoch 27/60: loss=3.558159e-01, lr=1.000e-03
diff epoch 28/60: loss=3.560322e-01, lr=1.000e-03
diff epoch 29/60: loss=3.526177e-01, lr=1.000e-03
diff epoch 30/60: loss=3.519733e-01, lr=1.000e-03
diff epoch 31/60: loss=3.507818e-01, lr=1.000e-03
diff epoch 32/60: loss=3.455397e-01, lr=1.000e-03
diff epoch 33/60: loss=3.462193e-01, lr=1.000e-03
diff epoch 34/60: loss=3.424213e-01, lr=1.000e-03
diff epoch 35/60: loss=3.449152e-01, lr=1.000e-03
diff epoch 36/60: loss=3.426028e-01, lr=1.000e-03
diff epoch 37/60: loss=3.388598e-01, lr=1.000e-03
diff epoch 38/60: loss=3.412386e-01, lr=1.000e-03
diff epoch 39/60: loss=3.418864e-01, lr=1.000e-03
diff epoch 40/60: loss=3.379873e-01, lr=1.000e-03
diff epoch 41/60: loss=3.375224e-01, lr=1.000e-03
diff epoch 42/60: loss=3.390827e-01, lr=1.000e-03
diff epoch 43/60: loss=3.378271e-01, lr=1.000e-03
diff epoch 44/60: loss=3.388394e-01, lr=1.000e-03
diff epoch 45/60: loss=3.333242e-01, lr=1.000e-03
diff epoch 46/60: loss=3.359396e-01, lr=1.000e-03
diff epoch 47/60: loss=3.350684e-01, lr=1.000e-03
diff epoch 48/60: loss=3.360816e-01, lr=1.000e-03
diff epoch 49/60: loss=3.313459e-01, lr=1.000e-03
diff epoch 50/60: loss=3.322063e-01, lr=1.000e-03
diff epoch 51/60: loss=3.336890e-01, lr=1.000e-03
diff epoch 52/60: loss=3.316499e-01, lr=1.000e-03
diff epoch 53/60: loss=3.315063e-01, lr=1.000e-03
diff epoch 54/60: loss=3.328834e-01, lr=1.000e-03
diff epoch 55/60: loss=3.363117e-01, lr=1.000e-03
diff epoch 56/60: loss=3.301995e-01, lr=1.000e-03
diff epoch 57/60: loss=3.321429e-01, lr=1.000e-03
diff epoch 58/60: loss=3.293269e-01, lr=1.000e-03
diff epoch 59/60: loss=3.315770e-01, lr=1.000e-03
diff epoch 60/60: loss=3.298402e-01, lr=1.000e-03
gan epoch 1/60: g_loss=3.071344e+00, d_loss=1.196012e+00
gan epoch 2/60: g_loss=3.135672e+00, d_loss=1.086185e+00
gan epoch 3/60: g_loss=3.223500e+00, d_loss=1.042111e+00
gan epoch 4/60: g_loss=3.275436e+00, d_loss=1.013827e+00
gan epoch 5/60: g_loss=3.308332e+00, d_loss=9.898148e-01
gan epoch 6/60: g_loss=3.304453e+00, d_loss=9.706511e-01
gan epoch 7/60: g_loss=3.327724e+00, d_loss=9.563659e-01
gan epoch 8/60: g_loss=3.345540e+00, d_loss=9.418841e-01
gan epoch 9/60: g_loss=3.328244e+00, d_loss=9.315932e-01
gan epoch 10/60: g_loss=3.340030e+00, d_loss=9.207295e-01
gan epoch 11/60: g_loss=3.351113e+00, d_loss=9.116634e-01
gan epoch 12/60: g_loss=3.348816e+00, d_loss=9.036526e-01
gan epoch 13/60: g_loss=3.343093e+00, d_loss=8.970967e-01
gan epoch 14/60: g_loss=3.347263e+00, d_loss=8.922510e-01
gan epoch 15/60: g_loss=3.355302e+00, d_loss=8.889761e-01
gan epoch 16/60: g_loss=3.339772e+00, d_loss=8.835139e-01
gan epoch 17/60: g_loss=3.325358e+00, d_loss=8.765900e-01
gan epoch 18/60: g_loss=3.319278e+00, d_loss=8.737371e-01
gan epoch 19/60: g_loss=3.296113e+00, d_loss=8.706348e-01
gan epoch 20/60: g_loss=3.289265e+00, d_loss=8.690701e-01
gan epoch 21/60: g_loss=3.286294e+00, d_loss=8.690179e-01
gan epoch 22/60: g_loss=3.279168e+00, d_loss=8.669160e-01
gan epoch 23/60: g_loss=3.281990e+00, d_loss=8.657133e-01
gan epoch 24/60: g_loss=3.289609e+00, d_loss=8.656171e-01
gan epoch 25/60: g_loss=3.296623e+00, d_loss=8.635736e-01
gan epoch 26/60: g_loss=3.278702e+00, d_loss=8.621679e-01
gan epoch 27/60: g_loss=3.284742e+00, d_loss=8.631012e-01
gan epoch 28/60: g_loss=3.286276e+00, d_loss=8.621836e-01
gan epoch 29/60: g_loss=3.279992e+00, d_loss=8.622516e-01
gan epoch 30/60: g_loss=3.267625e+00, d_loss=8.626093e-01
gan epoch 31/60: g_loss=3.277056e+00, d_loss=8.597050e-01
gan epoch 32/60: g_loss=3.270059e+00, d_loss=8.611754e-01
gan epoch 33/60: g_loss=3.290039e+00, d_loss=8.591968e-01
gan epoch 34/60: g_loss=3.284732e+00, d_loss=8.594459e-01
gan epoch 35/60: g_loss=3.276277e+00, d_loss=8.593475e-01
gan epoch 36/60: g_loss=3.273808e+00, d_loss=8.603245e-01
gan epoch 37/60: g_loss=3.278702e+00, d_loss=8.591956e-01
gan epoch 38/60: g_loss=3.280671e+00, d_loss=8.591320e-01
gan epoch 39/60: g_loss=3.272450e+00, d_loss=8.597582e-01
gan epoch 40/60: g_loss=3.266150e+00, d_loss=8.570117e-01
gan epoch 41/60: g_loss=3.271525e+00, d_loss=8.576776e-01
gan epoch 42/60: g_loss=3.272266e+00, d_loss=8.580832e-01
gan epoch 43/60: g_loss=3.276751e+00, d_loss=8.560847e-01
gan epoch 44/60: g_loss=3.270569e+00, d_loss=8.572724e-01
gan epoch 45/60: g_loss=3.274052e+00, d_loss=8.566515e-01
gan epoch 46/60: g_loss=3.278071e+00, d_loss=8.577989e-01
gan epoch 47/60: g_loss=3.278430e+00, d_loss=8.571858e-01
gan epoch 48/60: g_loss=3.270052e+00, d_loss=8.580298e-01
gan epoch 49/60: g_loss=3.274471e+00, d_loss=8.567950e-01
gan epoch 50/60: g_loss=3.270391e+00, d_loss=8.559319e-01
gan epoch 51/60: g_loss=3.251675e+00, d_loss=8.560160e-01
gan epoch 52/60: g_loss=3.287450e+00, d_loss=8.565527e-01
gan epoch 53/60: g_loss=3.276106e+00, d_loss=8.559634e-01
gan epoch 54/60: g_loss=3.271205e+00, d_loss=8.575158e-01
gan epoch 55/60: g_loss=3.276934e+00, d_loss=8.555231e-01
gan epoch 56/60: g_loss=3.264019e+00, d_loss=8.564077e-01
gan epoch 57/60: g_loss=3.271011e+00, d_loss=8.565884e-01
gan epoch 58/60: g_loss=3.270563e+00, d_loss=8.554097e-01
gan epoch 59/60: g_loss=3.282568e+00, d_loss=8.552783e-01
gan epoch 60/60: g_loss=3.264672e+00, d_loss=8.552325e-01
[benchmark] matplotlib not available; skipping plot generation
{
  "channel": "OptFib",
  "device": "cuda",
  "drifting_swd": 0.06429113447666168,
  "ddpm_swd": 0.013225761242210865,
  "ddim_swd": 0.05928964540362358,
  "gan_swd": 0.278827428817749,
  "json": "/home/rifr807e/repos/conditional_drifting_models/results_hpc/20260318_135508/optfib_seed11/baseline_compare_optfib.json"
}

[seed-runner] exit_code: 0
[seed-runner] elapsed_seconds: 391.986
