[seed-runner] start 2026-03-18T14:03:23Z
[seed-runner] label: paper
[seed-runner] cwd: /home/h3/rifr807e/repos/conditional_drifting_models
[seed-runner] command: /software/genoa/r24.04/Python/3.11.3-GCCcore-12.3.0/bin/python -u scripts/run_paper2309_benchmark.py --device cuda --seed 16 --channels AWGN,Rayleigh,SSPA --eval-size 1000000 --include-gan-fa --out-dir /home/rifr807e/repos/conditional_drifting_models/results_hpc/20260318_135508/paper2309_benchmark_seed16

epoch 1/30: loss=6.292895e-04, drift=6.318655e-02
epoch 2/30: loss=3.497668e-04, drift=4.734074e-02
epoch 3/30: loss=1.905630e-04, drift=3.488121e-02
epoch 4/30: loss=1.268635e-04, drift=2.866294e-02
epoch 5/30: loss=1.182632e-04, drift=2.772874e-02
epoch 6/30: loss=1.149585e-04, drift=2.743087e-02
epoch 7/30: loss=1.119895e-04, drift=2.702090e-02
epoch 8/30: loss=1.109096e-04, drift=2.690164e-02
epoch 9/30: loss=1.067174e-04, drift=2.635634e-02
epoch 10/30: loss=1.060722e-04, drift=2.631722e-02
epoch 11/30: loss=1.041469e-04, drift=2.609682e-02
epoch 12/30: loss=1.031740e-04, drift=2.591668e-02
epoch 13/30: loss=1.049640e-04, drift=2.613869e-02
epoch 14/30: loss=9.999328e-05, drift=2.553550e-02
epoch 15/30: loss=1.016524e-04, drift=2.574342e-02
epoch 16/30: loss=1.012456e-04, drift=2.565309e-02
epoch 17/30: loss=9.883806e-05, drift=2.538892e-02
epoch 18/30: loss=9.913253e-05, drift=2.539344e-02
epoch 19/30: loss=9.755448e-05, drift=2.520332e-02
epoch 20/30: loss=9.922156e-05, drift=2.538082e-02
epoch 21/30: loss=9.648530e-05, drift=2.507759e-02
epoch 22/30: loss=9.594684e-05, drift=2.502082e-02
epoch 23/30: loss=9.633958e-05, drift=2.505161e-02
epoch 24/30: loss=9.652430e-05, drift=2.510049e-02
epoch 25/30: loss=9.719268e-05, drift=2.517565e-02
epoch 26/30: loss=9.499197e-05, drift=2.492262e-02
epoch 27/30: loss=9.485606e-05, drift=2.487044e-02
epoch 28/30: loss=9.429454e-05, drift=2.479122e-02
epoch 29/30: loss=9.667290e-05, drift=2.515822e-02
epoch 30/30: loss=9.447806e-05, drift=2.481108e-02
diff epoch 1/30: loss=5.671448e-01, lr=1.000e-03
diff epoch 2/30: loss=5.211954e-01, lr=1.000e-03
diff epoch 3/30: loss=5.206660e-01, lr=1.000e-03
diff epoch 4/30: loss=5.204093e-01, lr=1.000e-03
diff epoch 5/30: loss=5.201141e-01, lr=1.000e-03
diff epoch 6/30: loss=5.200135e-01, lr=1.000e-03
diff epoch 7/30: loss=5.201023e-01, lr=1.000e-03
diff epoch 8/30: loss=5.198575e-01, lr=1.000e-03
diff epoch 9/30: loss=5.198770e-01, lr=1.000e-03
diff epoch 10/30: loss=5.196416e-01, lr=1.000e-03
diff epoch 11/30: loss=5.191445e-01, lr=1.000e-04
diff epoch 12/30: loss=5.190595e-01, lr=1.000e-04
diff epoch 13/30: loss=5.191520e-01, lr=1.000e-04
diff epoch 14/30: loss=5.190132e-01, lr=1.000e-04
diff epoch 15/30: loss=5.189957e-01, lr=1.000e-04
diff epoch 16/30: loss=5.191140e-01, lr=1.000e-04
diff epoch 17/30: loss=5.189905e-01, lr=1.000e-04
diff epoch 18/30: loss=5.190449e-01, lr=1.000e-04
diff epoch 19/30: loss=5.188302e-01, lr=1.000e-04
diff epoch 20/30: loss=5.189098e-01, lr=1.000e-04
diff epoch 21/30: loss=5.188065e-01, lr=1.000e-04
diff epoch 22/30: loss=5.190841e-01, lr=1.000e-04
diff epoch 23/30: loss=5.187538e-01, lr=1.000e-04
diff epoch 24/30: loss=5.190288e-01, lr=1.000e-04
diff epoch 25/30: loss=5.188853e-01, lr=1.000e-04
diff epoch 26/30: loss=5.189074e-01, lr=1.000e-04
diff epoch 27/30: loss=5.188035e-01, lr=1.000e-04
diff epoch 28/30: loss=5.188196e-01, lr=1.000e-04
diff epoch 29/30: loss=5.189231e-01, lr=1.000e-04
diff epoch 30/30: loss=5.189807e-01, lr=1.000e-04
[AWGN] diffusion training complete; starting evaluation
[AWGN] DDPM chunk 1/1: batch=1000000, sample=0.66s, total=0.66s, elapsed=0.66s, eta=0.00s
[AWGN] DDPM done: swd=0.007059, sample=0.66s, swd_eval=0.24s
[AWGN] DDIM-100 chunk 1/1: batch=1000000, sample=0.60s, total=0.60s, elapsed=0.60s, eta=0.00s
[AWGN] DDIM-100 done: swd=0.004312, sample=0.60s, swd_eval=0.28s
[AWGN] DDIM-50 chunk 1/1: batch=1000000, sample=0.20s, total=0.20s, elapsed=0.20s, eta=0.00s
[AWGN] DDIM-50 done: swd=0.006390, sample=0.20s, swd_eval=0.28s
[AWGN] DDIM-20 chunk 1/1: batch=1000000, sample=0.01s, total=0.01s, elapsed=0.01s, eta=0.00s
[AWGN] DDIM-20 done: swd=0.014187, sample=0.01s, swd_eval=0.24s
[AWGN] DDIM-10 chunk 1/1: batch=1000000, sample=0.00s, total=0.00s, elapsed=0.01s, eta=0.00s
[AWGN] DDIM-10 done: swd=0.026284, sample=0.00s, swd_eval=0.16s
gan epoch 1/30: g_loss=4.534272e+00, d_loss=1.201508e+00
gan epoch 2/30: g_loss=4.476167e+00, d_loss=1.186613e+00
gan epoch 3/30: g_loss=4.499397e+00, d_loss=1.185425e+00
gan epoch 4/30: g_loss=4.507245e+00, d_loss=1.163362e+00
gan epoch 5/30: g_loss=4.504936e+00, d_loss=1.151720e+00
gan epoch 6/30: g_loss=4.505532e+00, d_loss=1.152763e+00
gan epoch 7/30: g_loss=4.504950e+00, d_loss=1.152980e+00
gan epoch 8/30: g_loss=4.504899e+00, d_loss=1.153189e+00
gan epoch 9/30: g_loss=4.504124e+00, d_loss=1.153134e+00
gan epoch 10/30: g_loss=4.503188e+00, d_loss=1.153398e+00
gan epoch 11/30: g_loss=4.504368e+00, d_loss=1.152867e+00
gan epoch 12/30: g_loss=4.503482e+00, d_loss=1.152370e+00
gan epoch 13/30: g_loss=4.503291e+00, d_loss=1.152926e+00
gan epoch 14/30: g_loss=4.504523e+00, d_loss=1.152803e+00
gan epoch 15/30: g_loss=4.504140e+00, d_loss=1.151959e+00
gan epoch 16/30: g_loss=4.504146e+00, d_loss=1.152067e+00
gan epoch 17/30: g_loss=4.504198e+00, d_loss=1.151454e+00
gan epoch 18/30: g_loss=4.503384e+00, d_loss=1.150940e+00
gan epoch 19/30: g_loss=4.503228e+00, d_loss=1.150409e+00
gan epoch 20/30: g_loss=4.503777e+00, d_loss=1.150251e+00
gan epoch 21/30: g_loss=4.503864e+00, d_loss=1.150247e+00
gan epoch 22/30: g_loss=4.504292e+00, d_loss=1.150368e+00
gan epoch 23/30: g_loss=4.504548e+00, d_loss=1.149827e+00
gan epoch 24/30: g_loss=4.502678e+00, d_loss=1.149954e+00
gan epoch 25/30: g_loss=4.504108e+00, d_loss=1.149854e+00
gan epoch 26/30: g_loss=4.504254e+00, d_loss=1.149865e+00
gan epoch 27/30: g_loss=4.505276e+00, d_loss=1.150066e+00
gan epoch 28/30: g_loss=4.505743e+00, d_loss=1.149649e+00
gan epoch 29/30: g_loss=4.505241e+00, d_loss=1.149448e+00
gan epoch 30/30: g_loss=4.504518e+00, d_loss=1.149296e+00
epoch 1/30: loss=5.220007e-04, drift=5.793612e-02
epoch 2/30: loss=2.915519e-04, drift=4.321865e-02
epoch 3/30: loss=1.564467e-04, drift=3.164654e-02
epoch 4/30: loss=1.051740e-04, drift=2.614993e-02
epoch 5/30: loss=9.266816e-05, drift=2.455613e-02
epoch 6/30: loss=8.996533e-05, drift=2.418342e-02
epoch 7/30: loss=8.541269e-05, drift=2.354161e-02
epoch 8/30: loss=8.837565e-05, drift=2.394836e-02
epoch 9/30: loss=9.002139e-05, drift=2.419442e-02
epoch 10/30: loss=8.919959e-05, drift=2.410386e-02
epoch 11/30: loss=8.969231e-05, drift=2.417928e-02
epoch 12/30: loss=8.734654e-05, drift=2.380097e-02
epoch 13/30: loss=8.578231e-05, drift=2.361441e-02
epoch 14/30: loss=8.446034e-05, drift=2.344843e-02
epoch 15/30: loss=8.405807e-05, drift=2.338938e-02
epoch 16/30: loss=8.241909e-05, drift=2.314059e-02
epoch 17/30: loss=7.968305e-05, drift=2.271365e-02
epoch 18/30: loss=8.156138e-05, drift=2.303781e-02
epoch 19/30: loss=7.843046e-05, drift=2.259232e-02
epoch 20/30: loss=7.953338e-05, drift=2.267403e-02
epoch 21/30: loss=7.638164e-05, drift=2.223437e-02
epoch 22/30: loss=8.004211e-05, drift=2.278996e-02
epoch 23/30: loss=7.478961e-05, drift=2.205883e-02
epoch 24/30: loss=8.107380e-05, drift=2.294728e-02
epoch 25/30: loss=7.910634e-05, drift=2.265517e-02
epoch 26/30: loss=7.575912e-05, drift=2.219845e-02
epoch 27/30: loss=7.972874e-05, drift=2.273791e-02
epoch 28/30: loss=7.545199e-05, drift=2.212894e-02
epoch 29/30: loss=7.727578e-05, drift=2.238215e-02
epoch 30/30: loss=7.819167e-05, drift=2.252739e-02
diff epoch 1/30: loss=5.483597e-01, lr=1.000e-03
diff epoch 2/30: loss=5.127634e-01, lr=1.000e-03
diff epoch 3/30: loss=5.075585e-01, lr=1.000e-03
diff epoch 4/30: loss=4.799731e-01, lr=1.000e-03
diff epoch 5/30: loss=4.632327e-01, lr=1.000e-03
diff epoch 6/30: loss=4.591972e-01, lr=1.000e-03
diff epoch 7/30: loss=4.577638e-01, lr=1.000e-03
diff epoch 8/30: loss=4.571159e-01, lr=1.000e-03
diff epoch 9/30: loss=4.564803e-01, lr=1.000e-03
diff epoch 10/30: loss=4.559552e-01, lr=1.000e-03
diff epoch 11/30: loss=4.550652e-01, lr=1.000e-04
diff epoch 12/30: loss=4.548845e-01, lr=1.000e-04
diff epoch 13/30: loss=4.548150e-01, lr=1.000e-04
diff epoch 14/30: loss=4.548112e-01, lr=1.000e-04
diff epoch 15/30: loss=4.546423e-01, lr=1.000e-04
diff epoch 16/30: loss=4.547098e-01, lr=1.000e-04
diff epoch 17/30: loss=4.545382e-01, lr=1.000e-04
diff epoch 18/30: loss=4.544729e-01, lr=1.000e-04
diff epoch 19/30: loss=4.544454e-01, lr=1.000e-04
diff epoch 20/30: loss=4.544372e-01, lr=1.000e-04
diff epoch 21/30: loss=4.544833e-01, lr=1.000e-04
diff epoch 22/30: loss=4.543749e-01, lr=1.000e-04
diff epoch 23/30: loss=4.544095e-01, lr=1.000e-04
diff epoch 24/30: loss=4.541824e-01, lr=1.000e-04
diff epoch 25/30: loss=4.545602e-01, lr=1.000e-04
diff epoch 26/30: loss=4.544504e-01, lr=1.000e-04
diff epoch 27/30: loss=4.542030e-01, lr=1.000e-04
diff epoch 28/30: loss=4.542263e-01, lr=1.000e-04
diff epoch 29/30: loss=4.544042e-01, lr=1.000e-04
diff epoch 30/30: loss=4.546245e-01, lr=1.000e-04
[Rayleigh] diffusion training complete; starting evaluation
[Rayleigh] DDPM chunk 1/1: batch=1000000, sample=0.75s, total=0.75s, elapsed=0.75s, eta=0.00s
[Rayleigh] DDPM done: swd=0.007970, sample=0.75s, swd_eval=0.27s
[Rayleigh] DDIM-100 chunk 1/1: batch=1000000, sample=0.69s, total=0.69s, elapsed=0.69s, eta=0.00s
[Rayleigh] DDIM-100 done: swd=0.004893, sample=0.69s, swd_eval=0.31s
[Rayleigh] DDIM-50 chunk 1/1: batch=1000000, sample=0.23s, total=0.23s, elapsed=0.23s, eta=0.00s
[Rayleigh] DDIM-50 done: swd=0.006933, sample=0.23s, swd_eval=0.31s
[Rayleigh] DDIM-20 chunk 1/1: batch=1000000, sample=0.01s, total=0.01s, elapsed=0.01s, eta=0.00s
[Rayleigh] DDIM-20 done: swd=0.015820, sample=0.01s, swd_eval=0.26s
[Rayleigh] DDIM-10 chunk 1/1: batch=1000000, sample=0.00s, total=0.01s, elapsed=0.01s, eta=0.00s
[Rayleigh] DDIM-10 done: swd=0.027638, sample=0.00s, swd_eval=0.17s
gan epoch 1/30: g_loss=4.179133e+00, d_loss=1.205086e+00
gan epoch 2/30: g_loss=4.055781e+00, d_loss=1.193578e+00
gan epoch 3/30: g_loss=4.052433e+00, d_loss=1.191348e+00
gan epoch 4/30: g_loss=4.051837e+00, d_loss=1.189117e+00
gan epoch 5/30: g_loss=4.052384e+00, d_loss=1.186809e+00
gan epoch 6/30: g_loss=4.055191e+00, d_loss=1.185243e+00
gan epoch 7/30: g_loss=4.053367e+00, d_loss=1.184838e+00
gan epoch 8/30: g_loss=4.054149e+00, d_loss=1.184411e+00
gan epoch 9/30: g_loss=4.054572e+00, d_loss=1.184016e+00
gan epoch 10/30: g_loss=4.052939e+00, d_loss=1.183846e+00
gan epoch 11/30: g_loss=4.054500e+00, d_loss=1.183992e+00
gan epoch 12/30: g_loss=4.053438e+00, d_loss=1.183911e+00
gan epoch 13/30: g_loss=4.053144e+00, d_loss=1.184102e+00
gan epoch 14/30: g_loss=4.051728e+00, d_loss=1.184445e+00
gan epoch 15/30: g_loss=4.052217e+00, d_loss=1.184388e+00
gan epoch 16/30: g_loss=4.052645e+00, d_loss=1.184309e+00
gan epoch 17/30: g_loss=4.052463e+00, d_loss=1.184597e+00
gan epoch 18/30: g_loss=4.052485e+00, d_loss=1.184573e+00
gan epoch 19/30: g_loss=4.052992e+00, d_loss=1.184212e+00
gan epoch 20/30: g_loss=4.051236e+00, d_loss=1.184759e+00
gan epoch 21/30: g_loss=4.052736e+00, d_loss=1.184473e+00
gan epoch 22/30: g_loss=4.051986e+00, d_loss=1.184591e+00
gan epoch 23/30: g_loss=4.050049e+00, d_loss=1.184637e+00
gan epoch 24/30: g_loss=4.051513e+00, d_loss=1.184666e+00
gan epoch 25/30: g_loss=4.051781e+00, d_loss=1.184493e+00
gan epoch 26/30: g_loss=4.050605e+00, d_loss=1.184539e+00
gan epoch 27/30: g_loss=4.052539e+00, d_loss=1.184018e+00
gan epoch 28/30: g_loss=4.051019e+00, d_loss=1.184166e+00
gan epoch 29/30: g_loss=4.050959e+00, d_loss=1.184210e+00
gan epoch 30/30: g_loss=4.050991e+00, d_loss=1.184137e+00
epoch 1/160: loss=6.909236e-04, drift=7.136967e-02
epoch 2/160: loss=3.103422e-04, drift=4.770890e-02
epoch 3/160: loss=1.485105e-04, drift=3.320529e-02
epoch 4/160: loss=1.172072e-04, drift=2.969403e-02
epoch 5/160: loss=1.101165e-04, drift=2.877069e-02
epoch 6/160: loss=1.087787e-04, drift=2.863665e-02
epoch 7/160: loss=1.051453e-04, drift=2.807974e-02
epoch 8/160: loss=9.916599e-05, drift=2.730946e-02
epoch 9/160: loss=9.904343e-05, drift=2.727796e-02
epoch 10/160: loss=9.429569e-05, drift=2.659794e-02
epoch 11/160: loss=9.597991e-05, drift=2.687425e-02
epoch 12/160: loss=9.285774e-05, drift=2.640914e-02
epoch 13/160: loss=9.012360e-05, drift=2.608024e-02
epoch 14/160: loss=8.790615e-05, drift=2.572879e-02
epoch 15/160: loss=8.767562e-05, drift=2.568677e-02
epoch 16/160: loss=8.502945e-05, drift=2.530093e-02
epoch 17/160: loss=8.074119e-05, drift=2.463224e-02
epoch 18/160: loss=8.118784e-05, drift=2.466095e-02
epoch 19/160: loss=7.722771e-05, drift=2.407408e-02
epoch 20/160: loss=7.732342e-05, drift=2.413536e-02
epoch 21/160: loss=7.458321e-05, drift=2.370349e-02
epoch 22/160: loss=7.348909e-05, drift=2.354081e-02
epoch 23/160: loss=7.247412e-05, drift=2.335678e-02
epoch 24/160: loss=7.030522e-05, drift=2.296693e-02
epoch 25/160: loss=6.830782e-05, drift=2.263284e-02
epoch 26/160: loss=6.884295e-05, drift=2.274302e-02
epoch 27/160: loss=6.632245e-05, drift=2.232590e-02
epoch 28/160: loss=6.474322e-05, drift=2.209860e-02
epoch 29/160: loss=6.427931e-05, drift=2.198556e-02
epoch 30/160: loss=6.345833e-05, drift=2.184703e-02
epoch 31/160: loss=6.168138e-05, drift=2.151470e-02
epoch 32/160: loss=6.079111e-05, drift=2.139497e-02
epoch 33/160: loss=6.083815e-05, drift=2.137298e-02
epoch 34/160: loss=6.057509e-05, drift=2.132085e-02
epoch 35/160: loss=5.871661e-05, drift=2.096732e-02
epoch 36/160: loss=5.903743e-05, drift=2.106782e-02
epoch 37/160: loss=5.776047e-05, drift=2.079999e-02
epoch 38/160: loss=5.745078e-05, drift=2.074178e-02
epoch 39/160: loss=5.811029e-05, drift=2.088735e-02
epoch 40/160: loss=5.706966e-05, drift=2.070568e-02
epoch 41/160: loss=5.558517e-05, drift=2.042731e-02
epoch 42/160: loss=5.618147e-05, drift=2.054018e-02
epoch 43/160: loss=5.604406e-05, drift=2.050130e-02
epoch 44/160: loss=5.511314e-05, drift=2.036557e-02
epoch 45/160: loss=5.392351e-05, drift=2.012634e-02
epoch 46/160: loss=5.495322e-05, drift=2.032870e-02
epoch 47/160: loss=5.333005e-05, drift=2.000558e-02
epoch 48/160: loss=5.358863e-05, drift=2.007180e-02
epoch 49/160: loss=5.396548e-05, drift=2.011793e-02
epoch 50/160: loss=5.255162e-05, drift=1.989241e-02
epoch 51/160: loss=5.334772e-05, drift=2.003160e-02
epoch 52/160: loss=5.233456e-05, drift=1.982157e-02
epoch 53/160: loss=5.248060e-05, drift=1.985652e-02
epoch 54/160: loss=5.221644e-05, drift=1.980716e-02
epoch 55/160: loss=5.180489e-05, drift=1.972112e-02
epoch 56/160: loss=5.143598e-05, drift=1.966787e-02
epoch 57/160: loss=5.160707e-05, drift=1.966069e-02
epoch 58/160: loss=5.055924e-05, drift=1.949365e-02
epoch 59/160: loss=5.051540e-05, drift=1.947832e-02
epoch 60/160: loss=4.972965e-05, drift=1.933804e-02
epoch 61/160: loss=5.126658e-05, drift=1.963185e-02
epoch 62/160: loss=5.028837e-05, drift=1.946354e-02
epoch 63/160: loss=4.998579e-05, drift=1.937834e-02
epoch 64/160: loss=4.891993e-05, drift=1.915978e-02
epoch 65/160: loss=4.967550e-05, drift=1.932604e-02
epoch 66/160: loss=4.855599e-05, drift=1.909974e-02
epoch 67/160: loss=4.748410e-05, drift=1.891175e-02
epoch 68/160: loss=4.880039e-05, drift=1.914658e-02
epoch 69/160: loss=4.804539e-05, drift=1.899774e-02
epoch 70/160: loss=4.768533e-05, drift=1.892239e-02
epoch 71/160: loss=4.750359e-05, drift=1.889706e-02
epoch 72/160: loss=4.776743e-05, drift=1.895196e-02
epoch 73/160: loss=4.823435e-05, drift=1.901530e-02
epoch 74/160: loss=4.719763e-05, drift=1.884126e-02
epoch 75/160: loss=4.735384e-05, drift=1.885283e-02
epoch 76/160: loss=4.858861e-05, drift=1.912321e-02
epoch 77/160: loss=4.763214e-05, drift=1.891100e-02
epoch 78/160: loss=4.747298e-05, drift=1.889674e-02
epoch 79/160: loss=4.816181e-05, drift=1.901219e-02
epoch 80/160: loss=4.648362e-05, drift=1.867831e-02
epoch 81/160: loss=4.446975e-05, drift=1.828315e-02
epoch 82/160: loss=4.579411e-05, drift=1.855816e-02
epoch 83/160: loss=4.734197e-05, drift=1.886815e-02
epoch 84/160: loss=4.548664e-05, drift=1.849002e-02
epoch 85/160: loss=4.608863e-05, drift=1.862254e-02
epoch 86/160: loss=4.489457e-05, drift=1.837655e-02
epoch 87/160: loss=4.484149e-05, drift=1.836208e-02
epoch 88/160: loss=4.417277e-05, drift=1.824046e-02
epoch 89/160: loss=4.451627e-05, drift=1.829157e-02
epoch 90/160: loss=4.483690e-05, drift=1.838013e-02
epoch 91/160: loss=4.468909e-05, drift=1.831700e-02
epoch 92/160: loss=4.506221e-05, drift=1.839627e-02
epoch 93/160: loss=4.481464e-05, drift=1.836268e-02
epoch 94/160: loss=4.449851e-05, drift=1.828814e-02
epoch 95/160: loss=4.370798e-05, drift=1.810760e-02
epoch 96/160: loss=4.391876e-05, drift=1.816793e-02
epoch 97/160: loss=4.384775e-05, drift=1.816355e-02
epoch 98/160: loss=4.329898e-05, drift=1.806485e-02
epoch 99/160: loss=4.430969e-05, drift=1.825839e-02
epoch 100/160: loss=4.288670e-05, drift=1.794395e-02
epoch 101/160: loss=4.420304e-05, drift=1.822213e-02
epoch 102/160: loss=4.399216e-05, drift=1.814011e-02
epoch 103/160: loss=4.337547e-05, drift=1.807196e-02
epoch 104/160: loss=4.294375e-05, drift=1.795981e-02
epoch 105/160: loss=4.304523e-05, drift=1.798121e-02
epoch 106/160: loss=4.285087e-05, drift=1.793646e-02
epoch 107/160: loss=4.268567e-05, drift=1.790911e-02
epoch 108/160: loss=4.306337e-05, drift=1.798416e-02
epoch 109/160: loss=4.268489e-05, drift=1.788998e-02
epoch 110/160: loss=4.194256e-05, drift=1.776145e-02
epoch 111/160: loss=4.196994e-05, drift=1.776367e-02
epoch 112/160: loss=4.297167e-05, drift=1.795148e-02
epoch 113/160: loss=4.169902e-05, drift=1.770772e-02
epoch 114/160: loss=4.132777e-05, drift=1.761443e-02
epoch 115/160: loss=4.140755e-05, drift=1.764202e-02
epoch 116/160: loss=4.131776e-05, drift=1.762410e-02
epoch 117/160: loss=4.214288e-05, drift=1.778846e-02
epoch 118/160: loss=4.133053e-05, drift=1.761568e-02
epoch 119/160: loss=4.245731e-05, drift=1.785587e-02
epoch 120/160: loss=4.093104e-05, drift=1.756664e-02
epoch 121/160: loss=4.071228e-05, drift=1.748153e-02
epoch 122/160: loss=4.038978e-05, drift=1.742368e-02
epoch 123/160: loss=4.127530e-05, drift=1.761515e-02
epoch 124/160: loss=4.112450e-05, drift=1.758597e-02
epoch 125/160: loss=4.123741e-05, drift=1.761383e-02
epoch 126/160: loss=4.012326e-05, drift=1.737971e-02
epoch 127/160: loss=4.128030e-05, drift=1.761564e-02
epoch 128/160: loss=4.062574e-05, drift=1.749384e-02
epoch 129/160: loss=3.975059e-05, drift=1.728255e-02
epoch 130/160: loss=4.220289e-05, drift=1.781678e-02
epoch 131/160: loss=3.939050e-05, drift=1.719615e-02
epoch 132/160: loss=3.988493e-05, drift=1.729598e-02
epoch 133/160: loss=4.169497e-05, drift=1.768698e-02
epoch 134/160: loss=4.027707e-05, drift=1.739198e-02
epoch 135/160: loss=4.038577e-05, drift=1.743359e-02
epoch 136/160: loss=3.949774e-05, drift=1.722305e-02
epoch 137/160: loss=3.876862e-05, drift=1.706216e-02
epoch 138/160: loss=3.997189e-05, drift=1.733341e-02
epoch 139/160: loss=3.885107e-05, drift=1.711166e-02
epoch 140/160: loss=3.902811e-05, drift=1.712378e-02
epoch 141/160: loss=4.007889e-05, drift=1.734052e-02
epoch 142/160: loss=3.957266e-05, drift=1.725040e-02
epoch 143/160: loss=3.913410e-05, drift=1.717476e-02
epoch 144/160: loss=4.051388e-05, drift=1.746143e-02
epoch 145/160: loss=3.911847e-05, drift=1.716019e-02
epoch 146/160: loss=3.808616e-05, drift=1.691414e-02
epoch 147/160: loss=3.909181e-05, drift=1.715272e-02
epoch 148/160: loss=3.875278e-05, drift=1.705320e-02
epoch 149/160: loss=3.928838e-05, drift=1.718818e-02
epoch 150/160: loss=3.862406e-05, drift=1.703116e-02
epoch 151/160: loss=3.862784e-05, drift=1.704449e-02
epoch 152/160: loss=3.937535e-05, drift=1.719181e-02
epoch 153/160: loss=3.886385e-05, drift=1.707542e-02
epoch 154/160: loss=3.818504e-05, drift=1.695449e-02
epoch 155/160: loss=3.817769e-05, drift=1.694760e-02
epoch 156/160: loss=3.919734e-05, drift=1.718283e-02
epoch 157/160: loss=3.967868e-05, drift=1.728300e-02
epoch 158/160: loss=3.827543e-05, drift=1.697500e-02
epoch 159/160: loss=3.899668e-05, drift=1.711099e-02
epoch 160/160: loss=3.937688e-05, drift=1.720156e-02
diff epoch 1/160: loss=7.212243e-01, lr=1.000e-04
diff epoch 2/160: loss=5.380605e-01, lr=1.000e-04
diff epoch 3/160: loss=5.178295e-01, lr=1.000e-04
diff epoch 4/160: loss=5.115506e-01, lr=1.000e-04
diff epoch 5/160: loss=5.088558e-01, lr=1.000e-04
diff epoch 6/160: loss=5.062309e-01, lr=1.000e-04
diff epoch 7/160: loss=5.021238e-01, lr=1.000e-04
diff epoch 8/160: loss=4.913206e-01, lr=1.000e-04
diff epoch 9/160: loss=4.693295e-01, lr=1.000e-04
diff epoch 10/160: loss=4.338608e-01, lr=1.000e-04
diff epoch 11/160: loss=3.822222e-01, lr=1.000e-04
diff epoch 12/160: loss=3.276901e-01, lr=1.000e-04
diff epoch 13/160: loss=2.884565e-01, lr=1.000e-04
diff epoch 14/160: loss=2.669403e-01, lr=1.000e-04
diff epoch 15/160: loss=2.547974e-01, lr=1.000e-04
diff epoch 16/160: loss=2.469188e-01, lr=1.000e-04
diff epoch 17/160: loss=2.416916e-01, lr=1.000e-04
diff epoch 18/160: loss=2.378841e-01, lr=1.000e-04
diff epoch 19/160: loss=2.352750e-01, lr=1.000e-04
diff epoch 20/160: loss=2.332642e-01, lr=1.000e-04
diff epoch 21/160: loss=2.315175e-01, lr=1.000e-04
diff epoch 22/160: loss=2.304790e-01, lr=1.000e-04
diff epoch 23/160: loss=2.295053e-01, lr=1.000e-04
diff epoch 24/160: loss=2.284845e-01, lr=1.000e-04
diff epoch 25/160: loss=2.279013e-01, lr=1.000e-04
diff epoch 26/160: loss=2.273333e-01, lr=1.000e-04
diff epoch 27/160: loss=2.266485e-01, lr=1.000e-04
diff epoch 28/160: loss=2.261524e-01, lr=1.000e-04
diff epoch 29/160: loss=2.259794e-01, lr=1.000e-04
diff epoch 30/160: loss=2.257083e-01, lr=1.000e-04
diff epoch 31/160: loss=2.251978e-01, lr=1.000e-04
diff epoch 32/160: loss=2.249518e-01, lr=1.000e-04
diff epoch 33/160: loss=2.245839e-01, lr=1.000e-04
diff epoch 34/160: loss=2.245816e-01, lr=1.000e-04
diff epoch 35/160: loss=2.244246e-01, lr=1.000e-04
diff epoch 36/160: loss=2.242047e-01, lr=1.000e-04
diff epoch 37/160: loss=2.240122e-01, lr=1.000e-04
diff epoch 38/160: loss=2.239386e-01, lr=1.000e-04
diff epoch 39/160: loss=2.236289e-01, lr=1.000e-04
diff epoch 40/160: loss=2.236257e-01, lr=1.000e-04
diff epoch 41/160: loss=2.234481e-01, lr=1.000e-04
diff epoch 42/160: loss=2.232498e-01, lr=1.000e-04
diff epoch 43/160: loss=2.233154e-01, lr=1.000e-04
diff epoch 44/160: loss=2.231387e-01, lr=1.000e-04
diff epoch 45/160: loss=2.230280e-01, lr=1.000e-04
diff epoch 46/160: loss=2.229560e-01, lr=1.000e-04
diff epoch 47/160: loss=2.227377e-01, lr=1.000e-04
diff epoch 48/160: loss=2.225842e-01, lr=1.000e-04
diff epoch 49/160: loss=2.228018e-01, lr=1.000e-04
diff epoch 50/160: loss=2.226649e-01, lr=1.000e-04
diff epoch 51/160: loss=2.224357e-01, lr=1.000e-04
diff epoch 52/160: loss=2.223142e-01, lr=1.000e-04
diff epoch 53/160: loss=2.225048e-01, lr=1.000e-04
diff epoch 54/160: loss=2.223898e-01, lr=1.000e-04
diff epoch 55/160: loss=2.221080e-01, lr=1.000e-04
diff epoch 56/160: loss=2.222707e-01, lr=1.000e-04
diff epoch 57/160: loss=2.223342e-01, lr=1.000e-04
diff epoch 58/160: loss=2.220105e-01, lr=1.000e-04
diff epoch 59/160: loss=2.221223e-01, lr=1.000e-04
diff epoch 60/160: loss=2.220020e-01, lr=1.000e-04
diff epoch 61/160: loss=2.219704e-01, lr=1.000e-04
diff epoch 62/160: loss=2.219731e-01, lr=1.000e-04
diff epoch 63/160: loss=2.221074e-01, lr=1.000e-04
diff epoch 64/160: loss=2.219461e-01, lr=1.000e-04
diff epoch 65/160: loss=2.218646e-01, lr=1.000e-04
diff epoch 66/160: loss=2.217648e-01, lr=1.000e-04
diff epoch 67/160: loss=2.217661e-01, lr=1.000e-04
diff epoch 68/160: loss=2.217312e-01, lr=1.000e-04
diff epoch 69/160: loss=2.215239e-01, lr=1.000e-04
diff epoch 70/160: loss=2.217488e-01, lr=1.000e-04
diff epoch 71/160: loss=2.216728e-01, lr=1.000e-04
diff epoch 72/160: loss=2.215958e-01, lr=1.000e-04
diff epoch 73/160: loss=2.217565e-01, lr=1.000e-04
diff epoch 74/160: loss=2.217672e-01, lr=1.000e-04
diff epoch 75/160: loss=2.214937e-01, lr=1.000e-04
diff epoch 76/160: loss=2.217117e-01, lr=1.000e-04
diff epoch 77/160: loss=2.216523e-01, lr=1.000e-04
diff epoch 78/160: loss=2.213591e-01, lr=1.000e-04
diff epoch 79/160: loss=2.215471e-01, lr=1.000e-04
diff epoch 80/160: loss=2.214910e-01, lr=1.000e-04
diff epoch 81/160: loss=2.214345e-01, lr=1.000e-04
diff epoch 82/160: loss=2.215153e-01, lr=1.000e-04
diff epoch 83/160: loss=2.213293e-01, lr=1.000e-04
diff epoch 84/160: loss=2.212709e-01, lr=1.000e-04
diff epoch 85/160: loss=2.212883e-01, lr=1.000e-04
diff epoch 86/160: loss=2.214669e-01, lr=1.000e-04
diff epoch 87/160: loss=2.212498e-01, lr=1.000e-04
diff epoch 88/160: loss=2.213477e-01, lr=1.000e-04
diff epoch 89/160: loss=2.212383e-01, lr=1.000e-04
diff epoch 90/160: loss=2.212676e-01, lr=1.000e-04
diff epoch 91/160: loss=2.213848e-01, lr=1.000e-04
diff epoch 92/160: loss=2.211966e-01, lr=1.000e-04
diff epoch 93/160: loss=2.212032e-01, lr=1.000e-04
diff epoch 94/160: loss=2.209683e-01, lr=1.000e-04
diff epoch 95/160: loss=2.210693e-01, lr=1.000e-04
diff epoch 96/160: loss=2.211829e-01, lr=1.000e-04
diff epoch 97/160: loss=2.211784e-01, lr=1.000e-04
diff epoch 98/160: loss=2.211679e-01, lr=1.000e-04
diff epoch 99/160: loss=2.211567e-01, lr=1.000e-04
diff epoch 100/160: loss=2.209996e-01, lr=1.000e-04
diff epoch 101/160: loss=2.210757e-01, lr=1.000e-04
diff epoch 102/160: loss=2.212040e-01, lr=1.000e-04
diff epoch 103/160: loss=2.210285e-01, lr=1.000e-04
diff epoch 104/160: loss=2.210256e-01, lr=1.000e-04
diff epoch 105/160: loss=2.210946e-01, lr=1.000e-04
diff epoch 106/160: loss=2.211148e-01, lr=1.000e-04
diff epoch 107/160: loss=2.210018e-01, lr=1.000e-04
diff epoch 108/160: loss=2.210378e-01, lr=1.000e-04
diff epoch 109/160: loss=2.211513e-01, lr=1.000e-04
diff epoch 110/160: loss=2.209549e-01, lr=1.000e-04
diff epoch 111/160: loss=2.210323e-01, lr=1.000e-04
diff epoch 112/160: loss=2.208735e-01, lr=1.000e-04
diff epoch 113/160: loss=2.211746e-01, lr=1.000e-04
diff epoch 114/160: loss=2.209331e-01, lr=1.000e-04
diff epoch 115/160: loss=2.209270e-01, lr=1.000e-04
diff epoch 116/160: loss=2.211219e-01, lr=1.000e-04
diff epoch 117/160: loss=2.210949e-01, lr=1.000e-04
diff epoch 118/160: loss=2.210565e-01, lr=1.000e-04
diff epoch 119/160: loss=2.210214e-01, lr=1.000e-04
diff epoch 120/160: loss=2.207692e-01, lr=1.000e-04
diff epoch 121/160: loss=2.209318e-01, lr=1.000e-04
diff epoch 122/160: loss=2.208612e-01, lr=1.000e-04
diff epoch 123/160: loss=2.207910e-01, lr=1.000e-04
diff epoch 124/160: loss=2.209501e-01, lr=1.000e-04
diff epoch 125/160: loss=2.206847e-01, lr=1.000e-04
diff epoch 126/160: loss=2.208302e-01, lr=1.000e-04
diff epoch 127/160: loss=2.207675e-01, lr=1.000e-04
diff epoch 128/160: loss=2.207157e-01, lr=1.000e-04
diff epoch 129/160: loss=2.207246e-01, lr=1.000e-04
diff epoch 130/160: loss=2.207902e-01, lr=1.000e-04
diff epoch 131/160: loss=2.207803e-01, lr=1.000e-04
diff epoch 132/160: loss=2.206671e-01, lr=1.000e-04
diff epoch 133/160: loss=2.207755e-01, lr=1.000e-04
diff epoch 134/160: loss=2.208060e-01, lr=1.000e-04
diff epoch 135/160: loss=2.208493e-01, lr=1.000e-04
diff epoch 136/160: loss=2.208103e-01, lr=1.000e-04
diff epoch 137/160: loss=2.207925e-01, lr=1.000e-04
diff epoch 138/160: loss=2.206788e-01, lr=1.000e-04
diff epoch 139/160: loss=2.206494e-01, lr=1.000e-04
diff epoch 140/160: loss=2.208038e-01, lr=1.000e-04
diff epoch 141/160: loss=2.208150e-01, lr=1.000e-04
diff epoch 142/160: loss=2.209301e-01, lr=1.000e-04
diff epoch 143/160: loss=2.207300e-01, lr=1.000e-04
diff epoch 144/160: loss=2.207700e-01, lr=1.000e-04
diff epoch 145/160: loss=2.207415e-01, lr=1.000e-04
diff epoch 146/160: loss=2.208126e-01, lr=1.000e-04
diff epoch 147/160: loss=2.206600e-01, lr=1.000e-04
diff epoch 148/160: loss=2.207906e-01, lr=1.000e-04
diff epoch 149/160: loss=2.206553e-01, lr=1.000e-04
diff epoch 150/160: loss=2.207210e-01, lr=1.000e-04
diff epoch 151/160: loss=2.208514e-01, lr=1.000e-04
diff epoch 152/160: loss=2.205115e-01, lr=1.000e-04
diff epoch 153/160: loss=2.206681e-01, lr=1.000e-04
diff epoch 154/160: loss=2.206949e-01, lr=1.000e-04
diff epoch 155/160: loss=2.206778e-01, lr=1.000e-04
diff epoch 156/160: loss=2.206457e-01, lr=1.000e-04
diff epoch 157/160: loss=2.205580e-01, lr=1.000e-04
diff epoch 158/160: loss=2.206251e-01, lr=1.000e-04
diff epoch 159/160: loss=2.206906e-01, lr=1.000e-04
diff epoch 160/160: loss=2.206174e-01, lr=1.000e-04
[SSPA] diffusion training complete; starting evaluation
[SSPA] DDPM chunk 1/1: batch=1000000, sample=0.66s, total=0.66s, elapsed=0.66s, eta=0.00s
[SSPA] DDPM done: swd=0.003044, sample=0.66s, swd_eval=0.24s
[SSPA] DDIM-100 chunk 1/1: batch=1000000, sample=0.60s, total=0.60s, elapsed=0.60s, eta=0.00s
[SSPA] DDIM-100 done: swd=0.002267, sample=0.60s, swd_eval=0.28s
[SSPA] DDIM-50 chunk 1/1: batch=1000000, sample=0.20s, total=0.20s, elapsed=0.20s, eta=0.00s
[SSPA] DDIM-50 done: swd=0.002755, sample=0.20s, swd_eval=0.28s
[SSPA] DDIM-20 chunk 1/1: batch=1000000, sample=0.01s, total=0.01s, elapsed=0.01s, eta=0.00s
[SSPA] DDIM-20 done: swd=0.005293, sample=0.01s, swd_eval=0.23s
[SSPA] DDIM-10 chunk 1/1: batch=1000000, sample=0.00s, total=0.01s, elapsed=0.01s, eta=0.00s
[SSPA] DDIM-10 done: swd=0.008907, sample=0.00s, swd_eval=0.16s
gan epoch 1/160: g_loss=4.267408e+00, d_loss=1.154432e+00
gan epoch 2/160: g_loss=2.910028e+00, d_loss=1.255893e+00
gan epoch 3/160: g_loss=2.641285e+00, d_loss=1.274296e+00
gan epoch 4/160: g_loss=2.653951e+00, d_loss=1.254062e+00
gan epoch 5/160: g_loss=2.675412e+00, d_loss=1.255182e+00
gan epoch 6/160: g_loss=2.683924e+00, d_loss=1.264622e+00
gan epoch 7/160: g_loss=2.682549e+00, d_loss=1.273908e+00
gan epoch 8/160: g_loss=2.685099e+00, d_loss=1.278448e+00
gan epoch 9/160: g_loss=2.685137e+00, d_loss=1.281460e+00
gan epoch 10/160: g_loss=2.685619e+00, d_loss=1.283077e+00
gan epoch 11/160: g_loss=2.689928e+00, d_loss=1.280319e+00
gan epoch 12/160: g_loss=2.693181e+00, d_loss=1.276248e+00
gan epoch 13/160: g_loss=2.702111e+00, d_loss=1.282140e+00
gan epoch 14/160: g_loss=2.704695e+00, d_loss=1.284184e+00
gan epoch 15/160: g_loss=2.709197e+00, d_loss=1.285750e+00
gan epoch 16/160: g_loss=2.709671e+00, d_loss=1.286508e+00
gan epoch 17/160: g_loss=2.708403e+00, d_loss=1.286923e+00
gan epoch 18/160: g_loss=2.710192e+00, d_loss=1.287421e+00
gan epoch 19/160: g_loss=2.710529e+00, d_loss=1.287927e+00
gan epoch 20/160: g_loss=2.709924e+00, d_loss=1.287755e+00
gan epoch 21/160: g_loss=2.710264e+00, d_loss=1.287800e+00
gan epoch 22/160: g_loss=2.709125e+00, d_loss=1.287398e+00
gan epoch 23/160: g_loss=2.707634e+00, d_loss=1.286617e+00
gan epoch 24/160: g_loss=2.708466e+00, d_loss=1.285833e+00
gan epoch 25/160: g_loss=2.707583e+00, d_loss=1.284911e+00
gan epoch 26/160: g_loss=2.707449e+00, d_loss=1.284151e+00
gan epoch 27/160: g_loss=2.707664e+00, d_loss=1.283760e+00
gan epoch 28/160: g_loss=2.708028e+00, d_loss=1.283229e+00
gan epoch 29/160: g_loss=2.707318e+00, d_loss=1.282829e+00
gan epoch 30/160: g_loss=2.707240e+00, d_loss=1.282322e+00
gan epoch 31/160: g_loss=2.706866e+00, d_loss=1.281799e+00
gan epoch 32/160: g_loss=2.707940e+00, d_loss=1.281251e+00
gan epoch 33/160: g_loss=2.707157e+00, d_loss=1.280673e+00
gan epoch 34/160: g_loss=2.707628e+00, d_loss=1.280146e+00
gan epoch 35/160: g_loss=2.707880e+00, d_loss=1.279844e+00
gan epoch 36/160: g_loss=2.708814e+00, d_loss=1.279261e+00
gan epoch 37/160: g_loss=2.707532e+00, d_loss=1.279018e+00
gan epoch 38/160: g_loss=2.708838e+00, d_loss=1.278466e+00
gan epoch 39/160: g_loss=2.709363e+00, d_loss=1.278224e+00
gan epoch 40/160: g_loss=2.708508e+00, d_loss=1.277962e+00
gan epoch 41/160: g_loss=2.708612e+00, d_loss=1.277801e+00
gan epoch 42/160: g_loss=2.708587e+00, d_loss=1.277864e+00
gan epoch 43/160: g_loss=2.708585e+00, d_loss=1.277510e+00
gan epoch 44/160: g_loss=2.708169e+00, d_loss=1.277456e+00
gan epoch 45/160: g_loss=2.707503e+00, d_loss=1.277329e+00
gan epoch 46/160: g_loss=2.707502e+00, d_loss=1.277628e+00
gan epoch 47/160: g_loss=2.707172e+00, d_loss=1.277533e+00
gan epoch 48/160: g_loss=2.707752e+00, d_loss=1.277320e+00
gan epoch 49/160: g_loss=2.707271e+00, d_loss=1.277650e+00
gan epoch 50/160: g_loss=2.707598e+00, d_loss=1.277680e+00
gan epoch 51/160: g_loss=2.705688e+00, d_loss=1.277706e+00
gan epoch 52/160: g_loss=2.707307e+00, d_loss=1.277288e+00
gan epoch 53/160: g_loss=2.706780e+00, d_loss=1.277657e+00
gan epoch 54/160: g_loss=2.707076e+00, d_loss=1.277734e+00
gan epoch 55/160: g_loss=2.706804e+00, d_loss=1.277859e+00
gan epoch 56/160: g_loss=2.705794e+00, d_loss=1.277950e+00
gan epoch 57/160: g_loss=2.705693e+00, d_loss=1.278019e+00
gan epoch 58/160: g_loss=2.706223e+00, d_loss=1.278010e+00
gan epoch 59/160: g_loss=2.706000e+00, d_loss=1.277878e+00
gan epoch 60/160: g_loss=2.705670e+00, d_loss=1.277948e+00
gan epoch 61/160: g_loss=2.705574e+00, d_loss=1.277889e+00
gan epoch 62/160: g_loss=2.705500e+00, d_loss=1.277987e+00
gan epoch 63/160: g_loss=2.705433e+00, d_loss=1.277922e+00
gan epoch 64/160: g_loss=2.704427e+00, d_loss=1.278270e+00
gan epoch 65/160: g_loss=2.706094e+00, d_loss=1.278064e+00
gan epoch 66/160: g_loss=2.705955e+00, d_loss=1.278052e+00
gan epoch 67/160: g_loss=2.706221e+00, d_loss=1.277784e+00
gan epoch 68/160: g_loss=2.705762e+00, d_loss=1.278099e+00
gan epoch 69/160: g_loss=2.705509e+00, d_loss=1.278271e+00
gan epoch 70/160: g_loss=2.705569e+00, d_loss=1.278051e+00
gan epoch 71/160: g_loss=2.705402e+00, d_loss=1.278087e+00
gan epoch 72/160: g_loss=2.706472e+00, d_loss=1.278051e+00
gan epoch 73/160: g_loss=2.704922e+00, d_loss=1.278489e+00
gan epoch 74/160: g_loss=2.705337e+00, d_loss=1.278378e+00
gan epoch 75/160: g_loss=2.705495e+00, d_loss=1.278592e+00
gan epoch 76/160: g_loss=2.705411e+00, d_loss=1.278532e+00
gan epoch 77/160: g_loss=2.705437e+00, d_loss=1.278811e+00
gan epoch 78/160: g_loss=2.704940e+00, d_loss=1.278708e+00
gan epoch 79/160: g_loss=2.704909e+00, d_loss=1.278654e+00
gan epoch 80/160: g_loss=2.704314e+00, d_loss=1.278847e+00
gan epoch 81/160: g_loss=2.704337e+00, d_loss=1.278831e+00
gan epoch 82/160: g_loss=2.704847e+00, d_loss=1.278753e+00
gan epoch 83/160: g_loss=2.705016e+00, d_loss=1.278646e+00
gan epoch 84/160: g_loss=2.704688e+00, d_loss=1.278985e+00
gan epoch 85/160: g_loss=2.703959e+00, d_loss=1.279108e+00
gan epoch 86/160: g_loss=2.703934e+00, d_loss=1.279110e+00
gan epoch 87/160: g_loss=2.703540e+00, d_loss=1.279079e+00
gan epoch 88/160: g_loss=2.705202e+00, d_loss=1.278988e+00
gan epoch 89/160: g_loss=2.704590e+00, d_loss=1.279319e+00
gan epoch 90/160: g_loss=2.704240e+00, d_loss=1.279252e+00
gan epoch 91/160: g_loss=2.704678e+00, d_loss=1.278912e+00
gan epoch 92/160: g_loss=2.703985e+00, d_loss=1.279133e+00
gan epoch 93/160: g_loss=2.703454e+00, d_loss=1.278986e+00
gan epoch 94/160: g_loss=2.703503e+00, d_loss=1.279243e+00
gan epoch 95/160: g_loss=2.703365e+00, d_loss=1.279171e+00
gan epoch 96/160: g_loss=2.703953e+00, d_loss=1.279060e+00
gan epoch 97/160: g_loss=2.703687e+00, d_loss=1.279259e+00
gan epoch 98/160: g_loss=2.703334e+00, d_loss=1.279319e+00
gan epoch 99/160: g_loss=2.703597e+00, d_loss=1.279342e+00
gan epoch 100/160: g_loss=2.703204e+00, d_loss=1.279320e+00
gan epoch 101/160: g_loss=2.702735e+00, d_loss=1.279468e+00
gan epoch 102/160: g_loss=2.703916e+00, d_loss=1.279117e+00
gan epoch 103/160: g_loss=2.704723e+00, d_loss=1.279105e+00
gan epoch 104/160: g_loss=2.702776e+00, d_loss=1.279480e+00
gan epoch 105/160: g_loss=2.703315e+00, d_loss=1.279213e+00
gan epoch 106/160: g_loss=2.702998e+00, d_loss=1.279441e+00
gan epoch 107/160: g_loss=2.703860e+00, d_loss=1.279354e+00
gan epoch 108/160: g_loss=2.703681e+00, d_loss=1.279221e+00
gan epoch 109/160: g_loss=2.702868e+00, d_loss=1.279264e+00
gan epoch 110/160: g_loss=2.703051e+00, d_loss=1.279437e+00
gan epoch 111/160: g_loss=2.702538e+00, d_loss=1.279350e+00
gan epoch 112/160: g_loss=2.702942e+00, d_loss=1.279410e+00
gan epoch 113/160: g_loss=2.702662e+00, d_loss=1.279547e+00
gan epoch 114/160: g_loss=2.703601e+00, d_loss=1.279295e+00
gan epoch 115/160: g_loss=2.703315e+00, d_loss=1.279497e+00
gan epoch 116/160: g_loss=2.703086e+00, d_loss=1.279491e+00
gan epoch 117/160: g_loss=2.702245e+00, d_loss=1.279788e+00
gan epoch 118/160: g_loss=2.702624e+00, d_loss=1.279578e+00
gan epoch 119/160: g_loss=2.702227e+00, d_loss=1.279921e+00
gan epoch 120/160: g_loss=2.702430e+00, d_loss=1.279533e+00
gan epoch 121/160: g_loss=2.701944e+00, d_loss=1.279511e+00
gan epoch 122/160: g_loss=2.702269e+00, d_loss=1.279670e+00
gan epoch 123/160: g_loss=2.701742e+00, d_loss=1.279659e+00
gan epoch 124/160: g_loss=2.703459e+00, d_loss=1.279790e+00
gan epoch 125/160: g_loss=2.702652e+00, d_loss=1.279804e+00
gan epoch 126/160: g_loss=2.701848e+00, d_loss=1.279731e+00
gan epoch 127/160: g_loss=2.702354e+00, d_loss=1.279693e+00
gan epoch 128/160: g_loss=2.702962e+00, d_loss=1.279535e+00
gan epoch 129/160: g_loss=2.702140e+00, d_loss=1.279995e+00
gan epoch 130/160: g_loss=2.701617e+00, d_loss=1.279923e+00
gan epoch 131/160: g_loss=2.703423e+00, d_loss=1.279664e+00
gan epoch 132/160: g_loss=2.702104e+00, d_loss=1.279935e+00
gan epoch 133/160: g_loss=2.702392e+00, d_loss=1.279814e+00
gan epoch 134/160: g_loss=2.702261e+00, d_loss=1.279700e+00
gan epoch 135/160: g_loss=2.702563e+00, d_loss=1.279755e+00
gan epoch 136/160: g_loss=2.702869e+00, d_loss=1.279811e+00
gan epoch 137/160: g_loss=2.702791e+00, d_loss=1.279690e+00
gan epoch 138/160: g_loss=2.701541e+00, d_loss=1.279934e+00
gan epoch 139/160: g_loss=2.702897e+00, d_loss=1.279840e+00
gan epoch 140/160: g_loss=2.702664e+00, d_loss=1.279736e+00
gan epoch 141/160: g_loss=2.702334e+00, d_loss=1.279799e+00
gan epoch 142/160: g_loss=2.701483e+00, d_loss=1.279874e+00
gan epoch 143/160: g_loss=2.701818e+00, d_loss=1.279671e+00
gan epoch 144/160: g_loss=2.701726e+00, d_loss=1.280069e+00
gan epoch 145/160: g_loss=2.700708e+00, d_loss=1.279878e+00
gan epoch 146/160: g_loss=2.702983e+00, d_loss=1.280142e+00
gan epoch 147/160: g_loss=2.701763e+00, d_loss=1.280018e+00
gan epoch 148/160: g_loss=2.701764e+00, d_loss=1.279969e+00
gan epoch 149/160: g_loss=2.701994e+00, d_loss=1.279670e+00
gan epoch 150/160: g_loss=2.702031e+00, d_loss=1.279947e+00
gan epoch 151/160: g_loss=2.701329e+00, d_loss=1.279854e+00
gan epoch 152/160: g_loss=2.701897e+00, d_loss=1.279972e+00
gan epoch 153/160: g_loss=2.702291e+00, d_loss=1.280114e+00
gan epoch 154/160: g_loss=2.701598e+00, d_loss=1.279862e+00
gan epoch 155/160: g_loss=2.701200e+00, d_loss=1.280032e+00
gan epoch 156/160: g_loss=2.702525e+00, d_loss=1.279915e+00
gan epoch 157/160: g_loss=2.701487e+00, d_loss=1.279940e+00
gan epoch 158/160: g_loss=2.701868e+00, d_loss=1.279791e+00
gan epoch 159/160: g_loss=2.701365e+00, d_loss=1.279804e+00
gan epoch 160/160: g_loss=2.702725e+00, d_loss=1.279696e+00
[benchmark] matplotlib not available; skipping plot generation
{
  "output_json": "/home/rifr807e/repos/conditional_drifting_models/results_hpc/20260318_135508/paper2309_benchmark_seed16/paper2309_benchmark_summary.json",
  "output_dir": "/home/rifr807e/repos/conditional_drifting_models/results_hpc/20260318_135508/paper2309_benchmark_seed16",
  "channels": [
    "AWGN",
    "Rayleigh",
    "SSPA"
  ]
}

[seed-runner] exit_code: 0
[seed-runner] elapsed_seconds: 15570.959
