epoch 1/60: loss=2.150478e-03, drift=1.145317e-01
epoch 2/60: loss=1.270390e-03, drift=9.112263e-02
epoch 3/60: loss=1.246682e-03, drift=9.058157e-02
epoch 4/60: loss=1.157416e-03, drift=8.703580e-02
epoch 5/60: loss=1.162952e-03, drift=8.692703e-02
epoch 6/60: loss=1.041385e-03, drift=8.175022e-02
epoch 7/60: loss=1.092178e-03, drift=8.399937e-02
epoch 8/60: loss=1.164204e-03, drift=8.732573e-02
epoch 9/60: loss=1.006591e-03, drift=8.087267e-02
epoch 10/60: loss=1.044592e-03, drift=8.207583e-02
epoch 11/60: loss=1.013183e-03, drift=8.159817e-02
epoch 12/60: loss=1.029225e-03, drift=8.182411e-02
epoch 13/60: loss=1.083622e-03, drift=8.380826e-02
epoch 14/60: loss=9.693451e-04, drift=8.005784e-02
epoch 15/60: loss=1.025438e-03, drift=8.200533e-02
epoch 16/60: loss=9.828036e-04, drift=7.976626e-02
epoch 17/60: loss=9.602406e-04, drift=7.929397e-02
epoch 18/60: loss=9.332448e-04, drift=7.749776e-02
epoch 19/60: loss=1.098233e-03, drift=8.468514e-02
epoch 20/60: loss=9.917995e-04, drift=8.057190e-02
epoch 21/60: loss=1.021207e-03, drift=8.145320e-02
epoch 22/60: loss=9.347524e-04, drift=7.811010e-02
epoch 23/60: loss=9.759787e-04, drift=8.010661e-02
epoch 24/60: loss=9.844605e-04, drift=8.036829e-02
epoch 25/60: loss=9.611779e-04, drift=7.933217e-02
epoch 26/60: loss=9.784446e-04, drift=7.979732e-02
epoch 27/60: loss=9.744833e-04, drift=7.958759e-02
epoch 28/60: loss=1.017324e-03, drift=8.163811e-02
epoch 29/60: loss=9.216608e-04, drift=7.775005e-02
epoch 30/60: loss=9.701775e-04, drift=8.012060e-02
epoch 31/60: loss=1.034320e-03, drift=8.239329e-02
epoch 32/60: loss=9.560474e-04, drift=7.861722e-02
epoch 33/60: loss=9.282928e-04, drift=7.799842e-02
epoch 34/60: loss=9.291820e-04, drift=7.791626e-02
epoch 35/60: loss=9.790090e-04, drift=7.981505e-02
epoch 36/60: loss=9.747072e-04, drift=8.017054e-02
epoch 37/60: loss=9.193799e-04, drift=7.763987e-02
epoch 38/60: loss=9.107291e-04, drift=7.721222e-02
epoch 39/60: loss=9.509273e-04, drift=7.871471e-02
epoch 40/60: loss=9.461260e-04, drift=7.867458e-02
epoch 41/60: loss=9.155017e-04, drift=7.687066e-02
epoch 42/60: loss=8.632864e-04, drift=7.537071e-02
epoch 43/60: loss=9.300724e-04, drift=7.785603e-02
epoch 44/60: loss=1.006264e-03, drift=8.121700e-02
epoch 45/60: loss=9.326505e-04, drift=7.793441e-02
epoch 46/60: loss=9.727081e-04, drift=7.937119e-02
epoch 47/60: loss=9.216092e-04, drift=7.764095e-02
epoch 48/60: loss=9.322474e-04, drift=7.774371e-02
epoch 49/60: loss=9.516668e-04, drift=7.852819e-02
epoch 50/60: loss=9.515237e-04, drift=7.875491e-02
epoch 51/60: loss=9.393119e-04, drift=7.807027e-02
epoch 52/60: loss=9.744544e-04, drift=7.990343e-02
epoch 53/60: loss=9.361204e-04, drift=7.806288e-02
epoch 54/60: loss=8.630331e-04, drift=7.505311e-02
epoch 55/60: loss=9.004300e-04, drift=7.675349e-02
epoch 56/60: loss=9.105928e-04, drift=7.690492e-02
epoch 57/60: loss=9.325084e-04, drift=7.844708e-02
epoch 58/60: loss=8.969070e-04, drift=7.675746e-02
epoch 59/60: loss=9.435338e-04, drift=7.814624e-02
epoch 60/60: loss=8.606807e-04, drift=7.490082e-02
{
  "checkpoint": "/home/entropy/GitHub/conditional_drifting_models/weights/channel_implants/awgn/awgn7_drift_direct_seed7.pt",
  "summary": "/home/entropy/GitHub/conditional_drifting_models/weights/channel_implants/awgn/awgn7_drift_direct_seed7.json"
}
