epoch 1/60: loss=8.428436e-04, drift=7.407146e-02
epoch 2/60: loss=1.214266e-03, drift=8.874494e-02
epoch 3/60: loss=1.279731e-03, drift=9.136823e-02
epoch 4/60: loss=1.314105e-03, drift=9.234413e-02
epoch 5/60: loss=1.304244e-03, drift=9.228417e-02
epoch 6/60: loss=1.228174e-03, drift=8.994674e-02
epoch 7/60: loss=1.236345e-03, drift=8.936669e-02
epoch 8/60: loss=1.293916e-03, drift=9.160587e-02
epoch 9/60: loss=1.208566e-03, drift=8.845095e-02
epoch 10/60: loss=1.202485e-03, drift=8.859456e-02
epoch 11/60: loss=1.272902e-03, drift=9.157665e-02
epoch 12/60: loss=1.203654e-03, drift=8.850253e-02
epoch 13/60: loss=1.216599e-03, drift=8.906615e-02
epoch 14/60: loss=1.155553e-03, drift=8.671844e-02
epoch 15/60: loss=1.238056e-03, drift=8.963861e-02
epoch 16/60: loss=1.199808e-03, drift=8.838501e-02
epoch 17/60: loss=1.174137e-03, drift=8.759833e-02
epoch 18/60: loss=1.157613e-03, drift=8.685087e-02
epoch 19/60: loss=1.262892e-03, drift=9.124696e-02
epoch 20/60: loss=1.279911e-03, drift=9.176571e-02
epoch 21/60: loss=1.235547e-03, drift=8.968704e-02
epoch 22/60: loss=1.197060e-03, drift=8.830613e-02
epoch 23/60: loss=1.211873e-03, drift=8.924402e-02
epoch 24/60: loss=1.215843e-03, drift=8.910093e-02
epoch 25/60: loss=1.237936e-03, drift=8.951432e-02
epoch 26/60: loss=1.256010e-03, drift=9.091913e-02
epoch 27/60: loss=1.217079e-03, drift=8.929008e-02
epoch 28/60: loss=1.130061e-03, drift=8.573004e-02
epoch 29/60: loss=1.181151e-03, drift=8.790942e-02
epoch 30/60: loss=1.147715e-03, drift=8.656313e-02
epoch 31/60: loss=1.235766e-03, drift=8.993072e-02
epoch 32/60: loss=1.170059e-03, drift=8.737343e-02
epoch 33/60: loss=1.232688e-03, drift=8.980293e-02
epoch 34/60: loss=1.148223e-03, drift=8.630368e-02
epoch 35/60: loss=1.257716e-03, drift=9.034754e-02
epoch 36/60: loss=1.239595e-03, drift=8.966137e-02
epoch 37/60: loss=1.202907e-03, drift=8.875191e-02
epoch 38/60: loss=1.169643e-03, drift=8.698983e-02
epoch 39/60: loss=1.163072e-03, drift=8.732194e-02
epoch 40/60: loss=1.188030e-03, drift=8.806499e-02
epoch 41/60: loss=1.154564e-03, drift=8.671015e-02
epoch 42/60: loss=1.119323e-03, drift=8.561082e-02
epoch 43/60: loss=1.169544e-03, drift=8.722528e-02
epoch 44/60: loss=1.272421e-03, drift=9.146798e-02
epoch 45/60: loss=1.161619e-03, drift=8.683045e-02
epoch 46/60: loss=1.271534e-03, drift=9.089040e-02
epoch 47/60: loss=1.151176e-03, drift=8.656126e-02
epoch 48/60: loss=1.241168e-03, drift=9.023516e-02
epoch 49/60: loss=1.195176e-03, drift=8.815416e-02
epoch 50/60: loss=1.241731e-03, drift=8.982244e-02
epoch 51/60: loss=1.222499e-03, drift=8.942129e-02
epoch 52/60: loss=1.166171e-03, drift=8.690649e-02
epoch 53/60: loss=1.199588e-03, drift=8.897231e-02
epoch 54/60: loss=1.151970e-03, drift=8.653064e-02
epoch 55/60: loss=1.212370e-03, drift=8.947236e-02
epoch 56/60: loss=1.164564e-03, drift=8.753622e-02
epoch 57/60: loss=1.183490e-03, drift=8.797502e-02
epoch 58/60: loss=1.157213e-03, drift=8.667754e-02
epoch 59/60: loss=1.192173e-03, drift=8.854958e-02
epoch 60/60: loss=1.103744e-03, drift=8.502114e-02
{
  "checkpoint": "/home/entropy/GitHub/conditional_drifting_models/weights/channel_implants/awgn/awgn7_drift_residual_seed7.pt",
  "summary": "/home/entropy/GitHub/conditional_drifting_models/weights/channel_implants/awgn/awgn7_drift_residual_seed7.json"
}
