usage: train_symbol_pair_implant.py [-h] --family
                                    {drifting_direct,drifting_residual,paper_wgan,diffusion_direct,diffusion_residual}
                                    [--channel {AWGN,Rayleigh,SSPA,OptFib}]
                                    [--n N] [--noise-std NOISE_STD]
                                    [--ebno-db EBNO_DB] [--rate RATE]
                                    [--dataset-size DATASET_SIZE]
                                    [--batch-size BATCH_SIZE]
                                    [--epochs EPOCHS]
                                    [--hidden-dim HIDDEN_DIM]
                                    [--latent-dim LATENT_DIM]
                                    [--num-steps NUM_STEPS]
                                    [--pred-type PRED_TYPE]
                                    [--beta-schedule BETA_SCHEDULE]
                                    [--ema-decay EMA_DECAY]
                                    [--learning-rate LEARNING_RATE]
                                    [--conditional-kernel]
                                    [--conditioning-mode {none,joint,product,local,soft_local,radius,mixture}]
                                    [--condition-metric {euclidean,whitened}]
                                    [--condition-kernel-scale CONDITION_KERNEL_SCALE]
                                    [--target-kernel-scale TARGET_KERNEL_SCALE]
                                    [--condition-bandwidth CONDITION_BANDWIDTH]
                                    [--target-bandwidth TARGET_BANDWIDTH]
                                    [--local-condition-k LOCAL_CONDITION_K]
                                    [--condition-radius CONDITION_RADIUS]
                                    [--mixture-alpha MIXTURE_ALPHA]
                                    [--target-kernel-mode {raw,raw_plus_residual}]
                                    [--residual-target-scale RESIDUAL_TARGET_SCALE]
                                    [--adaptive-condition-bandwidth]
                                    [--adaptive-target-bandwidth]
                                    [--adaptive-bandwidth-k ADAPTIVE_BANDWIDTH_K]
                                    [--condition-embedding-dim CONDITION_EMBEDDING_DIM]
                                    [--condition-embedding-hidden-dim CONDITION_EMBEDDING_HIDDEN_DIM]
                                    [--seed SEED] [--device DEVICE]
                                    [--out OUT] [--weights-root WEIGHTS_ROOT]
                                    [--register-name REGISTER_NAME]
train_symbol_pair_implant.py: error: unrecognized arguments: --condition-scale 0.0
