epoch 1/60: loss=4.427453e-03, drift=1.688519e-01
epoch 2/60: loss=3.890321e-03, drift=1.588967e-01
epoch 3/60: loss=3.399969e-03, drift=1.471169e-01
epoch 4/60: loss=2.693135e-03, drift=1.310217e-01
epoch 5/60: loss=1.975551e-03, drift=1.126401e-01
epoch 6/60: loss=1.600010e-03, drift=1.010480e-01
epoch 7/60: loss=1.292944e-03, drift=9.125619e-02
epoch 8/60: loss=1.203287e-03, drift=8.836004e-02
epoch 9/60: loss=9.638554e-04, drift=7.906382e-02
epoch 10/60: loss=9.177056e-04, drift=7.701238e-02
epoch 11/60: loss=8.725646e-04, drift=7.549926e-02
epoch 12/60: loss=8.480217e-04, drift=7.432304e-02
epoch 13/60: loss=8.929272e-04, drift=7.639403e-02
epoch 14/60: loss=8.022772e-04, drift=7.291295e-02
epoch 15/60: loss=8.266915e-04, drift=7.345346e-02
epoch 16/60: loss=8.393584e-04, drift=7.393981e-02
epoch 17/60: loss=8.387175e-04, drift=7.412285e-02
epoch 18/60: loss=7.767612e-04, drift=7.094887e-02
epoch 19/60: loss=9.283261e-04, drift=7.779839e-02
epoch 20/60: loss=8.495177e-04, drift=7.449426e-02
epoch 21/60: loss=8.578693e-04, drift=7.478660e-02
epoch 22/60: loss=8.491613e-04, drift=7.453115e-02
epoch 23/60: loss=8.172523e-04, drift=7.329303e-02
epoch 24/60: loss=8.069050e-04, drift=7.275354e-02
epoch 25/60: loss=7.850794e-04, drift=7.175847e-02
epoch 26/60: loss=8.127326e-04, drift=7.278123e-02
epoch 27/60: loss=8.167323e-04, drift=7.325281e-02
epoch 28/60: loss=8.488105e-04, drift=7.477115e-02
epoch 29/60: loss=7.466703e-04, drift=6.978036e-02
epoch 30/60: loss=7.898026e-04, drift=7.212019e-02
epoch 31/60: loss=8.560343e-04, drift=7.479654e-02
epoch 32/60: loss=7.988045e-04, drift=7.214381e-02
epoch 33/60: loss=7.700391e-04, drift=7.098816e-02
epoch 34/60: loss=8.022629e-04, drift=7.227527e-02
epoch 35/60: loss=7.903524e-04, drift=7.162397e-02
epoch 36/60: loss=8.220845e-04, drift=7.344022e-02
epoch 37/60: loss=7.886671e-04, drift=7.188272e-02
epoch 38/60: loss=7.863613e-04, drift=7.188367e-02
epoch 39/60: loss=7.962724e-04, drift=7.186131e-02
epoch 40/60: loss=8.158641e-04, drift=7.309315e-02
epoch 41/60: loss=7.673313e-04, drift=7.022604e-02
epoch 42/60: loss=7.312369e-04, drift=6.927076e-02
epoch 43/60: loss=7.929743e-04, drift=7.180026e-02
epoch 44/60: loss=8.317576e-04, drift=7.366997e-02
epoch 45/60: loss=8.035184e-04, drift=7.233010e-02
epoch 46/60: loss=8.087048e-04, drift=7.236852e-02
epoch 47/60: loss=7.864531e-04, drift=7.176597e-02
epoch 48/60: loss=7.913061e-04, drift=7.162984e-02
epoch 49/60: loss=7.818225e-04, drift=7.114507e-02
epoch 50/60: loss=7.980927e-04, drift=7.246859e-02
epoch 51/60: loss=7.915243e-04, drift=7.211062e-02
epoch 52/60: loss=8.153137e-04, drift=7.317060e-02
epoch 53/60: loss=7.719300e-04, drift=7.093685e-02
epoch 54/60: loss=7.318088e-04, drift=6.904862e-02
epoch 55/60: loss=7.577088e-04, drift=7.018824e-02
epoch 56/60: loss=7.739765e-04, drift=7.095201e-02
epoch 57/60: loss=7.390596e-04, drift=6.969328e-02
epoch 58/60: loss=7.763066e-04, drift=7.109995e-02
epoch 59/60: loss=7.925839e-04, drift=7.175676e-02
epoch 60/60: loss=7.087102e-04, drift=6.795882e-02
{
  "checkpoint": "/home/entropy/GitHub/conditional_drifting_models/weights/channel_implants/awgn/awgn7_drift_direct_seed7.pt",
  "summary": "/home/entropy/GitHub/conditional_drifting_models/weights/channel_implants/awgn/awgn7_drift_direct_seed7.json"
}
