epoch 1/60: loss=1.279947e-03, drift=9.127150e-02
epoch 2/60: loss=1.272345e-03, drift=9.111173e-02
epoch 3/60: loss=1.243356e-03, drift=8.994808e-02
epoch 4/60: loss=1.235850e-03, drift=8.948589e-02
epoch 5/60: loss=1.175899e-03, drift=8.750095e-02
epoch 6/60: loss=1.134540e-03, drift=8.609397e-02
epoch 7/60: loss=1.174110e-03, drift=8.738455e-02
epoch 8/60: loss=1.317096e-03, drift=9.246633e-02
epoch 9/60: loss=1.154809e-03, drift=8.663334e-02
epoch 10/60: loss=1.149382e-03, drift=8.681939e-02
epoch 11/60: loss=1.207876e-03, drift=8.893934e-02
epoch 12/60: loss=1.099084e-03, drift=8.452270e-02
epoch 13/60: loss=1.134187e-03, drift=8.598475e-02
epoch 14/60: loss=1.067530e-03, drift=8.371207e-02
epoch 15/60: loss=1.137998e-03, drift=8.632284e-02
epoch 16/60: loss=1.103448e-03, drift=8.449703e-02
epoch 17/60: loss=1.106313e-03, drift=8.528922e-02
epoch 18/60: loss=1.110353e-03, drift=8.512857e-02
epoch 19/60: loss=1.134167e-03, drift=8.579364e-02
epoch 20/60: loss=1.140577e-03, drift=8.626819e-02
epoch 21/60: loss=1.169736e-03, drift=8.744685e-02
epoch 22/60: loss=1.120952e-03, drift=8.548337e-02
epoch 23/60: loss=1.187696e-03, drift=8.796217e-02
epoch 24/60: loss=1.123707e-03, drift=8.575324e-02
epoch 25/60: loss=1.149888e-03, drift=8.667579e-02
epoch 26/60: loss=1.197155e-03, drift=8.825669e-02
epoch 27/60: loss=1.106762e-03, drift=8.521427e-02
epoch 28/60: loss=1.144882e-03, drift=8.653482e-02
epoch 29/60: loss=1.082752e-03, drift=8.411961e-02
epoch 30/60: loss=1.097929e-03, drift=8.454973e-02
epoch 31/60: loss=1.127945e-03, drift=8.569051e-02
epoch 32/60: loss=1.088516e-03, drift=8.453131e-02
epoch 33/60: loss=1.121487e-03, drift=8.535765e-02
epoch 34/60: loss=1.117986e-03, drift=8.537503e-02
epoch 35/60: loss=1.146655e-03, drift=8.644871e-02
epoch 36/60: loss=1.107294e-03, drift=8.473007e-02
epoch 37/60: loss=1.087127e-03, drift=8.429488e-02
epoch 38/60: loss=1.101772e-03, drift=8.471357e-02
epoch 39/60: loss=1.076857e-03, drift=8.396952e-02
epoch 40/60: loss=1.079537e-03, drift=8.392884e-02
epoch 41/60: loss=1.097565e-03, drift=8.452765e-02
epoch 42/60: loss=1.074014e-03, drift=8.364767e-02
epoch 43/60: loss=1.117882e-03, drift=8.556140e-02
epoch 44/60: loss=1.120574e-03, drift=8.584165e-02
epoch 45/60: loss=1.093899e-03, drift=8.415251e-02
epoch 46/60: loss=1.139029e-03, drift=8.607224e-02
epoch 47/60: loss=1.034595e-03, drift=8.208705e-02
epoch 48/60: loss=1.125701e-03, drift=8.611866e-02
epoch 49/60: loss=1.170356e-03, drift=8.726385e-02
epoch 50/60: loss=1.191923e-03, drift=8.806768e-02
epoch 51/60: loss=1.114073e-03, drift=8.493143e-02
epoch 52/60: loss=1.119949e-03, drift=8.529383e-02
epoch 53/60: loss=1.179946e-03, drift=8.764420e-02
epoch 54/60: loss=1.046480e-03, drift=8.242129e-02
epoch 55/60: loss=1.178133e-03, drift=8.795904e-02
epoch 56/60: loss=1.112259e-03, drift=8.531995e-02
epoch 57/60: loss=1.047210e-03, drift=8.276052e-02
epoch 58/60: loss=1.080525e-03, drift=8.338893e-02
epoch 59/60: loss=1.077144e-03, drift=8.337761e-02
epoch 60/60: loss=1.064843e-03, drift=8.321569e-02
{
  "checkpoint": "/home/entropy/GitHub/conditional_drifting_models/weights/channel_implants/awgn/awgn7_drift_residual_seed7.pt",
  "summary": "/home/entropy/GitHub/conditional_drifting_models/weights/channel_implants/awgn/awgn7_drift_residual_seed7.json"
}
