epoch 1/160: loss=3.326978e-03, drift=1.459271e-01
epoch 2/160: loss=2.139504e-03, drift=1.163610e-01
epoch 3/160: loss=1.179498e-03, drift=8.712531e-02
epoch 4/160: loss=9.517338e-04, drift=7.842033e-02
epoch 5/160: loss=8.849656e-04, drift=7.601307e-02
epoch 6/160: loss=8.344402e-04, drift=7.392900e-02
epoch 7/160: loss=8.536881e-04, drift=7.462079e-02
epoch 8/160: loss=8.693590e-04, drift=7.517539e-02
epoch 9/160: loss=8.570454e-04, drift=7.482028e-02
epoch 10/160: loss=8.171651e-04, drift=7.322872e-02
epoch 11/160: loss=8.246779e-04, drift=7.355327e-02
epoch 12/160: loss=8.059082e-04, drift=7.267094e-02
epoch 13/160: loss=8.252493e-04, drift=7.334923e-02
epoch 14/160: loss=8.100034e-04, drift=7.265786e-02
epoch 15/160: loss=8.138016e-04, drift=7.303365e-02
epoch 16/160: loss=8.103620e-04, drift=7.268877e-02
epoch 17/160: loss=7.765479e-04, drift=7.106847e-02
epoch 18/160: loss=8.291360e-04, drift=7.344624e-02
epoch 19/160: loss=8.075063e-04, drift=7.246296e-02
epoch 20/160: loss=8.001525e-04, drift=7.221197e-02
epoch 21/160: loss=8.130926e-04, drift=7.306876e-02
epoch 22/160: loss=7.651772e-04, drift=7.056189e-02
epoch 23/160: loss=7.704660e-04, drift=7.089734e-02
epoch 24/160: loss=7.723284e-04, drift=7.092735e-02
epoch 25/160: loss=7.854038e-04, drift=7.130267e-02
epoch 26/160: loss=7.680435e-04, drift=7.087219e-02
epoch 27/160: loss=7.552988e-04, drift=6.999031e-02
epoch 28/160: loss=7.306865e-04, drift=6.898245e-02
epoch 29/160: loss=7.685983e-04, drift=7.064000e-02
epoch 30/160: loss=7.624718e-04, drift=7.039601e-02
epoch 31/160: loss=7.551884e-04, drift=7.035891e-02
epoch 32/160: loss=7.542805e-04, drift=7.017826e-02
epoch 33/160: loss=7.450134e-04, drift=6.959710e-02
epoch 34/160: loss=7.456741e-04, drift=6.964440e-02
epoch 35/160: loss=7.337442e-04, drift=6.892929e-02
epoch 36/160: loss=7.685128e-04, drift=7.083377e-02
epoch 37/160: loss=7.960728e-04, drift=7.208782e-02
epoch 38/160: loss=7.688351e-04, drift=7.088038e-02
epoch 39/160: loss=7.424614e-04, drift=6.959180e-02
epoch 40/160: loss=7.634289e-04, drift=7.064241e-02
epoch 41/160: loss=7.447321e-04, drift=6.981719e-02
epoch 42/160: loss=7.479720e-04, drift=6.980452e-02
epoch 43/160: loss=7.566787e-04, drift=7.019094e-02
epoch 44/160: loss=7.381201e-04, drift=6.934336e-02
epoch 45/160: loss=7.461566e-04, drift=6.965887e-02
epoch 46/160: loss=7.471971e-04, drift=6.969861e-02
epoch 47/160: loss=7.895161e-04, drift=7.172828e-02
epoch 48/160: loss=7.351366e-04, drift=6.909610e-02
epoch 49/160: loss=7.705388e-04, drift=7.101977e-02
epoch 50/160: loss=7.632172e-04, drift=7.031819e-02
epoch 51/160: loss=7.410554e-04, drift=6.946613e-02
epoch 52/160: loss=7.347441e-04, drift=6.919280e-02
epoch 53/160: loss=7.319493e-04, drift=6.909005e-02
epoch 54/160: loss=7.486767e-04, drift=6.978488e-02
epoch 55/160: loss=7.454551e-04, drift=6.958876e-02
epoch 56/160: loss=7.490034e-04, drift=6.970336e-02
epoch 57/160: loss=7.551576e-04, drift=7.022286e-02
epoch 58/160: loss=7.448342e-04, drift=6.978185e-02
epoch 59/160: loss=7.377021e-04, drift=6.948524e-02
epoch 60/160: loss=7.459628e-04, drift=6.971337e-02
epoch 61/160: loss=7.676917e-04, drift=7.066031e-02
epoch 62/160: loss=7.518349e-04, drift=6.985916e-02
epoch 63/160: loss=7.140614e-04, drift=6.810923e-02
epoch 64/160: loss=7.272488e-04, drift=6.873873e-02
epoch 65/160: loss=7.557294e-04, drift=7.026591e-02
epoch 66/160: loss=7.309819e-04, drift=6.889087e-02
epoch 67/160: loss=7.329240e-04, drift=6.914611e-02
epoch 68/160: loss=7.611601e-04, drift=7.047867e-02
epoch 69/160: loss=7.595759e-04, drift=7.021726e-02
epoch 70/160: loss=7.918146e-04, drift=7.170808e-02
epoch 71/160: loss=7.273559e-04, drift=6.873307e-02
epoch 72/160: loss=7.651514e-04, drift=7.070181e-02
epoch 73/160: loss=7.198022e-04, drift=6.834970e-02
epoch 74/160: loss=7.477900e-04, drift=6.966152e-02
epoch 75/160: loss=7.477017e-04, drift=6.973975e-02
epoch 76/160: loss=7.457134e-04, drift=6.964173e-02
epoch 77/160: loss=7.326606e-04, drift=6.901949e-02
epoch 78/160: loss=7.370429e-04, drift=6.910924e-02
epoch 79/160: loss=7.492828e-04, drift=6.977559e-02
epoch 80/160: loss=7.470897e-04, drift=6.989659e-02
epoch 81/160: loss=7.434851e-04, drift=6.971468e-02
epoch 82/160: loss=7.246567e-04, drift=6.838522e-02
epoch 83/160: loss=7.298174e-04, drift=6.901052e-02
epoch 84/160: loss=7.241598e-04, drift=6.885743e-02
epoch 85/160: loss=7.586917e-04, drift=7.031114e-02
epoch 86/160: loss=7.545402e-04, drift=7.005118e-02
epoch 87/160: loss=7.364606e-04, drift=6.910321e-02
epoch 88/160: loss=7.434669e-04, drift=6.940623e-02
epoch 89/160: loss=7.346138e-04, drift=6.903873e-02
epoch 90/160: loss=7.194129e-04, drift=6.862811e-02
epoch 91/160: loss=7.652110e-04, drift=7.058417e-02
epoch 92/160: loss=7.462444e-04, drift=6.962094e-02
epoch 93/160: loss=7.613250e-04, drift=7.047457e-02
epoch 94/160: loss=7.226433e-04, drift=6.853047e-02
epoch 95/160: loss=7.313401e-04, drift=6.921870e-02
epoch 96/160: loss=7.131821e-04, drift=6.780426e-02
epoch 97/160: loss=7.392925e-04, drift=6.953064e-02
epoch 98/160: loss=7.511720e-04, drift=6.982212e-02
epoch 99/160: loss=7.425493e-04, drift=6.954273e-02
epoch 100/160: loss=7.256730e-04, drift=6.888789e-02
epoch 101/160: loss=7.432747e-04, drift=6.957982e-02
epoch 102/160: loss=7.382641e-04, drift=6.922592e-02
epoch 103/160: loss=7.249770e-04, drift=6.868433e-02
epoch 104/160: loss=7.400642e-04, drift=6.944821e-02
epoch 105/160: loss=7.299088e-04, drift=6.901393e-02
epoch 106/160: loss=7.236086e-04, drift=6.867688e-02
epoch 107/160: loss=7.212178e-04, drift=6.853936e-02
epoch 108/160: loss=7.258054e-04, drift=6.877643e-02
epoch 109/160: loss=7.140915e-04, drift=6.825183e-02
epoch 110/160: loss=7.285674e-04, drift=6.865168e-02
epoch 111/160: loss=6.996248e-04, drift=6.739565e-02
epoch 112/160: loss=7.133508e-04, drift=6.800653e-02
epoch 113/160: loss=7.428980e-04, drift=6.959362e-02
epoch 114/160: loss=6.975702e-04, drift=6.746547e-02
epoch 115/160: loss=7.287823e-04, drift=6.874166e-02
epoch 116/160: loss=7.233743e-04, drift=6.862130e-02
epoch 117/160: loss=7.033636e-04, drift=6.765143e-02
epoch 118/160: loss=7.416872e-04, drift=6.951427e-02
epoch 119/160: loss=7.403281e-04, drift=6.936554e-02
epoch 120/160: loss=7.227565e-04, drift=6.872137e-02
epoch 121/160: loss=7.160571e-04, drift=6.834885e-02
epoch 122/160: loss=7.308883e-04, drift=6.886028e-02
epoch 123/160: loss=7.117285e-04, drift=6.801358e-02
epoch 124/160: loss=7.186041e-04, drift=6.833044e-02
epoch 125/160: loss=7.059603e-04, drift=6.775149e-02
epoch 126/160: loss=7.295681e-04, drift=6.900180e-02
epoch 127/160: loss=7.292843e-04, drift=6.867386e-02
epoch 128/160: loss=7.272329e-04, drift=6.868885e-02
epoch 129/160: loss=7.198097e-04, drift=6.837971e-02
epoch 130/160: loss=7.232839e-04, drift=6.843114e-02
epoch 131/160: loss=7.123888e-04, drift=6.807773e-02
epoch 132/160: loss=7.068445e-04, drift=6.798608e-02
epoch 133/160: loss=7.146925e-04, drift=6.830957e-02
epoch 134/160: loss=6.949750e-04, drift=6.714153e-02
epoch 135/160: loss=7.205782e-04, drift=6.831472e-02
epoch 136/160: loss=7.397256e-04, drift=6.952237e-02
epoch 137/160: loss=7.212229e-04, drift=6.866045e-02
epoch 138/160: loss=7.421551e-04, drift=6.937690e-02
epoch 139/160: loss=7.480380e-04, drift=6.988452e-02
epoch 140/160: loss=7.296497e-04, drift=6.873528e-02
epoch 141/160: loss=7.363665e-04, drift=6.939460e-02
epoch 142/160: loss=7.439686e-04, drift=6.928407e-02
epoch 143/160: loss=7.142395e-04, drift=6.823639e-02
epoch 144/160: loss=7.388898e-04, drift=6.945070e-02
epoch 145/160: loss=7.009023e-04, drift=6.747839e-02
epoch 146/160: loss=7.273621e-04, drift=6.876066e-02
epoch 147/160: loss=7.239183e-04, drift=6.860584e-02
epoch 148/160: loss=7.239410e-04, drift=6.852829e-02
epoch 149/160: loss=7.520940e-04, drift=7.021366e-02
epoch 150/160: loss=7.417111e-04, drift=6.957061e-02
epoch 151/160: loss=7.254264e-04, drift=6.841373e-02
epoch 152/160: loss=7.140153e-04, drift=6.821730e-02
epoch 153/160: loss=7.471402e-04, drift=6.970625e-02
epoch 154/160: loss=7.224409e-04, drift=6.852064e-02
epoch 155/160: loss=7.393314e-04, drift=6.926205e-02
epoch 156/160: loss=7.174667e-04, drift=6.821523e-02
epoch 157/160: loss=7.235998e-04, drift=6.852852e-02
epoch 158/160: loss=7.236940e-04, drift=6.859984e-02
epoch 159/160: loss=7.159968e-04, drift=6.810240e-02
epoch 160/160: loss=7.048987e-04, drift=6.772750e-02
{
  "checkpoint": "/home/entropy/GitHub/conditional_drifting_models/weights/channel_implants/awgn/awgn7_direct_none_fullbudget_seed7.pt",
  "summary": "/home/entropy/GitHub/conditional_drifting_models/weights/channel_implants/awgn/awgn7_direct_none_fullbudget_seed7.json"
}
