epoch 1/160: loss=3.586023e-03, drift=1.631229e-01
epoch 2/160: loss=2.322334e-03, drift=1.309806e-01
epoch 3/160: loss=1.516305e-03, drift=1.062947e-01
epoch 4/160: loss=1.114366e-03, drift=9.112379e-02
epoch 5/160: loss=1.049373e-03, drift=8.886683e-02
epoch 6/160: loss=1.004604e-03, drift=8.684741e-02
epoch 7/160: loss=9.853182e-04, drift=8.617296e-02
epoch 8/160: loss=1.038554e-03, drift=8.838882e-02
epoch 9/160: loss=9.594701e-04, drift=8.506407e-02
epoch 10/160: loss=9.742859e-04, drift=8.546051e-02
epoch 11/160: loss=9.615141e-04, drift=8.513721e-02
epoch 12/160: loss=9.418178e-04, drift=8.437743e-02
epoch 13/160: loss=9.080541e-04, drift=8.239803e-02
epoch 14/160: loss=9.611665e-04, drift=8.485568e-02
epoch 15/160: loss=9.511693e-04, drift=8.456760e-02
epoch 16/160: loss=9.222047e-04, drift=8.336442e-02
epoch 17/160: loss=9.010508e-04, drift=8.234753e-02
epoch 18/160: loss=9.674590e-04, drift=8.518909e-02
epoch 19/160: loss=9.485348e-04, drift=8.430659e-02
epoch 20/160: loss=9.346456e-04, drift=8.403508e-02
epoch 21/160: loss=8.800910e-04, drift=8.110708e-02
epoch 22/160: loss=8.932632e-04, drift=8.188852e-02
epoch 23/160: loss=8.741456e-04, drift=8.095091e-02
epoch 24/160: loss=8.854212e-04, drift=8.145165e-02
epoch 25/160: loss=8.783603e-04, drift=8.129346e-02
epoch 26/160: loss=8.578057e-04, drift=8.001707e-02
epoch 27/160: loss=8.561367e-04, drift=8.025587e-02
epoch 28/160: loss=8.701306e-04, drift=8.079573e-02
epoch 29/160: loss=8.472703e-04, drift=7.991460e-02
epoch 30/160: loss=8.486265e-04, drift=8.014440e-02
epoch 31/160: loss=8.677825e-04, drift=8.072177e-02
epoch 32/160: loss=8.349720e-04, drift=7.914470e-02
epoch 33/160: loss=8.196384e-04, drift=7.850912e-02
epoch 34/160: loss=8.347081e-04, drift=7.902261e-02
epoch 35/160: loss=8.259691e-04, drift=7.876963e-02
epoch 36/160: loss=8.143455e-04, drift=7.803723e-02
epoch 37/160: loss=8.333350e-04, drift=7.921532e-02
epoch 38/160: loss=8.440691e-04, drift=7.950920e-02
epoch 39/160: loss=8.322276e-04, drift=7.904935e-02
epoch 40/160: loss=7.840873e-04, drift=7.691373e-02
epoch 41/160: loss=8.231381e-04, drift=7.879980e-02
epoch 42/160: loss=7.981486e-04, drift=7.743869e-02
epoch 43/160: loss=7.996014e-04, drift=7.745376e-02
epoch 44/160: loss=7.566240e-04, drift=7.548573e-02
epoch 45/160: loss=7.856929e-04, drift=7.676704e-02
epoch 46/160: loss=7.561314e-04, drift=7.524270e-02
epoch 47/160: loss=7.682348e-04, drift=7.582899e-02
epoch 48/160: loss=7.719547e-04, drift=7.619498e-02
epoch 49/160: loss=7.693316e-04, drift=7.595607e-02
epoch 50/160: loss=7.256409e-04, drift=7.359352e-02
epoch 51/160: loss=7.332716e-04, drift=7.417080e-02
epoch 52/160: loss=7.490684e-04, drift=7.497267e-02
epoch 53/160: loss=7.239914e-04, drift=7.355888e-02
epoch 54/160: loss=7.468664e-04, drift=7.487663e-02
epoch 55/160: loss=7.126296e-04, drift=7.317839e-02
epoch 56/160: loss=6.818925e-04, drift=7.141327e-02
epoch 57/160: loss=6.745032e-04, drift=7.133178e-02
epoch 58/160: loss=6.837544e-04, drift=7.176395e-02
epoch 59/160: loss=7.171291e-04, drift=7.355267e-02
epoch 60/160: loss=6.996208e-04, drift=7.259169e-02
epoch 61/160: loss=6.584289e-04, drift=7.023817e-02
epoch 62/160: loss=6.981465e-04, drift=7.244381e-02
epoch 63/160: loss=6.462617e-04, drift=6.971490e-02
epoch 64/160: loss=7.120136e-04, drift=7.297355e-02
epoch 65/160: loss=6.699632e-04, drift=7.083192e-02
epoch 66/160: loss=6.957740e-04, drift=7.232626e-02
epoch 67/160: loss=6.942243e-04, drift=7.232677e-02
epoch 68/160: loss=6.838453e-04, drift=7.165052e-02
epoch 69/160: loss=6.569376e-04, drift=7.041078e-02
epoch 70/160: loss=6.689056e-04, drift=7.087127e-02
epoch 71/160: loss=6.574506e-04, drift=7.001443e-02
epoch 72/160: loss=6.464718e-04, drift=6.968828e-02
epoch 73/160: loss=6.487841e-04, drift=6.972364e-02
epoch 74/160: loss=6.388670e-04, drift=6.937353e-02
epoch 75/160: loss=6.375207e-04, drift=6.913732e-02
epoch 76/160: loss=6.480148e-04, drift=6.976954e-02
epoch 77/160: loss=6.647166e-04, drift=7.076608e-02
epoch 78/160: loss=6.420866e-04, drift=6.937881e-02
epoch 79/160: loss=6.308954e-04, drift=6.879751e-02
epoch 80/160: loss=6.505873e-04, drift=6.990616e-02
epoch 81/160: loss=6.413022e-04, drift=6.942808e-02
epoch 82/160: loss=6.210276e-04, drift=6.838943e-02
epoch 83/160: loss=6.660741e-04, drift=7.089754e-02
epoch 84/160: loss=6.551086e-04, drift=7.015488e-02
epoch 85/160: loss=6.325174e-04, drift=6.888169e-02
epoch 86/160: loss=6.324654e-04, drift=6.910920e-02
epoch 87/160: loss=6.389918e-04, drift=6.944678e-02
epoch 88/160: loss=6.378424e-04, drift=6.916030e-02
epoch 89/160: loss=6.415427e-04, drift=6.936123e-02
epoch 90/160: loss=6.352583e-04, drift=6.913606e-02
epoch 91/160: loss=6.494099e-04, drift=6.969916e-02
epoch 92/160: loss=6.126226e-04, drift=6.778966e-02
epoch 93/160: loss=6.204476e-04, drift=6.818887e-02
epoch 94/160: loss=6.172837e-04, drift=6.806079e-02
epoch 95/160: loss=6.324639e-04, drift=6.906031e-02
epoch 96/160: loss=6.183474e-04, drift=6.833531e-02
epoch 97/160: loss=6.298578e-04, drift=6.872459e-02
epoch 98/160: loss=6.435438e-04, drift=6.949353e-02
epoch 99/160: loss=6.254735e-04, drift=6.858152e-02
epoch 100/160: loss=6.135856e-04, drift=6.789324e-02
epoch 101/160: loss=6.341096e-04, drift=6.899204e-02
epoch 102/160: loss=6.023274e-04, drift=6.725248e-02
epoch 103/160: loss=6.124714e-04, drift=6.764210e-02
epoch 104/160: loss=6.018861e-04, drift=6.729153e-02
epoch 105/160: loss=6.008152e-04, drift=6.733599e-02
epoch 106/160: loss=6.129496e-04, drift=6.792238e-02
epoch 107/160: loss=6.420546e-04, drift=6.930858e-02
epoch 108/160: loss=5.974698e-04, drift=6.698410e-02
epoch 109/160: loss=6.067132e-04, drift=6.765359e-02
epoch 110/160: loss=6.017154e-04, drift=6.714681e-02
epoch 111/160: loss=6.164367e-04, drift=6.804565e-02
epoch 112/160: loss=5.972594e-04, drift=6.700403e-02
epoch 113/160: loss=6.036488e-04, drift=6.725254e-02
epoch 114/160: loss=5.939299e-04, drift=6.672294e-02
epoch 115/160: loss=5.816998e-04, drift=6.612287e-02
epoch 116/160: loss=6.264275e-04, drift=6.853096e-02
epoch 117/160: loss=6.099676e-04, drift=6.768311e-02
epoch 118/160: loss=6.047283e-04, drift=6.723053e-02
epoch 119/160: loss=6.074169e-04, drift=6.765424e-02
epoch 120/160: loss=5.955342e-04, drift=6.687264e-02
epoch 121/160: loss=6.050472e-04, drift=6.743400e-02
epoch 122/160: loss=5.877591e-04, drift=6.656870e-02
epoch 123/160: loss=5.934136e-04, drift=6.683696e-02
epoch 124/160: loss=5.860394e-04, drift=6.618081e-02
epoch 125/160: loss=5.943928e-04, drift=6.697524e-02
epoch 126/160: loss=5.780415e-04, drift=6.583974e-02
epoch 127/160: loss=5.768276e-04, drift=6.602724e-02
epoch 128/160: loss=5.798760e-04, drift=6.600994e-02
epoch 129/160: loss=6.041650e-04, drift=6.748122e-02
epoch 130/160: loss=5.887546e-04, drift=6.661115e-02
epoch 131/160: loss=5.528851e-04, drift=6.443053e-02
epoch 132/160: loss=6.065871e-04, drift=6.739409e-02
epoch 133/160: loss=5.897197e-04, drift=6.667736e-02
epoch 134/160: loss=5.792803e-04, drift=6.615314e-02
epoch 135/160: loss=5.798376e-04, drift=6.579368e-02
epoch 136/160: loss=5.628182e-04, drift=6.502000e-02
epoch 137/160: loss=5.812736e-04, drift=6.601719e-02
epoch 138/160: loss=5.862531e-04, drift=6.642301e-02
epoch 139/160: loss=5.736926e-04, drift=6.572592e-02
epoch 140/160: loss=5.737082e-04, drift=6.579734e-02
epoch 141/160: loss=6.098703e-04, drift=6.769649e-02
epoch 142/160: loss=5.844525e-04, drift=6.626013e-02
epoch 143/160: loss=5.800238e-04, drift=6.612125e-02
epoch 144/160: loss=5.642228e-04, drift=6.511040e-02
epoch 145/160: loss=5.653982e-04, drift=6.535344e-02
epoch 146/160: loss=5.871509e-04, drift=6.663786e-02
epoch 147/160: loss=5.642373e-04, drift=6.501431e-02
epoch 148/160: loss=5.722733e-04, drift=6.576105e-02
epoch 149/160: loss=5.916289e-04, drift=6.662973e-02
epoch 150/160: loss=5.647348e-04, drift=6.534507e-02
epoch 151/160: loss=5.961046e-04, drift=6.682546e-02
epoch 152/160: loss=5.789398e-04, drift=6.605369e-02
epoch 153/160: loss=5.797856e-04, drift=6.587763e-02
epoch 154/160: loss=5.786045e-04, drift=6.588195e-02
epoch 155/160: loss=5.994997e-04, drift=6.707949e-02
epoch 156/160: loss=5.633605e-04, drift=6.494934e-02
epoch 157/160: loss=5.750883e-04, drift=6.567546e-02
epoch 158/160: loss=5.750087e-04, drift=6.562683e-02
epoch 159/160: loss=5.994028e-04, drift=6.706500e-02
epoch 160/160: loss=5.632663e-04, drift=6.509862e-02
{
  "checkpoint": "/home/entropy/GitHub/conditional_drifting_models/weights/channel_implants/sspa/sspa8_direct_none_fullbudget_seed7.pt",
  "summary": "/home/entropy/GitHub/conditional_drifting_models/weights/channel_implants/sspa/sspa8_direct_none_fullbudget_seed7.json"
}
