[seed-runner] start 2026-03-24T20:20:40Z
[seed-runner] label: enhanced_direct
[seed-runner] cwd: /home/h3/rifr807e/repos/conditional_drifting_models
[seed-runner] command: /software/genoa/r24.04/Python/3.11.3-GCCcore-12.3.0/bin/python -u scripts/run_enhanced_direct_benchmark.py --device cuda --seed 12 --channels AWGN,Rayleigh,SSPA --eval-size 1000000 --drifting-epochs -1 --swd-projections -1 --conditioning-mode joint --condition-kernel-scale 0.5 --target-kernel-scale 1.0 --target-kernel-mode raw --save-dir /home/rifr807e/repos/conditional_drifting_models/results/enhanced_direct_hpc_20260324_202013/enhanced_direct_seed12/checkpoints --out /home/rifr807e/repos/conditional_drifting_models/results/enhanced_direct_hpc_20260324_202013/enhanced_direct_seed12/enhanced_direct_summary_seed12.json

[AWGN] training enhanced direct drifting
epoch 1/30: loss=2.486054e-04, drift=3.958367e-02
epoch 2/30: loss=1.991996e-04, drift=3.604403e-02
epoch 3/30: loss=1.884956e-04, drift=3.504857e-02
epoch 4/30: loss=1.745026e-04, drift=3.371227e-02
epoch 5/30: loss=1.753153e-04, drift=3.375791e-02
epoch 6/30: loss=1.696723e-04, drift=3.322759e-02
epoch 7/30: loss=1.624619e-04, drift=3.256329e-02
epoch 8/30: loss=1.616574e-04, drift=3.244717e-02
epoch 9/30: loss=1.546446e-04, drift=3.171688e-02
epoch 10/30: loss=1.574182e-04, drift=3.203226e-02
epoch 11/30: loss=1.534887e-04, drift=3.166046e-02
epoch 12/30: loss=1.542971e-04, drift=3.174365e-02
epoch 13/30: loss=1.539850e-04, drift=3.167937e-02
epoch 14/30: loss=1.494862e-04, drift=3.120341e-02
epoch 15/30: loss=1.500481e-04, drift=3.126594e-02
epoch 16/30: loss=1.518705e-04, drift=3.146452e-02
epoch 17/30: loss=1.494197e-04, drift=3.122979e-02
epoch 18/30: loss=1.501759e-04, drift=3.128830e-02
epoch 19/30: loss=1.504977e-04, drift=3.132689e-02
epoch 20/30: loss=1.475530e-04, drift=3.101691e-02
epoch 21/30: loss=1.485101e-04, drift=3.113508e-02
epoch 22/30: loss=1.454975e-04, drift=3.079768e-02
epoch 23/30: loss=1.498486e-04, drift=3.125082e-02
epoch 24/30: loss=1.433080e-04, drift=3.056023e-02
epoch 25/30: loss=1.452969e-04, drift=3.076753e-02
epoch 26/30: loss=1.478641e-04, drift=3.103247e-02
epoch 27/30: loss=1.473781e-04, drift=3.101208e-02
epoch 28/30: loss=1.433219e-04, drift=3.057950e-02
epoch 29/30: loss=1.432424e-04, drift=3.055898e-02
epoch 30/30: loss=1.439218e-04, drift=3.062670e-02
[AWGN] swd=0.032855
[Rayleigh] training enhanced direct drifting
epoch 1/30: loss=2.130450e-04, drift=3.658896e-02
epoch 2/30: loss=1.705313e-04, drift=3.333495e-02
epoch 3/30: loss=1.556670e-04, drift=3.183318e-02
epoch 4/30: loss=1.459969e-04, drift=3.089535e-02
epoch 5/30: loss=1.358400e-04, drift=2.969222e-02
epoch 6/30: loss=1.251029e-04, drift=2.851330e-02
epoch 7/30: loss=1.240394e-04, drift=2.839716e-02
epoch 8/30: loss=1.202621e-04, drift=2.798522e-02
epoch 9/30: loss=1.223465e-04, drift=2.821029e-02
epoch 10/30: loss=1.193461e-04, drift=2.788215e-02
epoch 11/30: loss=1.207805e-04, drift=2.800844e-02
epoch 12/30: loss=1.197012e-04, drift=2.789150e-02
epoch 13/30: loss=1.204935e-04, drift=2.796529e-02
epoch 14/30: loss=1.202854e-04, drift=2.796835e-02
epoch 15/30: loss=1.199851e-04, drift=2.791380e-02
epoch 16/30: loss=1.205882e-04, drift=2.800956e-02
epoch 17/30: loss=1.171614e-04, drift=2.765677e-02
epoch 18/30: loss=1.183599e-04, drift=2.775654e-02
epoch 19/30: loss=1.183725e-04, drift=2.774514e-02
epoch 20/30: loss=1.174960e-04, drift=2.766991e-02
epoch 21/30: loss=1.201065e-04, drift=2.795537e-02
epoch 22/30: loss=1.174695e-04, drift=2.764073e-02
epoch 23/30: loss=1.192478e-04, drift=2.784090e-02
epoch 24/30: loss=1.193472e-04, drift=2.788905e-02
epoch 25/30: loss=1.169501e-04, drift=2.763266e-02
epoch 26/30: loss=1.139254e-04, drift=2.725106e-02
epoch 27/30: loss=1.142777e-04, drift=2.730717e-02
epoch 28/30: loss=1.181135e-04, drift=2.770761e-02
epoch 29/30: loss=1.182977e-04, drift=2.778070e-02
epoch 30/30: loss=1.130314e-04, drift=2.711987e-02
[Rayleigh] swd=0.049428
[SSPA] training enhanced direct drifting
epoch 1/160: loss=2.705304e-04, drift=4.443846e-02
epoch 2/160: loss=2.029208e-04, drift=3.905809e-02
epoch 3/160: loss=1.862268e-04, drift=3.740933e-02
epoch 4/160: loss=1.756728e-04, drift=3.634369e-02
epoch 5/160: loss=1.720743e-04, drift=3.598739e-02
epoch 6/160: loss=1.647767e-04, drift=3.523474e-02
epoch 7/160: loss=1.603240e-04, drift=3.470060e-02
epoch 8/160: loss=1.524052e-04, drift=3.386910e-02
epoch 9/160: loss=1.510811e-04, drift=3.371563e-02
epoch 10/160: loss=1.483186e-04, drift=3.338380e-02
epoch 11/160: loss=1.431506e-04, drift=3.275769e-02
epoch 12/160: loss=1.313329e-04, drift=3.137149e-02
epoch 13/160: loss=1.261126e-04, drift=3.082757e-02
epoch 14/160: loss=1.173420e-04, drift=2.968222e-02
epoch 15/160: loss=1.083522e-04, drift=2.851616e-02
epoch 16/160: loss=1.012103e-04, drift=2.759203e-02
epoch 17/160: loss=9.587768e-05, drift=2.681973e-02
epoch 18/160: loss=9.275095e-05, drift=2.642584e-02
epoch 19/160: loss=9.130564e-05, drift=2.619450e-02
epoch 20/160: loss=8.954823e-05, drift=2.593801e-02
epoch 21/160: loss=8.907641e-05, drift=2.589616e-02
epoch 22/160: loss=8.684007e-05, drift=2.555521e-02
epoch 23/160: loss=8.557051e-05, drift=2.536038e-02
epoch 24/160: loss=8.249204e-05, drift=2.489296e-02
epoch 25/160: loss=7.940491e-05, drift=2.442912e-02
epoch 26/160: loss=7.954229e-05, drift=2.447715e-02
epoch 27/160: loss=8.250362e-05, drift=2.489873e-02
epoch 28/160: loss=7.734690e-05, drift=2.412388e-02
epoch 29/160: loss=7.699818e-05, drift=2.405912e-02
epoch 30/160: loss=7.504362e-05, drift=2.372510e-02
epoch 31/160: loss=7.287944e-05, drift=2.337067e-02
epoch 32/160: loss=7.327024e-05, drift=2.344015e-02
epoch 33/160: loss=7.035119e-05, drift=2.301690e-02
epoch 34/160: loss=6.870858e-05, drift=2.272405e-02
epoch 35/160: loss=6.761369e-05, drift=2.254577e-02
epoch 36/160: loss=6.883544e-05, drift=2.273647e-02
epoch 37/160: loss=6.813791e-05, drift=2.263030e-02
epoch 38/160: loss=6.542568e-05, drift=2.218790e-02
epoch 39/160: loss=6.593341e-05, drift=2.226596e-02
epoch 40/160: loss=6.480500e-05, drift=2.204582e-02
epoch 41/160: loss=6.300169e-05, drift=2.177662e-02
epoch 42/160: loss=6.325345e-05, drift=2.181841e-02
epoch 43/160: loss=6.489322e-05, drift=2.212002e-02
epoch 44/160: loss=6.266842e-05, drift=2.168376e-02
epoch 45/160: loss=5.962698e-05, drift=2.116699e-02
epoch 46/160: loss=6.237294e-05, drift=2.162935e-02
epoch 47/160: loss=6.099721e-05, drift=2.137791e-02
epoch 48/160: loss=6.110756e-05, drift=2.143224e-02
epoch 49/160: loss=5.943436e-05, drift=2.111736e-02
epoch 50/160: loss=6.268108e-05, drift=2.173835e-02
epoch 51/160: loss=5.904162e-05, drift=2.106444e-02
epoch 52/160: loss=5.804822e-05, drift=2.087080e-02
epoch 53/160: loss=5.996062e-05, drift=2.124368e-02
epoch 54/160: loss=6.019760e-05, drift=2.127751e-02
epoch 55/160: loss=5.763949e-05, drift=2.078717e-02
epoch 56/160: loss=5.803748e-05, drift=2.089662e-02
epoch 57/160: loss=5.810221e-05, drift=2.090699e-02
epoch 58/160: loss=5.783484e-05, drift=2.086053e-02
epoch 59/160: loss=5.770706e-05, drift=2.086565e-02
epoch 60/160: loss=5.754656e-05, drift=2.080396e-02
epoch 61/160: loss=5.774341e-05, drift=2.082567e-02
epoch 62/160: loss=5.613829e-05, drift=2.056479e-02
epoch 63/160: loss=5.747761e-05, drift=2.081114e-02
epoch 64/160: loss=5.763069e-05, drift=2.083013e-02
epoch 65/160: loss=5.573215e-05, drift=2.045015e-02
epoch 66/160: loss=5.703820e-05, drift=2.068049e-02
epoch 67/160: loss=5.569700e-05, drift=2.044430e-02
epoch 68/160: loss=5.556628e-05, drift=2.040903e-02
epoch 69/160: loss=5.406936e-05, drift=2.020251e-02
epoch 70/160: loss=5.458521e-05, drift=2.022838e-02
epoch 71/160: loss=5.407669e-05, drift=2.015305e-02
epoch 72/160: loss=5.449176e-05, drift=2.024123e-02
epoch 73/160: loss=5.428761e-05, drift=2.020570e-02
epoch 74/160: loss=5.410975e-05, drift=2.016588e-02
epoch 75/160: loss=5.401927e-05, drift=2.014777e-02
epoch 76/160: loss=5.309097e-05, drift=1.997839e-02
epoch 77/160: loss=5.366601e-05, drift=2.007008e-02
epoch 78/160: loss=5.233494e-05, drift=1.982685e-02
epoch 79/160: loss=5.424165e-05, drift=2.018264e-02
epoch 80/160: loss=5.240547e-05, drift=1.983644e-02
epoch 81/160: loss=5.289315e-05, drift=1.995301e-02
epoch 82/160: loss=5.221067e-05, drift=1.982306e-02
epoch 83/160: loss=5.242574e-05, drift=1.988365e-02
epoch 84/160: loss=5.179988e-05, drift=1.973684e-02
epoch 85/160: loss=5.267387e-05, drift=1.992695e-02
epoch 86/160: loss=5.120040e-05, drift=1.961724e-02
epoch 87/160: loss=5.115246e-05, drift=1.960603e-02
epoch 88/160: loss=5.167187e-05, drift=1.968941e-02
epoch 89/160: loss=4.947718e-05, drift=1.926487e-02
epoch 90/160: loss=5.047519e-05, drift=1.948211e-02
epoch 91/160: loss=5.089395e-05, drift=1.958770e-02
epoch 92/160: loss=4.938441e-05, drift=1.925204e-02
epoch 93/160: loss=5.132942e-05, drift=1.963216e-02
epoch 94/160: loss=5.075283e-05, drift=1.951129e-02
epoch 95/160: loss=5.011194e-05, drift=1.944600e-02
epoch 96/160: loss=5.083990e-05, drift=1.955279e-02
epoch 97/160: loss=4.998156e-05, drift=1.938479e-02
epoch 98/160: loss=5.013561e-05, drift=1.939710e-02
epoch 99/160: loss=4.844970e-05, drift=1.908584e-02
epoch 100/160: loss=4.926816e-05, drift=1.923377e-02
epoch 101/160: loss=4.966338e-05, drift=1.933003e-02
epoch 102/160: loss=5.004834e-05, drift=1.939878e-02
epoch 103/160: loss=4.890765e-05, drift=1.916705e-02
epoch 104/160: loss=4.970425e-05, drift=1.931881e-02
epoch 105/160: loss=4.833293e-05, drift=1.904830e-02
epoch 106/160: loss=4.909166e-05, drift=1.922905e-02
epoch 107/160: loss=4.820634e-05, drift=1.902647e-02
epoch 108/160: loss=4.781066e-05, drift=1.894148e-02
epoch 109/160: loss=4.782675e-05, drift=1.895090e-02
epoch 110/160: loss=4.821056e-05, drift=1.904081e-02
epoch 111/160: loss=4.712106e-05, drift=1.883062e-02
epoch 112/160: loss=4.652792e-05, drift=1.870807e-02
epoch 113/160: loss=4.799576e-05, drift=1.900577e-02
epoch 114/160: loss=4.665483e-05, drift=1.872300e-02
epoch 115/160: loss=4.720783e-05, drift=1.880917e-02
epoch 116/160: loss=4.828797e-05, drift=1.902323e-02
epoch 117/160: loss=4.604671e-05, drift=1.857631e-02
epoch 118/160: loss=4.679412e-05, drift=1.874527e-02
epoch 119/160: loss=4.626120e-05, drift=1.865877e-02
epoch 120/160: loss=4.632791e-05, drift=1.864878e-02
epoch 121/160: loss=4.757313e-05, drift=1.892922e-02
epoch 122/160: loss=4.527921e-05, drift=1.844120e-02
epoch 123/160: loss=4.561895e-05, drift=1.853151e-02
epoch 124/160: loss=4.624679e-05, drift=1.865075e-02
epoch 125/160: loss=4.608465e-05, drift=1.859922e-02
epoch 126/160: loss=4.423203e-05, drift=1.823636e-02
epoch 127/160: loss=4.413403e-05, drift=1.822028e-02
epoch 128/160: loss=4.565251e-05, drift=1.852706e-02
epoch 129/160: loss=4.632533e-05, drift=1.867022e-02
epoch 130/160: loss=4.455636e-05, drift=1.828901e-02
epoch 131/160: loss=4.572307e-05, drift=1.852517e-02
epoch 132/160: loss=4.562312e-05, drift=1.850846e-02
epoch 133/160: loss=4.488546e-05, drift=1.837764e-02
epoch 134/160: loss=4.584047e-05, drift=1.855400e-02
epoch 135/160: loss=4.335743e-05, drift=1.806781e-02
epoch 136/160: loss=4.432915e-05, drift=1.823847e-02
epoch 137/160: loss=4.598411e-05, drift=1.859052e-02
epoch 138/160: loss=4.331138e-05, drift=1.805610e-02
epoch 139/160: loss=4.539868e-05, drift=1.845284e-02
epoch 140/160: loss=4.576626e-05, drift=1.853527e-02
epoch 141/160: loss=4.414364e-05, drift=1.821885e-02
epoch 142/160: loss=4.380857e-05, drift=1.813735e-02
epoch 143/160: loss=4.422248e-05, drift=1.823533e-02
epoch 144/160: loss=4.468999e-05, drift=1.833929e-02
epoch 145/160: loss=4.413439e-05, drift=1.818597e-02
epoch 146/160: loss=4.352559e-05, drift=1.807967e-02
epoch 147/160: loss=4.457037e-05, drift=1.827640e-02
epoch 148/160: loss=4.384419e-05, drift=1.816202e-02
epoch 149/160: loss=4.344206e-05, drift=1.806835e-02
epoch 150/160: loss=4.199533e-05, drift=1.777214e-02
epoch 151/160: loss=4.318847e-05, drift=1.802098e-02
epoch 152/160: loss=4.447969e-05, drift=1.830578e-02
epoch 153/160: loss=4.231287e-05, drift=1.781361e-02
epoch 154/160: loss=4.211391e-05, drift=1.780192e-02
epoch 155/160: loss=4.275488e-05, drift=1.794443e-02
epoch 156/160: loss=4.244929e-05, drift=1.786455e-02
epoch 157/160: loss=4.185279e-05, drift=1.772324e-02
epoch 158/160: loss=4.280533e-05, drift=1.793440e-02
epoch 159/160: loss=4.158373e-05, drift=1.766776e-02
epoch 160/160: loss=4.244321e-05, drift=1.787635e-02
[SSPA] swd=0.008197
{
  "summary": "/home/rifr807e/repos/conditional_drifting_models/results/enhanced_direct_hpc_20260324_202013/enhanced_direct_seed12/enhanced_direct_summary_seed12.json"
}

[seed-runner] exit_code: 0
[seed-runner] elapsed_seconds: 11896.598
