[seed-runner] start 2026-03-24T20:20:40Z
[seed-runner] label: enhanced_direct
[seed-runner] cwd: /home/h3/rifr807e/repos/conditional_drifting_models
[seed-runner] command: /software/genoa/r24.04/Python/3.11.3-GCCcore-12.3.0/bin/python -u scripts/run_enhanced_direct_benchmark.py --device cuda --seed 11 --channels AWGN,Rayleigh,SSPA --eval-size 1000000 --drifting-epochs -1 --swd-projections -1 --conditioning-mode joint --condition-kernel-scale 0.5 --target-kernel-scale 1.0 --target-kernel-mode raw --save-dir /home/rifr807e/repos/conditional_drifting_models/results/enhanced_direct_hpc_20260324_202013/enhanced_direct_seed11/checkpoints --out /home/rifr807e/repos/conditional_drifting_models/results/enhanced_direct_hpc_20260324_202013/enhanced_direct_seed11/enhanced_direct_summary_seed11.json

[AWGN] training enhanced direct drifting
epoch 1/30: loss=2.673685e-04, drift=4.097761e-02
epoch 2/30: loss=1.988446e-04, drift=3.602045e-02
epoch 3/30: loss=1.846380e-04, drift=3.466800e-02
epoch 4/30: loss=1.871726e-04, drift=3.493410e-02
epoch 5/30: loss=1.741677e-04, drift=3.374873e-02
epoch 6/30: loss=1.634178e-04, drift=3.261926e-02
epoch 7/30: loss=1.547756e-04, drift=3.173027e-02
epoch 8/30: loss=1.571746e-04, drift=3.196961e-02
epoch 9/30: loss=1.578065e-04, drift=3.205170e-02
epoch 10/30: loss=1.494099e-04, drift=3.119823e-02
epoch 11/30: loss=1.553013e-04, drift=3.179692e-02
epoch 12/30: loss=1.527128e-04, drift=3.161287e-02
epoch 13/30: loss=1.548241e-04, drift=3.176440e-02
epoch 14/30: loss=1.493904e-04, drift=3.118740e-02
epoch 15/30: loss=1.530555e-04, drift=3.161174e-02
epoch 16/30: loss=1.491501e-04, drift=3.119524e-02
epoch 17/30: loss=1.499957e-04, drift=3.126065e-02
epoch 18/30: loss=1.513040e-04, drift=3.140626e-02
epoch 19/30: loss=1.471195e-04, drift=3.101957e-02
epoch 20/30: loss=1.515575e-04, drift=3.146552e-02
epoch 21/30: loss=1.483032e-04, drift=3.110785e-02
epoch 22/30: loss=1.491294e-04, drift=3.117113e-02
epoch 23/30: loss=1.478483e-04, drift=3.109160e-02
epoch 24/30: loss=1.473217e-04, drift=3.100142e-02
epoch 25/30: loss=1.435232e-04, drift=3.060887e-02
epoch 26/30: loss=1.444481e-04, drift=3.071144e-02
epoch 27/30: loss=1.483370e-04, drift=3.106135e-02
epoch 28/30: loss=1.473502e-04, drift=3.096717e-02
epoch 29/30: loss=1.454705e-04, drift=3.083615e-02
epoch 30/30: loss=1.482056e-04, drift=3.109339e-02
[AWGN] swd=0.023856
[Rayleigh] training enhanced direct drifting
epoch 1/30: loss=2.197335e-04, drift=3.729760e-02
epoch 2/30: loss=1.703390e-04, drift=3.329715e-02
epoch 3/30: loss=1.635954e-04, drift=3.266021e-02
epoch 4/30: loss=1.471086e-04, drift=3.093606e-02
epoch 5/30: loss=1.366287e-04, drift=2.979959e-02
epoch 6/30: loss=1.266642e-04, drift=2.869347e-02
epoch 7/30: loss=1.232431e-04, drift=2.829930e-02
epoch 8/30: loss=1.231007e-04, drift=2.835893e-02
epoch 9/30: loss=1.194500e-04, drift=2.787534e-02
epoch 10/30: loss=1.177843e-04, drift=2.770609e-02
epoch 11/30: loss=1.198472e-04, drift=2.796487e-02
epoch 12/30: loss=1.189127e-04, drift=2.781026e-02
epoch 13/30: loss=1.192203e-04, drift=2.785456e-02
epoch 14/30: loss=1.196030e-04, drift=2.789613e-02
epoch 15/30: loss=1.204053e-04, drift=2.800631e-02
epoch 16/30: loss=1.213666e-04, drift=2.814435e-02
epoch 17/30: loss=1.203504e-04, drift=2.798352e-02
epoch 18/30: loss=1.196621e-04, drift=2.788968e-02
epoch 19/30: loss=1.223315e-04, drift=2.823288e-02
epoch 20/30: loss=1.197742e-04, drift=2.794728e-02
epoch 21/30: loss=1.236465e-04, drift=2.831460e-02
epoch 22/30: loss=1.206938e-04, drift=2.805692e-02
epoch 23/30: loss=1.197187e-04, drift=2.792860e-02
epoch 24/30: loss=1.165009e-04, drift=2.750714e-02
epoch 25/30: loss=1.222068e-04, drift=2.821161e-02
epoch 26/30: loss=1.145004e-04, drift=2.730280e-02
epoch 27/30: loss=1.161456e-04, drift=2.749176e-02
epoch 28/30: loss=1.157527e-04, drift=2.743760e-02
epoch 29/30: loss=1.196607e-04, drift=2.785029e-02
epoch 30/30: loss=1.152305e-04, drift=2.740080e-02
[Rayleigh] swd=0.050951
[SSPA] training enhanced direct drifting
epoch 1/160: loss=2.648701e-04, drift=4.391624e-02
epoch 2/160: loss=1.918274e-04, drift=3.793978e-02
epoch 3/160: loss=1.856293e-04, drift=3.732520e-02
epoch 4/160: loss=1.787977e-04, drift=3.663239e-02
epoch 5/160: loss=1.700784e-04, drift=3.574961e-02
epoch 6/160: loss=1.695044e-04, drift=3.567911e-02
epoch 7/160: loss=1.597876e-04, drift=3.468657e-02
epoch 8/160: loss=1.593112e-04, drift=3.457328e-02
epoch 9/160: loss=1.560331e-04, drift=3.425993e-02
epoch 10/160: loss=1.518176e-04, drift=3.373006e-02
epoch 11/160: loss=1.456783e-04, drift=3.312847e-02
epoch 12/160: loss=1.417034e-04, drift=3.262490e-02
epoch 13/160: loss=1.332795e-04, drift=3.166168e-02
epoch 14/160: loss=1.244753e-04, drift=3.058267e-02
epoch 15/160: loss=1.125875e-04, drift=2.903099e-02
epoch 16/160: loss=1.056127e-04, drift=2.819835e-02
epoch 17/160: loss=1.000290e-04, drift=2.746347e-02
epoch 18/160: loss=9.515308e-05, drift=2.676485e-02
epoch 19/160: loss=9.210243e-05, drift=2.632281e-02
epoch 20/160: loss=9.316409e-05, drift=2.645910e-02
epoch 21/160: loss=8.936359e-05, drift=2.590286e-02
epoch 22/160: loss=8.898750e-05, drift=2.585591e-02
epoch 23/160: loss=8.737056e-05, drift=2.563487e-02
epoch 24/160: loss=8.399649e-05, drift=2.513737e-02
epoch 25/160: loss=8.402261e-05, drift=2.512799e-02
epoch 26/160: loss=8.053890e-05, drift=2.461261e-02
epoch 27/160: loss=8.251675e-05, drift=2.491266e-02
epoch 28/160: loss=8.079799e-05, drift=2.462616e-02
epoch 29/160: loss=7.638951e-05, drift=2.396306e-02
epoch 30/160: loss=7.567516e-05, drift=2.388451e-02
epoch 31/160: loss=7.477685e-05, drift=2.370407e-02
epoch 32/160: loss=7.445046e-05, drift=2.365992e-02
epoch 33/160: loss=7.359919e-05, drift=2.347393e-02
epoch 34/160: loss=7.262399e-05, drift=2.334936e-02
epoch 35/160: loss=7.126509e-05, drift=2.314812e-02
epoch 36/160: loss=7.115119e-05, drift=2.315082e-02
epoch 37/160: loss=7.011895e-05, drift=2.294352e-02
epoch 38/160: loss=6.821537e-05, drift=2.266317e-02
epoch 39/160: loss=6.953476e-05, drift=2.286531e-02
epoch 40/160: loss=6.698800e-05, drift=2.242212e-02
epoch 41/160: loss=6.787716e-05, drift=2.256876e-02
epoch 42/160: loss=6.548914e-05, drift=2.217924e-02
epoch 43/160: loss=6.613599e-05, drift=2.230318e-02
epoch 44/160: loss=6.651267e-05, drift=2.239667e-02
epoch 45/160: loss=6.484739e-05, drift=2.206152e-02
epoch 46/160: loss=6.463019e-05, drift=2.203519e-02
epoch 47/160: loss=6.435901e-05, drift=2.199115e-02
epoch 48/160: loss=6.458285e-05, drift=2.202063e-02
epoch 49/160: loss=6.306312e-05, drift=2.177195e-02
epoch 50/160: loss=6.240270e-05, drift=2.168579e-02
epoch 51/160: loss=6.299478e-05, drift=2.175521e-02
epoch 52/160: loss=6.216502e-05, drift=2.159476e-02
epoch 53/160: loss=6.133892e-05, drift=2.149485e-02
epoch 54/160: loss=6.212692e-05, drift=2.161809e-02
epoch 55/160: loss=6.104586e-05, drift=2.139653e-02
epoch 56/160: loss=5.742060e-05, drift=2.075573e-02
epoch 57/160: loss=6.004084e-05, drift=2.121226e-02
epoch 58/160: loss=6.028220e-05, drift=2.128197e-02
epoch 59/160: loss=5.996731e-05, drift=2.121547e-02
epoch 60/160: loss=6.005029e-05, drift=2.126386e-02
epoch 61/160: loss=5.990962e-05, drift=2.121661e-02
epoch 62/160: loss=5.840736e-05, drift=2.097253e-02
epoch 63/160: loss=5.863328e-05, drift=2.097463e-02
epoch 64/160: loss=5.793380e-05, drift=2.083139e-02
epoch 65/160: loss=5.860982e-05, drift=2.097780e-02
epoch 66/160: loss=5.814520e-05, drift=2.087514e-02
epoch 67/160: loss=5.724596e-05, drift=2.075468e-02
epoch 68/160: loss=5.726263e-05, drift=2.076129e-02
epoch 69/160: loss=5.613296e-05, drift=2.052329e-02
epoch 70/160: loss=5.760498e-05, drift=2.078130e-02
epoch 71/160: loss=5.741403e-05, drift=2.074480e-02
epoch 72/160: loss=5.648594e-05, drift=2.061077e-02
epoch 73/160: loss=5.740027e-05, drift=2.079016e-02
epoch 74/160: loss=5.583258e-05, drift=2.047304e-02
epoch 75/160: loss=5.673822e-05, drift=2.067459e-02
epoch 76/160: loss=5.608146e-05, drift=2.052084e-02
epoch 77/160: loss=5.811565e-05, drift=2.089264e-02
epoch 78/160: loss=5.466970e-05, drift=2.026976e-02
epoch 79/160: loss=5.433176e-05, drift=2.023013e-02
epoch 80/160: loss=5.532172e-05, drift=2.040257e-02
epoch 81/160: loss=5.340831e-05, drift=2.000258e-02
epoch 82/160: loss=5.557331e-05, drift=2.044483e-02
epoch 83/160: loss=5.438822e-05, drift=2.019090e-02
epoch 84/160: loss=5.351412e-05, drift=2.004230e-02
epoch 85/160: loss=5.363942e-05, drift=2.008904e-02
epoch 86/160: loss=5.384212e-05, drift=2.008240e-02
epoch 87/160: loss=5.331997e-05, drift=2.002768e-02
epoch 88/160: loss=5.309647e-05, drift=1.998105e-02
epoch 89/160: loss=5.277342e-05, drift=1.990709e-02
epoch 90/160: loss=5.324527e-05, drift=1.999731e-02
epoch 91/160: loss=5.347688e-05, drift=2.006242e-02
epoch 92/160: loss=5.313134e-05, drift=1.995901e-02
epoch 93/160: loss=5.382649e-05, drift=2.013151e-02
epoch 94/160: loss=5.184018e-05, drift=1.975317e-02
epoch 95/160: loss=5.328993e-05, drift=2.001594e-02
epoch 96/160: loss=5.211936e-05, drift=1.977708e-02
epoch 97/160: loss=5.181229e-05, drift=1.974689e-02
epoch 98/160: loss=5.242280e-05, drift=1.983606e-02
epoch 99/160: loss=5.142908e-05, drift=1.966841e-02
epoch 100/160: loss=5.205934e-05, drift=1.979282e-02
epoch 101/160: loss=5.075053e-05, drift=1.955054e-02
epoch 102/160: loss=5.043292e-05, drift=1.943925e-02
epoch 103/160: loss=5.295200e-05, drift=1.998455e-02
epoch 104/160: loss=5.162460e-05, drift=1.970073e-02
epoch 105/160: loss=5.000621e-05, drift=1.939102e-02
epoch 106/160: loss=5.255482e-05, drift=1.989370e-02
epoch 107/160: loss=5.097358e-05, drift=1.958253e-02
epoch 108/160: loss=5.208099e-05, drift=1.980383e-02
epoch 109/160: loss=5.038344e-05, drift=1.945778e-02
epoch 110/160: loss=4.985899e-05, drift=1.937512e-02
epoch 111/160: loss=4.811854e-05, drift=1.900023e-02
epoch 112/160: loss=4.947788e-05, drift=1.929227e-02
epoch 113/160: loss=4.954051e-05, drift=1.929355e-02
epoch 114/160: loss=4.954831e-05, drift=1.930878e-02
epoch 115/160: loss=4.895059e-05, drift=1.918627e-02
epoch 116/160: loss=4.959115e-05, drift=1.928602e-02
epoch 117/160: loss=4.847506e-05, drift=1.910882e-02
epoch 118/160: loss=4.790996e-05, drift=1.896427e-02
epoch 119/160: loss=4.812838e-05, drift=1.901547e-02
epoch 120/160: loss=4.764473e-05, drift=1.895075e-02
epoch 121/160: loss=4.743421e-05, drift=1.885328e-02
epoch 122/160: loss=4.758702e-05, drift=1.890363e-02
epoch 123/160: loss=4.912351e-05, drift=1.921284e-02
epoch 124/160: loss=4.768207e-05, drift=1.895234e-02
epoch 125/160: loss=4.708313e-05, drift=1.882000e-02
epoch 126/160: loss=4.669908e-05, drift=1.874670e-02
epoch 127/160: loss=4.834543e-05, drift=1.907769e-02
epoch 128/160: loss=4.798017e-05, drift=1.898371e-02
epoch 129/160: loss=4.747151e-05, drift=1.887217e-02
epoch 130/160: loss=4.741367e-05, drift=1.888191e-02
epoch 131/160: loss=4.644894e-05, drift=1.868790e-02
epoch 132/160: loss=4.624973e-05, drift=1.862688e-02
epoch 133/160: loss=4.799252e-05, drift=1.899340e-02
epoch 134/160: loss=4.695369e-05, drift=1.877718e-02
epoch 135/160: loss=4.780303e-05, drift=1.895597e-02
epoch 136/160: loss=4.691436e-05, drift=1.879574e-02
epoch 137/160: loss=4.644839e-05, drift=1.870993e-02
epoch 138/160: loss=4.548904e-05, drift=1.849506e-02
epoch 139/160: loss=4.500894e-05, drift=1.840045e-02
epoch 140/160: loss=4.687092e-05, drift=1.876996e-02
epoch 141/160: loss=4.573534e-05, drift=1.855133e-02
epoch 142/160: loss=4.671807e-05, drift=1.873700e-02
epoch 143/160: loss=4.497352e-05, drift=1.840313e-02
epoch 144/160: loss=4.675734e-05, drift=1.878241e-02
epoch 145/160: loss=4.546967e-05, drift=1.846617e-02
epoch 146/160: loss=4.541620e-05, drift=1.845525e-02
epoch 147/160: loss=4.555034e-05, drift=1.849302e-02
epoch 148/160: loss=4.494021e-05, drift=1.839466e-02
epoch 149/160: loss=4.590679e-05, drift=1.857935e-02
epoch 150/160: loss=4.433663e-05, drift=1.825219e-02
epoch 151/160: loss=4.432302e-05, drift=1.826666e-02
epoch 152/160: loss=4.545738e-05, drift=1.848716e-02
epoch 153/160: loss=4.416931e-05, drift=1.820841e-02
epoch 154/160: loss=4.578183e-05, drift=1.855843e-02
epoch 155/160: loss=4.414891e-05, drift=1.822681e-02
epoch 156/160: loss=4.552107e-05, drift=1.850244e-02
epoch 157/160: loss=4.390666e-05, drift=1.817102e-02
epoch 158/160: loss=4.404061e-05, drift=1.818042e-02
epoch 159/160: loss=4.462256e-05, drift=1.831289e-02
epoch 160/160: loss=4.468457e-05, drift=1.835622e-02
[SSPA] swd=0.006029
{
  "summary": "/home/rifr807e/repos/conditional_drifting_models/results/enhanced_direct_hpc_20260324_202013/enhanced_direct_seed11/enhanced_direct_summary_seed11.json"
}

[seed-runner] exit_code: 0
[seed-runner] elapsed_seconds: 11857.693
