[seed-runner] start 2026-03-24T20:20:40Z
[seed-runner] label: enhanced_direct
[seed-runner] cwd: /home/h3/rifr807e/repos/conditional_drifting_models
[seed-runner] command: /software/genoa/r24.04/Python/3.11.3-GCCcore-12.3.0/bin/python -u scripts/run_enhanced_direct_benchmark.py --device cuda --seed 7 --channels AWGN,Rayleigh,SSPA --eval-size 1000000 --drifting-epochs -1 --swd-projections -1 --conditioning-mode joint --condition-kernel-scale 0.5 --target-kernel-scale 1.0 --target-kernel-mode raw --save-dir /home/rifr807e/repos/conditional_drifting_models/results/enhanced_direct_hpc_20260324_202013/enhanced_direct_seed7/checkpoints --out /home/rifr807e/repos/conditional_drifting_models/results/enhanced_direct_hpc_20260324_202013/enhanced_direct_seed7/enhanced_direct_summary_seed7.json

[AWGN] training enhanced direct drifting
epoch 1/30: loss=2.669066e-04, drift=4.097115e-02
epoch 2/30: loss=1.978027e-04, drift=3.594472e-02
epoch 3/30: loss=1.878485e-04, drift=3.499992e-02
epoch 4/30: loss=1.850777e-04, drift=3.473796e-02
epoch 5/30: loss=1.733055e-04, drift=3.357435e-02
epoch 6/30: loss=1.702322e-04, drift=3.336190e-02
epoch 7/30: loss=1.615770e-04, drift=3.247261e-02
epoch 8/30: loss=1.592968e-04, drift=3.231079e-02
epoch 9/30: loss=1.552290e-04, drift=3.181117e-02
epoch 10/30: loss=1.597132e-04, drift=3.229025e-02
epoch 11/30: loss=1.490972e-04, drift=3.115859e-02
epoch 12/30: loss=1.511684e-04, drift=3.139356e-02
epoch 13/30: loss=1.514147e-04, drift=3.140050e-02
epoch 14/30: loss=1.514311e-04, drift=3.141352e-02
epoch 15/30: loss=1.488271e-04, drift=3.118451e-02
epoch 16/30: loss=1.516618e-04, drift=3.143440e-02
epoch 17/30: loss=1.518933e-04, drift=3.143925e-02
epoch 18/30: loss=1.482007e-04, drift=3.109421e-02
epoch 19/30: loss=1.500788e-04, drift=3.132865e-02
epoch 20/30: loss=1.487322e-04, drift=3.111343e-02
epoch 21/30: loss=1.493714e-04, drift=3.119699e-02
epoch 22/30: loss=1.484160e-04, drift=3.113171e-02
epoch 23/30: loss=1.488170e-04, drift=3.114710e-02
epoch 24/30: loss=1.442709e-04, drift=3.064819e-02
epoch 25/30: loss=1.450094e-04, drift=3.077507e-02
epoch 26/30: loss=1.513317e-04, drift=3.146935e-02
epoch 27/30: loss=1.461494e-04, drift=3.083246e-02
epoch 28/30: loss=1.450181e-04, drift=3.069507e-02
epoch 29/30: loss=1.447122e-04, drift=3.072606e-02
epoch 30/30: loss=1.480464e-04, drift=3.103229e-02
[AWGN] swd=0.024481
[Rayleigh] training enhanced direct drifting
epoch 1/30: loss=2.164999e-04, drift=3.688350e-02
epoch 2/30: loss=1.614544e-04, drift=3.243896e-02
epoch 3/30: loss=1.578074e-04, drift=3.211299e-02
epoch 4/30: loss=1.407440e-04, drift=3.025961e-02
epoch 5/30: loss=1.329930e-04, drift=2.944060e-02
epoch 6/30: loss=1.257622e-04, drift=2.860725e-02
epoch 7/30: loss=1.250610e-04, drift=2.851258e-02
epoch 8/30: loss=1.225295e-04, drift=2.826740e-02
epoch 9/30: loss=1.216927e-04, drift=2.815931e-02
epoch 10/30: loss=1.216524e-04, drift=2.814481e-02
epoch 11/30: loss=1.187286e-04, drift=2.781674e-02
epoch 12/30: loss=1.195346e-04, drift=2.793537e-02
epoch 13/30: loss=1.173942e-04, drift=2.757705e-02
epoch 14/30: loss=1.195044e-04, drift=2.785073e-02
epoch 15/30: loss=1.189960e-04, drift=2.784401e-02
epoch 16/30: loss=1.209221e-04, drift=2.806153e-02
epoch 17/30: loss=1.210779e-04, drift=2.808587e-02
epoch 18/30: loss=1.202938e-04, drift=2.797452e-02
epoch 19/30: loss=1.178352e-04, drift=2.771978e-02
epoch 20/30: loss=1.168859e-04, drift=2.764116e-02
epoch 21/30: loss=1.175799e-04, drift=2.763040e-02
epoch 22/30: loss=1.175129e-04, drift=2.763349e-02
epoch 23/30: loss=1.142768e-04, drift=2.725066e-02
epoch 24/30: loss=1.157781e-04, drift=2.748546e-02
epoch 25/30: loss=1.179266e-04, drift=2.774725e-02
epoch 26/30: loss=1.190165e-04, drift=2.781819e-02
epoch 27/30: loss=1.164767e-04, drift=2.751939e-02
epoch 28/30: loss=1.177458e-04, drift=2.768894e-02
epoch 29/30: loss=1.164312e-04, drift=2.754569e-02
epoch 30/30: loss=1.163447e-04, drift=2.754404e-02
[Rayleigh] swd=0.049069
[SSPA] training enhanced direct drifting
epoch 1/160: loss=2.634561e-04, drift=4.374372e-02
epoch 2/160: loss=1.928102e-04, drift=3.805191e-02
epoch 3/160: loss=1.866143e-04, drift=3.741379e-02
epoch 4/160: loss=1.732053e-04, drift=3.610698e-02
epoch 5/160: loss=1.692751e-04, drift=3.564514e-02
epoch 6/160: loss=1.654463e-04, drift=3.529754e-02
epoch 7/160: loss=1.630811e-04, drift=3.501039e-02
epoch 8/160: loss=1.596179e-04, drift=3.463927e-02
epoch 9/160: loss=1.555705e-04, drift=3.419486e-02
epoch 10/160: loss=1.469185e-04, drift=3.320536e-02
epoch 11/160: loss=1.448309e-04, drift=3.300660e-02
epoch 12/160: loss=1.358037e-04, drift=3.196577e-02
epoch 13/160: loss=1.302299e-04, drift=3.128005e-02
epoch 14/160: loss=1.213691e-04, drift=3.015716e-02
epoch 15/160: loss=1.103377e-04, drift=2.878046e-02
epoch 16/160: loss=1.035032e-04, drift=2.789331e-02
epoch 17/160: loss=9.446214e-05, drift=2.665289e-02
epoch 18/160: loss=9.595530e-05, drift=2.682124e-02
epoch 19/160: loss=9.210530e-05, drift=2.629510e-02
epoch 20/160: loss=9.244304e-05, drift=2.636719e-02
epoch 21/160: loss=8.883649e-05, drift=2.584699e-02
epoch 22/160: loss=8.614100e-05, drift=2.540699e-02
epoch 23/160: loss=8.810072e-05, drift=2.571992e-02
epoch 24/160: loss=8.545567e-05, drift=2.534857e-02
epoch 25/160: loss=8.463875e-05, drift=2.524282e-02
epoch 26/160: loss=8.029448e-05, drift=2.451911e-02
epoch 27/160: loss=8.050133e-05, drift=2.456053e-02
epoch 28/160: loss=8.173751e-05, drift=2.478185e-02
epoch 29/160: loss=7.928290e-05, drift=2.439388e-02
epoch 30/160: loss=7.671890e-05, drift=2.401695e-02
epoch 31/160: loss=7.647463e-05, drift=2.396968e-02
epoch 32/160: loss=7.304838e-05, drift=2.341378e-02
epoch 33/160: loss=7.693579e-05, drift=2.404402e-02
epoch 34/160: loss=7.198469e-05, drift=2.329006e-02
epoch 35/160: loss=7.181615e-05, drift=2.323713e-02
epoch 36/160: loss=7.234733e-05, drift=2.334265e-02
epoch 37/160: loss=7.078061e-05, drift=2.306581e-02
epoch 38/160: loss=7.005488e-05, drift=2.295996e-02
epoch 39/160: loss=6.742398e-05, drift=2.249327e-02
epoch 40/160: loss=6.632125e-05, drift=2.230784e-02
epoch 41/160: loss=6.688688e-05, drift=2.242096e-02
epoch 42/160: loss=6.778136e-05, drift=2.260583e-02
epoch 43/160: loss=6.733049e-05, drift=2.248654e-02
epoch 44/160: loss=6.629951e-05, drift=2.228852e-02
epoch 45/160: loss=6.529040e-05, drift=2.213763e-02
epoch 46/160: loss=6.433148e-05, drift=2.199076e-02
epoch 47/160: loss=6.531642e-05, drift=2.216539e-02
epoch 48/160: loss=6.334345e-05, drift=2.182644e-02
epoch 49/160: loss=6.288577e-05, drift=2.174651e-02
epoch 50/160: loss=6.347938e-05, drift=2.185786e-02
epoch 51/160: loss=6.211949e-05, drift=2.161177e-02
epoch 52/160: loss=6.254013e-05, drift=2.169791e-02
epoch 53/160: loss=6.233934e-05, drift=2.164632e-02
epoch 54/160: loss=6.104597e-05, drift=2.142741e-02
epoch 55/160: loss=6.177476e-05, drift=2.155561e-02
epoch 56/160: loss=6.283171e-05, drift=2.173159e-02
epoch 57/160: loss=6.188512e-05, drift=2.159600e-02
epoch 58/160: loss=5.986459e-05, drift=2.119392e-02
epoch 59/160: loss=6.138280e-05, drift=2.150131e-02
epoch 60/160: loss=6.080376e-05, drift=2.137150e-02
epoch 61/160: loss=5.894927e-05, drift=2.107586e-02
epoch 62/160: loss=5.914275e-05, drift=2.108230e-02
epoch 63/160: loss=5.891629e-05, drift=2.103833e-02
epoch 64/160: loss=6.075523e-05, drift=2.135558e-02
epoch 65/160: loss=6.018484e-05, drift=2.128002e-02
epoch 66/160: loss=5.904596e-05, drift=2.105560e-02
epoch 67/160: loss=5.823812e-05, drift=2.090367e-02
epoch 68/160: loss=5.836786e-05, drift=2.092536e-02
epoch 69/160: loss=5.741875e-05, drift=2.078829e-02
epoch 70/160: loss=5.854481e-05, drift=2.098837e-02
epoch 71/160: loss=5.853209e-05, drift=2.096044e-02
epoch 72/160: loss=5.778198e-05, drift=2.084723e-02
epoch 73/160: loss=5.833870e-05, drift=2.094396e-02
epoch 74/160: loss=5.646165e-05, drift=2.058021e-02
epoch 75/160: loss=5.805709e-05, drift=2.088199e-02
epoch 76/160: loss=5.630122e-05, drift=2.057329e-02
epoch 77/160: loss=5.744024e-05, drift=2.076147e-02
epoch 78/160: loss=5.676845e-05, drift=2.065235e-02
epoch 79/160: loss=5.792785e-05, drift=2.084648e-02
epoch 80/160: loss=5.641150e-05, drift=2.057473e-02
epoch 81/160: loss=5.599563e-05, drift=2.050047e-02
epoch 82/160: loss=5.628859e-05, drift=2.055886e-02
epoch 83/160: loss=5.740490e-05, drift=2.078317e-02
epoch 84/160: loss=5.627986e-05, drift=2.057971e-02
epoch 85/160: loss=5.505588e-05, drift=2.035653e-02
epoch 86/160: loss=5.528211e-05, drift=2.038323e-02
epoch 87/160: loss=5.330427e-05, drift=2.002506e-02
epoch 88/160: loss=5.524407e-05, drift=2.039193e-02
epoch 89/160: loss=5.466082e-05, drift=2.025743e-02
epoch 90/160: loss=5.315414e-05, drift=2.001643e-02
epoch 91/160: loss=5.464724e-05, drift=2.024947e-02
epoch 92/160: loss=5.447191e-05, drift=2.022692e-02
epoch 93/160: loss=5.355912e-05, drift=2.006701e-02
epoch 94/160: loss=5.406943e-05, drift=2.018273e-02
epoch 95/160: loss=5.234965e-05, drift=1.984084e-02
epoch 96/160: loss=5.441219e-05, drift=2.022669e-02
epoch 97/160: loss=5.358417e-05, drift=2.004229e-02
epoch 98/160: loss=5.373366e-05, drift=2.009839e-02
epoch 99/160: loss=5.380274e-05, drift=2.008922e-02
epoch 100/160: loss=5.225618e-05, drift=1.983181e-02
epoch 101/160: loss=5.269835e-05, drift=1.991558e-02
epoch 102/160: loss=5.312554e-05, drift=1.999794e-02
epoch 103/160: loss=5.296812e-05, drift=1.999065e-02
epoch 104/160: loss=5.153337e-05, drift=1.966812e-02
epoch 105/160: loss=5.172379e-05, drift=1.970269e-02
epoch 106/160: loss=5.131849e-05, drift=1.962508e-02
epoch 107/160: loss=5.148095e-05, drift=1.967914e-02
epoch 108/160: loss=5.065459e-05, drift=1.951212e-02
epoch 109/160: loss=4.986481e-05, drift=1.937779e-02
epoch 110/160: loss=5.349013e-05, drift=2.001751e-02
epoch 111/160: loss=5.220406e-05, drift=1.979998e-02
epoch 112/160: loss=5.070086e-05, drift=1.953026e-02
epoch 113/160: loss=5.123462e-05, drift=1.960630e-02
epoch 114/160: loss=5.149669e-05, drift=1.968287e-02
epoch 115/160: loss=5.030532e-05, drift=1.944013e-02
epoch 116/160: loss=5.112145e-05, drift=1.959940e-02
epoch 117/160: loss=4.980409e-05, drift=1.935153e-02
epoch 118/160: loss=5.067107e-05, drift=1.952253e-02
epoch 119/160: loss=4.980673e-05, drift=1.936512e-02
epoch 120/160: loss=4.882238e-05, drift=1.914484e-02
epoch 121/160: loss=5.019991e-05, drift=1.945376e-02
epoch 122/160: loss=5.019883e-05, drift=1.944122e-02
epoch 123/160: loss=4.897731e-05, drift=1.920813e-02
epoch 124/160: loss=4.818504e-05, drift=1.901411e-02
epoch 125/160: loss=4.840843e-05, drift=1.907476e-02
epoch 126/160: loss=4.878367e-05, drift=1.917275e-02
epoch 127/160: loss=4.931927e-05, drift=1.926192e-02
epoch 128/160: loss=4.749759e-05, drift=1.890996e-02
epoch 129/160: loss=4.844501e-05, drift=1.906846e-02
epoch 130/160: loss=4.799550e-05, drift=1.899160e-02
epoch 131/160: loss=4.737769e-05, drift=1.884054e-02
epoch 132/160: loss=4.843381e-05, drift=1.907682e-02
epoch 133/160: loss=4.790304e-05, drift=1.897369e-02
epoch 134/160: loss=4.687436e-05, drift=1.875070e-02
epoch 135/160: loss=4.760047e-05, drift=1.893040e-02
epoch 136/160: loss=4.722472e-05, drift=1.880697e-02
epoch 137/160: loss=4.634722e-05, drift=1.865350e-02
epoch 138/160: loss=4.741754e-05, drift=1.887277e-02
epoch 139/160: loss=4.633432e-05, drift=1.866648e-02
epoch 140/160: loss=4.565791e-05, drift=1.851297e-02
epoch 141/160: loss=4.752517e-05, drift=1.890834e-02
epoch 142/160: loss=4.521387e-05, drift=1.842523e-02
epoch 143/160: loss=4.683659e-05, drift=1.877519e-02
epoch 144/160: loss=4.587512e-05, drift=1.858782e-02
epoch 145/160: loss=4.594160e-05, drift=1.858552e-02
epoch 146/160: loss=4.656016e-05, drift=1.870227e-02
epoch 147/160: loss=4.610193e-05, drift=1.860393e-02
epoch 148/160: loss=4.520100e-05, drift=1.842226e-02
epoch 149/160: loss=4.528589e-05, drift=1.848444e-02
epoch 150/160: loss=4.634325e-05, drift=1.866032e-02
epoch 151/160: loss=4.494120e-05, drift=1.837888e-02
epoch 152/160: loss=4.511440e-05, drift=1.841329e-02
epoch 153/160: loss=4.585660e-05, drift=1.857508e-02
epoch 154/160: loss=4.457119e-05, drift=1.830168e-02
epoch 155/160: loss=4.402858e-05, drift=1.818793e-02
epoch 156/160: loss=4.426686e-05, drift=1.821617e-02
epoch 157/160: loss=4.493730e-05, drift=1.837020e-02
epoch 158/160: loss=4.420093e-05, drift=1.823347e-02
epoch 159/160: loss=4.526408e-05, drift=1.847630e-02
epoch 160/160: loss=4.331760e-05, drift=1.801654e-02
[SSPA] swd=0.006659
{
  "summary": "/home/rifr807e/repos/conditional_drifting_models/results/enhanced_direct_hpc_20260324_202013/enhanced_direct_seed7/enhanced_direct_summary_seed7.json"
}

[seed-runner] exit_code: 0
[seed-runner] elapsed_seconds: 11975.245
