[seed-runner] start 2026-03-24T20:20:40Z
[seed-runner] label: enhanced_direct
[seed-runner] cwd: /home/h3/rifr807e/repos/conditional_drifting_models
[seed-runner] command: /software/genoa/r24.04/Python/3.11.3-GCCcore-12.3.0/bin/python -u scripts/run_enhanced_direct_benchmark.py --device cuda --seed 13 --channels AWGN,Rayleigh,SSPA --eval-size 1000000 --drifting-epochs -1 --swd-projections -1 --conditioning-mode joint --condition-kernel-scale 0.5 --target-kernel-scale 1.0 --target-kernel-mode raw --save-dir /home/rifr807e/repos/conditional_drifting_models/results/enhanced_direct_hpc_20260324_202013/enhanced_direct_seed13/checkpoints --out /home/rifr807e/repos/conditional_drifting_models/results/enhanced_direct_hpc_20260324_202013/enhanced_direct_seed13/enhanced_direct_summary_seed13.json

[AWGN] training enhanced direct drifting
epoch 1/30: loss=2.623057e-04, drift=4.065755e-02
epoch 2/30: loss=2.010733e-04, drift=3.622604e-02
epoch 3/30: loss=1.906668e-04, drift=3.530530e-02
epoch 4/30: loss=1.794220e-04, drift=3.422455e-02
epoch 5/30: loss=1.754705e-04, drift=3.382382e-02
epoch 6/30: loss=1.690745e-04, drift=3.323518e-02
epoch 7/30: loss=1.603504e-04, drift=3.235324e-02
epoch 8/30: loss=1.621672e-04, drift=3.253048e-02
epoch 9/30: loss=1.594152e-04, drift=3.223055e-02
epoch 10/30: loss=1.530296e-04, drift=3.157575e-02
epoch 11/30: loss=1.526450e-04, drift=3.150017e-02
epoch 12/30: loss=1.560082e-04, drift=3.183803e-02
epoch 13/30: loss=1.518796e-04, drift=3.147839e-02
epoch 14/30: loss=1.526866e-04, drift=3.149338e-02
epoch 15/30: loss=1.513093e-04, drift=3.140253e-02
epoch 16/30: loss=1.496633e-04, drift=3.126344e-02
epoch 17/30: loss=1.485504e-04, drift=3.112461e-02
epoch 18/30: loss=1.504236e-04, drift=3.135557e-02
epoch 19/30: loss=1.479926e-04, drift=3.115410e-02
epoch 20/30: loss=1.507079e-04, drift=3.139171e-02
epoch 21/30: loss=1.466001e-04, drift=3.090501e-02
epoch 22/30: loss=1.472431e-04, drift=3.095411e-02
epoch 23/30: loss=1.439553e-04, drift=3.065649e-02
epoch 24/30: loss=1.456906e-04, drift=3.089160e-02
epoch 25/30: loss=1.473042e-04, drift=3.098064e-02
epoch 26/30: loss=1.461092e-04, drift=3.084003e-02
epoch 27/30: loss=1.443917e-04, drift=3.066158e-02
epoch 28/30: loss=1.483961e-04, drift=3.109412e-02
epoch 29/30: loss=1.421246e-04, drift=3.036578e-02
epoch 30/30: loss=1.437553e-04, drift=3.063189e-02
[AWGN] swd=0.030074
[Rayleigh] training enhanced direct drifting
epoch 1/30: loss=2.151421e-04, drift=3.696304e-02
epoch 2/30: loss=1.667103e-04, drift=3.298005e-02
epoch 3/30: loss=1.555486e-04, drift=3.179656e-02
epoch 4/30: loss=1.421192e-04, drift=3.044414e-02
epoch 5/30: loss=1.328587e-04, drift=2.939572e-02
epoch 6/30: loss=1.263593e-04, drift=2.871327e-02
epoch 7/30: loss=1.251109e-04, drift=2.852132e-02
epoch 8/30: loss=1.233352e-04, drift=2.834230e-02
epoch 9/30: loss=1.231730e-04, drift=2.828468e-02
epoch 10/30: loss=1.222060e-04, drift=2.813242e-02
epoch 11/30: loss=1.208493e-04, drift=2.806025e-02
epoch 12/30: loss=1.207316e-04, drift=2.807747e-02
epoch 13/30: loss=1.164672e-04, drift=2.754545e-02
epoch 14/30: loss=1.227055e-04, drift=2.827723e-02
epoch 15/30: loss=1.219685e-04, drift=2.812173e-02
epoch 16/30: loss=1.232020e-04, drift=2.834271e-02
epoch 17/30: loss=1.212010e-04, drift=2.811383e-02
epoch 18/30: loss=1.181662e-04, drift=2.773615e-02
epoch 19/30: loss=1.194457e-04, drift=2.789504e-02
epoch 20/30: loss=1.185258e-04, drift=2.779930e-02
epoch 21/30: loss=1.203332e-04, drift=2.799120e-02
epoch 22/30: loss=1.191670e-04, drift=2.788804e-02
epoch 23/30: loss=1.165321e-04, drift=2.758307e-02
epoch 24/30: loss=1.184869e-04, drift=2.776543e-02
epoch 25/30: loss=1.157550e-04, drift=2.740462e-02
epoch 26/30: loss=1.143324e-04, drift=2.727668e-02
epoch 27/30: loss=1.206031e-04, drift=2.799874e-02
epoch 28/30: loss=1.137333e-04, drift=2.722108e-02
epoch 29/30: loss=1.155573e-04, drift=2.738520e-02
epoch 30/30: loss=1.155817e-04, drift=2.745935e-02
[Rayleigh] swd=0.047915
[SSPA] training enhanced direct drifting
epoch 1/160: loss=2.645732e-04, drift=4.397867e-02
epoch 2/160: loss=1.939725e-04, drift=3.818786e-02
epoch 3/160: loss=1.873724e-04, drift=3.747643e-02
epoch 4/160: loss=1.783215e-04, drift=3.660033e-02
epoch 5/160: loss=1.730925e-04, drift=3.604190e-02
epoch 6/160: loss=1.686645e-04, drift=3.563635e-02
epoch 7/160: loss=1.677157e-04, drift=3.548364e-02
epoch 8/160: loss=1.618112e-04, drift=3.484692e-02
epoch 9/160: loss=1.544737e-04, drift=3.411662e-02
epoch 10/160: loss=1.521692e-04, drift=3.380963e-02
epoch 11/160: loss=1.475131e-04, drift=3.331506e-02
epoch 12/160: loss=1.406190e-04, drift=3.252266e-02
epoch 13/160: loss=1.336070e-04, drift=3.169267e-02
epoch 14/160: loss=1.264209e-04, drift=3.081669e-02
epoch 15/160: loss=1.170395e-04, drift=2.962603e-02
epoch 16/160: loss=1.101048e-04, drift=2.875412e-02
epoch 17/160: loss=1.002540e-04, drift=2.742126e-02
epoch 18/160: loss=9.396079e-05, drift=2.658756e-02
epoch 19/160: loss=9.383762e-05, drift=2.655212e-02
epoch 20/160: loss=9.116215e-05, drift=2.620198e-02
epoch 21/160: loss=8.824843e-05, drift=2.578453e-02
epoch 22/160: loss=8.805928e-05, drift=2.575625e-02
epoch 23/160: loss=8.582002e-05, drift=2.536240e-02
epoch 24/160: loss=8.274938e-05, drift=2.489952e-02
epoch 25/160: loss=8.204494e-05, drift=2.485115e-02
epoch 26/160: loss=8.118873e-05, drift=2.474092e-02
epoch 27/160: loss=7.918208e-05, drift=2.441228e-02
epoch 28/160: loss=7.917420e-05, drift=2.438525e-02
epoch 29/160: loss=7.771804e-05, drift=2.418377e-02
epoch 30/160: loss=7.379786e-05, drift=2.352924e-02
epoch 31/160: loss=7.381944e-05, drift=2.355889e-02
epoch 32/160: loss=7.280553e-05, drift=2.335504e-02
epoch 33/160: loss=7.213811e-05, drift=2.329581e-02
epoch 34/160: loss=7.049334e-05, drift=2.301320e-02
epoch 35/160: loss=7.022791e-05, drift=2.294736e-02
epoch 36/160: loss=6.927345e-05, drift=2.284384e-02
epoch 37/160: loss=6.901469e-05, drift=2.278730e-02
epoch 38/160: loss=6.790698e-05, drift=2.258504e-02
epoch 39/160: loss=6.494050e-05, drift=2.205517e-02
epoch 40/160: loss=6.603463e-05, drift=2.228620e-02
epoch 41/160: loss=6.504812e-05, drift=2.208594e-02
epoch 42/160: loss=6.575265e-05, drift=2.220560e-02
epoch 43/160: loss=6.362706e-05, drift=2.185845e-02
epoch 44/160: loss=6.300754e-05, drift=2.173309e-02
epoch 45/160: loss=6.105728e-05, drift=2.139855e-02
epoch 46/160: loss=6.175078e-05, drift=2.156713e-02
epoch 47/160: loss=6.172985e-05, drift=2.155025e-02
epoch 48/160: loss=5.918100e-05, drift=2.108279e-02
epoch 49/160: loss=6.033071e-05, drift=2.132161e-02
epoch 50/160: loss=6.123745e-05, drift=2.145768e-02
epoch 51/160: loss=6.060246e-05, drift=2.136016e-02
epoch 52/160: loss=5.874366e-05, drift=2.101476e-02
epoch 53/160: loss=5.957607e-05, drift=2.118141e-02
epoch 54/160: loss=5.851202e-05, drift=2.099195e-02
epoch 55/160: loss=5.781190e-05, drift=2.083625e-02
epoch 56/160: loss=5.836830e-05, drift=2.093742e-02
epoch 57/160: loss=5.778905e-05, drift=2.084953e-02
epoch 58/160: loss=5.776023e-05, drift=2.083318e-02
epoch 59/160: loss=5.869887e-05, drift=2.100899e-02
epoch 60/160: loss=5.852233e-05, drift=2.097588e-02
epoch 61/160: loss=5.640252e-05, drift=2.059663e-02
epoch 62/160: loss=5.585400e-05, drift=2.047933e-02
epoch 63/160: loss=5.598605e-05, drift=2.048549e-02
epoch 64/160: loss=5.703364e-05, drift=2.069319e-02
epoch 65/160: loss=5.671627e-05, drift=2.061198e-02
epoch 66/160: loss=5.792146e-05, drift=2.089998e-02
epoch 67/160: loss=5.562736e-05, drift=2.041718e-02
epoch 68/160: loss=5.671212e-05, drift=2.064112e-02
epoch 69/160: loss=5.582946e-05, drift=2.047700e-02
epoch 70/160: loss=5.469807e-05, drift=2.030098e-02
epoch 71/160: loss=5.470957e-05, drift=2.031082e-02
epoch 72/160: loss=5.572013e-05, drift=2.045191e-02
epoch 73/160: loss=5.363274e-05, drift=2.006288e-02
epoch 74/160: loss=5.484494e-05, drift=2.029193e-02
epoch 75/160: loss=5.333098e-05, drift=2.000126e-02
epoch 76/160: loss=5.355896e-05, drift=2.005888e-02
epoch 77/160: loss=5.348456e-05, drift=2.005176e-02
epoch 78/160: loss=5.140136e-05, drift=1.965363e-02
epoch 79/160: loss=5.297013e-05, drift=1.995133e-02
epoch 80/160: loss=5.372820e-05, drift=2.010365e-02
epoch 81/160: loss=5.185176e-05, drift=1.974254e-02
epoch 82/160: loss=5.272235e-05, drift=1.987799e-02
epoch 83/160: loss=5.155330e-05, drift=1.969646e-02
epoch 84/160: loss=5.171215e-05, drift=1.971229e-02
epoch 85/160: loss=5.270127e-05, drift=1.988297e-02
epoch 86/160: loss=5.110848e-05, drift=1.956251e-02
epoch 87/160: loss=5.212495e-05, drift=1.978272e-02
epoch 88/160: loss=5.173824e-05, drift=1.972123e-02
epoch 89/160: loss=5.199836e-05, drift=1.975537e-02
epoch 90/160: loss=5.206821e-05, drift=1.977993e-02
epoch 91/160: loss=5.171397e-05, drift=1.971509e-02
epoch 92/160: loss=5.176446e-05, drift=1.970697e-02
epoch 93/160: loss=4.994085e-05, drift=1.936559e-02
epoch 94/160: loss=4.968748e-05, drift=1.931838e-02
epoch 95/160: loss=5.072017e-05, drift=1.954287e-02
epoch 96/160: loss=4.962732e-05, drift=1.929315e-02
epoch 97/160: loss=5.128927e-05, drift=1.963583e-02
epoch 98/160: loss=4.874832e-05, drift=1.915285e-02
epoch 99/160: loss=5.057840e-05, drift=1.946665e-02
epoch 100/160: loss=4.895802e-05, drift=1.916609e-02
epoch 101/160: loss=5.041483e-05, drift=1.945516e-02
epoch 102/160: loss=4.948629e-05, drift=1.931637e-02
epoch 103/160: loss=4.893249e-05, drift=1.912442e-02
epoch 104/160: loss=5.009161e-05, drift=1.938143e-02
epoch 105/160: loss=4.951089e-05, drift=1.930548e-02
epoch 106/160: loss=4.856408e-05, drift=1.913232e-02
epoch 107/160: loss=5.088914e-05, drift=1.954614e-02
epoch 108/160: loss=4.836110e-05, drift=1.908103e-02
epoch 109/160: loss=4.825388e-05, drift=1.904143e-02
epoch 110/160: loss=4.703469e-05, drift=1.881896e-02
epoch 111/160: loss=4.878431e-05, drift=1.912275e-02
epoch 112/160: loss=4.820132e-05, drift=1.902417e-02
epoch 113/160: loss=4.811336e-05, drift=1.898891e-02
epoch 114/160: loss=4.786034e-05, drift=1.898122e-02
epoch 115/160: loss=4.605108e-05, drift=1.860255e-02
epoch 116/160: loss=4.699760e-05, drift=1.878763e-02
epoch 117/160: loss=4.841597e-05, drift=1.907847e-02
epoch 118/160: loss=4.680440e-05, drift=1.876634e-02
epoch 119/160: loss=4.847795e-05, drift=1.908074e-02
epoch 120/160: loss=4.614089e-05, drift=1.861829e-02
epoch 121/160: loss=4.702220e-05, drift=1.878848e-02
epoch 122/160: loss=4.659593e-05, drift=1.873182e-02
epoch 123/160: loss=4.773314e-05, drift=1.891323e-02
epoch 124/160: loss=4.496100e-05, drift=1.838266e-02
epoch 125/160: loss=4.689939e-05, drift=1.878335e-02
epoch 126/160: loss=4.609208e-05, drift=1.862103e-02
epoch 127/160: loss=4.544261e-05, drift=1.847233e-02
epoch 128/160: loss=4.508242e-05, drift=1.839666e-02
epoch 129/160: loss=4.552416e-05, drift=1.851547e-02
epoch 130/160: loss=4.547036e-05, drift=1.850661e-02
epoch 131/160: loss=4.608703e-05, drift=1.862521e-02
epoch 132/160: loss=4.485420e-05, drift=1.838218e-02
epoch 133/160: loss=4.629619e-05, drift=1.864082e-02
epoch 134/160: loss=4.466507e-05, drift=1.831438e-02
epoch 135/160: loss=4.571973e-05, drift=1.853172e-02
epoch 136/160: loss=4.514636e-05, drift=1.840015e-02
epoch 137/160: loss=4.457640e-05, drift=1.833064e-02
epoch 138/160: loss=4.480580e-05, drift=1.835634e-02
epoch 139/160: loss=4.446999e-05, drift=1.830106e-02
epoch 140/160: loss=4.362239e-05, drift=1.810977e-02
epoch 141/160: loss=4.438687e-05, drift=1.827419e-02
epoch 142/160: loss=4.345541e-05, drift=1.808088e-02
epoch 143/160: loss=4.398287e-05, drift=1.817428e-02
epoch 144/160: loss=4.592182e-05, drift=1.859178e-02
epoch 145/160: loss=4.371101e-05, drift=1.812001e-02
epoch 146/160: loss=4.474555e-05, drift=1.832882e-02
epoch 147/160: loss=4.430213e-05, drift=1.825063e-02
epoch 148/160: loss=4.385297e-05, drift=1.814754e-02
epoch 149/160: loss=4.329292e-05, drift=1.805856e-02
epoch 150/160: loss=4.385340e-05, drift=1.815564e-02
epoch 151/160: loss=4.389222e-05, drift=1.819549e-02
epoch 152/160: loss=4.199831e-05, drift=1.776877e-02
epoch 153/160: loss=4.338249e-05, drift=1.805961e-02
epoch 154/160: loss=4.430299e-05, drift=1.823407e-02
epoch 155/160: loss=4.310316e-05, drift=1.799889e-02
epoch 156/160: loss=4.255026e-05, drift=1.788958e-02
epoch 157/160: loss=4.229772e-05, drift=1.780652e-02
epoch 158/160: loss=4.270940e-05, drift=1.792728e-02
epoch 159/160: loss=4.187822e-05, drift=1.776674e-02
epoch 160/160: loss=4.126502e-05, drift=1.757891e-02
[SSPA] swd=0.006678
{
  "summary": "/home/rifr807e/repos/conditional_drifting_models/results/enhanced_direct_hpc_20260324_202013/enhanced_direct_seed13/enhanced_direct_summary_seed13.json"
}

[seed-runner] exit_code: 0
[seed-runner] elapsed_seconds: 11908.636
