[seed-runner] start 2026-03-24T20:20:40Z
[seed-runner] label: enhanced_direct
[seed-runner] cwd: /home/h3/rifr807e/repos/conditional_drifting_models
[seed-runner] command: /software/genoa/r24.04/Python/3.11.3-GCCcore-12.3.0/bin/python -u scripts/run_enhanced_direct_benchmark.py --device cuda --seed 15 --channels AWGN,Rayleigh,SSPA --eval-size 1000000 --drifting-epochs -1 --swd-projections -1 --conditioning-mode joint --condition-kernel-scale 0.5 --target-kernel-scale 1.0 --target-kernel-mode raw --save-dir /home/rifr807e/repos/conditional_drifting_models/results/enhanced_direct_hpc_20260324_202013/enhanced_direct_seed15/checkpoints --out /home/rifr807e/repos/conditional_drifting_models/results/enhanced_direct_hpc_20260324_202013/enhanced_direct_seed15/enhanced_direct_summary_seed15.json

[AWGN] training enhanced direct drifting
epoch 1/30: loss=2.600736e-04, drift=4.045962e-02
epoch 2/30: loss=2.005430e-04, drift=3.614245e-02
epoch 3/30: loss=1.879700e-04, drift=3.498293e-02
epoch 4/30: loss=1.832749e-04, drift=3.459411e-02
epoch 5/30: loss=1.805109e-04, drift=3.431891e-02
epoch 6/30: loss=1.695987e-04, drift=3.326403e-02
epoch 7/30: loss=1.603384e-04, drift=3.236574e-02
epoch 8/30: loss=1.595602e-04, drift=3.221798e-02
epoch 9/30: loss=1.595437e-04, drift=3.221565e-02
epoch 10/30: loss=1.506834e-04, drift=3.137284e-02
epoch 11/30: loss=1.563347e-04, drift=3.191989e-02
epoch 12/30: loss=1.524652e-04, drift=3.154559e-02
epoch 13/30: loss=1.496664e-04, drift=3.122674e-02
epoch 14/30: loss=1.533605e-04, drift=3.159881e-02
epoch 15/30: loss=1.546818e-04, drift=3.176649e-02
epoch 16/30: loss=1.478717e-04, drift=3.104522e-02
epoch 17/30: loss=1.495038e-04, drift=3.115604e-02
epoch 18/30: loss=1.500856e-04, drift=3.125014e-02
epoch 19/30: loss=1.502896e-04, drift=3.127426e-02
epoch 20/30: loss=1.500279e-04, drift=3.125663e-02
epoch 21/30: loss=1.478473e-04, drift=3.098905e-02
epoch 22/30: loss=1.491912e-04, drift=3.116731e-02
epoch 23/30: loss=1.475787e-04, drift=3.095521e-02
epoch 24/30: loss=1.437959e-04, drift=3.063718e-02
epoch 25/30: loss=1.462391e-04, drift=3.091043e-02
epoch 26/30: loss=1.455572e-04, drift=3.078178e-02
epoch 27/30: loss=1.429993e-04, drift=3.053463e-02
epoch 28/30: loss=1.463121e-04, drift=3.087933e-02
epoch 29/30: loss=1.481609e-04, drift=3.106761e-02
epoch 30/30: loss=1.436598e-04, drift=3.060252e-02
[AWGN] swd=0.031419
[Rayleigh] training enhanced direct drifting
epoch 1/30: loss=2.153243e-04, drift=3.671203e-02
epoch 2/30: loss=1.685007e-04, drift=3.321207e-02
epoch 3/30: loss=1.597440e-04, drift=3.222818e-02
epoch 4/30: loss=1.434022e-04, drift=3.058380e-02
epoch 5/30: loss=1.293798e-04, drift=2.901660e-02
epoch 6/30: loss=1.286174e-04, drift=2.893363e-02
epoch 7/30: loss=1.216425e-04, drift=2.813735e-02
epoch 8/30: loss=1.230585e-04, drift=2.829872e-02
epoch 9/30: loss=1.197507e-04, drift=2.789563e-02
epoch 10/30: loss=1.225634e-04, drift=2.823751e-02
epoch 11/30: loss=1.194283e-04, drift=2.783203e-02
epoch 12/30: loss=1.200491e-04, drift=2.794242e-02
epoch 13/30: loss=1.174228e-04, drift=2.766031e-02
epoch 14/30: loss=1.194019e-04, drift=2.788199e-02
epoch 15/30: loss=1.177891e-04, drift=2.768356e-02
epoch 16/30: loss=1.207360e-04, drift=2.803924e-02
epoch 17/30: loss=1.212887e-04, drift=2.810027e-02
epoch 18/30: loss=1.160270e-04, drift=2.745636e-02
epoch 19/30: loss=1.164079e-04, drift=2.752473e-02
epoch 20/30: loss=1.208989e-04, drift=2.806576e-02
epoch 21/30: loss=1.176571e-04, drift=2.769672e-02
epoch 22/30: loss=1.160218e-04, drift=2.749374e-02
epoch 23/30: loss=1.167249e-04, drift=2.755843e-02
epoch 24/30: loss=1.163332e-04, drift=2.750701e-02
epoch 25/30: loss=1.174571e-04, drift=2.763406e-02
epoch 26/30: loss=1.179955e-04, drift=2.766753e-02
epoch 27/30: loss=1.159456e-04, drift=2.748295e-02
epoch 28/30: loss=1.161190e-04, drift=2.751479e-02
epoch 29/30: loss=1.145165e-04, drift=2.735405e-02
epoch 30/30: loss=1.137823e-04, drift=2.722124e-02
[Rayleigh] swd=0.048562
[SSPA] training enhanced direct drifting
epoch 1/160: loss=2.643735e-04, drift=4.389378e-02
epoch 2/160: loss=1.956598e-04, drift=3.841068e-02
epoch 3/160: loss=1.820953e-04, drift=3.702823e-02
epoch 4/160: loss=1.773244e-04, drift=3.649489e-02
epoch 5/160: loss=1.648060e-04, drift=3.521402e-02
epoch 6/160: loss=1.681544e-04, drift=3.551548e-02
epoch 7/160: loss=1.614100e-04, drift=3.482580e-02
epoch 8/160: loss=1.554764e-04, drift=3.420372e-02
epoch 9/160: loss=1.577483e-04, drift=3.443588e-02
epoch 10/160: loss=1.512937e-04, drift=3.370110e-02
epoch 11/160: loss=1.452299e-04, drift=3.303161e-02
epoch 12/160: loss=1.392483e-04, drift=3.234303e-02
epoch 13/160: loss=1.322226e-04, drift=3.151265e-02
epoch 14/160: loss=1.241634e-04, drift=3.053124e-02
epoch 15/160: loss=1.154788e-04, drift=2.946043e-02
epoch 16/160: loss=1.050782e-04, drift=2.806784e-02
epoch 17/160: loss=9.802664e-05, drift=2.713674e-02
epoch 18/160: loss=9.404173e-05, drift=2.657611e-02
epoch 19/160: loss=9.269204e-05, drift=2.640603e-02
epoch 20/160: loss=9.079638e-05, drift=2.611260e-02
epoch 21/160: loss=8.849034e-05, drift=2.579285e-02
epoch 22/160: loss=8.759230e-05, drift=2.565005e-02
epoch 23/160: loss=8.415287e-05, drift=2.511004e-02
epoch 24/160: loss=8.137656e-05, drift=2.473872e-02
epoch 25/160: loss=8.150075e-05, drift=2.475711e-02
epoch 26/160: loss=7.829868e-05, drift=2.425091e-02
epoch 27/160: loss=7.885631e-05, drift=2.431980e-02
epoch 28/160: loss=7.758602e-05, drift=2.415933e-02
epoch 29/160: loss=7.365096e-05, drift=2.353322e-02
epoch 30/160: loss=7.283859e-05, drift=2.339192e-02
epoch 31/160: loss=7.202100e-05, drift=2.323915e-02
epoch 32/160: loss=7.200541e-05, drift=2.328823e-02
epoch 33/160: loss=6.989019e-05, drift=2.292147e-02
epoch 34/160: loss=6.866350e-05, drift=2.272218e-02
epoch 35/160: loss=6.724053e-05, drift=2.250583e-02
epoch 36/160: loss=6.852932e-05, drift=2.271056e-02
epoch 37/160: loss=6.683006e-05, drift=2.240536e-02
epoch 38/160: loss=6.599633e-05, drift=2.226588e-02
epoch 39/160: loss=6.530161e-05, drift=2.215024e-02
epoch 40/160: loss=6.588905e-05, drift=2.224010e-02
epoch 41/160: loss=6.527174e-05, drift=2.213815e-02
epoch 42/160: loss=6.478297e-05, drift=2.206426e-02
epoch 43/160: loss=6.386319e-05, drift=2.191093e-02
epoch 44/160: loss=6.224220e-05, drift=2.162718e-02
epoch 45/160: loss=6.280400e-05, drift=2.169204e-02
epoch 46/160: loss=6.581048e-05, drift=2.221199e-02
epoch 47/160: loss=6.207502e-05, drift=2.158510e-02
epoch 48/160: loss=6.250575e-05, drift=2.169116e-02
epoch 49/160: loss=6.235702e-05, drift=2.164173e-02
epoch 50/160: loss=6.202670e-05, drift=2.161701e-02
epoch 51/160: loss=6.424314e-05, drift=2.199339e-02
epoch 52/160: loss=6.110933e-05, drift=2.143705e-02
epoch 53/160: loss=6.157209e-05, drift=2.150738e-02
epoch 54/160: loss=6.175716e-05, drift=2.152867e-02
epoch 55/160: loss=6.132072e-05, drift=2.149009e-02
epoch 56/160: loss=6.152033e-05, drift=2.147257e-02
epoch 57/160: loss=6.135410e-05, drift=2.150221e-02
epoch 58/160: loss=5.885580e-05, drift=2.104122e-02
epoch 59/160: loss=6.028349e-05, drift=2.127261e-02
epoch 60/160: loss=5.837644e-05, drift=2.091683e-02
epoch 61/160: loss=5.944082e-05, drift=2.114358e-02
epoch 62/160: loss=6.083211e-05, drift=2.139540e-02
epoch 63/160: loss=5.814797e-05, drift=2.090384e-02
epoch 64/160: loss=5.771676e-05, drift=2.083699e-02
epoch 65/160: loss=5.691609e-05, drift=2.071814e-02
epoch 66/160: loss=5.913943e-05, drift=2.110560e-02
epoch 67/160: loss=5.706450e-05, drift=2.070700e-02
epoch 68/160: loss=5.917962e-05, drift=2.110480e-02
epoch 69/160: loss=5.845367e-05, drift=2.096456e-02
epoch 70/160: loss=5.725158e-05, drift=2.075444e-02
epoch 71/160: loss=5.840377e-05, drift=2.094058e-02
epoch 72/160: loss=5.576107e-05, drift=2.049936e-02
epoch 73/160: loss=5.718512e-05, drift=2.072498e-02
epoch 74/160: loss=5.547004e-05, drift=2.044354e-02
epoch 75/160: loss=5.614227e-05, drift=2.055398e-02
epoch 76/160: loss=5.728947e-05, drift=2.076517e-02
epoch 77/160: loss=5.389685e-05, drift=2.014729e-02
epoch 78/160: loss=5.567448e-05, drift=2.047823e-02
epoch 79/160: loss=5.645191e-05, drift=2.058692e-02
epoch 80/160: loss=5.553253e-05, drift=2.042119e-02
epoch 81/160: loss=5.371324e-05, drift=2.007738e-02
epoch 82/160: loss=5.539515e-05, drift=2.040727e-02
epoch 83/160: loss=5.547270e-05, drift=2.045639e-02
epoch 84/160: loss=5.396088e-05, drift=2.011917e-02
epoch 85/160: loss=5.715146e-05, drift=2.072795e-02
epoch 86/160: loss=5.274024e-05, drift=1.991321e-02
epoch 87/160: loss=5.395445e-05, drift=2.014952e-02
epoch 88/160: loss=5.469830e-05, drift=2.030611e-02
epoch 89/160: loss=5.276468e-05, drift=1.992393e-02
epoch 90/160: loss=5.402660e-05, drift=2.016492e-02
epoch 91/160: loss=5.343189e-05, drift=2.005618e-02
epoch 92/160: loss=5.374375e-05, drift=2.009345e-02
epoch 93/160: loss=5.186000e-05, drift=1.975425e-02
epoch 94/160: loss=5.350478e-05, drift=2.006324e-02
epoch 95/160: loss=5.220636e-05, drift=1.981732e-02
epoch 96/160: loss=5.087901e-05, drift=1.953281e-02
epoch 97/160: loss=5.336096e-05, drift=2.003452e-02
epoch 98/160: loss=5.280092e-05, drift=1.994104e-02
epoch 99/160: loss=5.189535e-05, drift=1.975591e-02
epoch 100/160: loss=5.111987e-05, drift=1.962440e-02
epoch 101/160: loss=5.105591e-05, drift=1.960513e-02
epoch 102/160: loss=5.119022e-05, drift=1.959672e-02
epoch 103/160: loss=5.006627e-05, drift=1.937787e-02
epoch 104/160: loss=5.101069e-05, drift=1.957302e-02
epoch 105/160: loss=5.019391e-05, drift=1.940439e-02
epoch 106/160: loss=5.119959e-05, drift=1.961618e-02
epoch 107/160: loss=5.016683e-05, drift=1.941598e-02
epoch 108/160: loss=5.041536e-05, drift=1.948885e-02
epoch 109/160: loss=5.093726e-05, drift=1.956495e-02
epoch 110/160: loss=5.042443e-05, drift=1.946554e-02
epoch 111/160: loss=5.090341e-05, drift=1.954629e-02
epoch 112/160: loss=5.073700e-05, drift=1.952390e-02
epoch 113/160: loss=4.966036e-05, drift=1.933535e-02
epoch 114/160: loss=4.918095e-05, drift=1.923071e-02
epoch 115/160: loss=4.804639e-05, drift=1.900514e-02
epoch 116/160: loss=4.914273e-05, drift=1.923800e-02
epoch 117/160: loss=4.874005e-05, drift=1.914476e-02
epoch 118/160: loss=4.796133e-05, drift=1.897865e-02
epoch 119/160: loss=4.772430e-05, drift=1.891375e-02
epoch 120/160: loss=4.760784e-05, drift=1.890595e-02
epoch 121/160: loss=4.894658e-05, drift=1.915436e-02
epoch 122/160: loss=4.828833e-05, drift=1.904452e-02
epoch 123/160: loss=4.804551e-05, drift=1.900047e-02
epoch 124/160: loss=4.888277e-05, drift=1.918577e-02
epoch 125/160: loss=4.802639e-05, drift=1.900505e-02
epoch 126/160: loss=4.744192e-05, drift=1.890086e-02
epoch 127/160: loss=4.693711e-05, drift=1.877921e-02
epoch 128/160: loss=4.724415e-05, drift=1.885646e-02
epoch 129/160: loss=4.751628e-05, drift=1.887914e-02
epoch 130/160: loss=4.699156e-05, drift=1.880143e-02
epoch 131/160: loss=4.613340e-05, drift=1.862933e-02
epoch 132/160: loss=4.641580e-05, drift=1.864160e-02
epoch 133/160: loss=4.678222e-05, drift=1.876089e-02
epoch 134/160: loss=4.556475e-05, drift=1.852321e-02
epoch 135/160: loss=4.667323e-05, drift=1.871590e-02
epoch 136/160: loss=4.475195e-05, drift=1.833103e-02
epoch 137/160: loss=4.572386e-05, drift=1.854227e-02
epoch 138/160: loss=4.686199e-05, drift=1.875277e-02
epoch 139/160: loss=4.529762e-05, drift=1.845313e-02
epoch 140/160: loss=4.626584e-05, drift=1.862923e-02
epoch 141/160: loss=4.522647e-05, drift=1.846122e-02
epoch 142/160: loss=4.573323e-05, drift=1.857535e-02
epoch 143/160: loss=4.562837e-05, drift=1.852914e-02
epoch 144/160: loss=4.546556e-05, drift=1.850037e-02
epoch 145/160: loss=4.511512e-05, drift=1.840646e-02
epoch 146/160: loss=4.469471e-05, drift=1.828484e-02
epoch 147/160: loss=4.449148e-05, drift=1.828438e-02
epoch 148/160: loss=4.500725e-05, drift=1.839696e-02
epoch 149/160: loss=4.497288e-05, drift=1.835953e-02
epoch 150/160: loss=4.413404e-05, drift=1.825468e-02
epoch 151/160: loss=4.442274e-05, drift=1.825472e-02
epoch 152/160: loss=4.487600e-05, drift=1.834797e-02
epoch 153/160: loss=4.468380e-05, drift=1.834497e-02
epoch 154/160: loss=4.512273e-05, drift=1.839104e-02
epoch 155/160: loss=4.384804e-05, drift=1.816708e-02
epoch 156/160: loss=4.426830e-05, drift=1.824351e-02
epoch 157/160: loss=4.505812e-05, drift=1.839907e-02
epoch 158/160: loss=4.373845e-05, drift=1.813253e-02
epoch 159/160: loss=4.362790e-05, drift=1.810872e-02
epoch 160/160: loss=4.425808e-05, drift=1.822491e-02
[SSPA] swd=0.006751
{
  "summary": "/home/rifr807e/repos/conditional_drifting_models/results/enhanced_direct_hpc_20260324_202013/enhanced_direct_seed15/enhanced_direct_summary_seed15.json"
}

[seed-runner] exit_code: 0
[seed-runner] elapsed_seconds: 11864.471
