[seed-runner] start 2026-03-24T20:20:41Z
[seed-runner] label: enhanced_direct
[seed-runner] cwd: /home/h3/rifr807e/repos/conditional_drifting_models
[seed-runner] command: /software/genoa/r24.04/Python/3.11.3-GCCcore-12.3.0/bin/python -u scripts/run_enhanced_direct_benchmark.py --device cuda --seed 14 --channels AWGN,Rayleigh,SSPA --eval-size 1000000 --drifting-epochs -1 --swd-projections -1 --conditioning-mode joint --condition-kernel-scale 0.5 --target-kernel-scale 1.0 --target-kernel-mode raw --save-dir /home/rifr807e/repos/conditional_drifting_models/results/enhanced_direct_hpc_20260324_202013/enhanced_direct_seed14/checkpoints --out /home/rifr807e/repos/conditional_drifting_models/results/enhanced_direct_hpc_20260324_202013/enhanced_direct_seed14/enhanced_direct_summary_seed14.json

[AWGN] training enhanced direct drifting
epoch 1/30: loss=2.645156e-04, drift=4.070037e-02
epoch 2/30: loss=2.033941e-04, drift=3.646128e-02
epoch 3/30: loss=1.878200e-04, drift=3.502148e-02
epoch 4/30: loss=1.858502e-04, drift=3.481115e-02
epoch 5/30: loss=1.769441e-04, drift=3.393851e-02
epoch 6/30: loss=1.697125e-04, drift=3.323845e-02
epoch 7/30: loss=1.624984e-04, drift=3.255952e-02
epoch 8/30: loss=1.596578e-04, drift=3.223971e-02
epoch 9/30: loss=1.555950e-04, drift=3.187070e-02
epoch 10/30: loss=1.570519e-04, drift=3.198597e-02
epoch 11/30: loss=1.542189e-04, drift=3.172972e-02
epoch 12/30: loss=1.547329e-04, drift=3.173011e-02
epoch 13/30: loss=1.568837e-04, drift=3.198006e-02
epoch 14/30: loss=1.512445e-04, drift=3.142911e-02
epoch 15/30: loss=1.462506e-04, drift=3.089184e-02
epoch 16/30: loss=1.539247e-04, drift=3.166684e-02
epoch 17/30: loss=1.531296e-04, drift=3.161899e-02
epoch 18/30: loss=1.531429e-04, drift=3.159466e-02
epoch 19/30: loss=1.462381e-04, drift=3.084578e-02
epoch 20/30: loss=1.489739e-04, drift=3.110205e-02
epoch 21/30: loss=1.490846e-04, drift=3.116576e-02
epoch 22/30: loss=1.497468e-04, drift=3.126060e-02
epoch 23/30: loss=1.471775e-04, drift=3.090932e-02
epoch 24/30: loss=1.469513e-04, drift=3.093963e-02
epoch 25/30: loss=1.479998e-04, drift=3.105930e-02
epoch 26/30: loss=1.434318e-04, drift=3.058153e-02
epoch 27/30: loss=1.469478e-04, drift=3.094323e-02
epoch 28/30: loss=1.416558e-04, drift=3.035879e-02
epoch 29/30: loss=1.443376e-04, drift=3.071000e-02
epoch 30/30: loss=1.473659e-04, drift=3.097974e-02
[AWGN] swd=0.025216
[Rayleigh] training enhanced direct drifting
epoch 1/30: loss=2.178127e-04, drift=3.705932e-02
epoch 2/30: loss=1.584519e-04, drift=3.214851e-02
epoch 3/30: loss=1.571844e-04, drift=3.198497e-02
epoch 4/30: loss=1.437362e-04, drift=3.055765e-02
epoch 5/30: loss=1.326978e-04, drift=2.939616e-02
epoch 6/30: loss=1.257521e-04, drift=2.859442e-02
epoch 7/30: loss=1.242678e-04, drift=2.841170e-02
epoch 8/30: loss=1.267341e-04, drift=2.874813e-02
epoch 9/30: loss=1.187253e-04, drift=2.781650e-02
epoch 10/30: loss=1.203641e-04, drift=2.796820e-02
epoch 11/30: loss=1.231326e-04, drift=2.835136e-02
epoch 12/30: loss=1.199272e-04, drift=2.793483e-02
epoch 13/30: loss=1.204140e-04, drift=2.801702e-02
epoch 14/30: loss=1.205285e-04, drift=2.800405e-02
epoch 15/30: loss=1.178944e-04, drift=2.765429e-02
epoch 16/30: loss=1.211638e-04, drift=2.810522e-02
epoch 17/30: loss=1.166263e-04, drift=2.757989e-02
epoch 18/30: loss=1.184786e-04, drift=2.780635e-02
epoch 19/30: loss=1.159215e-04, drift=2.749557e-02
epoch 20/30: loss=1.182874e-04, drift=2.768732e-02
epoch 21/30: loss=1.170089e-04, drift=2.763211e-02
epoch 22/30: loss=1.176284e-04, drift=2.768431e-02
epoch 23/30: loss=1.195076e-04, drift=2.786377e-02
epoch 24/30: loss=1.173565e-04, drift=2.765069e-02
epoch 25/30: loss=1.154921e-04, drift=2.741961e-02
epoch 26/30: loss=1.215853e-04, drift=2.815428e-02
epoch 27/30: loss=1.161916e-04, drift=2.753330e-02
epoch 28/30: loss=1.166268e-04, drift=2.757722e-02
epoch 29/30: loss=1.158275e-04, drift=2.741600e-02
epoch 30/30: loss=1.177491e-04, drift=2.770305e-02
[Rayleigh] swd=0.049161
[SSPA] training enhanced direct drifting
epoch 1/160: loss=2.579489e-04, drift=4.333806e-02
epoch 2/160: loss=1.937388e-04, drift=3.817685e-02
epoch 3/160: loss=1.807671e-04, drift=3.682027e-02
epoch 4/160: loss=1.739135e-04, drift=3.612150e-02
epoch 5/160: loss=1.723037e-04, drift=3.601551e-02
epoch 6/160: loss=1.626394e-04, drift=3.496751e-02
epoch 7/160: loss=1.616857e-04, drift=3.489879e-02
epoch 8/160: loss=1.545704e-04, drift=3.412312e-02
epoch 9/160: loss=1.514569e-04, drift=3.371335e-02
epoch 10/160: loss=1.481268e-04, drift=3.337502e-02
epoch 11/160: loss=1.417570e-04, drift=3.262722e-02
epoch 12/160: loss=1.351671e-04, drift=3.183795e-02
epoch 13/160: loss=1.289549e-04, drift=3.111932e-02
epoch 14/160: loss=1.198688e-04, drift=2.996607e-02
epoch 15/160: loss=1.065080e-04, drift=2.828180e-02
epoch 16/160: loss=1.015607e-04, drift=2.762255e-02
epoch 17/160: loss=9.890256e-05, drift=2.724846e-02
epoch 18/160: loss=9.655689e-05, drift=2.691633e-02
epoch 19/160: loss=9.443078e-05, drift=2.664908e-02
epoch 20/160: loss=8.908624e-05, drift=2.588398e-02
epoch 21/160: loss=9.128644e-05, drift=2.618237e-02
epoch 22/160: loss=8.620042e-05, drift=2.544190e-02
epoch 23/160: loss=8.586323e-05, drift=2.541314e-02
epoch 24/160: loss=8.460845e-05, drift=2.521593e-02
epoch 25/160: loss=8.038745e-05, drift=2.456956e-02
epoch 26/160: loss=8.118258e-05, drift=2.466748e-02
epoch 27/160: loss=7.993288e-05, drift=2.449124e-02
epoch 28/160: loss=7.939113e-05, drift=2.440870e-02
epoch 29/160: loss=7.636040e-05, drift=2.392891e-02
epoch 30/160: loss=7.441459e-05, drift=2.364928e-02
epoch 31/160: loss=7.387164e-05, drift=2.355358e-02
epoch 32/160: loss=7.162658e-05, drift=2.323908e-02
epoch 33/160: loss=7.217803e-05, drift=2.329732e-02
epoch 34/160: loss=6.910952e-05, drift=2.276703e-02
epoch 35/160: loss=7.015463e-05, drift=2.293757e-02
epoch 36/160: loss=6.858270e-05, drift=2.270627e-02
epoch 37/160: loss=6.861853e-05, drift=2.272399e-02
epoch 38/160: loss=7.000491e-05, drift=2.294442e-02
epoch 39/160: loss=6.707861e-05, drift=2.244724e-02
epoch 40/160: loss=6.626817e-05, drift=2.232508e-02
epoch 41/160: loss=6.548545e-05, drift=2.219189e-02
epoch 42/160: loss=6.576795e-05, drift=2.224990e-02
epoch 43/160: loss=6.488308e-05, drift=2.210912e-02
epoch 44/160: loss=6.440986e-05, drift=2.203667e-02
epoch 45/160: loss=6.457711e-05, drift=2.202427e-02
epoch 46/160: loss=6.299705e-05, drift=2.177696e-02
epoch 47/160: loss=6.286926e-05, drift=2.173658e-02
epoch 48/160: loss=6.106174e-05, drift=2.145148e-02
epoch 49/160: loss=6.329668e-05, drift=2.183602e-02
epoch 50/160: loss=6.160811e-05, drift=2.153717e-02
epoch 51/160: loss=6.287169e-05, drift=2.175343e-02
epoch 52/160: loss=6.164972e-05, drift=2.150852e-02
epoch 53/160: loss=6.219500e-05, drift=2.158663e-02
epoch 54/160: loss=6.069803e-05, drift=2.136704e-02
epoch 55/160: loss=5.931286e-05, drift=2.114587e-02
epoch 56/160: loss=6.377500e-05, drift=2.187193e-02
epoch 57/160: loss=5.978805e-05, drift=2.120637e-02
epoch 58/160: loss=5.881228e-05, drift=2.102588e-02
epoch 59/160: loss=6.090560e-05, drift=2.140974e-02
epoch 60/160: loss=5.931443e-05, drift=2.112000e-02
epoch 61/160: loss=5.824347e-05, drift=2.092324e-02
epoch 62/160: loss=5.875042e-05, drift=2.101622e-02
epoch 63/160: loss=5.855598e-05, drift=2.100118e-02
epoch 64/160: loss=5.904526e-05, drift=2.107572e-02
epoch 65/160: loss=5.709854e-05, drift=2.073496e-02
epoch 66/160: loss=5.687102e-05, drift=2.064227e-02
epoch 67/160: loss=5.867495e-05, drift=2.101689e-02
epoch 68/160: loss=5.700850e-05, drift=2.068024e-02
epoch 69/160: loss=5.749275e-05, drift=2.080193e-02
epoch 70/160: loss=5.762668e-05, drift=2.081948e-02
epoch 71/160: loss=5.735137e-05, drift=2.074190e-02
epoch 72/160: loss=5.666163e-05, drift=2.064965e-02
epoch 73/160: loss=5.657547e-05, drift=2.063164e-02
epoch 74/160: loss=5.606554e-05, drift=2.052168e-02
epoch 75/160: loss=5.641091e-05, drift=2.060974e-02
epoch 76/160: loss=5.692906e-05, drift=2.067658e-02
epoch 77/160: loss=5.546600e-05, drift=2.041933e-02
epoch 78/160: loss=5.605203e-05, drift=2.053414e-02
epoch 79/160: loss=5.627723e-05, drift=2.055729e-02
epoch 80/160: loss=5.604656e-05, drift=2.051539e-02
epoch 81/160: loss=5.548154e-05, drift=2.044467e-02
epoch 82/160: loss=5.481769e-05, drift=2.028578e-02
epoch 83/160: loss=5.501851e-05, drift=2.034254e-02
epoch 84/160: loss=5.453600e-05, drift=2.025652e-02
epoch 85/160: loss=5.353323e-05, drift=2.007004e-02
epoch 86/160: loss=5.465974e-05, drift=2.025851e-02
epoch 87/160: loss=5.363857e-05, drift=2.007338e-02
epoch 88/160: loss=5.488039e-05, drift=2.032017e-02
epoch 89/160: loss=5.392234e-05, drift=2.013632e-02
epoch 90/160: loss=5.423024e-05, drift=2.021310e-02
epoch 91/160: loss=5.306628e-05, drift=1.999243e-02
epoch 92/160: loss=5.332188e-05, drift=2.002429e-02
epoch 93/160: loss=5.412555e-05, drift=2.021276e-02
epoch 94/160: loss=5.370470e-05, drift=2.009556e-02
epoch 95/160: loss=5.220730e-05, drift=1.979365e-02
epoch 96/160: loss=5.253480e-05, drift=1.988166e-02
epoch 97/160: loss=5.291571e-05, drift=1.996281e-02
epoch 98/160: loss=5.381031e-05, drift=2.008764e-02
epoch 99/160: loss=5.148790e-05, drift=1.967030e-02
epoch 100/160: loss=5.132242e-05, drift=1.964743e-02
epoch 101/160: loss=5.065140e-05, drift=1.949217e-02
epoch 102/160: loss=5.110420e-05, drift=1.957114e-02
epoch 103/160: loss=5.153246e-05, drift=1.966906e-02
epoch 104/160: loss=5.131625e-05, drift=1.962974e-02
epoch 105/160: loss=5.128830e-05, drift=1.964135e-02
epoch 106/160: loss=5.102590e-05, drift=1.962004e-02
epoch 107/160: loss=5.048382e-05, drift=1.952049e-02
epoch 108/160: loss=5.094946e-05, drift=1.956581e-02
epoch 109/160: loss=5.049399e-05, drift=1.945364e-02
epoch 110/160: loss=4.994298e-05, drift=1.937487e-02
epoch 111/160: loss=5.079463e-05, drift=1.956950e-02
epoch 112/160: loss=5.106347e-05, drift=1.962197e-02
epoch 113/160: loss=5.101020e-05, drift=1.957281e-02
epoch 114/160: loss=4.970465e-05, drift=1.934565e-02
epoch 115/160: loss=5.036331e-05, drift=1.945084e-02
epoch 116/160: loss=4.933280e-05, drift=1.928568e-02
epoch 117/160: loss=5.015638e-05, drift=1.940883e-02
epoch 118/160: loss=4.925706e-05, drift=1.924523e-02
epoch 119/160: loss=5.058486e-05, drift=1.949092e-02
epoch 120/160: loss=4.807011e-05, drift=1.900846e-02
epoch 121/160: loss=5.032550e-05, drift=1.945087e-02
epoch 122/160: loss=5.014606e-05, drift=1.939761e-02
epoch 123/160: loss=4.874832e-05, drift=1.916244e-02
epoch 124/160: loss=4.795295e-05, drift=1.894951e-02
epoch 125/160: loss=4.866844e-05, drift=1.913175e-02
epoch 126/160: loss=4.875702e-05, drift=1.911815e-02
epoch 127/160: loss=4.812483e-05, drift=1.899621e-02
epoch 128/160: loss=4.919954e-05, drift=1.923772e-02
epoch 129/160: loss=4.789800e-05, drift=1.898908e-02
epoch 130/160: loss=4.821410e-05, drift=1.903811e-02
epoch 131/160: loss=4.738695e-05, drift=1.886627e-02
epoch 132/160: loss=4.844807e-05, drift=1.911315e-02
epoch 133/160: loss=4.764173e-05, drift=1.893934e-02
epoch 134/160: loss=4.737091e-05, drift=1.885000e-02
epoch 135/160: loss=4.703967e-05, drift=1.883507e-02
epoch 136/160: loss=4.662627e-05, drift=1.869245e-02
epoch 137/160: loss=4.706257e-05, drift=1.879395e-02
epoch 138/160: loss=4.608525e-05, drift=1.863307e-02
epoch 139/160: loss=4.726414e-05, drift=1.887083e-02
epoch 140/160: loss=4.771102e-05, drift=1.892492e-02
epoch 141/160: loss=4.552290e-05, drift=1.849682e-02
epoch 142/160: loss=4.706638e-05, drift=1.879615e-02
epoch 143/160: loss=4.557266e-05, drift=1.851163e-02
epoch 144/160: loss=4.672061e-05, drift=1.871101e-02
epoch 145/160: loss=4.551607e-05, drift=1.849228e-02
epoch 146/160: loss=4.546341e-05, drift=1.850018e-02
epoch 147/160: loss=4.640261e-05, drift=1.867580e-02
epoch 148/160: loss=4.629173e-05, drift=1.863831e-02
epoch 149/160: loss=4.561447e-05, drift=1.854593e-02
epoch 150/160: loss=4.564569e-05, drift=1.852584e-02
epoch 151/160: loss=4.514522e-05, drift=1.843276e-02
epoch 152/160: loss=4.523525e-05, drift=1.844562e-02
epoch 153/160: loss=4.525755e-05, drift=1.842091e-02
epoch 154/160: loss=4.491450e-05, drift=1.837630e-02
epoch 155/160: loss=4.426187e-05, drift=1.821413e-02
epoch 156/160: loss=4.535128e-05, drift=1.848506e-02
epoch 157/160: loss=4.423057e-05, drift=1.820173e-02
epoch 158/160: loss=4.560354e-05, drift=1.851387e-02
epoch 159/160: loss=4.438165e-05, drift=1.826570e-02
epoch 160/160: loss=4.410598e-05, drift=1.819544e-02
[SSPA] swd=0.007561
{
  "summary": "/home/rifr807e/repos/conditional_drifting_models/results/enhanced_direct_hpc_20260324_202013/enhanced_direct_seed14/enhanced_direct_summary_seed14.json"
}

[seed-runner] exit_code: 0
[seed-runner] elapsed_seconds: 11869.985
