[seed-runner] start 2026-03-24T20:20:41Z
[seed-runner] label: enhanced_direct
[seed-runner] cwd: /home/h3/rifr807e/repos/conditional_drifting_models
[seed-runner] command: /software/genoa/r24.04/Python/3.11.3-GCCcore-12.3.0/bin/python -u scripts/run_enhanced_direct_benchmark.py --device cuda --seed 16 --channels AWGN,Rayleigh,SSPA --eval-size 1000000 --drifting-epochs -1 --swd-projections -1 --conditioning-mode joint --condition-kernel-scale 0.5 --target-kernel-scale 1.0 --target-kernel-mode raw --save-dir /home/rifr807e/repos/conditional_drifting_models/results/enhanced_direct_hpc_20260324_202013/enhanced_direct_seed16/checkpoints --out /home/rifr807e/repos/conditional_drifting_models/results/enhanced_direct_hpc_20260324_202013/enhanced_direct_seed16/enhanced_direct_summary_seed16.json

[AWGN] training enhanced direct drifting
epoch 1/30: loss=2.517911e-04, drift=3.951266e-02
epoch 2/30: loss=1.995833e-04, drift=3.606038e-02
epoch 3/30: loss=1.890285e-04, drift=3.511398e-02
epoch 4/30: loss=1.851219e-04, drift=3.477849e-02
epoch 5/30: loss=1.760987e-04, drift=3.383698e-02
epoch 6/30: loss=1.691510e-04, drift=3.324035e-02
epoch 7/30: loss=1.674601e-04, drift=3.301961e-02
epoch 8/30: loss=1.581642e-04, drift=3.204832e-02
epoch 9/30: loss=1.572953e-04, drift=3.206333e-02
epoch 10/30: loss=1.504171e-04, drift=3.128605e-02
epoch 11/30: loss=1.553318e-04, drift=3.186550e-02
epoch 12/30: loss=1.531532e-04, drift=3.160297e-02
epoch 13/30: loss=1.550503e-04, drift=3.178123e-02
epoch 14/30: loss=1.469082e-04, drift=3.089092e-02
epoch 15/30: loss=1.502647e-04, drift=3.125569e-02
epoch 16/30: loss=1.535586e-04, drift=3.161319e-02
epoch 17/30: loss=1.462019e-04, drift=3.089183e-02
epoch 18/30: loss=1.523164e-04, drift=3.153708e-02
epoch 19/30: loss=1.497725e-04, drift=3.125135e-02
epoch 20/30: loss=1.478548e-04, drift=3.100400e-02
epoch 21/30: loss=1.492153e-04, drift=3.124515e-02
epoch 22/30: loss=1.426850e-04, drift=3.049890e-02
epoch 23/30: loss=1.480790e-04, drift=3.108988e-02
epoch 24/30: loss=1.477398e-04, drift=3.099500e-02
epoch 25/30: loss=1.487881e-04, drift=3.116077e-02
epoch 26/30: loss=1.449159e-04, drift=3.071329e-02
epoch 27/30: loss=1.432515e-04, drift=3.050836e-02
epoch 28/30: loss=1.476255e-04, drift=3.104231e-02
epoch 29/30: loss=1.511919e-04, drift=3.141292e-02
epoch 30/30: loss=1.456905e-04, drift=3.084875e-02
[AWGN] swd=0.025333
[Rayleigh] training enhanced direct drifting
epoch 1/30: loss=2.150554e-04, drift=3.689268e-02
epoch 2/30: loss=1.684100e-04, drift=3.312968e-02
epoch 3/30: loss=1.507940e-04, drift=3.135610e-02
epoch 4/30: loss=1.463944e-04, drift=3.089256e-02
epoch 5/30: loss=1.346470e-04, drift=2.964535e-02
epoch 6/30: loss=1.286261e-04, drift=2.894712e-02
epoch 7/30: loss=1.263817e-04, drift=2.868016e-02
epoch 8/30: loss=1.213549e-04, drift=2.813661e-02
epoch 9/30: loss=1.229155e-04, drift=2.830344e-02
epoch 10/30: loss=1.217828e-04, drift=2.813549e-02
epoch 11/30: loss=1.174831e-04, drift=2.761873e-02
epoch 12/30: loss=1.188524e-04, drift=2.780969e-02
epoch 13/30: loss=1.242800e-04, drift=2.844108e-02
epoch 14/30: loss=1.156087e-04, drift=2.739185e-02
epoch 15/30: loss=1.232442e-04, drift=2.832146e-02
epoch 16/30: loss=1.209157e-04, drift=2.805923e-02
epoch 17/30: loss=1.173864e-04, drift=2.763568e-02
epoch 18/30: loss=1.190550e-04, drift=2.785615e-02
epoch 19/30: loss=1.189700e-04, drift=2.783620e-02
epoch 20/30: loss=1.192236e-04, drift=2.788944e-02
epoch 21/30: loss=1.210475e-04, drift=2.809051e-02
epoch 22/30: loss=1.168522e-04, drift=2.761545e-02
epoch 23/30: loss=1.176436e-04, drift=2.767712e-02
epoch 24/30: loss=1.167912e-04, drift=2.755334e-02
epoch 25/30: loss=1.175865e-04, drift=2.764660e-02
epoch 26/30: loss=1.192542e-04, drift=2.785689e-02
epoch 27/30: loss=1.158410e-04, drift=2.750904e-02
epoch 28/30: loss=1.165823e-04, drift=2.751814e-02
epoch 29/30: loss=1.132935e-04, drift=2.717100e-02
epoch 30/30: loss=1.151736e-04, drift=2.734352e-02
[Rayleigh] swd=0.048981
[SSPA] training enhanced direct drifting
epoch 1/160: loss=2.496050e-04, drift=4.249941e-02
epoch 2/160: loss=1.933393e-04, drift=3.812710e-02
epoch 3/160: loss=1.820335e-04, drift=3.697399e-02
epoch 4/160: loss=1.732303e-04, drift=3.612101e-02
epoch 5/160: loss=1.696543e-04, drift=3.570316e-02
epoch 6/160: loss=1.627330e-04, drift=3.494976e-02
epoch 7/160: loss=1.635080e-04, drift=3.504579e-02
epoch 8/160: loss=1.535542e-04, drift=3.396807e-02
epoch 9/160: loss=1.534306e-04, drift=3.399587e-02
epoch 10/160: loss=1.476766e-04, drift=3.326079e-02
epoch 11/160: loss=1.429590e-04, drift=3.277519e-02
epoch 12/160: loss=1.386916e-04, drift=3.227316e-02
epoch 13/160: loss=1.266698e-04, drift=3.079812e-02
epoch 14/160: loss=1.209310e-04, drift=3.014086e-02
epoch 15/160: loss=1.112961e-04, drift=2.891533e-02
epoch 16/160: loss=1.013819e-04, drift=2.761903e-02
epoch 17/160: loss=9.780518e-05, drift=2.712162e-02
epoch 18/160: loss=9.563764e-05, drift=2.677786e-02
epoch 19/160: loss=9.433502e-05, drift=2.665914e-02
epoch 20/160: loss=9.306356e-05, drift=2.640984e-02
epoch 21/160: loss=9.289454e-05, drift=2.641973e-02
epoch 22/160: loss=8.689552e-05, drift=2.557030e-02
epoch 23/160: loss=8.666709e-05, drift=2.550094e-02
epoch 24/160: loss=8.566455e-05, drift=2.535352e-02
epoch 25/160: loss=8.356285e-05, drift=2.504862e-02
epoch 26/160: loss=8.146163e-05, drift=2.473532e-02
epoch 27/160: loss=7.864034e-05, drift=2.432663e-02
epoch 28/160: loss=7.774380e-05, drift=2.420236e-02
epoch 29/160: loss=7.652941e-05, drift=2.397047e-02
epoch 30/160: loss=7.725517e-05, drift=2.406975e-02
epoch 31/160: loss=7.423811e-05, drift=2.365165e-02
epoch 32/160: loss=7.536583e-05, drift=2.381319e-02
epoch 33/160: loss=7.424586e-05, drift=2.368186e-02
epoch 34/160: loss=7.238614e-05, drift=2.330468e-02
epoch 35/160: loss=7.227653e-05, drift=2.332227e-02
epoch 36/160: loss=7.106491e-05, drift=2.311747e-02
epoch 37/160: loss=7.001602e-05, drift=2.295393e-02
epoch 38/160: loss=6.945476e-05, drift=2.285145e-02
epoch 39/160: loss=6.767332e-05, drift=2.258363e-02
epoch 40/160: loss=6.679205e-05, drift=2.241307e-02
epoch 41/160: loss=6.812379e-05, drift=2.257892e-02
epoch 42/160: loss=6.543097e-05, drift=2.215581e-02
epoch 43/160: loss=6.483761e-05, drift=2.206236e-02
epoch 44/160: loss=6.707165e-05, drift=2.246207e-02
epoch 45/160: loss=6.395350e-05, drift=2.193816e-02
epoch 46/160: loss=6.472211e-05, drift=2.207069e-02
epoch 47/160: loss=6.373316e-05, drift=2.184232e-02
epoch 48/160: loss=6.262842e-05, drift=2.169797e-02
epoch 49/160: loss=6.405964e-05, drift=2.193848e-02
epoch 50/160: loss=6.359410e-05, drift=2.187417e-02
epoch 51/160: loss=6.352652e-05, drift=2.187669e-02
epoch 52/160: loss=6.195589e-05, drift=2.155236e-02
epoch 53/160: loss=6.216593e-05, drift=2.162843e-02
epoch 54/160: loss=6.180140e-05, drift=2.157006e-02
epoch 55/160: loss=6.382258e-05, drift=2.189985e-02
epoch 56/160: loss=6.069176e-05, drift=2.137414e-02
epoch 57/160: loss=6.092907e-05, drift=2.141094e-02
epoch 58/160: loss=6.181007e-05, drift=2.157664e-02
epoch 59/160: loss=6.141246e-05, drift=2.147225e-02
epoch 60/160: loss=6.051470e-05, drift=2.135163e-02
epoch 61/160: loss=5.967985e-05, drift=2.118616e-02
epoch 62/160: loss=5.847764e-05, drift=2.098517e-02
epoch 63/160: loss=5.968010e-05, drift=2.122503e-02
epoch 64/160: loss=5.900057e-05, drift=2.105434e-02
epoch 65/160: loss=5.997328e-05, drift=2.118587e-02
epoch 66/160: loss=5.822932e-05, drift=2.090697e-02
epoch 67/160: loss=5.916695e-05, drift=2.108296e-02
epoch 68/160: loss=5.846128e-05, drift=2.097813e-02
epoch 69/160: loss=5.833246e-05, drift=2.092719e-02
epoch 70/160: loss=5.819260e-05, drift=2.092666e-02
epoch 71/160: loss=5.956576e-05, drift=2.114499e-02
epoch 72/160: loss=5.827754e-05, drift=2.091538e-02
epoch 73/160: loss=5.774362e-05, drift=2.084000e-02
epoch 74/160: loss=5.844153e-05, drift=2.095692e-02
epoch 75/160: loss=5.788963e-05, drift=2.082408e-02
epoch 76/160: loss=5.643726e-05, drift=2.062618e-02
epoch 77/160: loss=5.580827e-05, drift=2.047665e-02
epoch 78/160: loss=5.665215e-05, drift=2.061923e-02
epoch 79/160: loss=5.777833e-05, drift=2.080435e-02
epoch 80/160: loss=5.746970e-05, drift=2.078466e-02
epoch 81/160: loss=5.671814e-05, drift=2.064747e-02
epoch 82/160: loss=5.599269e-05, drift=2.049043e-02
epoch 83/160: loss=5.649108e-05, drift=2.060994e-02
epoch 84/160: loss=5.658150e-05, drift=2.061790e-02
epoch 85/160: loss=5.474558e-05, drift=2.029899e-02
epoch 86/160: loss=5.560428e-05, drift=2.045573e-02
epoch 87/160: loss=5.485266e-05, drift=2.028262e-02
epoch 88/160: loss=5.476809e-05, drift=2.030739e-02
epoch 89/160: loss=5.379797e-05, drift=2.012312e-02
epoch 90/160: loss=5.557858e-05, drift=2.043184e-02
epoch 91/160: loss=5.502743e-05, drift=2.032922e-02
epoch 92/160: loss=5.481243e-05, drift=2.033307e-02
epoch 93/160: loss=5.493416e-05, drift=2.033853e-02
epoch 94/160: loss=5.402158e-05, drift=2.015439e-02
epoch 95/160: loss=5.622809e-05, drift=2.055520e-02
epoch 96/160: loss=5.475247e-05, drift=2.029576e-02
epoch 97/160: loss=5.397668e-05, drift=2.015122e-02
epoch 98/160: loss=5.253144e-05, drift=1.987993e-02
epoch 99/160: loss=5.361779e-05, drift=2.009112e-02
epoch 100/160: loss=5.388104e-05, drift=2.011223e-02
epoch 101/160: loss=5.458844e-05, drift=2.027196e-02
epoch 102/160: loss=5.320752e-05, drift=2.000881e-02
epoch 103/160: loss=5.389709e-05, drift=2.015470e-02
epoch 104/160: loss=5.378339e-05, drift=2.006217e-02
epoch 105/160: loss=5.276307e-05, drift=1.992276e-02
epoch 106/160: loss=5.109461e-05, drift=1.963179e-02
epoch 107/160: loss=5.168348e-05, drift=1.972952e-02
epoch 108/160: loss=5.147114e-05, drift=1.964990e-02
epoch 109/160: loss=5.201652e-05, drift=1.978972e-02
epoch 110/160: loss=5.184667e-05, drift=1.977972e-02
epoch 111/160: loss=5.306610e-05, drift=1.995734e-02
epoch 112/160: loss=5.147684e-05, drift=1.967472e-02
epoch 113/160: loss=5.200579e-05, drift=1.977418e-02
epoch 114/160: loss=5.064333e-05, drift=1.951322e-02
epoch 115/160: loss=5.210142e-05, drift=1.980640e-02
epoch 116/160: loss=5.015052e-05, drift=1.943395e-02
epoch 117/160: loss=5.069432e-05, drift=1.952642e-02
epoch 118/160: loss=5.063893e-05, drift=1.948912e-02
epoch 119/160: loss=4.974858e-05, drift=1.932168e-02
epoch 120/160: loss=5.162673e-05, drift=1.969415e-02
epoch 121/160: loss=5.000566e-05, drift=1.937755e-02
epoch 122/160: loss=5.041229e-05, drift=1.947193e-02
epoch 123/160: loss=4.962189e-05, drift=1.931568e-02
epoch 124/160: loss=4.968373e-05, drift=1.934608e-02
epoch 125/160: loss=4.892641e-05, drift=1.920418e-02
epoch 126/160: loss=4.956912e-05, drift=1.931507e-02
epoch 127/160: loss=4.858866e-05, drift=1.912011e-02
epoch 128/160: loss=4.933195e-05, drift=1.924807e-02
epoch 129/160: loss=4.989821e-05, drift=1.939186e-02
epoch 130/160: loss=4.824146e-05, drift=1.903016e-02
epoch 131/160: loss=4.955383e-05, drift=1.928405e-02
epoch 132/160: loss=4.915633e-05, drift=1.921421e-02
epoch 133/160: loss=4.715445e-05, drift=1.881439e-02
epoch 134/160: loss=4.764438e-05, drift=1.893085e-02
epoch 135/160: loss=4.746930e-05, drift=1.889276e-02
epoch 136/160: loss=4.911259e-05, drift=1.920572e-02
epoch 137/160: loss=4.822190e-05, drift=1.901335e-02
epoch 138/160: loss=4.701417e-05, drift=1.880435e-02
epoch 139/160: loss=4.834876e-05, drift=1.908236e-02
epoch 140/160: loss=4.875423e-05, drift=1.912384e-02
epoch 141/160: loss=4.797579e-05, drift=1.899031e-02
epoch 142/160: loss=4.816716e-05, drift=1.904070e-02
epoch 143/160: loss=4.787965e-05, drift=1.897397e-02
epoch 144/160: loss=4.742743e-05, drift=1.885295e-02
epoch 145/160: loss=4.649041e-05, drift=1.869322e-02
epoch 146/160: loss=4.663458e-05, drift=1.870859e-02
epoch 147/160: loss=4.630693e-05, drift=1.866425e-02
epoch 148/160: loss=4.544305e-05, drift=1.848094e-02
epoch 149/160: loss=4.618406e-05, drift=1.864842e-02
epoch 150/160: loss=4.580023e-05, drift=1.855747e-02
epoch 151/160: loss=4.552633e-05, drift=1.853368e-02
epoch 152/160: loss=4.621564e-05, drift=1.865211e-02
epoch 153/160: loss=4.595231e-05, drift=1.857030e-02
epoch 154/160: loss=4.487144e-05, drift=1.837876e-02
epoch 155/160: loss=4.445131e-05, drift=1.826156e-02
epoch 156/160: loss=4.627628e-05, drift=1.867135e-02
epoch 157/160: loss=4.558735e-05, drift=1.853300e-02
epoch 158/160: loss=4.577717e-05, drift=1.853336e-02
epoch 159/160: loss=4.573071e-05, drift=1.851771e-02
epoch 160/160: loss=4.450578e-05, drift=1.828291e-02
[SSPA] swd=0.008123
{
  "summary": "/home/rifr807e/repos/conditional_drifting_models/results/enhanced_direct_hpc_20260324_202013/enhanced_direct_seed16/enhanced_direct_summary_seed16.json"
}

[seed-runner] exit_code: 0
[seed-runner] elapsed_seconds: 11863.205
