[seed-runner] start 2026-03-24T20:20:41Z
[seed-runner] label: enhanced_direct
[seed-runner] cwd: /home/h3/rifr807e/repos/conditional_drifting_models
[seed-runner] command: /software/genoa/r24.04/Python/3.11.3-GCCcore-12.3.0/bin/python -u scripts/run_enhanced_direct_benchmark.py --device cuda --seed 10 --channels AWGN,Rayleigh,SSPA --eval-size 1000000 --drifting-epochs -1 --swd-projections -1 --conditioning-mode joint --condition-kernel-scale 0.5 --target-kernel-scale 1.0 --target-kernel-mode raw --save-dir /home/rifr807e/repos/conditional_drifting_models/results/enhanced_direct_hpc_20260324_202013/enhanced_direct_seed10/checkpoints --out /home/rifr807e/repos/conditional_drifting_models/results/enhanced_direct_hpc_20260324_202013/enhanced_direct_seed10/enhanced_direct_summary_seed10.json

[AWGN] training enhanced direct drifting
epoch 1/30: loss=2.659137e-04, drift=4.078016e-02
epoch 2/30: loss=1.985836e-04, drift=3.598109e-02
epoch 3/30: loss=1.883834e-04, drift=3.506235e-02
epoch 4/30: loss=1.763736e-04, drift=3.392001e-02
epoch 5/30: loss=1.716899e-04, drift=3.346866e-02
epoch 6/30: loss=1.649608e-04, drift=3.271513e-02
epoch 7/30: loss=1.610891e-04, drift=3.240243e-02
epoch 8/30: loss=1.565336e-04, drift=3.197133e-02
epoch 9/30: loss=1.567672e-04, drift=3.199962e-02
epoch 10/30: loss=1.525334e-04, drift=3.146567e-02
epoch 11/30: loss=1.513839e-04, drift=3.140659e-02
epoch 12/30: loss=1.528708e-04, drift=3.157771e-02
epoch 13/30: loss=1.521905e-04, drift=3.142582e-02
epoch 14/30: loss=1.524103e-04, drift=3.151171e-02
epoch 15/30: loss=1.501765e-04, drift=3.126052e-02
epoch 16/30: loss=1.505049e-04, drift=3.131834e-02
epoch 17/30: loss=1.493089e-04, drift=3.122403e-02
epoch 18/30: loss=1.505548e-04, drift=3.134685e-02
epoch 19/30: loss=1.487241e-04, drift=3.111506e-02
epoch 20/30: loss=1.504167e-04, drift=3.132203e-02
epoch 21/30: loss=1.478800e-04, drift=3.099732e-02
epoch 22/30: loss=1.483098e-04, drift=3.113516e-02
epoch 23/30: loss=1.451715e-04, drift=3.072866e-02
epoch 24/30: loss=1.493759e-04, drift=3.121575e-02
epoch 25/30: loss=1.450110e-04, drift=3.078872e-02
epoch 26/30: loss=1.440876e-04, drift=3.064078e-02
epoch 27/30: loss=1.461608e-04, drift=3.086223e-02
epoch 28/30: loss=1.448529e-04, drift=3.074355e-02
epoch 29/30: loss=1.434323e-04, drift=3.061111e-02
epoch 30/30: loss=1.443815e-04, drift=3.071368e-02
[AWGN] swd=0.027897
[Rayleigh] training enhanced direct drifting
epoch 1/30: loss=2.154502e-04, drift=3.688309e-02
epoch 2/30: loss=1.743835e-04, drift=3.371753e-02
epoch 3/30: loss=1.579354e-04, drift=3.201240e-02
epoch 4/30: loss=1.503138e-04, drift=3.128721e-02
epoch 5/30: loss=1.391925e-04, drift=3.014945e-02
epoch 6/30: loss=1.246365e-04, drift=2.849364e-02
epoch 7/30: loss=1.243758e-04, drift=2.847110e-02
epoch 8/30: loss=1.205779e-04, drift=2.802787e-02
epoch 9/30: loss=1.243108e-04, drift=2.840859e-02
epoch 10/30: loss=1.233475e-04, drift=2.829183e-02
epoch 11/30: loss=1.201311e-04, drift=2.793983e-02
epoch 12/30: loss=1.215172e-04, drift=2.812332e-02
epoch 13/30: loss=1.151587e-04, drift=2.738207e-02
epoch 14/30: loss=1.204703e-04, drift=2.798928e-02
epoch 15/30: loss=1.167166e-04, drift=2.756189e-02
epoch 16/30: loss=1.206409e-04, drift=2.799675e-02
epoch 17/30: loss=1.171060e-04, drift=2.759022e-02
epoch 18/30: loss=1.160612e-04, drift=2.745592e-02
epoch 19/30: loss=1.209739e-04, drift=2.811151e-02
epoch 20/30: loss=1.184914e-04, drift=2.772874e-02
epoch 21/30: loss=1.189307e-04, drift=2.782053e-02
epoch 22/30: loss=1.184068e-04, drift=2.779737e-02
epoch 23/30: loss=1.187905e-04, drift=2.778688e-02
epoch 24/30: loss=1.187967e-04, drift=2.782138e-02
epoch 25/30: loss=1.178400e-04, drift=2.773174e-02
epoch 26/30: loss=1.157512e-04, drift=2.747476e-02
epoch 27/30: loss=1.182911e-04, drift=2.777977e-02
epoch 28/30: loss=1.176221e-04, drift=2.763811e-02
epoch 29/30: loss=1.182754e-04, drift=2.771163e-02
epoch 30/30: loss=1.168312e-04, drift=2.759159e-02
[Rayleigh] swd=0.047391
[SSPA] training enhanced direct drifting
epoch 1/160: loss=2.720138e-04, drift=4.464583e-02
epoch 2/160: loss=1.967075e-04, drift=3.846905e-02
epoch 3/160: loss=1.846824e-04, drift=3.723925e-02
epoch 4/160: loss=1.749553e-04, drift=3.624655e-02
epoch 5/160: loss=1.701083e-04, drift=3.576467e-02
epoch 6/160: loss=1.659518e-04, drift=3.528860e-02
epoch 7/160: loss=1.586367e-04, drift=3.456916e-02
epoch 8/160: loss=1.533480e-04, drift=3.394375e-02
epoch 9/160: loss=1.486208e-04, drift=3.344998e-02
epoch 10/160: loss=1.456896e-04, drift=3.306970e-02
epoch 11/160: loss=1.416598e-04, drift=3.258205e-02
epoch 12/160: loss=1.312005e-04, drift=3.143255e-02
epoch 13/160: loss=1.242549e-04, drift=3.058580e-02
epoch 14/160: loss=1.164355e-04, drift=2.958110e-02
epoch 15/160: loss=1.061071e-04, drift=2.826477e-02
epoch 16/160: loss=9.967582e-05, drift=2.736517e-02
epoch 17/160: loss=9.872726e-05, drift=2.725161e-02
epoch 18/160: loss=9.337029e-05, drift=2.647593e-02
epoch 19/160: loss=9.363965e-05, drift=2.653663e-02
epoch 20/160: loss=9.173688e-05, drift=2.623982e-02
epoch 21/160: loss=8.853811e-05, drift=2.580579e-02
epoch 22/160: loss=8.950066e-05, drift=2.594390e-02
epoch 23/160: loss=8.731358e-05, drift=2.560620e-02
epoch 24/160: loss=8.481307e-05, drift=2.523165e-02
epoch 25/160: loss=8.114400e-05, drift=2.468838e-02
epoch 26/160: loss=8.331150e-05, drift=2.498640e-02
epoch 27/160: loss=7.959045e-05, drift=2.444208e-02
epoch 28/160: loss=8.008087e-05, drift=2.451767e-02
epoch 29/160: loss=7.592522e-05, drift=2.385105e-02
epoch 30/160: loss=7.619266e-05, drift=2.389281e-02
epoch 31/160: loss=7.519420e-05, drift=2.378177e-02
epoch 32/160: loss=7.383957e-05, drift=2.358251e-02
epoch 33/160: loss=7.114870e-05, drift=2.314184e-02
epoch 34/160: loss=7.098803e-05, drift=2.309200e-02
epoch 35/160: loss=7.095666e-05, drift=2.308488e-02
epoch 36/160: loss=7.050815e-05, drift=2.302649e-02
epoch 37/160: loss=6.898650e-05, drift=2.278858e-02
epoch 38/160: loss=6.889514e-05, drift=2.276078e-02
epoch 39/160: loss=6.861564e-05, drift=2.270499e-02
epoch 40/160: loss=6.695030e-05, drift=2.240125e-02
epoch 41/160: loss=6.580305e-05, drift=2.225371e-02
epoch 42/160: loss=6.645663e-05, drift=2.235014e-02
epoch 43/160: loss=6.556935e-05, drift=2.222598e-02
epoch 44/160: loss=6.378584e-05, drift=2.190333e-02
epoch 45/160: loss=6.455081e-05, drift=2.205309e-02
epoch 46/160: loss=6.334473e-05, drift=2.183679e-02
epoch 47/160: loss=6.497483e-05, drift=2.210334e-02
epoch 48/160: loss=6.430856e-05, drift=2.198589e-02
epoch 49/160: loss=6.355456e-05, drift=2.183387e-02
epoch 50/160: loss=6.227497e-05, drift=2.164401e-02
epoch 51/160: loss=6.271153e-05, drift=2.171233e-02
epoch 52/160: loss=6.129941e-05, drift=2.148098e-02
epoch 53/160: loss=6.259213e-05, drift=2.170202e-02
epoch 54/160: loss=6.025470e-05, drift=2.125519e-02
epoch 55/160: loss=6.010559e-05, drift=2.122312e-02
epoch 56/160: loss=6.022182e-05, drift=2.127560e-02
epoch 57/160: loss=6.044844e-05, drift=2.131339e-02
epoch 58/160: loss=5.946180e-05, drift=2.113052e-02
epoch 59/160: loss=5.942663e-05, drift=2.112022e-02
epoch 60/160: loss=5.886218e-05, drift=2.103601e-02
epoch 61/160: loss=5.796608e-05, drift=2.088486e-02
epoch 62/160: loss=6.143434e-05, drift=2.151142e-02
epoch 63/160: loss=5.872938e-05, drift=2.101068e-02
epoch 64/160: loss=5.791647e-05, drift=2.087569e-02
epoch 65/160: loss=5.736898e-05, drift=2.080425e-02
epoch 66/160: loss=5.783442e-05, drift=2.087083e-02
epoch 67/160: loss=5.786233e-05, drift=2.089425e-02
epoch 68/160: loss=5.680170e-05, drift=2.065280e-02
epoch 69/160: loss=5.766933e-05, drift=2.084681e-02
epoch 70/160: loss=5.720326e-05, drift=2.072726e-02
epoch 71/160: loss=5.655339e-05, drift=2.062482e-02
epoch 72/160: loss=5.794791e-05, drift=2.084779e-02
epoch 73/160: loss=5.576416e-05, drift=2.048765e-02
epoch 74/160: loss=5.575352e-05, drift=2.047713e-02
epoch 75/160: loss=5.552533e-05, drift=2.044792e-02
epoch 76/160: loss=5.546980e-05, drift=2.040209e-02
epoch 77/160: loss=5.473994e-05, drift=2.027999e-02
epoch 78/160: loss=5.457376e-05, drift=2.024438e-02
epoch 79/160: loss=5.506407e-05, drift=2.033684e-02
epoch 80/160: loss=5.524214e-05, drift=2.037115e-02
epoch 81/160: loss=5.449809e-05, drift=2.024630e-02
epoch 82/160: loss=5.421665e-05, drift=2.019634e-02
epoch 83/160: loss=5.482758e-05, drift=2.032040e-02
epoch 84/160: loss=5.421983e-05, drift=2.017761e-02
epoch 85/160: loss=5.322805e-05, drift=2.001930e-02
epoch 86/160: loss=5.293205e-05, drift=1.994786e-02
epoch 87/160: loss=5.428866e-05, drift=2.023233e-02
epoch 88/160: loss=5.357949e-05, drift=2.007185e-02
epoch 89/160: loss=5.469165e-05, drift=2.028716e-02
epoch 90/160: loss=5.278396e-05, drift=1.990524e-02
epoch 91/160: loss=5.350049e-05, drift=2.004114e-02
epoch 92/160: loss=5.160348e-05, drift=1.969485e-02
epoch 93/160: loss=5.298027e-05, drift=1.995271e-02
epoch 94/160: loss=5.161420e-05, drift=1.969972e-02
epoch 95/160: loss=5.195699e-05, drift=1.975640e-02
epoch 96/160: loss=5.292408e-05, drift=1.994952e-02
epoch 97/160: loss=5.286281e-05, drift=1.996631e-02
epoch 98/160: loss=5.136690e-05, drift=1.964333e-02
epoch 99/160: loss=5.214906e-05, drift=1.978187e-02
epoch 100/160: loss=5.064109e-05, drift=1.951786e-02
epoch 101/160: loss=5.384020e-05, drift=2.010996e-02
epoch 102/160: loss=5.140257e-05, drift=1.964591e-02
epoch 103/160: loss=5.054858e-05, drift=1.949408e-02
epoch 104/160: loss=5.049114e-05, drift=1.947984e-02
epoch 105/160: loss=5.051842e-05, drift=1.949947e-02
epoch 106/160: loss=4.955233e-05, drift=1.928679e-02
epoch 107/160: loss=5.027208e-05, drift=1.945066e-02
epoch 108/160: loss=5.053812e-05, drift=1.952675e-02
epoch 109/160: loss=5.022352e-05, drift=1.942678e-02
epoch 110/160: loss=4.963008e-05, drift=1.930803e-02
epoch 111/160: loss=5.015687e-05, drift=1.941224e-02
epoch 112/160: loss=4.849967e-05, drift=1.909119e-02
epoch 113/160: loss=5.031968e-05, drift=1.946372e-02
epoch 114/160: loss=4.940347e-05, drift=1.929730e-02
epoch 115/160: loss=4.895747e-05, drift=1.919080e-02
epoch 116/160: loss=4.935879e-05, drift=1.924593e-02
epoch 117/160: loss=4.905129e-05, drift=1.921291e-02
epoch 118/160: loss=4.956470e-05, drift=1.931200e-02
epoch 119/160: loss=4.953706e-05, drift=1.926322e-02
epoch 120/160: loss=4.784422e-05, drift=1.894972e-02
epoch 121/160: loss=4.902759e-05, drift=1.921325e-02
epoch 122/160: loss=4.809919e-05, drift=1.901334e-02
epoch 123/160: loss=5.000603e-05, drift=1.939237e-02
epoch 124/160: loss=4.725513e-05, drift=1.883200e-02
epoch 125/160: loss=4.799053e-05, drift=1.899557e-02
epoch 126/160: loss=4.739853e-05, drift=1.885599e-02
epoch 127/160: loss=4.775747e-05, drift=1.894191e-02
epoch 128/160: loss=4.787223e-05, drift=1.897053e-02
epoch 129/160: loss=4.722198e-05, drift=1.882572e-02
epoch 130/160: loss=4.607643e-05, drift=1.862713e-02
epoch 131/160: loss=4.875151e-05, drift=1.914926e-02
epoch 132/160: loss=4.706836e-05, drift=1.881479e-02
epoch 133/160: loss=4.742131e-05, drift=1.889146e-02
epoch 134/160: loss=4.690274e-05, drift=1.876542e-02
epoch 135/160: loss=4.757362e-05, drift=1.893401e-02
epoch 136/160: loss=4.639055e-05, drift=1.868534e-02
epoch 137/160: loss=4.777970e-05, drift=1.895192e-02
epoch 138/160: loss=4.791981e-05, drift=1.895160e-02
epoch 139/160: loss=4.679927e-05, drift=1.876916e-02
epoch 140/160: loss=4.590899e-05, drift=1.857666e-02
epoch 141/160: loss=4.788212e-05, drift=1.893502e-02
epoch 142/160: loss=4.492517e-05, drift=1.837725e-02
epoch 143/160: loss=4.584256e-05, drift=1.854815e-02
epoch 144/160: loss=4.544387e-05, drift=1.847409e-02
epoch 145/160: loss=4.554594e-05, drift=1.851477e-02
epoch 146/160: loss=4.581816e-05, drift=1.858901e-02
epoch 147/160: loss=4.634274e-05, drift=1.865099e-02
epoch 148/160: loss=4.648968e-05, drift=1.866438e-02
epoch 149/160: loss=4.590821e-05, drift=1.854741e-02
epoch 150/160: loss=4.456589e-05, drift=1.828031e-02
epoch 151/160: loss=4.456827e-05, drift=1.832798e-02
epoch 152/160: loss=4.435787e-05, drift=1.824150e-02
epoch 153/160: loss=4.369226e-05, drift=1.813132e-02
epoch 154/160: loss=4.398220e-05, drift=1.818911e-02
epoch 155/160: loss=4.446416e-05, drift=1.827530e-02
epoch 156/160: loss=4.424362e-05, drift=1.826231e-02
epoch 157/160: loss=4.342994e-05, drift=1.809697e-02
epoch 158/160: loss=4.537375e-05, drift=1.848464e-02
epoch 159/160: loss=4.371279e-05, drift=1.811537e-02
epoch 160/160: loss=4.481131e-05, drift=1.834725e-02
[SSPA] swd=0.008034
{
  "summary": "/home/rifr807e/repos/conditional_drifting_models/results/enhanced_direct_hpc_20260324_202013/enhanced_direct_seed10/enhanced_direct_summary_seed10.json"
}

[seed-runner] exit_code: 0
[seed-runner] elapsed_seconds: 11883.332
