[seed-runner] start 2026-03-24T20:20:40Z
[seed-runner] label: enhanced_direct
[seed-runner] cwd: /home/h3/rifr807e/repos/conditional_drifting_models
[seed-runner] command: /software/genoa/r24.04/Python/3.11.3-GCCcore-12.3.0/bin/python -u scripts/run_enhanced_direct_benchmark.py --device cuda --seed 9 --channels AWGN,Rayleigh,SSPA --eval-size 1000000 --drifting-epochs -1 --swd-projections -1 --conditioning-mode joint --condition-kernel-scale 0.5 --target-kernel-scale 1.0 --target-kernel-mode raw --save-dir /home/rifr807e/repos/conditional_drifting_models/results/enhanced_direct_hpc_20260324_202013/enhanced_direct_seed9/checkpoints --out /home/rifr807e/repos/conditional_drifting_models/results/enhanced_direct_hpc_20260324_202013/enhanced_direct_seed9/enhanced_direct_summary_seed9.json

[AWGN] training enhanced direct drifting
epoch 1/30: loss=2.603201e-04, drift=4.021429e-02
epoch 2/30: loss=1.907477e-04, drift=3.527858e-02
epoch 3/30: loss=1.859366e-04, drift=3.477580e-02
epoch 4/30: loss=1.793738e-04, drift=3.422185e-02
epoch 5/30: loss=1.790900e-04, drift=3.411519e-02
epoch 6/30: loss=1.715816e-04, drift=3.347519e-02
epoch 7/30: loss=1.623350e-04, drift=3.253898e-02
epoch 8/30: loss=1.606203e-04, drift=3.234631e-02
epoch 9/30: loss=1.534716e-04, drift=3.162155e-02
epoch 10/30: loss=1.515937e-04, drift=3.144841e-02
epoch 11/30: loss=1.566392e-04, drift=3.198680e-02
epoch 12/30: loss=1.507278e-04, drift=3.132837e-02
epoch 13/30: loss=1.496948e-04, drift=3.124266e-02
epoch 14/30: loss=1.518613e-04, drift=3.145817e-02
epoch 15/30: loss=1.496098e-04, drift=3.124099e-02
epoch 16/30: loss=1.489022e-04, drift=3.113387e-02
epoch 17/30: loss=1.547542e-04, drift=3.175615e-02
epoch 18/30: loss=1.499617e-04, drift=3.123585e-02
epoch 19/30: loss=1.485352e-04, drift=3.116298e-02
epoch 20/30: loss=1.492589e-04, drift=3.120434e-02
epoch 21/30: loss=1.503997e-04, drift=3.126037e-02
epoch 22/30: loss=1.477551e-04, drift=3.100538e-02
epoch 23/30: loss=1.490646e-04, drift=3.116892e-02
epoch 24/30: loss=1.438281e-04, drift=3.062070e-02
epoch 25/30: loss=1.520924e-04, drift=3.153476e-02
epoch 26/30: loss=1.447969e-04, drift=3.075366e-02
epoch 27/30: loss=1.461261e-04, drift=3.078867e-02
epoch 28/30: loss=1.470810e-04, drift=3.095042e-02
epoch 29/30: loss=1.441714e-04, drift=3.069808e-02
epoch 30/30: loss=1.438840e-04, drift=3.065341e-02
[AWGN] swd=0.026686
[Rayleigh] training enhanced direct drifting
epoch 1/30: loss=2.081458e-04, drift=3.620475e-02
epoch 2/30: loss=1.689286e-04, drift=3.312838e-02
epoch 3/30: loss=1.594571e-04, drift=3.225723e-02
epoch 4/30: loss=1.468734e-04, drift=3.090512e-02
epoch 5/30: loss=1.300286e-04, drift=2.912368e-02
epoch 6/30: loss=1.276267e-04, drift=2.881063e-02
epoch 7/30: loss=1.256735e-04, drift=2.855451e-02
epoch 8/30: loss=1.258315e-04, drift=2.863332e-02
epoch 9/30: loss=1.194394e-04, drift=2.781952e-02
epoch 10/30: loss=1.222049e-04, drift=2.820375e-02
epoch 11/30: loss=1.205638e-04, drift=2.798181e-02
epoch 12/30: loss=1.223857e-04, drift=2.823453e-02
epoch 13/30: loss=1.217030e-04, drift=2.811856e-02
epoch 14/30: loss=1.220306e-04, drift=2.813973e-02
epoch 15/30: loss=1.190304e-04, drift=2.786125e-02
epoch 16/30: loss=1.174747e-04, drift=2.765035e-02
epoch 17/30: loss=1.207683e-04, drift=2.809349e-02
epoch 18/30: loss=1.182525e-04, drift=2.775416e-02
epoch 19/30: loss=1.214451e-04, drift=2.811842e-02
epoch 20/30: loss=1.187620e-04, drift=2.779193e-02
epoch 21/30: loss=1.186848e-04, drift=2.780187e-02
epoch 22/30: loss=1.175545e-04, drift=2.763268e-02
epoch 23/30: loss=1.181714e-04, drift=2.772046e-02
epoch 24/30: loss=1.192790e-04, drift=2.787799e-02
epoch 25/30: loss=1.184486e-04, drift=2.775863e-02
epoch 26/30: loss=1.157381e-04, drift=2.740247e-02
epoch 27/30: loss=1.187994e-04, drift=2.781762e-02
epoch 28/30: loss=1.152314e-04, drift=2.739760e-02
epoch 29/30: loss=1.156646e-04, drift=2.743233e-02
epoch 30/30: loss=1.147737e-04, drift=2.737469e-02
[Rayleigh] swd=0.047114
[SSPA] training enhanced direct drifting
epoch 1/160: loss=2.559422e-04, drift=4.318355e-02
epoch 2/160: loss=1.961949e-04, drift=3.840408e-02
epoch 3/160: loss=1.818169e-04, drift=3.701101e-02
epoch 4/160: loss=1.798670e-04, drift=3.675183e-02
epoch 5/160: loss=1.702061e-04, drift=3.574558e-02
epoch 6/160: loss=1.689142e-04, drift=3.559846e-02
epoch 7/160: loss=1.578111e-04, drift=3.444315e-02
epoch 8/160: loss=1.620324e-04, drift=3.482885e-02
epoch 9/160: loss=1.538207e-04, drift=3.403359e-02
epoch 10/160: loss=1.491149e-04, drift=3.348046e-02
epoch 11/160: loss=1.415384e-04, drift=3.260232e-02
epoch 12/160: loss=1.406743e-04, drift=3.256143e-02
epoch 13/160: loss=1.316266e-04, drift=3.141753e-02
epoch 14/160: loss=1.224712e-04, drift=3.033517e-02
epoch 15/160: loss=1.125146e-04, drift=2.903374e-02
epoch 16/160: loss=1.036041e-04, drift=2.789047e-02
epoch 17/160: loss=9.941301e-05, drift=2.737744e-02
epoch 18/160: loss=9.378052e-05, drift=2.657654e-02
epoch 19/160: loss=9.096569e-05, drift=2.613853e-02
epoch 20/160: loss=8.645989e-05, drift=2.550912e-02
epoch 21/160: loss=8.558973e-05, drift=2.535787e-02
epoch 22/160: loss=8.552344e-05, drift=2.531915e-02
epoch 23/160: loss=8.327580e-05, drift=2.500781e-02
epoch 24/160: loss=8.167050e-05, drift=2.474337e-02
epoch 25/160: loss=7.982338e-05, drift=2.448870e-02
epoch 26/160: loss=7.909124e-05, drift=2.435776e-02
epoch 27/160: loss=7.867136e-05, drift=2.431019e-02
epoch 28/160: loss=7.873655e-05, drift=2.431409e-02
epoch 29/160: loss=7.570123e-05, drift=2.385096e-02
epoch 30/160: loss=7.460011e-05, drift=2.370897e-02
epoch 31/160: loss=7.219200e-05, drift=2.330960e-02
epoch 32/160: loss=7.170789e-05, drift=2.324600e-02
epoch 33/160: loss=6.771340e-05, drift=2.257095e-02
epoch 34/160: loss=6.732829e-05, drift=2.250515e-02
epoch 35/160: loss=6.686542e-05, drift=2.242319e-02
epoch 36/160: loss=6.626567e-05, drift=2.233420e-02
epoch 37/160: loss=6.682404e-05, drift=2.243502e-02
epoch 38/160: loss=6.669610e-05, drift=2.241290e-02
epoch 39/160: loss=6.424377e-05, drift=2.195362e-02
epoch 40/160: loss=6.452477e-05, drift=2.203028e-02
epoch 41/160: loss=6.403086e-05, drift=2.191492e-02
epoch 42/160: loss=6.202137e-05, drift=2.156388e-02
epoch 43/160: loss=6.464939e-05, drift=2.204407e-02
epoch 44/160: loss=6.237787e-05, drift=2.163866e-02
epoch 45/160: loss=6.243430e-05, drift=2.166665e-02
epoch 46/160: loss=6.345148e-05, drift=2.184125e-02
epoch 47/160: loss=6.119790e-05, drift=2.139383e-02
epoch 48/160: loss=6.367788e-05, drift=2.187711e-02
epoch 49/160: loss=5.935995e-05, drift=2.110952e-02
epoch 50/160: loss=6.017617e-05, drift=2.124839e-02
epoch 51/160: loss=5.922192e-05, drift=2.109137e-02
epoch 52/160: loss=6.040977e-05, drift=2.129981e-02
epoch 53/160: loss=6.054005e-05, drift=2.135670e-02
epoch 54/160: loss=6.090748e-05, drift=2.140482e-02
epoch 55/160: loss=5.987324e-05, drift=2.121272e-02
epoch 56/160: loss=5.941932e-05, drift=2.111820e-02
epoch 57/160: loss=5.980279e-05, drift=2.123147e-02
epoch 58/160: loss=5.953264e-05, drift=2.114265e-02
epoch 59/160: loss=5.812296e-05, drift=2.088757e-02
epoch 60/160: loss=5.881905e-05, drift=2.102985e-02
epoch 61/160: loss=5.975940e-05, drift=2.123860e-02
epoch 62/160: loss=5.738548e-05, drift=2.076845e-02
epoch 63/160: loss=5.638340e-05, drift=2.058266e-02
epoch 64/160: loss=5.729774e-05, drift=2.077512e-02
epoch 65/160: loss=5.758214e-05, drift=2.080836e-02
epoch 66/160: loss=5.707666e-05, drift=2.070686e-02
epoch 67/160: loss=5.698935e-05, drift=2.070411e-02
epoch 68/160: loss=5.693349e-05, drift=2.068208e-02
epoch 69/160: loss=5.568150e-05, drift=2.047498e-02
epoch 70/160: loss=5.506732e-05, drift=2.036091e-02
epoch 71/160: loss=5.466895e-05, drift=2.025707e-02
epoch 72/160: loss=5.468609e-05, drift=2.027181e-02
epoch 73/160: loss=5.522077e-05, drift=2.036751e-02
epoch 74/160: loss=5.531739e-05, drift=2.039504e-02
epoch 75/160: loss=5.470151e-05, drift=2.028760e-02
epoch 76/160: loss=5.390725e-05, drift=2.010797e-02
epoch 77/160: loss=5.563153e-05, drift=2.041869e-02
epoch 78/160: loss=5.368804e-05, drift=2.007736e-02
epoch 79/160: loss=5.461920e-05, drift=2.027985e-02
epoch 80/160: loss=5.482852e-05, drift=2.030560e-02
epoch 81/160: loss=5.288981e-05, drift=1.992961e-02
epoch 82/160: loss=5.491619e-05, drift=2.032569e-02
epoch 83/160: loss=5.260259e-05, drift=1.990356e-02
epoch 84/160: loss=5.342216e-05, drift=2.005226e-02
epoch 85/160: loss=5.417337e-05, drift=2.017484e-02
epoch 86/160: loss=5.343549e-05, drift=2.002113e-02
epoch 87/160: loss=5.314798e-05, drift=1.996737e-02
epoch 88/160: loss=5.380926e-05, drift=2.009863e-02
epoch 89/160: loss=5.307844e-05, drift=1.997401e-02
epoch 90/160: loss=5.249285e-05, drift=1.986294e-02
epoch 91/160: loss=5.244514e-05, drift=1.986657e-02
epoch 92/160: loss=5.326759e-05, drift=1.998866e-02
epoch 93/160: loss=5.229475e-05, drift=1.983494e-02
epoch 94/160: loss=5.121239e-05, drift=1.961834e-02
epoch 95/160: loss=5.009617e-05, drift=1.942645e-02
epoch 96/160: loss=5.259895e-05, drift=1.989293e-02
epoch 97/160: loss=5.080786e-05, drift=1.954620e-02
epoch 98/160: loss=5.131234e-05, drift=1.962339e-02
epoch 99/160: loss=5.103719e-05, drift=1.961524e-02
epoch 100/160: loss=5.047462e-05, drift=1.948395e-02
epoch 101/160: loss=5.151456e-05, drift=1.969017e-02
epoch 102/160: loss=5.057900e-05, drift=1.950187e-02
epoch 103/160: loss=5.190197e-05, drift=1.976394e-02
epoch 104/160: loss=5.011350e-05, drift=1.941567e-02
epoch 105/160: loss=5.073288e-05, drift=1.950775e-02
epoch 106/160: loss=4.865607e-05, drift=1.911845e-02
epoch 107/160: loss=5.101297e-05, drift=1.958195e-02
epoch 108/160: loss=4.931200e-05, drift=1.923246e-02
epoch 109/160: loss=4.860104e-05, drift=1.911176e-02
epoch 110/160: loss=4.868382e-05, drift=1.913204e-02
epoch 111/160: loss=4.921985e-05, drift=1.923389e-02
epoch 112/160: loss=4.908618e-05, drift=1.923001e-02
epoch 113/160: loss=4.930876e-05, drift=1.926576e-02
epoch 114/160: loss=4.796400e-05, drift=1.898846e-02
epoch 115/160: loss=4.755219e-05, drift=1.891108e-02
epoch 116/160: loss=4.916798e-05, drift=1.923477e-02
epoch 117/160: loss=4.870547e-05, drift=1.911066e-02
epoch 118/160: loss=4.905546e-05, drift=1.922412e-02
epoch 119/160: loss=4.776518e-05, drift=1.897726e-02
epoch 120/160: loss=4.792263e-05, drift=1.899204e-02
epoch 121/160: loss=4.888103e-05, drift=1.916656e-02
epoch 122/160: loss=4.811810e-05, drift=1.900217e-02
epoch 123/160: loss=4.724498e-05, drift=1.884991e-02
epoch 124/160: loss=4.851907e-05, drift=1.910485e-02
epoch 125/160: loss=4.776239e-05, drift=1.894335e-02
epoch 126/160: loss=4.795494e-05, drift=1.899876e-02
epoch 127/160: loss=4.704361e-05, drift=1.878797e-02
epoch 128/160: loss=4.735016e-05, drift=1.888061e-02
epoch 129/160: loss=4.613367e-05, drift=1.863337e-02
epoch 130/160: loss=4.695043e-05, drift=1.878619e-02
epoch 131/160: loss=4.591827e-05, drift=1.857264e-02
epoch 132/160: loss=4.560559e-05, drift=1.851395e-02
epoch 133/160: loss=4.712919e-05, drift=1.881822e-02
epoch 134/160: loss=4.585766e-05, drift=1.856291e-02
epoch 135/160: loss=4.642148e-05, drift=1.869769e-02
epoch 136/160: loss=4.652411e-05, drift=1.870183e-02
epoch 137/160: loss=4.675782e-05, drift=1.875800e-02
epoch 138/160: loss=4.433657e-05, drift=1.824231e-02
epoch 139/160: loss=4.629000e-05, drift=1.865007e-02
epoch 140/160: loss=4.650039e-05, drift=1.871839e-02
epoch 141/160: loss=4.587283e-05, drift=1.857549e-02
epoch 142/160: loss=4.527300e-05, drift=1.846725e-02
epoch 143/160: loss=4.529688e-05, drift=1.845936e-02
epoch 144/160: loss=4.530493e-05, drift=1.846419e-02
epoch 145/160: loss=4.434583e-05, drift=1.826125e-02
epoch 146/160: loss=4.524931e-05, drift=1.845314e-02
epoch 147/160: loss=4.562194e-05, drift=1.852017e-02
epoch 148/160: loss=4.548331e-05, drift=1.850353e-02
epoch 149/160: loss=4.564285e-05, drift=1.851676e-02
epoch 150/160: loss=4.539506e-05, drift=1.847634e-02
epoch 151/160: loss=4.455758e-05, drift=1.830368e-02
epoch 152/160: loss=4.492009e-05, drift=1.838321e-02
epoch 153/160: loss=4.387372e-05, drift=1.816240e-02
epoch 154/160: loss=4.377729e-05, drift=1.816031e-02
epoch 155/160: loss=4.474718e-05, drift=1.835773e-02
epoch 156/160: loss=4.289380e-05, drift=1.793638e-02
epoch 157/160: loss=4.377689e-05, drift=1.811910e-02
epoch 158/160: loss=4.457680e-05, drift=1.829407e-02
epoch 159/160: loss=4.404166e-05, drift=1.820535e-02
epoch 160/160: loss=4.394411e-05, drift=1.820112e-02
[SSPA] swd=0.006609
{
  "summary": "/home/rifr807e/repos/conditional_drifting_models/results/enhanced_direct_hpc_20260324_202013/enhanced_direct_seed9/enhanced_direct_summary_seed9.json"
}

[seed-runner] exit_code: 0
[seed-runner] elapsed_seconds: 11868.090
