[seed-runner] start 2026-03-24T20:20:40Z
[seed-runner] label: enhanced_direct
[seed-runner] cwd: /home/h3/rifr807e/repos/conditional_drifting_models
[seed-runner] command: /software/genoa/r24.04/Python/3.11.3-GCCcore-12.3.0/bin/python -u scripts/run_enhanced_direct_benchmark.py --device cuda --seed 8 --channels AWGN,Rayleigh,SSPA --eval-size 1000000 --drifting-epochs -1 --swd-projections -1 --conditioning-mode joint --condition-kernel-scale 0.5 --target-kernel-scale 1.0 --target-kernel-mode raw --save-dir /home/rifr807e/repos/conditional_drifting_models/results/enhanced_direct_hpc_20260324_202013/enhanced_direct_seed8/checkpoints --out /home/rifr807e/repos/conditional_drifting_models/results/enhanced_direct_hpc_20260324_202013/enhanced_direct_seed8/enhanced_direct_summary_seed8.json

[AWGN] training enhanced direct drifting
epoch 1/30: loss=2.656029e-04, drift=4.094856e-02
epoch 2/30: loss=2.020939e-04, drift=3.634474e-02
epoch 3/30: loss=1.895917e-04, drift=3.518056e-02
epoch 4/30: loss=1.820299e-04, drift=3.447157e-02
epoch 5/30: loss=1.776224e-04, drift=3.401352e-02
epoch 6/30: loss=1.718034e-04, drift=3.340447e-02
epoch 7/30: loss=1.602559e-04, drift=3.239209e-02
epoch 8/30: loss=1.547184e-04, drift=3.176138e-02
epoch 9/30: loss=1.578922e-04, drift=3.209345e-02
epoch 10/30: loss=1.550877e-04, drift=3.175267e-02
epoch 11/30: loss=1.586293e-04, drift=3.212063e-02
epoch 12/30: loss=1.498323e-04, drift=3.124818e-02
epoch 13/30: loss=1.514376e-04, drift=3.139813e-02
epoch 14/30: loss=1.516357e-04, drift=3.142476e-02
epoch 15/30: loss=1.512840e-04, drift=3.139935e-02
epoch 16/30: loss=1.554473e-04, drift=3.182505e-02
epoch 17/30: loss=1.453345e-04, drift=3.081079e-02
epoch 18/30: loss=1.500623e-04, drift=3.130285e-02
epoch 19/30: loss=1.455530e-04, drift=3.081776e-02
epoch 20/30: loss=1.448314e-04, drift=3.073375e-02
epoch 21/30: loss=1.463056e-04, drift=3.091697e-02
epoch 22/30: loss=1.426127e-04, drift=3.042242e-02
epoch 23/30: loss=1.507258e-04, drift=3.126133e-02
epoch 24/30: loss=1.444431e-04, drift=3.063163e-02
epoch 25/30: loss=1.422533e-04, drift=3.045716e-02
epoch 26/30: loss=1.438721e-04, drift=3.066629e-02
epoch 27/30: loss=1.495213e-04, drift=3.116119e-02
epoch 28/30: loss=1.411387e-04, drift=3.026627e-02
epoch 29/30: loss=1.446780e-04, drift=3.069947e-02
epoch 30/30: loss=1.418197e-04, drift=3.040948e-02
[AWGN] swd=0.029818
[Rayleigh] training enhanced direct drifting
epoch 1/30: loss=2.210321e-04, drift=3.719217e-02
epoch 2/30: loss=1.682148e-04, drift=3.318824e-02
epoch 3/30: loss=1.595578e-04, drift=3.218283e-02
epoch 4/30: loss=1.494300e-04, drift=3.118487e-02
epoch 5/30: loss=1.341087e-04, drift=2.954687e-02
epoch 6/30: loss=1.275720e-04, drift=2.881961e-02
epoch 7/30: loss=1.235507e-04, drift=2.838755e-02
epoch 8/30: loss=1.218691e-04, drift=2.818826e-02
epoch 9/30: loss=1.176242e-04, drift=2.769531e-02
epoch 10/30: loss=1.216130e-04, drift=2.813747e-02
epoch 11/30: loss=1.197277e-04, drift=2.794433e-02
epoch 12/30: loss=1.197539e-04, drift=2.792802e-02
epoch 13/30: loss=1.183559e-04, drift=2.773919e-02
epoch 14/30: loss=1.175719e-04, drift=2.763097e-02
epoch 15/30: loss=1.192886e-04, drift=2.785720e-02
epoch 16/30: loss=1.202118e-04, drift=2.796733e-02
epoch 17/30: loss=1.171799e-04, drift=2.761653e-02
epoch 18/30: loss=1.196773e-04, drift=2.795822e-02
epoch 19/30: loss=1.149387e-04, drift=2.733903e-02
epoch 20/30: loss=1.185044e-04, drift=2.780861e-02
epoch 21/30: loss=1.166471e-04, drift=2.759305e-02
epoch 22/30: loss=1.174930e-04, drift=2.762398e-02
epoch 23/30: loss=1.187899e-04, drift=2.782241e-02
epoch 24/30: loss=1.164263e-04, drift=2.752241e-02
epoch 25/30: loss=1.141498e-04, drift=2.725862e-02
epoch 26/30: loss=1.191327e-04, drift=2.783195e-02
epoch 27/30: loss=1.147290e-04, drift=2.733054e-02
epoch 28/30: loss=1.133451e-04, drift=2.715604e-02
epoch 29/30: loss=1.145609e-04, drift=2.733841e-02
epoch 30/30: loss=1.118826e-04, drift=2.697746e-02
[Rayleigh] swd=0.051549
[SSPA] training enhanced direct drifting
epoch 1/160: loss=2.672337e-04, drift=4.405513e-02
epoch 2/160: loss=1.955379e-04, drift=3.827982e-02
epoch 3/160: loss=1.890046e-04, drift=3.765469e-02
epoch 4/160: loss=1.769639e-04, drift=3.648309e-02
epoch 5/160: loss=1.739983e-04, drift=3.615447e-02
epoch 6/160: loss=1.640753e-04, drift=3.512067e-02
epoch 7/160: loss=1.600998e-04, drift=3.472190e-02
epoch 8/160: loss=1.596031e-04, drift=3.464700e-02
epoch 9/160: loss=1.515447e-04, drift=3.377069e-02
epoch 10/160: loss=1.467793e-04, drift=3.320388e-02
epoch 11/160: loss=1.443476e-04, drift=3.295548e-02
epoch 12/160: loss=1.367211e-04, drift=3.208932e-02
epoch 13/160: loss=1.337610e-04, drift=3.177127e-02
epoch 14/160: loss=1.218257e-04, drift=3.025229e-02
epoch 15/160: loss=1.139221e-04, drift=2.920470e-02
epoch 16/160: loss=1.036055e-04, drift=2.787840e-02
epoch 17/160: loss=9.738937e-05, drift=2.701984e-02
epoch 18/160: loss=9.590685e-05, drift=2.685079e-02
epoch 19/160: loss=9.397014e-05, drift=2.654321e-02
epoch 20/160: loss=8.994756e-05, drift=2.602940e-02
epoch 21/160: loss=8.910885e-05, drift=2.586597e-02
epoch 22/160: loss=8.860454e-05, drift=2.578703e-02
epoch 23/160: loss=8.798062e-05, drift=2.568920e-02
epoch 24/160: loss=8.576215e-05, drift=2.535421e-02
epoch 25/160: loss=8.481603e-05, drift=2.523868e-02
epoch 26/160: loss=8.233089e-05, drift=2.483491e-02
epoch 27/160: loss=7.979399e-05, drift=2.446199e-02
epoch 28/160: loss=7.965259e-05, drift=2.444994e-02
epoch 29/160: loss=7.793165e-05, drift=2.422024e-02
epoch 30/160: loss=7.746374e-05, drift=2.415997e-02
epoch 31/160: loss=7.561197e-05, drift=2.381421e-02
epoch 32/160: loss=7.486596e-05, drift=2.373142e-02
epoch 33/160: loss=7.326556e-05, drift=2.350666e-02
epoch 34/160: loss=7.231597e-05, drift=2.328002e-02
epoch 35/160: loss=7.103173e-05, drift=2.311186e-02
epoch 36/160: loss=7.046022e-05, drift=2.300889e-02
epoch 37/160: loss=6.842712e-05, drift=2.267041e-02
epoch 38/160: loss=6.835201e-05, drift=2.267093e-02
epoch 39/160: loss=6.942643e-05, drift=2.283336e-02
epoch 40/160: loss=6.866796e-05, drift=2.270163e-02
epoch 41/160: loss=6.625718e-05, drift=2.232248e-02
epoch 42/160: loss=6.564114e-05, drift=2.223653e-02
epoch 43/160: loss=6.601382e-05, drift=2.228250e-02
epoch 44/160: loss=6.352950e-05, drift=2.185020e-02
epoch 45/160: loss=6.473979e-05, drift=2.206922e-02
epoch 46/160: loss=6.290889e-05, drift=2.173101e-02
epoch 47/160: loss=6.415068e-05, drift=2.195806e-02
epoch 48/160: loss=6.411156e-05, drift=2.198493e-02
epoch 49/160: loss=6.136179e-05, drift=2.147880e-02
epoch 50/160: loss=6.125499e-05, drift=2.145406e-02
epoch 51/160: loss=6.189523e-05, drift=2.156362e-02
epoch 52/160: loss=6.270910e-05, drift=2.173303e-02
epoch 53/160: loss=5.970491e-05, drift=2.117153e-02
epoch 54/160: loss=6.104188e-05, drift=2.139212e-02
epoch 55/160: loss=5.935528e-05, drift=2.113457e-02
epoch 56/160: loss=5.921048e-05, drift=2.106791e-02
epoch 57/160: loss=6.054560e-05, drift=2.131239e-02
epoch 58/160: loss=5.955416e-05, drift=2.118289e-02
epoch 59/160: loss=5.991350e-05, drift=2.123791e-02
epoch 60/160: loss=5.986825e-05, drift=2.122074e-02
epoch 61/160: loss=5.790899e-05, drift=2.086769e-02
epoch 62/160: loss=5.722155e-05, drift=2.073345e-02
epoch 63/160: loss=5.889528e-05, drift=2.104219e-02
epoch 64/160: loss=5.812108e-05, drift=2.086879e-02
epoch 65/160: loss=5.766998e-05, drift=2.085704e-02
epoch 66/160: loss=5.632291e-05, drift=2.057419e-02
epoch 67/160: loss=5.842660e-05, drift=2.093784e-02
epoch 68/160: loss=5.764719e-05, drift=2.083246e-02
epoch 69/160: loss=5.879308e-05, drift=2.099558e-02
epoch 70/160: loss=5.666417e-05, drift=2.063549e-02
epoch 71/160: loss=5.774393e-05, drift=2.085225e-02
epoch 72/160: loss=5.776654e-05, drift=2.086189e-02
epoch 73/160: loss=5.636245e-05, drift=2.058343e-02
epoch 74/160: loss=5.506385e-05, drift=2.038603e-02
epoch 75/160: loss=5.476070e-05, drift=2.027607e-02
epoch 76/160: loss=5.732630e-05, drift=2.073349e-02
epoch 77/160: loss=5.695582e-05, drift=2.071399e-02
epoch 78/160: loss=5.597027e-05, drift=2.051444e-02
epoch 79/160: loss=5.587740e-05, drift=2.048794e-02
epoch 80/160: loss=5.635197e-05, drift=2.057517e-02
epoch 81/160: loss=5.374216e-05, drift=2.011463e-02
epoch 82/160: loss=5.520279e-05, drift=2.036706e-02
epoch 83/160: loss=5.469479e-05, drift=2.028072e-02
epoch 84/160: loss=5.254284e-05, drift=1.984854e-02
epoch 85/160: loss=5.522509e-05, drift=2.041563e-02
epoch 86/160: loss=5.317333e-05, drift=1.997222e-02
epoch 87/160: loss=5.516337e-05, drift=2.037155e-02
epoch 88/160: loss=5.496056e-05, drift=2.029337e-02
epoch 89/160: loss=5.276636e-05, drift=1.993021e-02
epoch 90/160: loss=5.384976e-05, drift=2.013390e-02
epoch 91/160: loss=5.293813e-05, drift=1.995654e-02
epoch 92/160: loss=5.330647e-05, drift=2.001539e-02
epoch 93/160: loss=5.404646e-05, drift=2.012770e-02
epoch 94/160: loss=5.292171e-05, drift=1.996386e-02
epoch 95/160: loss=5.323315e-05, drift=2.001692e-02
epoch 96/160: loss=5.155938e-05, drift=1.967566e-02
epoch 97/160: loss=5.201140e-05, drift=1.977608e-02
epoch 98/160: loss=5.250636e-05, drift=1.983925e-02
epoch 99/160: loss=5.226693e-05, drift=1.985379e-02
epoch 100/160: loss=5.130313e-05, drift=1.965955e-02
epoch 101/160: loss=5.279187e-05, drift=1.995061e-02
epoch 102/160: loss=5.137443e-05, drift=1.967645e-02
epoch 103/160: loss=5.058936e-05, drift=1.948457e-02
epoch 104/160: loss=5.225612e-05, drift=1.978545e-02
epoch 105/160: loss=5.061531e-05, drift=1.951643e-02
epoch 106/160: loss=5.186926e-05, drift=1.972911e-02
epoch 107/160: loss=5.161260e-05, drift=1.968532e-02
epoch 108/160: loss=4.982492e-05, drift=1.934320e-02
epoch 109/160: loss=5.120401e-05, drift=1.960901e-02
epoch 110/160: loss=4.976915e-05, drift=1.933466e-02
epoch 111/160: loss=4.991735e-05, drift=1.937483e-02
epoch 112/160: loss=5.118329e-05, drift=1.961479e-02
epoch 113/160: loss=5.023782e-05, drift=1.943213e-02
epoch 114/160: loss=4.988385e-05, drift=1.936494e-02
epoch 115/160: loss=4.972306e-05, drift=1.932054e-02
epoch 116/160: loss=5.009301e-05, drift=1.944398e-02
epoch 117/160: loss=4.994213e-05, drift=1.937955e-02
epoch 118/160: loss=4.970833e-05, drift=1.933482e-02
epoch 119/160: loss=4.990232e-05, drift=1.938989e-02
epoch 120/160: loss=4.936704e-05, drift=1.926021e-02
epoch 121/160: loss=4.984610e-05, drift=1.937536e-02
epoch 122/160: loss=4.966798e-05, drift=1.933038e-02
epoch 123/160: loss=4.870962e-05, drift=1.914965e-02
epoch 124/160: loss=4.803379e-05, drift=1.900311e-02
epoch 125/160: loss=4.921614e-05, drift=1.921824e-02
epoch 126/160: loss=4.670421e-05, drift=1.876318e-02
epoch 127/160: loss=4.823003e-05, drift=1.904134e-02
epoch 128/160: loss=4.687516e-05, drift=1.873005e-02
epoch 129/160: loss=4.870709e-05, drift=1.913406e-02
epoch 130/160: loss=4.705054e-05, drift=1.881768e-02
epoch 131/160: loss=4.865455e-05, drift=1.914872e-02
epoch 132/160: loss=4.823323e-05, drift=1.904537e-02
epoch 133/160: loss=4.683344e-05, drift=1.875839e-02
epoch 134/160: loss=4.664262e-05, drift=1.870624e-02
epoch 135/160: loss=4.753260e-05, drift=1.889868e-02
epoch 136/160: loss=4.674534e-05, drift=1.872744e-02
epoch 137/160: loss=4.678637e-05, drift=1.876467e-02
epoch 138/160: loss=4.616527e-05, drift=1.864815e-02
epoch 139/160: loss=4.687273e-05, drift=1.877607e-02
epoch 140/160: loss=4.712170e-05, drift=1.880631e-02
epoch 141/160: loss=4.717828e-05, drift=1.880780e-02
epoch 142/160: loss=4.766247e-05, drift=1.891924e-02
epoch 143/160: loss=4.636904e-05, drift=1.865125e-02
epoch 144/160: loss=4.698145e-05, drift=1.879596e-02
epoch 145/160: loss=4.543807e-05, drift=1.849604e-02
epoch 146/160: loss=4.538169e-05, drift=1.847607e-02
epoch 147/160: loss=4.556554e-05, drift=1.849914e-02
epoch 148/160: loss=4.624115e-05, drift=1.867721e-02
epoch 149/160: loss=4.552178e-05, drift=1.850843e-02
epoch 150/160: loss=4.551341e-05, drift=1.848439e-02
epoch 151/160: loss=4.617724e-05, drift=1.861199e-02
epoch 152/160: loss=4.541548e-05, drift=1.845754e-02
epoch 153/160: loss=4.552293e-05, drift=1.848692e-02
epoch 154/160: loss=4.560385e-05, drift=1.850030e-02
epoch 155/160: loss=4.485399e-05, drift=1.835648e-02
epoch 156/160: loss=4.436854e-05, drift=1.826185e-02
epoch 157/160: loss=4.537239e-05, drift=1.845754e-02
epoch 158/160: loss=4.557702e-05, drift=1.851595e-02
epoch 159/160: loss=4.495223e-05, drift=1.839510e-02
epoch 160/160: loss=4.517175e-05, drift=1.844545e-02
[SSPA] swd=0.007858
{
  "summary": "/home/rifr807e/repos/conditional_drifting_models/results/enhanced_direct_hpc_20260324_202013/enhanced_direct_seed8/enhanced_direct_summary_seed8.json"
}

[seed-runner] exit_code: 0
[seed-runner] elapsed_seconds: 11924.927
