epoch 1/60: loss=2.525934e-03, drift=1.229940e-01
epoch 2/60: loss=1.428853e-03, drift=9.651175e-02
epoch 3/60: loss=1.456595e-03, drift=9.769290e-02
epoch 4/60: loss=1.363107e-03, drift=9.421887e-02
epoch 5/60: loss=1.390701e-03, drift=9.527062e-02
epoch 6/60: loss=1.269335e-03, drift=9.032655e-02
epoch 7/60: loss=1.308514e-03, drift=9.202168e-02
epoch 8/60: loss=1.400424e-03, drift=9.554160e-02
epoch 9/60: loss=1.248007e-03, drift=8.987002e-02
epoch 10/60: loss=1.284206e-03, drift=9.116444e-02
epoch 11/60: loss=1.255760e-03, drift=9.056930e-02
epoch 12/60: loss=1.258593e-03, drift=9.056610e-02
epoch 13/60: loss=1.316885e-03, drift=9.220523e-02
epoch 14/60: loss=1.193605e-03, drift=8.837707e-02
epoch 15/60: loss=1.287863e-03, drift=9.203312e-02
epoch 16/60: loss=1.197721e-03, drift=8.785425e-02
epoch 17/60: loss=1.205040e-03, drift=8.870495e-02
epoch 18/60: loss=1.133773e-03, drift=8.549522e-02
epoch 19/60: loss=1.313679e-03, drift=9.236430e-02
epoch 20/60: loss=1.207859e-03, drift=8.879035e-02
epoch 21/60: loss=1.239586e-03, drift=8.965891e-02
epoch 22/60: loss=1.147508e-03, drift=8.644989e-02
epoch 23/60: loss=1.171337e-03, drift=8.760725e-02
epoch 24/60: loss=1.160478e-03, drift=8.719324e-02
epoch 25/60: loss=1.138429e-03, drift=8.615155e-02
epoch 26/60: loss=1.141527e-03, drift=8.609736e-02
epoch 27/60: loss=1.128568e-03, drift=8.548283e-02
epoch 28/60: loss=1.111664e-03, drift=8.508420e-02
epoch 29/60: loss=1.072298e-03, drift=8.351375e-02
epoch 30/60: loss=1.100195e-03, drift=8.475692e-02
epoch 31/60: loss=1.153989e-03, drift=8.668356e-02
epoch 32/60: loss=1.067943e-03, drift=8.309467e-02
epoch 33/60: loss=1.085957e-03, drift=8.410683e-02
epoch 34/60: loss=1.039432e-03, drift=8.207065e-02
epoch 35/60: loss=1.130473e-03, drift=8.581592e-02
epoch 36/60: loss=1.136105e-03, drift=8.612043e-02
epoch 37/60: loss=1.045380e-03, drift=8.253125e-02
epoch 38/60: loss=1.020679e-03, drift=8.162454e-02
epoch 39/60: loss=1.112573e-03, drift=8.484982e-02
epoch 40/60: loss=1.093681e-03, drift=8.419073e-02
epoch 41/60: loss=1.066337e-03, drift=8.293651e-02
epoch 42/60: loss=1.000783e-03, drift=8.038451e-02
epoch 43/60: loss=1.070020e-03, drift=8.327863e-02
epoch 44/60: loss=1.121540e-03, drift=8.536634e-02
epoch 45/60: loss=1.061381e-03, drift=8.280485e-02
epoch 46/60: loss=1.094932e-03, drift=8.437106e-02
epoch 47/60: loss=1.066621e-03, drift=8.316171e-02
epoch 48/60: loss=1.086552e-03, drift=8.380293e-02
epoch 49/60: loss=1.100341e-03, drift=8.419422e-02
epoch 50/60: loss=1.093904e-03, drift=8.404971e-02
epoch 51/60: loss=1.060680e-03, drift=8.280543e-02
epoch 52/60: loss=1.092756e-03, drift=8.422563e-02
epoch 53/60: loss=1.052250e-03, drift=8.230160e-02
epoch 54/60: loss=1.029405e-03, drift=8.188001e-02
epoch 55/60: loss=1.041892e-03, drift=8.211010e-02
epoch 56/60: loss=1.044463e-03, drift=8.180522e-02
epoch 57/60: loss=1.061319e-03, drift=8.303826e-02
epoch 58/60: loss=1.016865e-03, drift=8.145252e-02
epoch 59/60: loss=1.089208e-03, drift=8.385729e-02
epoch 60/60: loss=9.886316e-04, drift=7.980492e-02
{
  "checkpoint": "/home/entropy/GitHub/conditional_drifting_models/weights/channel_implants/awgn/awgn7_drifting_direct_product_euclidean_cond0p5_targ1_cbwauto_tbwauto_k32_radauto_mix0p5_rawplusresidual_ac0_at0_ak16_emb0_seed7.pt",
  "summary": "/home/entropy/GitHub/conditional_drifting_models/weights/channel_implants/awgn/awgn7_drifting_direct_product_euclidean_cond0p5_targ1_cbwauto_tbwauto_k32_radauto_mix0p5_rawplusresidual_ac0_at0_ak16_emb0_seed7.json"
}
