epoch 1/60: loss=8.719306e-03, drift=2.099258e-01
epoch 2/60: loss=2.905551e-03, drift=1.354432e-01
epoch 3/60: loss=2.805684e-03, drift=1.330619e-01
epoch 4/60: loss=2.765609e-03, drift=1.321315e-01
epoch 5/60: loss=2.705924e-03, drift=1.305444e-01
epoch 6/60: loss=2.662072e-03, drift=1.293570e-01
epoch 7/60: loss=2.659546e-03, drift=1.291827e-01
epoch 8/60: loss=2.689507e-03, drift=1.299898e-01
epoch 9/60: loss=2.608196e-03, drift=1.278000e-01
epoch 10/60: loss=2.613540e-03, drift=1.278962e-01
epoch 11/60: loss=2.605536e-03, drift=1.277905e-01
epoch 12/60: loss=2.635796e-03, drift=1.283349e-01
epoch 13/60: loss=2.630017e-03, drift=1.282213e-01
epoch 14/60: loss=2.576633e-03, drift=1.268102e-01
epoch 15/60: loss=2.574809e-03, drift=1.267415e-01
epoch 16/60: loss=2.541931e-03, drift=1.258944e-01
epoch 17/60: loss=2.573588e-03, drift=1.267233e-01
epoch 18/60: loss=2.524477e-03, drift=1.253057e-01
epoch 19/60: loss=2.657058e-03, drift=1.287643e-01
epoch 20/60: loss=2.591483e-03, drift=1.270144e-01
epoch 21/60: loss=2.617717e-03, drift=1.277518e-01
epoch 22/60: loss=2.624737e-03, drift=1.279757e-01
epoch 23/60: loss=2.577624e-03, drift=1.266587e-01
epoch 24/60: loss=2.558006e-03, drift=1.263002e-01
epoch 25/60: loss=2.567765e-03, drift=1.266913e-01
epoch 26/60: loss=2.580446e-03, drift=1.270016e-01
epoch 27/60: loss=2.663129e-03, drift=1.290012e-01
epoch 28/60: loss=2.607810e-03, drift=1.275106e-01
epoch 29/60: loss=2.619711e-03, drift=1.278307e-01
epoch 30/60: loss=2.623581e-03, drift=1.278565e-01
epoch 31/60: loss=2.634104e-03, drift=1.283250e-01
epoch 32/60: loss=2.666880e-03, drift=1.289565e-01
epoch 33/60: loss=2.655438e-03, drift=1.287354e-01
epoch 34/60: loss=2.665388e-03, drift=1.289707e-01
epoch 35/60: loss=2.628922e-03, drift=1.282161e-01
epoch 36/60: loss=2.670432e-03, drift=1.291851e-01
epoch 37/60: loss=2.654645e-03, drift=1.288128e-01
epoch 38/60: loss=2.654246e-03, drift=1.286997e-01
epoch 39/60: loss=2.690637e-03, drift=1.295227e-01
epoch 40/60: loss=2.637865e-03, drift=1.282210e-01
epoch 41/60: loss=2.707613e-03, drift=1.300368e-01
epoch 42/60: loss=2.657191e-03, drift=1.288133e-01
epoch 43/60: loss=2.676161e-03, drift=1.292424e-01
epoch 44/60: loss=2.749327e-03, drift=1.311055e-01
epoch 45/60: loss=2.663666e-03, drift=1.290368e-01
epoch 46/60: loss=2.715707e-03, drift=1.303398e-01
epoch 47/60: loss=2.692680e-03, drift=1.297121e-01
epoch 48/60: loss=2.695857e-03, drift=1.298546e-01
epoch 49/60: loss=2.714913e-03, drift=1.301289e-01
epoch 50/60: loss=2.742534e-03, drift=1.308448e-01
epoch 51/60: loss=2.691785e-03, drift=1.296736e-01
epoch 52/60: loss=2.718381e-03, drift=1.302155e-01
epoch 53/60: loss=2.722663e-03, drift=1.303425e-01
epoch 54/60: loss=2.688505e-03, drift=1.295058e-01
epoch 55/60: loss=2.704731e-03, drift=1.300584e-01
epoch 56/60: loss=2.711943e-03, drift=1.303122e-01
epoch 57/60: loss=2.709107e-03, drift=1.300825e-01
epoch 58/60: loss=2.732688e-03, drift=1.306930e-01
epoch 59/60: loss=2.760217e-03, drift=1.310366e-01
epoch 60/60: loss=2.683837e-03, drift=1.295504e-01
{
  "checkpoint": "/home/entropy/GitHub/conditional_drifting_models/weights/channel_implants/awgn/awgn7_drifting_direct_product_whitened_cond0p5_targ1_cbwauto_tbwauto_k32_radauto_mix0p5_raw_ac1_at1_ak8_emb0_seed7.pt",
  "summary": "/home/entropy/GitHub/conditional_drifting_models/weights/channel_implants/awgn/awgn7_drifting_direct_product_whitened_cond0p5_targ1_cbwauto_tbwauto_k32_radauto_mix0p5_raw_ac1_at1_ak8_emb0_seed7.json"
}
