epoch 1/60: loss=2.302702e-03, drift=1.210028e-01
epoch 2/60: loss=2.178055e-03, drift=1.174546e-01
epoch 3/60: loss=2.135672e-03, drift=1.165897e-01
epoch 4/60: loss=2.170180e-03, drift=1.173548e-01
epoch 5/60: loss=2.094489e-03, drift=1.155049e-01
epoch 6/60: loss=2.067240e-03, drift=1.145932e-01
epoch 7/60: loss=2.092113e-03, drift=1.152323e-01
epoch 8/60: loss=2.164486e-03, drift=1.173465e-01
epoch 9/60: loss=2.063725e-03, drift=1.144802e-01
epoch 10/60: loss=2.114525e-03, drift=1.158934e-01
epoch 11/60: loss=2.102287e-03, drift=1.155644e-01
epoch 12/60: loss=2.041499e-03, drift=1.136954e-01
epoch 13/60: loss=2.070304e-03, drift=1.145932e-01
epoch 14/60: loss=2.039854e-03, drift=1.137692e-01
epoch 15/60: loss=2.073381e-03, drift=1.147052e-01
epoch 16/60: loss=2.057450e-03, drift=1.143885e-01
epoch 17/60: loss=2.014486e-03, drift=1.129894e-01
epoch 18/60: loss=2.073339e-03, drift=1.146622e-01
epoch 19/60: loss=2.077050e-03, drift=1.147930e-01
epoch 20/60: loss=2.114111e-03, drift=1.158668e-01
epoch 21/60: loss=2.117071e-03, drift=1.158200e-01
epoch 22/60: loss=2.073759e-03, drift=1.148367e-01
epoch 23/60: loss=2.074898e-03, drift=1.148591e-01
epoch 24/60: loss=2.037451e-03, drift=1.136905e-01
epoch 25/60: loss=2.011406e-03, drift=1.130075e-01
epoch 26/60: loss=2.111458e-03, drift=1.158702e-01
epoch 27/60: loss=2.027248e-03, drift=1.133238e-01
epoch 28/60: loss=2.052973e-03, drift=1.141334e-01
epoch 29/60: loss=2.026631e-03, drift=1.133890e-01
epoch 30/60: loss=2.054404e-03, drift=1.140691e-01
epoch 31/60: loss=2.079927e-03, drift=1.150877e-01
epoch 32/60: loss=2.044236e-03, drift=1.139276e-01
epoch 33/60: loss=2.036537e-03, drift=1.135734e-01
epoch 34/60: loss=2.047220e-03, drift=1.139203e-01
epoch 35/60: loss=2.098202e-03, drift=1.155333e-01
epoch 36/60: loss=2.063435e-03, drift=1.144729e-01
epoch 37/60: loss=2.054031e-03, drift=1.142794e-01
epoch 38/60: loss=2.061675e-03, drift=1.144787e-01
epoch 39/60: loss=2.033284e-03, drift=1.135922e-01
epoch 40/60: loss=2.024612e-03, drift=1.133098e-01
epoch 41/60: loss=2.062433e-03, drift=1.144489e-01
epoch 42/60: loss=1.999127e-03, drift=1.125269e-01
epoch 43/60: loss=2.030637e-03, drift=1.135304e-01
epoch 44/60: loss=2.098748e-03, drift=1.155972e-01
epoch 45/60: loss=1.994053e-03, drift=1.124174e-01
epoch 46/60: loss=2.058976e-03, drift=1.142419e-01
epoch 47/60: loss=2.025333e-03, drift=1.132186e-01
epoch 48/60: loss=2.052639e-03, drift=1.143188e-01
epoch 49/60: loss=2.072835e-03, drift=1.147188e-01
epoch 50/60: loss=2.064651e-03, drift=1.144957e-01
epoch 51/60: loss=2.024257e-03, drift=1.132701e-01
epoch 52/60: loss=2.059697e-03, drift=1.141815e-01
epoch 53/60: loss=2.072291e-03, drift=1.147534e-01
epoch 54/60: loss=2.017786e-03, drift=1.132240e-01
epoch 55/60: loss=2.077933e-03, drift=1.151156e-01
epoch 56/60: loss=2.019744e-03, drift=1.132214e-01
epoch 57/60: loss=2.000222e-03, drift=1.127627e-01
epoch 58/60: loss=2.024351e-03, drift=1.132658e-01
epoch 59/60: loss=2.024255e-03, drift=1.130888e-01
epoch 60/60: loss=1.988474e-03, drift=1.122551e-01
{
  "checkpoint": "/home/entropy/GitHub/conditional_drifting_models/weights/channel_implants/awgn/awgn7_drifting_residual_product_whitened_cond0p25_targ1_cbwauto_tbwauto_k32_radauto_mix0p5_raw_ac1_at1_ak8_emb8_seed7.pt",
  "summary": "/home/entropy/GitHub/conditional_drifting_models/weights/channel_implants/awgn/awgn7_drifting_residual_product_whitened_cond0p25_targ1_cbwauto_tbwauto_k32_radauto_mix0p5_raw_ac1_at1_ak8_emb8_seed7.json"
}
