epoch 1/60: loss=1.220612e-03, drift=8.864036e-02
epoch 2/60: loss=1.301771e-03, drift=9.207591e-02
epoch 3/60: loss=1.257601e-03, drift=9.059466e-02
epoch 4/60: loss=1.262834e-03, drift=9.055711e-02
epoch 5/60: loss=1.235831e-03, drift=8.991664e-02
epoch 6/60: loss=1.184773e-03, drift=8.820924e-02
epoch 7/60: loss=1.208710e-03, drift=8.843949e-02
epoch 8/60: loss=1.281850e-03, drift=9.123819e-02
epoch 9/60: loss=1.183781e-03, drift=8.771544e-02
epoch 10/60: loss=1.202209e-03, drift=8.840374e-02
epoch 11/60: loss=1.239357e-03, drift=9.025479e-02
epoch 12/60: loss=1.168267e-03, drift=8.715189e-02
epoch 13/60: loss=1.173924e-03, drift=8.748278e-02
epoch 14/60: loss=1.128240e-03, drift=8.583718e-02
epoch 15/60: loss=1.203360e-03, drift=8.835039e-02
epoch 16/60: loss=1.176022e-03, drift=8.730579e-02
epoch 17/60: loss=1.106954e-03, drift=8.514739e-02
epoch 18/60: loss=1.151833e-03, drift=8.666118e-02
epoch 19/60: loss=1.212393e-03, drift=8.903955e-02
epoch 20/60: loss=1.237836e-03, drift=8.977232e-02
epoch 21/60: loss=1.210321e-03, drift=8.857662e-02
epoch 22/60: loss=1.164080e-03, drift=8.696483e-02
epoch 23/60: loss=1.188605e-03, drift=8.808048e-02
epoch 24/60: loss=1.179917e-03, drift=8.768460e-02
epoch 25/60: loss=1.170382e-03, drift=8.730856e-02
epoch 26/60: loss=1.234078e-03, drift=8.987734e-02
epoch 27/60: loss=1.169347e-03, drift=8.746390e-02
epoch 28/60: loss=1.136089e-03, drift=8.618785e-02
epoch 29/60: loss=1.152599e-03, drift=8.666752e-02
epoch 30/60: loss=1.106994e-03, drift=8.486297e-02
epoch 31/60: loss=1.195291e-03, drift=8.836430e-02
epoch 32/60: loss=1.139788e-03, drift=8.636100e-02
epoch 33/60: loss=1.198826e-03, drift=8.853564e-02
epoch 34/60: loss=1.130277e-03, drift=8.565123e-02
epoch 35/60: loss=1.232029e-03, drift=8.948974e-02
epoch 36/60: loss=1.191807e-03, drift=8.779015e-02
epoch 37/60: loss=1.139326e-03, drift=8.625106e-02
epoch 38/60: loss=1.127994e-03, drift=8.569870e-02
epoch 39/60: loss=1.132731e-03, drift=8.620978e-02
epoch 40/60: loss=1.130672e-03, drift=8.603002e-02
epoch 41/60: loss=1.114264e-03, drift=8.518338e-02
epoch 42/60: loss=1.083592e-03, drift=8.396883e-02
epoch 43/60: loss=1.122389e-03, drift=8.537967e-02
epoch 44/60: loss=1.236107e-03, drift=9.023864e-02
epoch 45/60: loss=1.147190e-03, drift=8.627047e-02
epoch 46/60: loss=1.226520e-03, drift=8.917110e-02
epoch 47/60: loss=1.111951e-03, drift=8.514603e-02
epoch 48/60: loss=1.192617e-03, drift=8.831716e-02
epoch 49/60: loss=1.183847e-03, drift=8.773204e-02
epoch 50/60: loss=1.206631e-03, drift=8.848802e-02
epoch 51/60: loss=1.184335e-03, drift=8.767956e-02
epoch 52/60: loss=1.132292e-03, drift=8.565778e-02
epoch 53/60: loss=1.198511e-03, drift=8.852278e-02
epoch 54/60: loss=1.142929e-03, drift=8.628318e-02
epoch 55/60: loss=1.176884e-03, drift=8.802813e-02
epoch 56/60: loss=1.096883e-03, drift=8.482442e-02
epoch 57/60: loss=1.130781e-03, drift=8.609110e-02
epoch 58/60: loss=1.115048e-03, drift=8.526338e-02
epoch 59/60: loss=1.138614e-03, drift=8.648920e-02
epoch 60/60: loss=1.096824e-03, drift=8.476797e-02
{
  "checkpoint": "/home/entropy/GitHub/conditional_drifting_models/weights/channel_implants/awgn/awgn7_drifting_residual_product_euclidean_cond0p25_targ1_cbwauto_tbwauto_k32_radauto_mix0p5_raw_ac0_at0_ak16_emb0_seed7.pt",
  "summary": "/home/entropy/GitHub/conditional_drifting_models/weights/channel_implants/awgn/awgn7_drifting_residual_product_euclidean_cond0p25_targ1_cbwauto_tbwauto_k32_radauto_mix0p5_raw_ac0_at0_ak16_emb0_seed7.json"
}
