epoch 1/60: loss=2.543536e-03, drift=1.220024e-01
epoch 2/60: loss=1.374365e-03, drift=9.461631e-02
epoch 3/60: loss=1.411793e-03, drift=9.623650e-02
epoch 4/60: loss=1.326844e-03, drift=9.302642e-02
epoch 5/60: loss=1.373046e-03, drift=9.462839e-02
epoch 6/60: loss=1.241362e-03, drift=8.930590e-02
epoch 7/60: loss=1.277746e-03, drift=9.096272e-02
epoch 8/60: loss=1.361078e-03, drift=9.422693e-02
epoch 9/60: loss=1.208629e-03, drift=8.846143e-02
epoch 10/60: loss=1.243518e-03, drift=8.967995e-02
epoch 11/60: loss=1.221230e-03, drift=8.936270e-02
epoch 12/60: loss=1.242368e-03, drift=9.000032e-02
epoch 13/60: loss=1.293129e-03, drift=9.137509e-02
epoch 14/60: loss=1.144684e-03, drift=8.658594e-02
epoch 15/60: loss=1.237571e-03, drift=9.018753e-02
epoch 16/60: loss=1.161781e-03, drift=8.645110e-02
epoch 17/60: loss=1.159232e-03, drift=8.700892e-02
epoch 18/60: loss=1.081151e-03, drift=8.346229e-02
epoch 19/60: loss=1.266918e-03, drift=9.070701e-02
epoch 20/60: loss=1.151484e-03, drift=8.661566e-02
epoch 21/60: loss=1.183950e-03, drift=8.762852e-02
epoch 22/60: loss=1.108609e-03, drift=8.497433e-02
epoch 23/60: loss=1.121972e-03, drift=8.562926e-02
epoch 24/60: loss=1.125188e-03, drift=8.572111e-02
epoch 25/60: loss=1.107118e-03, drift=8.497784e-02
epoch 26/60: loss=1.111224e-03, drift=8.495422e-02
epoch 27/60: loss=1.104446e-03, drift=8.462627e-02
epoch 28/60: loss=1.082922e-03, drift=8.390145e-02
epoch 29/60: loss=1.032062e-03, drift=8.183431e-02
epoch 30/60: loss=1.077570e-03, drift=8.382260e-02
epoch 31/60: loss=1.135560e-03, drift=8.592321e-02
epoch 32/60: loss=1.041936e-03, drift=8.201443e-02
epoch 33/60: loss=1.061544e-03, drift=8.302660e-02
epoch 34/60: loss=1.025733e-03, drift=8.146966e-02
epoch 35/60: loss=1.100630e-03, drift=8.461634e-02
epoch 36/60: loss=1.110473e-03, drift=8.517015e-02
epoch 37/60: loss=1.011719e-03, drift=8.105949e-02
epoch 38/60: loss=1.021544e-03, drift=8.160019e-02
epoch 39/60: loss=1.103601e-03, drift=8.444208e-02
epoch 40/60: loss=1.080286e-03, drift=8.360348e-02
epoch 41/60: loss=1.057749e-03, drift=8.252366e-02
epoch 42/60: loss=9.787577e-04, drift=7.941769e-02
epoch 43/60: loss=1.070994e-03, drift=8.325354e-02
epoch 44/60: loss=1.119888e-03, drift=8.531991e-02
epoch 45/60: loss=1.063779e-03, drift=8.288670e-02
epoch 46/60: loss=1.104618e-03, drift=8.463585e-02
epoch 47/60: loss=1.075804e-03, drift=8.339327e-02
epoch 48/60: loss=1.077478e-03, drift=8.337342e-02
epoch 49/60: loss=1.100473e-03, drift=8.411868e-02
epoch 50/60: loss=1.093722e-03, drift=8.406227e-02
epoch 51/60: loss=1.065622e-03, drift=8.302251e-02
epoch 52/60: loss=1.089930e-03, drift=8.399937e-02
epoch 53/60: loss=1.064065e-03, drift=8.269210e-02
epoch 54/60: loss=1.037972e-03, drift=8.213434e-02
epoch 55/60: loss=1.048067e-03, drift=8.229321e-02
epoch 56/60: loss=1.066437e-03, drift=8.270050e-02
epoch 57/60: loss=1.082573e-03, drift=8.383601e-02
epoch 58/60: loss=1.036650e-03, drift=8.228969e-02
epoch 59/60: loss=1.093977e-03, drift=8.396854e-02
epoch 60/60: loss=1.001148e-03, drift=8.028782e-02
{
  "checkpoint": "/home/entropy/GitHub/conditional_drifting_models/weights/channel_implants/awgn/awgn7_drifting_direct_product_euclidean_cond0p5_targ1_cbwauto_tbwauto_k32_radauto_mix0p5_raw_ac0_at0_ak16_emb0_seed7.pt",
  "summary": "/home/entropy/GitHub/conditional_drifting_models/weights/channel_implants/awgn/awgn7_drifting_direct_product_euclidean_cond0p5_targ1_cbwauto_tbwauto_k32_radauto_mix0p5_raw_ac0_at0_ak16_emb0_seed7.json"
}
