epoch 1/60: loss=2.038498e-02, drift=3.619264e-01
epoch 2/60: loss=3.121174e-02, drift=4.503984e-01
epoch 3/60: loss=3.168947e-02, drift=4.539019e-01
epoch 4/60: loss=3.264365e-02, drift=4.608182e-01
epoch 5/60: loss=3.267767e-02, drift=4.616937e-01
epoch 6/60: loss=3.273297e-02, drift=4.616508e-01
epoch 7/60: loss=3.298536e-02, drift=4.633496e-01
epoch 8/60: loss=3.276487e-02, drift=4.623468e-01
epoch 9/60: loss=3.275101e-02, drift=4.614142e-01
epoch 10/60: loss=3.259012e-02, drift=4.604684e-01
epoch 11/60: loss=3.261595e-02, drift=4.613892e-01
epoch 12/60: loss=3.314783e-02, drift=4.649097e-01
epoch 13/60: loss=3.385726e-02, drift=4.698481e-01
epoch 14/60: loss=3.321488e-02, drift=4.655178e-01
epoch 15/60: loss=3.256841e-02, drift=4.610972e-01
epoch 16/60: loss=3.259665e-02, drift=4.606743e-01
epoch 17/60: loss=3.281975e-02, drift=4.622896e-01
epoch 18/60: loss=3.309299e-02, drift=4.638661e-01
epoch 19/60: loss=3.236380e-02, drift=4.595330e-01
epoch 20/60: loss=3.273240e-02, drift=4.615621e-01
epoch 21/60: loss=3.267922e-02, drift=4.615046e-01
epoch 22/60: loss=3.232599e-02, drift=4.589205e-01
epoch 23/60: loss=3.369034e-02, drift=4.683462e-01
epoch 24/60: loss=3.250016e-02, drift=4.603310e-01
epoch 25/60: loss=3.218138e-02, drift=4.576509e-01
epoch 26/60: loss=3.358832e-02, drift=4.679598e-01
epoch 27/60: loss=3.228220e-02, drift=4.585798e-01
epoch 28/60: loss=3.232731e-02, drift=4.589501e-01
epoch 29/60: loss=3.294697e-02, drift=4.635027e-01
epoch 30/60: loss=3.237625e-02, drift=4.596225e-01
epoch 31/60: loss=3.404103e-02, drift=4.708742e-01
epoch 32/60: loss=3.390623e-02, drift=4.698821e-01
epoch 33/60: loss=3.321241e-02, drift=4.647565e-01
epoch 34/60: loss=3.237576e-02, drift=4.597344e-01
epoch 35/60: loss=3.305592e-02, drift=4.636743e-01
epoch 36/60: loss=3.297672e-02, drift=4.633780e-01
epoch 37/60: loss=3.254733e-02, drift=4.602813e-01
epoch 38/60: loss=3.240923e-02, drift=4.593661e-01
epoch 39/60: loss=3.205771e-02, drift=4.569740e-01
epoch 40/60: loss=3.327398e-02, drift=4.658336e-01
epoch 41/60: loss=3.299013e-02, drift=4.638055e-01
epoch 42/60: loss=3.341741e-02, drift=4.658428e-01
epoch 43/60: loss=3.280179e-02, drift=4.625465e-01
epoch 44/60: loss=3.390443e-02, drift=4.698742e-01
epoch 45/60: loss=3.363407e-02, drift=4.685216e-01
epoch 46/60: loss=3.321176e-02, drift=4.655733e-01
epoch 47/60: loss=3.309674e-02, drift=4.647293e-01
epoch 48/60: loss=3.316280e-02, drift=4.647658e-01
epoch 49/60: loss=3.362025e-02, drift=4.682358e-01
epoch 50/60: loss=3.241309e-02, drift=4.594218e-01
epoch 51/60: loss=3.205248e-02, drift=4.570097e-01
epoch 52/60: loss=3.184199e-02, drift=4.556669e-01
epoch 53/60: loss=3.378373e-02, drift=4.694054e-01
epoch 54/60: loss=3.381438e-02, drift=4.697915e-01
epoch 55/60: loss=3.230459e-02, drift=4.588258e-01
epoch 56/60: loss=3.511828e-02, drift=4.785557e-01
epoch 57/60: loss=3.165206e-02, drift=4.538134e-01
epoch 58/60: loss=3.347073e-02, drift=4.664778e-01
epoch 59/60: loss=3.283468e-02, drift=4.621522e-01
epoch 60/60: loss=3.289123e-02, drift=4.630566e-01
{
  "checkpoint": "/home/entropy/GitHub/conditional_drifting_models/weights/channel_implants/awgn/awgn7_drifting_residual_soft_local_euclidean_cond0p25_targ1_cbwauto_tbwauto_k16_radauto_mix0p5_raw_ac0_at0_ak16_emb0_seed7.pt",
  "summary": "/home/entropy/GitHub/conditional_drifting_models/weights/channel_implants/awgn/awgn7_drifting_residual_soft_local_euclidean_cond0p25_targ1_cbwauto_tbwauto_k16_radauto_mix0p5_raw_ac0_at0_ak16_emb0_seed7.json"
}
