epoch 1/60: loss=1.187042e-03, drift=8.759932e-02
epoch 2/60: loss=1.253404e-03, drift=9.053985e-02
epoch 3/60: loss=1.222473e-03, drift=8.921003e-02
epoch 4/60: loss=1.208631e-03, drift=8.847016e-02
epoch 5/60: loss=1.166908e-03, drift=8.720472e-02
epoch 6/60: loss=1.117827e-03, drift=8.542654e-02
epoch 7/60: loss=1.155216e-03, drift=8.668811e-02
epoch 8/60: loss=1.289911e-03, drift=9.154539e-02
epoch 9/60: loss=1.142409e-03, drift=8.612606e-02
epoch 10/60: loss=1.135099e-03, drift=8.621272e-02
epoch 11/60: loss=1.195453e-03, drift=8.851826e-02
epoch 12/60: loss=1.093155e-03, drift=8.423679e-02
epoch 13/60: loss=1.120175e-03, drift=8.548480e-02
epoch 14/60: loss=1.062864e-03, drift=8.356879e-02
epoch 15/60: loss=1.127264e-03, drift=8.587273e-02
epoch 16/60: loss=1.098990e-03, drift=8.438735e-02
epoch 17/60: loss=1.096767e-03, drift=8.491222e-02
epoch 18/60: loss=1.099859e-03, drift=8.477880e-02
epoch 19/60: loss=1.117828e-03, drift=8.513121e-02
epoch 20/60: loss=1.133414e-03, drift=8.604402e-02
epoch 21/60: loss=1.153499e-03, drift=8.687507e-02
epoch 22/60: loss=1.113434e-03, drift=8.518604e-02
epoch 23/60: loss=1.174263e-03, drift=8.750147e-02
epoch 24/60: loss=1.116724e-03, drift=8.550608e-02
epoch 25/60: loss=1.138868e-03, drift=8.636552e-02
epoch 26/60: loss=1.183723e-03, drift=8.776421e-02
epoch 27/60: loss=1.095295e-03, drift=8.472289e-02
epoch 28/60: loss=1.127873e-03, drift=8.591685e-02
epoch 29/60: loss=1.075973e-03, drift=8.379220e-02
epoch 30/60: loss=1.082467e-03, drift=8.394070e-02
epoch 31/60: loss=1.114189e-03, drift=8.515551e-02
epoch 32/60: loss=1.077780e-03, drift=8.415733e-02
epoch 33/60: loss=1.111235e-03, drift=8.495394e-02
epoch 34/60: loss=1.109713e-03, drift=8.503027e-02
epoch 35/60: loss=1.133468e-03, drift=8.592953e-02
epoch 36/60: loss=1.097052e-03, drift=8.435277e-02
epoch 37/60: loss=1.082667e-03, drift=8.414470e-02
epoch 38/60: loss=1.098314e-03, drift=8.460119e-02
epoch 39/60: loss=1.076813e-03, drift=8.400003e-02
epoch 40/60: loss=1.079846e-03, drift=8.396541e-02
epoch 41/60: loss=1.086844e-03, drift=8.415151e-02
epoch 42/60: loss=1.065745e-03, drift=8.330854e-02
epoch 43/60: loss=1.109475e-03, drift=8.520714e-02
epoch 44/60: loss=1.115414e-03, drift=8.565130e-02
epoch 45/60: loss=1.089237e-03, drift=8.407332e-02
epoch 46/60: loss=1.129641e-03, drift=8.566161e-02
epoch 47/60: loss=1.027770e-03, drift=8.192222e-02
epoch 48/60: loss=1.118886e-03, drift=8.586910e-02
epoch 49/60: loss=1.158494e-03, drift=8.677261e-02
epoch 50/60: loss=1.190567e-03, drift=8.805965e-02
epoch 51/60: loss=1.115946e-03, drift=8.504114e-02
epoch 52/60: loss=1.104876e-03, drift=8.477405e-02
epoch 53/60: loss=1.159359e-03, drift=8.685962e-02
epoch 54/60: loss=1.043684e-03, drift=8.228901e-02
epoch 55/60: loss=1.173397e-03, drift=8.767988e-02
epoch 56/60: loss=1.105550e-03, drift=8.503382e-02
epoch 57/60: loss=1.055438e-03, drift=8.306451e-02
epoch 58/60: loss=1.081330e-03, drift=8.342101e-02
epoch 59/60: loss=1.075964e-03, drift=8.332286e-02
epoch 60/60: loss=1.053497e-03, drift=8.277936e-02
{
  "checkpoint": "/home/entropy/GitHub/conditional_drifting_models/weights/channel_implants/awgn/awgn7_drifting_residual_none_euclidean_cond0_targ1_cbwauto_tbwauto_k32_radauto_mix0p5_raw_ac0_at0_ak16_emb0_seed7.pt",
  "summary": "/home/entropy/GitHub/conditional_drifting_models/weights/channel_implants/awgn/awgn7_drifting_residual_none_euclidean_cond0_targ1_cbwauto_tbwauto_k32_radauto_mix0p5_raw_ac0_at0_ak16_emb0_seed7.json"
}
