epoch 1/60: loss=3.617983e-03, drift=1.515013e-01
epoch 2/60: loss=3.330522e-03, drift=1.467335e-01
epoch 3/60: loss=2.772463e-03, drift=1.332435e-01
epoch 4/60: loss=2.266581e-03, drift=1.202764e-01
epoch 5/60: loss=1.663508e-03, drift=1.036035e-01
epoch 6/60: loss=1.321389e-03, drift=9.189884e-02
epoch 7/60: loss=1.084403e-03, drift=8.363152e-02
epoch 8/60: loss=1.083193e-03, drift=8.396476e-02
epoch 9/60: loss=9.256578e-04, drift=7.758383e-02
epoch 10/60: loss=9.041618e-04, drift=7.637236e-02
epoch 11/60: loss=8.787890e-04, drift=7.568243e-02
epoch 12/60: loss=8.636849e-04, drift=7.507458e-02
epoch 13/60: loss=9.050477e-04, drift=7.686190e-02
epoch 14/60: loss=8.149488e-04, drift=7.341969e-02
epoch 15/60: loss=8.445587e-04, drift=7.420935e-02
epoch 16/60: loss=8.489162e-04, drift=7.435413e-02
epoch 17/60: loss=8.496931e-04, drift=7.460187e-02
epoch 18/60: loss=7.926361e-04, drift=7.165313e-02
epoch 19/60: loss=9.456791e-04, drift=7.846607e-02
epoch 20/60: loss=8.597213e-04, drift=7.493048e-02
epoch 21/60: loss=8.719175e-04, drift=7.544918e-02
epoch 22/60: loss=8.556946e-04, drift=7.477343e-02
epoch 23/60: loss=8.330711e-04, drift=7.396368e-02
epoch 24/60: loss=8.197013e-04, drift=7.338486e-02
epoch 25/60: loss=8.028308e-04, drift=7.257014e-02
epoch 26/60: loss=8.237355e-04, drift=7.326585e-02
epoch 27/60: loss=8.327087e-04, drift=7.397139e-02
epoch 28/60: loss=8.598971e-04, drift=7.524536e-02
epoch 29/60: loss=7.599974e-04, drift=7.034539e-02
epoch 30/60: loss=8.055168e-04, drift=7.284909e-02
epoch 31/60: loss=8.705718e-04, drift=7.541736e-02
epoch 32/60: loss=8.073493e-04, drift=7.252468e-02
epoch 33/60: loss=7.812723e-04, drift=7.150009e-02
epoch 34/60: loss=8.194520e-04, drift=7.302844e-02
epoch 35/60: loss=8.065001e-04, drift=7.241552e-02
epoch 36/60: loss=8.351636e-04, drift=7.399512e-02
epoch 37/60: loss=8.018030e-04, drift=7.247402e-02
epoch 38/60: loss=8.009070e-04, drift=7.258421e-02
epoch 39/60: loss=8.085130e-04, drift=7.236467e-02
epoch 40/60: loss=8.307347e-04, drift=7.373066e-02
epoch 41/60: loss=7.750704e-04, drift=7.058902e-02
epoch 42/60: loss=7.441596e-04, drift=6.986993e-02
epoch 43/60: loss=8.039107e-04, drift=7.233586e-02
epoch 44/60: loss=8.452373e-04, drift=7.424882e-02
epoch 45/60: loss=8.169924e-04, drift=7.293478e-02
epoch 46/60: loss=8.207358e-04, drift=7.288658e-02
epoch 47/60: loss=7.978453e-04, drift=7.228234e-02
epoch 48/60: loss=8.035332e-04, drift=7.217762e-02
epoch 49/60: loss=7.964310e-04, drift=7.176756e-02
epoch 50/60: loss=8.088759e-04, drift=7.296564e-02
epoch 51/60: loss=8.037235e-04, drift=7.267506e-02
epoch 52/60: loss=8.297319e-04, drift=7.380768e-02
epoch 53/60: loss=7.890941e-04, drift=7.172334e-02
epoch 54/60: loss=7.470842e-04, drift=6.976818e-02
epoch 55/60: loss=7.724163e-04, drift=7.085464e-02
epoch 56/60: loss=7.882871e-04, drift=7.160503e-02
epoch 57/60: loss=7.514911e-04, drift=7.028708e-02
epoch 58/60: loss=7.886075e-04, drift=7.163076e-02
epoch 59/60: loss=8.066115e-04, drift=7.240158e-02
epoch 60/60: loss=7.288116e-04, drift=6.893517e-02
{
  "checkpoint": "/home/entropy/GitHub/conditional_drifting_models/weights/channel_implants/awgn/awgn7_drifting_direct_none_euclidean_cond0_targ1_cbwauto_tbwauto_k32_radauto_mix0p5_raw_ac0_at0_ak16_emb0_seed7.pt",
  "summary": "/home/entropy/GitHub/conditional_drifting_models/weights/channel_implants/awgn/awgn7_drifting_direct_none_euclidean_cond0_targ1_cbwauto_tbwauto_k32_radauto_mix0p5_raw_ac0_at0_ak16_emb0_seed7.json"
}
