epoch 1/60: loss=1.178879e-03, drift=8.751990e-02
epoch 2/60: loss=1.275367e-03, drift=9.104700e-02
epoch 3/60: loss=1.228858e-03, drift=8.974992e-02
epoch 4/60: loss=1.227250e-03, drift=8.924516e-02
epoch 5/60: loss=1.195205e-03, drift=8.840849e-02
epoch 6/60: loss=1.163442e-03, drift=8.729834e-02
epoch 7/60: loss=1.182427e-03, drift=8.749754e-02
epoch 8/60: loss=1.243700e-03, drift=8.978007e-02
epoch 9/60: loss=1.143298e-03, drift=8.620251e-02
epoch 10/60: loss=1.146971e-03, drift=8.647337e-02
epoch 11/60: loss=1.207798e-03, drift=8.913402e-02
epoch 12/60: loss=1.122695e-03, drift=8.540954e-02
epoch 13/60: loss=1.143591e-03, drift=8.627586e-02
epoch 14/60: loss=1.084007e-03, drift=8.413896e-02
epoch 15/60: loss=1.156094e-03, drift=8.671763e-02
epoch 16/60: loss=1.137571e-03, drift=8.578352e-02
epoch 17/60: loss=1.069429e-03, drift=8.382167e-02
epoch 18/60: loss=1.117692e-03, drift=8.551132e-02
epoch 19/60: loss=1.181638e-03, drift=8.813226e-02
epoch 20/60: loss=1.201333e-03, drift=8.854059e-02
epoch 21/60: loss=1.166736e-03, drift=8.706493e-02
epoch 22/60: loss=1.119862e-03, drift=8.523507e-02
epoch 23/60: loss=1.152927e-03, drift=8.671826e-02
epoch 24/60: loss=1.139778e-03, drift=8.606338e-02
epoch 25/60: loss=1.136255e-03, drift=8.604922e-02
epoch 26/60: loss=1.190639e-03, drift=8.834854e-02
epoch 27/60: loss=1.134376e-03, drift=8.618115e-02
epoch 28/60: loss=1.086532e-03, drift=8.433277e-02
epoch 29/60: loss=1.106039e-03, drift=8.490289e-02
epoch 30/60: loss=1.071832e-03, drift=8.354469e-02
epoch 31/60: loss=1.168220e-03, drift=8.743123e-02
epoch 32/60: loss=1.105192e-03, drift=8.505574e-02
epoch 33/60: loss=1.161838e-03, drift=8.714050e-02
epoch 34/60: loss=1.101636e-03, drift=8.466910e-02
epoch 35/60: loss=1.190018e-03, drift=8.803950e-02
epoch 36/60: loss=1.154039e-03, drift=8.640740e-02
epoch 37/60: loss=1.096776e-03, drift=8.468146e-02
epoch 38/60: loss=1.085913e-03, drift=8.410339e-02
epoch 39/60: loss=1.088245e-03, drift=8.445110e-02
epoch 40/60: loss=1.101610e-03, drift=8.492504e-02
epoch 41/60: loss=1.081767e-03, drift=8.390778e-02
epoch 42/60: loss=1.043802e-03, drift=8.244954e-02
epoch 43/60: loss=1.082440e-03, drift=8.378440e-02
epoch 44/60: loss=1.191217e-03, drift=8.866373e-02
epoch 45/60: loss=1.102883e-03, drift=8.456199e-02
epoch 46/60: loss=1.184887e-03, drift=8.754299e-02
epoch 47/60: loss=1.060921e-03, drift=8.324545e-02
epoch 48/60: loss=1.154594e-03, drift=8.695983e-02
epoch 49/60: loss=1.128471e-03, drift=8.552724e-02
epoch 50/60: loss=1.164396e-03, drift=8.675411e-02
epoch 51/60: loss=1.145322e-03, drift=8.614326e-02
epoch 52/60: loss=1.095089e-03, drift=8.436796e-02
epoch 53/60: loss=1.159480e-03, drift=8.697896e-02
epoch 54/60: loss=1.099647e-03, drift=8.457902e-02
epoch 55/60: loss=1.135241e-03, drift=8.658293e-02
epoch 56/60: loss=1.054236e-03, drift=8.327634e-02
epoch 57/60: loss=1.088131e-03, drift=8.435468e-02
epoch 58/60: loss=1.084308e-03, drift=8.406786e-02
epoch 59/60: loss=1.104122e-03, drift=8.507306e-02
epoch 60/60: loss=1.059599e-03, drift=8.330318e-02
{
  "checkpoint": "/home/entropy/GitHub/conditional_drifting_models/weights/channel_implants/awgn/awgn7_drifting_residual_joint_euclidean_cond0p25_targ1_cbwauto_tbwauto_k32_radauto_mix0p5_raw_ac0_at0_ak16_emb0_seed7.pt",
  "summary": "/home/entropy/GitHub/conditional_drifting_models/weights/channel_implants/awgn/awgn7_drifting_residual_joint_euclidean_cond0p25_targ1_cbwauto_tbwauto_k32_radauto_mix0p5_raw_ac0_at0_ak16_emb0_seed7.json"
}
