epoch 1/60: loss=2.156746e-03, drift=1.177637e-01
epoch 2/60: loss=1.381840e-03, drift=9.497256e-02
epoch 3/60: loss=1.185595e-03, drift=8.819654e-02
epoch 4/60: loss=1.067195e-03, drift=8.366816e-02
epoch 5/60: loss=1.007850e-03, drift=8.103253e-02
epoch 6/60: loss=9.337730e-04, drift=7.738850e-02
epoch 7/60: loss=9.384150e-04, drift=7.795649e-02
epoch 8/60: loss=1.025705e-03, drift=8.186239e-02
epoch 9/60: loss=9.089173e-04, drift=7.671515e-02
epoch 10/60: loss=9.086532e-04, drift=7.646813e-02
epoch 11/60: loss=8.800480e-04, drift=7.580744e-02
epoch 12/60: loss=8.867086e-04, drift=7.588681e-02
epoch 13/60: loss=9.277948e-04, drift=7.775621e-02
epoch 14/60: loss=8.164738e-04, drift=7.345695e-02
epoch 15/60: loss=8.606951e-04, drift=7.489927e-02
epoch 16/60: loss=8.620495e-04, drift=7.494194e-02
epoch 17/60: loss=8.449125e-04, drift=7.440556e-02
epoch 18/60: loss=7.841999e-04, drift=7.116934e-02
epoch 19/60: loss=9.396158e-04, drift=7.824434e-02
epoch 20/60: loss=8.733457e-04, drift=7.551415e-02
epoch 21/60: loss=8.795877e-04, drift=7.572647e-02
epoch 22/60: loss=8.490343e-04, drift=7.447276e-02
epoch 23/60: loss=8.275648e-04, drift=7.369907e-02
epoch 24/60: loss=8.289698e-04, drift=7.375916e-02
epoch 25/60: loss=8.093822e-04, drift=7.289588e-02
epoch 26/60: loss=8.338367e-04, drift=7.380362e-02
epoch 27/60: loss=8.422774e-04, drift=7.448654e-02
epoch 28/60: loss=8.727598e-04, drift=7.571253e-02
epoch 29/60: loss=7.666918e-04, drift=7.073908e-02
epoch 30/60: loss=8.007676e-04, drift=7.269679e-02
epoch 31/60: loss=8.752048e-04, drift=7.565725e-02
epoch 32/60: loss=8.152736e-04, drift=7.283888e-02
epoch 33/60: loss=7.819084e-04, drift=7.155680e-02
epoch 34/60: loss=8.216674e-04, drift=7.311840e-02
epoch 35/60: loss=8.130919e-04, drift=7.263212e-02
epoch 36/60: loss=8.402233e-04, drift=7.421545e-02
epoch 37/60: loss=8.080858e-04, drift=7.278657e-02
epoch 38/60: loss=7.980250e-04, drift=7.241964e-02
epoch 39/60: loss=8.107207e-04, drift=7.244577e-02
epoch 40/60: loss=8.328268e-04, drift=7.377405e-02
epoch 41/60: loss=7.889156e-04, drift=7.125229e-02
epoch 42/60: loss=7.453340e-04, drift=6.999472e-02
epoch 43/60: loss=8.006458e-04, drift=7.216619e-02
epoch 44/60: loss=8.579940e-04, drift=7.491345e-02
epoch 45/60: loss=8.141920e-04, drift=7.283663e-02
epoch 46/60: loss=8.240155e-04, drift=7.310169e-02
epoch 47/60: loss=8.020116e-04, drift=7.250531e-02
epoch 48/60: loss=7.949248e-04, drift=7.181195e-02
epoch 49/60: loss=8.046126e-04, drift=7.218368e-02
epoch 50/60: loss=8.049124e-04, drift=7.276151e-02
epoch 51/60: loss=8.070405e-04, drift=7.271613e-02
epoch 52/60: loss=8.291732e-04, drift=7.374942e-02
epoch 53/60: loss=7.898154e-04, drift=7.174070e-02
epoch 54/60: loss=7.436326e-04, drift=6.961799e-02
epoch 55/60: loss=7.732953e-04, drift=7.093675e-02
epoch 56/60: loss=7.798416e-04, drift=7.124257e-02
epoch 57/60: loss=7.552931e-04, drift=7.051765e-02
epoch 58/60: loss=7.848831e-04, drift=7.152714e-02
epoch 59/60: loss=8.081650e-04, drift=7.248831e-02
epoch 60/60: loss=7.263400e-04, drift=6.877385e-02
{
  "checkpoint": "/home/entropy/GitHub/conditional_drifting_models/weights/channel_implants/awgn/awgn7_drifting_direct_joint_euclidean_cond0p5_targ1_cbwauto_tbwauto_k32_radauto_mix0p5_raw_ac0_at0_ak16_emb0_seed7.pt",
  "summary": "/home/entropy/GitHub/conditional_drifting_models/weights/channel_implants/awgn/awgn7_drifting_direct_joint_euclidean_cond0p5_targ1_cbwauto_tbwauto_k32_radauto_mix0p5_raw_ac0_at0_ak16_emb0_seed7.json"
}
