epoch 1/60: loss=2.296037e-02, drift=3.828234e-01
epoch 2/60: loss=3.215413e-02, drift=4.570457e-01
epoch 3/60: loss=3.144680e-02, drift=4.522022e-01
epoch 4/60: loss=3.140099e-02, drift=4.520059e-01
epoch 5/60: loss=3.106754e-02, drift=4.500388e-01
epoch 6/60: loss=3.174790e-02, drift=4.551667e-01
epoch 7/60: loss=3.199742e-02, drift=4.568765e-01
epoch 8/60: loss=3.197525e-02, drift=4.563314e-01
epoch 9/60: loss=3.174330e-02, drift=4.547032e-01
epoch 10/60: loss=3.240148e-02, drift=4.592696e-01
epoch 11/60: loss=3.155052e-02, drift=4.533655e-01
epoch 12/60: loss=3.246934e-02, drift=4.596023e-01
epoch 13/60: loss=3.258328e-02, drift=4.605863e-01
epoch 14/60: loss=3.126362e-02, drift=4.512054e-01
epoch 15/60: loss=3.175368e-02, drift=4.550237e-01
epoch 16/60: loss=3.293258e-02, drift=4.630978e-01
epoch 17/60: loss=3.334177e-02, drift=4.663148e-01
epoch 18/60: loss=3.170383e-02, drift=4.542877e-01
epoch 19/60: loss=3.247396e-02, drift=4.600349e-01
epoch 20/60: loss=3.241397e-02, drift=4.593807e-01
epoch 21/60: loss=3.164605e-02, drift=4.541694e-01
epoch 22/60: loss=3.173540e-02, drift=4.550720e-01
epoch 23/60: loss=3.223784e-02, drift=4.581635e-01
epoch 24/60: loss=3.116769e-02, drift=4.510640e-01
epoch 25/60: loss=3.133998e-02, drift=4.523372e-01
epoch 26/60: loss=3.212393e-02, drift=4.571818e-01
epoch 27/60: loss=3.255892e-02, drift=4.603321e-01
epoch 28/60: loss=3.207590e-02, drift=4.573740e-01
epoch 29/60: loss=3.283884e-02, drift=4.630466e-01
epoch 30/60: loss=3.190739e-02, drift=4.554978e-01
epoch 31/60: loss=3.255460e-02, drift=4.609033e-01
epoch 32/60: loss=3.237595e-02, drift=4.594037e-01
epoch 33/60: loss=3.274366e-02, drift=4.620096e-01
epoch 34/60: loss=3.139546e-02, drift=4.523973e-01
epoch 35/60: loss=3.220984e-02, drift=4.580876e-01
epoch 36/60: loss=3.281128e-02, drift=4.615517e-01
epoch 37/60: loss=3.196214e-02, drift=4.569337e-01
epoch 38/60: loss=3.256918e-02, drift=4.598644e-01
epoch 39/60: loss=3.240502e-02, drift=4.597393e-01
epoch 40/60: loss=3.226001e-02, drift=4.586788e-01
epoch 41/60: loss=3.196107e-02, drift=4.561457e-01
epoch 42/60: loss=3.240806e-02, drift=4.597636e-01
epoch 43/60: loss=3.131170e-02, drift=4.519385e-01
epoch 44/60: loss=3.119437e-02, drift=4.508977e-01
epoch 45/60: loss=3.291509e-02, drift=4.635309e-01
epoch 46/60: loss=3.158280e-02, drift=4.533635e-01
epoch 47/60: loss=3.140395e-02, drift=4.522556e-01
epoch 48/60: loss=3.201132e-02, drift=4.568919e-01
epoch 49/60: loss=3.196087e-02, drift=4.566597e-01
epoch 50/60: loss=3.139075e-02, drift=4.521750e-01
epoch 51/60: loss=3.141712e-02, drift=4.524871e-01
epoch 52/60: loss=3.162416e-02, drift=4.543975e-01
epoch 53/60: loss=3.242808e-02, drift=4.591351e-01
epoch 54/60: loss=3.247279e-02, drift=4.602723e-01
epoch 55/60: loss=3.249697e-02, drift=4.604632e-01
epoch 56/60: loss=3.197189e-02, drift=4.561669e-01
epoch 57/60: loss=3.283608e-02, drift=4.625273e-01
epoch 58/60: loss=3.294371e-02, drift=4.631782e-01
epoch 59/60: loss=3.173530e-02, drift=4.547810e-01
epoch 60/60: loss=3.163812e-02, drift=4.535090e-01
{
  "checkpoint": "/home/entropy/GitHub/conditional_drifting_models/weights/channel_implants/awgn/awgn7_drifting_residual_local_euclidean_cond0p25_targ1_cbwauto_tbwauto_k16_radauto_mix0p5_raw_ac0_at0_ak16_emb0_seed7.pt",
  "summary": "/home/entropy/GitHub/conditional_drifting_models/weights/channel_implants/awgn/awgn7_drifting_residual_local_euclidean_cond0p25_targ1_cbwauto_tbwauto_k16_radauto_mix0p5_raw_ac0_at0_ak16_emb0_seed7.json"
}
