epoch 1/60: loss=1.192569e-03, drift=8.768393e-02
epoch 2/60: loss=1.266458e-03, drift=9.075976e-02
epoch 3/60: loss=1.227510e-03, drift=8.958002e-02
epoch 4/60: loss=1.217978e-03, drift=8.889754e-02
epoch 5/60: loss=1.197890e-03, drift=8.853923e-02
epoch 6/60: loss=1.153402e-03, drift=8.696576e-02
epoch 7/60: loss=1.179266e-03, drift=8.742479e-02
epoch 8/60: loss=1.247483e-03, drift=8.999446e-02
epoch 9/60: loss=1.148716e-03, drift=8.639055e-02
epoch 10/60: loss=1.159617e-03, drift=8.683167e-02
epoch 11/60: loss=1.212049e-03, drift=8.924168e-02
epoch 12/60: loss=1.131778e-03, drift=8.573997e-02
epoch 13/60: loss=1.141174e-03, drift=8.625686e-02
epoch 14/60: loss=1.089800e-03, drift=8.439368e-02
epoch 15/60: loss=1.159561e-03, drift=8.676857e-02
epoch 16/60: loss=1.138390e-03, drift=8.587452e-02
epoch 17/60: loss=1.066023e-03, drift=8.359499e-02
epoch 18/60: loss=1.115160e-03, drift=8.529388e-02
epoch 19/60: loss=1.170630e-03, drift=8.755177e-02
epoch 20/60: loss=1.202153e-03, drift=8.848368e-02
epoch 21/60: loss=1.168776e-03, drift=8.708111e-02
epoch 22/60: loss=1.121561e-03, drift=8.529342e-02
epoch 23/60: loss=1.153027e-03, drift=8.669898e-02
epoch 24/60: loss=1.142610e-03, drift=8.625716e-02
epoch 25/60: loss=1.136136e-03, drift=8.612890e-02
epoch 26/60: loss=1.198139e-03, drift=8.858981e-02
epoch 27/60: loss=1.133383e-03, drift=8.618294e-02
epoch 28/60: loss=1.094932e-03, drift=8.463172e-02
epoch 29/60: loss=1.116068e-03, drift=8.526488e-02
epoch 30/60: loss=1.071709e-03, drift=8.350568e-02
epoch 31/60: loss=1.153879e-03, drift=8.682305e-02
epoch 32/60: loss=1.101026e-03, drift=8.488244e-02
epoch 33/60: loss=1.161005e-03, drift=8.713886e-02
epoch 34/60: loss=1.095324e-03, drift=8.430401e-02
epoch 35/60: loss=1.192197e-03, drift=8.807807e-02
epoch 36/60: loss=1.149874e-03, drift=8.626595e-02
epoch 37/60: loss=1.098952e-03, drift=8.475299e-02
epoch 38/60: loss=1.093591e-03, drift=8.440495e-02
epoch 39/60: loss=1.094947e-03, drift=8.474665e-02
epoch 40/60: loss=1.098936e-03, drift=8.485532e-02
epoch 41/60: loss=1.079439e-03, drift=8.381873e-02
epoch 42/60: loss=1.046766e-03, drift=8.250909e-02
epoch 43/60: loss=1.081133e-03, drift=8.376827e-02
epoch 44/60: loss=1.196873e-03, drift=8.884964e-02
epoch 45/60: loss=1.112787e-03, drift=8.497688e-02
epoch 46/60: loss=1.187821e-03, drift=8.770574e-02
epoch 47/60: loss=1.070183e-03, drift=8.356918e-02
epoch 48/60: loss=1.157380e-03, drift=8.707082e-02
epoch 49/60: loss=1.139748e-03, drift=8.605617e-02
epoch 50/60: loss=1.167653e-03, drift=8.696086e-02
epoch 51/60: loss=1.148642e-03, drift=8.628239e-02
epoch 52/60: loss=1.096395e-03, drift=8.433879e-02
epoch 53/60: loss=1.159943e-03, drift=8.700938e-02
epoch 54/60: loss=1.103032e-03, drift=8.475221e-02
epoch 55/60: loss=1.147382e-03, drift=8.697654e-02
epoch 56/60: loss=1.062529e-03, drift=8.350191e-02
epoch 57/60: loss=1.091455e-03, drift=8.454267e-02
epoch 58/60: loss=1.088019e-03, drift=8.421539e-02
epoch 59/60: loss=1.103178e-03, drift=8.507734e-02
epoch 60/60: loss=1.060777e-03, drift=8.335894e-02
{
  "checkpoint": "/home/entropy/GitHub/conditional_drifting_models/weights/channel_implants/awgn/awgn7_drifting_residual_mixture_euclidean_cond0p25_targ1_cbwauto_tbwauto_k32_radauto_mix0p3_raw_ac0_at0_ak16_emb0_seed7.pt",
  "summary": "/home/entropy/GitHub/conditional_drifting_models/weights/channel_implants/awgn/awgn7_drifting_residual_mixture_euclidean_cond0p25_targ1_cbwauto_tbwauto_k32_radauto_mix0p3_raw_ac0_at0_ak16_emb0_seed7.json"
}
