epoch 1/60: loss=2.009275e-03, drift=1.127577e-01
epoch 2/60: loss=1.280251e-03, drift=9.133114e-02
epoch 3/60: loss=1.195365e-03, drift=8.861139e-02
epoch 4/60: loss=1.103071e-03, drift=8.503818e-02
epoch 5/60: loss=1.076834e-03, drift=8.382466e-02
epoch 6/60: loss=9.879463e-04, drift=7.963533e-02
epoch 7/60: loss=1.003353e-03, drift=8.055025e-02
epoch 8/60: loss=1.093766e-03, drift=8.457656e-02
epoch 9/60: loss=9.507336e-04, drift=7.850764e-02
epoch 10/60: loss=9.706607e-04, drift=7.904989e-02
epoch 11/60: loss=9.387602e-04, drift=7.845628e-02
epoch 12/60: loss=9.446695e-04, drift=7.836148e-02
epoch 13/60: loss=9.883357e-04, drift=8.016805e-02
epoch 14/60: loss=8.768086e-04, drift=7.606492e-02
epoch 15/60: loss=9.214981e-04, drift=7.763593e-02
epoch 16/60: loss=9.148627e-04, drift=7.708286e-02
epoch 17/60: loss=8.835336e-04, drift=7.609151e-02
epoch 18/60: loss=8.274948e-04, drift=7.307257e-02
epoch 19/60: loss=9.898024e-04, drift=8.036485e-02
epoch 20/60: loss=9.199071e-04, drift=7.743710e-02
epoch 21/60: loss=9.217089e-04, drift=7.741600e-02
epoch 22/60: loss=8.783392e-04, drift=7.581464e-02
epoch 23/60: loss=8.654567e-04, drift=7.532079e-02
epoch 24/60: loss=8.783251e-04, drift=7.590655e-02
epoch 25/60: loss=8.710022e-04, drift=7.555571e-02
epoch 26/60: loss=8.875774e-04, drift=7.615767e-02
epoch 27/60: loss=9.003359e-04, drift=7.689380e-02
epoch 28/60: loss=9.167865e-04, drift=7.733275e-02
epoch 29/60: loss=8.212842e-04, drift=7.317844e-02
epoch 30/60: loss=8.600413e-04, drift=7.518078e-02
epoch 31/60: loss=9.264624e-04, drift=7.783979e-02
epoch 32/60: loss=8.590056e-04, drift=7.458698e-02
epoch 33/60: loss=8.239197e-04, drift=7.329945e-02
epoch 34/60: loss=8.621193e-04, drift=7.494538e-02
epoch 35/60: loss=8.525105e-04, drift=7.453122e-02
epoch 36/60: loss=8.859810e-04, drift=7.620416e-02
epoch 37/60: loss=8.372480e-04, drift=7.395385e-02
epoch 38/60: loss=8.411278e-04, drift=7.422521e-02
epoch 39/60: loss=8.618176e-04, drift=7.462597e-02
epoch 40/60: loss=8.635169e-04, drift=7.500148e-02
epoch 41/60: loss=8.396975e-04, drift=7.344253e-02
epoch 42/60: loss=7.561504e-04, drift=7.031288e-02
epoch 43/60: loss=8.325956e-04, drift=7.350567e-02
epoch 44/60: loss=8.877655e-04, drift=7.607768e-02
epoch 45/60: loss=8.486926e-04, drift=7.418140e-02
epoch 46/60: loss=8.634624e-04, drift=7.489047e-02
epoch 47/60: loss=8.415255e-04, drift=7.401626e-02
epoch 48/60: loss=8.268540e-04, drift=7.316639e-02
epoch 49/60: loss=8.561867e-04, drift=7.436373e-02
epoch 50/60: loss=8.389812e-04, drift=7.401307e-02
epoch 51/60: loss=8.443605e-04, drift=7.414731e-02
epoch 52/60: loss=8.640730e-04, drift=7.508684e-02
epoch 53/60: loss=8.237526e-04, drift=7.307859e-02
epoch 54/60: loss=7.773860e-04, drift=7.118855e-02
epoch 55/60: loss=8.008599e-04, drift=7.203961e-02
epoch 56/60: loss=8.306678e-04, drift=7.335710e-02
epoch 57/60: loss=7.932520e-04, drift=7.197699e-02
epoch 58/60: loss=8.233969e-04, drift=7.319796e-02
epoch 59/60: loss=8.288844e-04, drift=7.341445e-02
epoch 60/60: loss=7.729762e-04, drift=7.087482e-02
{
  "checkpoint": "/home/entropy/GitHub/conditional_drifting_models/weights/channel_implants/awgn/awgn7_drifting_direct_mixture_euclidean_cond0p5_targ1_cbwauto_tbwauto_k32_radauto_mix0p5_raw_ac0_at0_ak16_emb0_seed7.pt",
  "summary": "/home/entropy/GitHub/conditional_drifting_models/weights/channel_implants/awgn/awgn7_drifting_direct_mixture_euclidean_cond0p5_targ1_cbwauto_tbwauto_k32_radauto_mix0p5_raw_ac0_at0_ak16_emb0_seed7.json"
}
