epoch 1/160: loss=5.087506e-02, drift=2.493742e-01
epoch 2/160: loss=4.917581e-02, drift=2.306976e-01
epoch 3/160: loss=4.801019e-02, drift=2.225819e-01
epoch 4/160: loss=4.689449e-02, drift=2.190044e-01
epoch 5/160: loss=4.603346e-02, drift=2.164325e-01
epoch 6/160: loss=4.556617e-02, drift=2.155810e-01
epoch 7/160: loss=4.555051e-02, drift=2.148418e-01
epoch 8/160: loss=4.474642e-02, drift=2.124953e-01
epoch 9/160: loss=4.467563e-02, drift=2.130521e-01
epoch 10/160: loss=4.442072e-02, drift=2.122793e-01
epoch 11/160: loss=4.489908e-02, drift=2.124430e-01
epoch 12/160: loss=4.518562e-02, drift=2.128480e-01
epoch 13/160: loss=4.440150e-02, drift=2.115577e-01
epoch 14/160: loss=4.418701e-02, drift=2.106549e-01
epoch 15/160: loss=4.468364e-02, drift=2.114068e-01
epoch 16/160: loss=4.422241e-02, drift=2.110531e-01
epoch 17/160: loss=4.454351e-02, drift=2.115111e-01
epoch 18/160: loss=4.437124e-02, drift=2.113819e-01
epoch 19/160: loss=4.447420e-02, drift=2.109844e-01
epoch 20/160: loss=4.432290e-02, drift=2.108647e-01
epoch 21/160: loss=4.441518e-02, drift=2.107231e-01
epoch 22/160: loss=4.435473e-02, drift=2.108403e-01
epoch 23/160: loss=4.403448e-02, drift=2.103204e-01
epoch 24/160: loss=4.427007e-02, drift=2.105701e-01
epoch 25/160: loss=4.412650e-02, drift=2.100366e-01
epoch 26/160: loss=4.462704e-02, drift=2.107657e-01
epoch 27/160: loss=4.447186e-02, drift=2.107496e-01
epoch 28/160: loss=4.458273e-02, drift=2.104113e-01
epoch 29/160: loss=4.438193e-02, drift=2.103168e-01
epoch 30/160: loss=4.426393e-02, drift=2.103155e-01
epoch 31/160: loss=4.405216e-02, drift=2.098613e-01
epoch 32/160: loss=4.410328e-02, drift=2.096230e-01
epoch 33/160: loss=4.416489e-02, drift=2.101997e-01
epoch 34/160: loss=4.445334e-02, drift=2.096616e-01
epoch 35/160: loss=4.418533e-02, drift=2.099859e-01
epoch 36/160: loss=4.451121e-02, drift=2.102109e-01
epoch 37/160: loss=4.424071e-02, drift=2.099084e-01
epoch 38/160: loss=4.492279e-02, drift=2.114182e-01
epoch 39/160: loss=4.467797e-02, drift=2.105760e-01
epoch 40/160: loss=4.451328e-02, drift=2.099230e-01
epoch 41/160: loss=4.390500e-02, drift=2.093267e-01
epoch 42/160: loss=4.447981e-02, drift=2.099930e-01
epoch 43/160: loss=4.467833e-02, drift=2.103402e-01
epoch 44/160: loss=4.432217e-02, drift=2.097665e-01
epoch 45/160: loss=4.451314e-02, drift=2.100970e-01
epoch 46/160: loss=4.478015e-02, drift=2.105225e-01
epoch 47/160: loss=4.469736e-02, drift=2.104111e-01
epoch 48/160: loss=4.481856e-02, drift=2.107482e-01
epoch 49/160: loss=4.403761e-02, drift=2.095302e-01
epoch 50/160: loss=4.454868e-02, drift=2.099336e-01
epoch 51/160: loss=4.437830e-02, drift=2.099267e-01
epoch 52/160: loss=4.468680e-02, drift=2.101740e-01
epoch 53/160: loss=4.463869e-02, drift=2.100874e-01
epoch 54/160: loss=4.446145e-02, drift=2.095205e-01
epoch 55/160: loss=4.406036e-02, drift=2.095624e-01
epoch 56/160: loss=4.419035e-02, drift=2.093838e-01
epoch 57/160: loss=4.497875e-02, drift=2.107649e-01
epoch 58/160: loss=4.452758e-02, drift=2.095156e-01
epoch 59/160: loss=4.442317e-02, drift=2.090540e-01
epoch 60/160: loss=4.428088e-02, drift=2.089487e-01
epoch 61/160: loss=4.475075e-02, drift=2.098726e-01
epoch 62/160: loss=4.436579e-02, drift=2.093319e-01
epoch 63/160: loss=4.478639e-02, drift=2.098929e-01
epoch 64/160: loss=4.458434e-02, drift=2.094668e-01
epoch 65/160: loss=4.474988e-02, drift=2.097960e-01
epoch 66/160: loss=4.505219e-02, drift=2.105140e-01
epoch 67/160: loss=4.415417e-02, drift=2.091862e-01
epoch 68/160: loss=4.466368e-02, drift=2.096010e-01
epoch 69/160: loss=4.410668e-02, drift=2.090944e-01
epoch 70/160: loss=4.436328e-02, drift=2.091677e-01
epoch 71/160: loss=4.496511e-02, drift=2.101086e-01
epoch 72/160: loss=4.491666e-02, drift=2.099908e-01
epoch 73/160: loss=4.450400e-02, drift=2.095246e-01
epoch 74/160: loss=4.439517e-02, drift=2.088641e-01
epoch 75/160: loss=4.424878e-02, drift=2.090857e-01
epoch 76/160: loss=4.497632e-02, drift=2.096454e-01
epoch 77/160: loss=4.431124e-02, drift=2.088227e-01
epoch 78/160: loss=4.397951e-02, drift=2.082670e-01
epoch 79/160: loss=4.436187e-02, drift=2.092186e-01
epoch 80/160: loss=4.462143e-02, drift=2.095416e-01
epoch 81/160: loss=4.435528e-02, drift=2.093292e-01
epoch 82/160: loss=4.488150e-02, drift=2.097765e-01
epoch 83/160: loss=4.427368e-02, drift=2.093356e-01
epoch 84/160: loss=4.430378e-02, drift=2.091113e-01
epoch 85/160: loss=4.438651e-02, drift=2.091444e-01
epoch 86/160: loss=4.419628e-02, drift=2.087740e-01
epoch 87/160: loss=4.474460e-02, drift=2.097971e-01
epoch 88/160: loss=4.474949e-02, drift=2.097972e-01
epoch 89/160: loss=4.467867e-02, drift=2.095890e-01
epoch 90/160: loss=4.465057e-02, drift=2.092089e-01
epoch 91/160: loss=4.450777e-02, drift=2.094910e-01
epoch 92/160: loss=4.454663e-02, drift=2.093496e-01
epoch 93/160: loss=4.465248e-02, drift=2.092673e-01
epoch 94/160: loss=4.479266e-02, drift=2.098880e-01
epoch 95/160: loss=4.451142e-02, drift=2.089416e-01
epoch 96/160: loss=4.433893e-02, drift=2.086598e-01
epoch 97/160: loss=4.443895e-02, drift=2.088902e-01
epoch 98/160: loss=4.453472e-02, drift=2.086704e-01
epoch 99/160: loss=4.457295e-02, drift=2.092052e-01
epoch 100/160: loss=4.415517e-02, drift=2.084763e-01
epoch 101/160: loss=4.430396e-02, drift=2.088698e-01
epoch 102/160: loss=4.490501e-02, drift=2.099134e-01
epoch 103/160: loss=4.467330e-02, drift=2.095681e-01
epoch 104/160: loss=4.470577e-02, drift=2.090873e-01
epoch 105/160: loss=4.446477e-02, drift=2.096380e-01
epoch 106/160: loss=4.398190e-02, drift=2.082221e-01
epoch 107/160: loss=4.414368e-02, drift=2.086802e-01
epoch 108/160: loss=4.443748e-02, drift=2.089685e-01
epoch 109/160: loss=4.505401e-02, drift=2.095321e-01
epoch 110/160: loss=4.448166e-02, drift=2.088559e-01
epoch 111/160: loss=4.442737e-02, drift=2.090584e-01
epoch 112/160: loss=4.435510e-02, drift=2.088906e-01
epoch 113/160: loss=4.441681e-02, drift=2.087635e-01
epoch 114/160: loss=4.420744e-02, drift=2.085048e-01
epoch 115/160: loss=4.432050e-02, drift=2.091745e-01
epoch 116/160: loss=4.444937e-02, drift=2.089449e-01
epoch 117/160: loss=4.426353e-02, drift=2.085284e-01
epoch 118/160: loss=4.456497e-02, drift=2.087093e-01
epoch 119/160: loss=4.475307e-02, drift=2.095572e-01
epoch 120/160: loss=4.438874e-02, drift=2.088578e-01
epoch 121/160: loss=4.428588e-02, drift=2.087320e-01
epoch 122/160: loss=4.478839e-02, drift=2.092992e-01
epoch 123/160: loss=4.420442e-02, drift=2.087253e-01
epoch 124/160: loss=4.447433e-02, drift=2.085952e-01
epoch 125/160: loss=4.453521e-02, drift=2.088167e-01
epoch 126/160: loss=4.446771e-02, drift=2.087401e-01
epoch 127/160: loss=4.452285e-02, drift=2.089491e-01
epoch 128/160: loss=4.435182e-02, drift=2.086986e-01
epoch 129/160: loss=4.486434e-02, drift=2.092859e-01
epoch 130/160: loss=4.455514e-02, drift=2.088371e-01
epoch 131/160: loss=4.396755e-02, drift=2.078637e-01
epoch 132/160: loss=4.466039e-02, drift=2.092885e-01
epoch 133/160: loss=4.420668e-02, drift=2.088294e-01
epoch 134/160: loss=4.485306e-02, drift=2.091270e-01
epoch 135/160: loss=4.435747e-02, drift=2.084401e-01
epoch 136/160: loss=4.474299e-02, drift=2.092167e-01
epoch 137/160: loss=4.476332e-02, drift=2.088728e-01
epoch 138/160: loss=4.437901e-02, drift=2.089404e-01
epoch 139/160: loss=4.429741e-02, drift=2.081211e-01
epoch 140/160: loss=4.474525e-02, drift=2.087626e-01
epoch 141/160: loss=4.467322e-02, drift=2.085551e-01
epoch 142/160: loss=4.421800e-02, drift=2.080949e-01
epoch 143/160: loss=4.433278e-02, drift=2.082800e-01
epoch 144/160: loss=4.437164e-02, drift=2.080912e-01
epoch 145/160: loss=4.416573e-02, drift=2.083957e-01
epoch 146/160: loss=4.451371e-02, drift=2.085577e-01
epoch 147/160: loss=4.427905e-02, drift=2.084075e-01
epoch 148/160: loss=4.426940e-02, drift=2.084426e-01
epoch 149/160: loss=4.430635e-02, drift=2.086952e-01
epoch 150/160: loss=4.419046e-02, drift=2.084355e-01
epoch 151/160: loss=4.457377e-02, drift=2.087193e-01
epoch 152/160: loss=4.442334e-02, drift=2.082712e-01
epoch 153/160: loss=4.402989e-02, drift=2.079866e-01
epoch 154/160: loss=4.437504e-02, drift=2.083625e-01
epoch 155/160: loss=4.430706e-02, drift=2.083531e-01
epoch 156/160: loss=4.467495e-02, drift=2.086082e-01
epoch 157/160: loss=4.403162e-02, drift=2.081196e-01
epoch 158/160: loss=4.504211e-02, drift=2.089791e-01
epoch 159/160: loss=4.428336e-02, drift=2.081298e-01
epoch 160/160: loss=4.443563e-02, drift=2.083926e-01
{
  "checkpoint": "weights/channel_implants/optfib/optfib2_direct_product_whitened_cond0p5_adapt_fullbudget_seed7.pt",
  "summary": "weights/channel_implants/optfib/optfib2_direct_product_whitened_cond0p5_adapt_fullbudget_seed7.json"
}
