epoch 1/30: loss=2.344027e+00, train_ser=8.047950e-01, eval_ser=skipped
epoch 2/30: loss=2.185313e+00, train_ser=6.513740e-01, eval_ser=0.8329500404000282
epoch 3/30: loss=3.193885e+00, train_ser=7.542520e-01, eval_ser=skipped
epoch 4/30: loss=1.428694e+00, train_ser=5.101710e-01, eval_ser=0.5033800229430199
epoch 5/30: loss=1.185969e+00, train_ser=4.688820e-01, eval_ser=skipped
epoch 6/30: loss=1.028236e+00, train_ser=3.611730e-01, eval_ser=0.4762000240385532
epoch 7/30: loss=1.249717e+00, train_ser=4.765830e-01, eval_ser=skipped
epoch 8/30: loss=2.585851e+00, train_ser=6.034430e-01, eval_ser=0.608290029168129
epoch 9/30: loss=1.367327e+00, train_ser=5.389690e-01, eval_ser=skipped
epoch 10/30: loss=1.227753e+00, train_ser=4.753420e-01, eval_ser=0.4996300223469734
epoch 11/30: loss=1.278966e+00, train_ser=4.806400e-01, eval_ser=skipped
epoch 12/30: loss=1.314074e+00, train_ser=5.357910e-01, eval_ser=0.3393300162255764
epoch 13/30: loss=1.440977e+00, train_ser=4.978440e-01, eval_ser=skipped
epoch 14/30: loss=1.102894e+00, train_ser=3.871290e-01, eval_ser=0.5482700261473655
epoch 15/30: loss=9.136600e-01, train_ser=3.335710e-01, eval_ser=skipped
epoch 16/30: loss=1.244555e+00, train_ser=5.049030e-01, eval_ser=0.5957000279426574
epoch 17/30: loss=4.818443e+00, train_ser=7.541790e-01, eval_ser=skipped
epoch 18/30: loss=1.520835e+00, train_ser=5.729460e-01, eval_ser=0.4488600207865238
epoch 19/30: loss=1.246466e+00, train_ser=4.946980e-01, eval_ser=skipped
epoch 20/30: loss=1.114657e+00, train_ser=4.607500e-01, eval_ser=0.35766001641750333
epoch 21/30: loss=1.086841e+00, train_ser=4.732310e-01, eval_ser=skipped
epoch 22/30: loss=2.110656e+01, train_ser=7.371860e-01, eval_ser=0.8004600402712821
epoch 23/30: loss=8.325359e+00, train_ser=7.377970e-01, eval_ser=skipped
epoch 24/30: loss=1.391120e+00, train_ser=5.530410e-01, eval_ser=0.4019500191509724
epoch 25/30: loss=2.284986e+00, train_ser=6.797820e-01, eval_ser=skipped
epoch 26/30: loss=1.730015e+00, train_ser=6.223420e-01, eval_ser=0.49566002309322355
epoch 27/30: loss=2.317877e+00, train_ser=7.298260e-01, eval_ser=skipped
epoch 28/30: loss=1.833438e+00, train_ser=6.556410e-01, eval_ser=0.7014600309729576
epoch 29/30: loss=2.533369e+00, train_ser=7.193320e-01, eval_ser=skipped
epoch 30/30: loss=2.360333e+00, train_ser=7.043140e-01, eval_ser=0.8002100372314453
{
  "out_dir": "/home/entropy/GitHub/conditional_drifting_models/results/symbolic_optfib_fullbudget_20260324/analytic_to_analytic",
  "summary": "/home/entropy/GitHub/conditional_drifting_models/results/symbolic_optfib_fullbudget_20260324/analytic_to_analytic/summary.json"
}
