epoch 1/160: loss=4.525564e-03, drift=7.797221e-02
epoch 2/160: loss=4.935379e-03, drift=7.612659e-02
epoch 3/160: loss=4.935286e-03, drift=7.597165e-02
epoch 4/160: loss=4.719499e-03, drift=7.501961e-02
epoch 5/160: loss=4.414093e-03, drift=7.315173e-02
epoch 6/160: loss=4.547852e-03, drift=7.445804e-02
epoch 7/160: loss=4.538658e-03, drift=7.389855e-02
epoch 8/160: loss=4.539070e-03, drift=7.436943e-02
epoch 9/160: loss=4.429826e-03, drift=7.289361e-02
epoch 10/160: loss=4.641642e-03, drift=7.436644e-02
epoch 11/160: loss=4.572766e-03, drift=7.417545e-02
epoch 12/160: loss=4.735011e-03, drift=7.520225e-02
epoch 13/160: loss=4.526129e-03, drift=7.388048e-02
epoch 14/160: loss=4.542849e-03, drift=7.305868e-02
epoch 15/160: loss=4.930149e-03, drift=7.571791e-02
epoch 16/160: loss=5.054595e-03, drift=7.546958e-02
epoch 17/160: loss=4.848044e-03, drift=7.483762e-02
epoch 18/160: loss=4.963358e-03, drift=7.613734e-02
epoch 19/160: loss=4.787815e-03, drift=7.533084e-02
epoch 20/160: loss=4.865929e-03, drift=7.492433e-02
epoch 21/160: loss=4.954065e-03, drift=7.550326e-02
epoch 22/160: loss=4.864805e-03, drift=7.364160e-02
epoch 23/160: loss=5.108669e-03, drift=7.598994e-02
epoch 24/160: loss=4.946987e-03, drift=7.561407e-02
epoch 25/160: loss=4.991538e-03, drift=7.526112e-02
epoch 26/160: loss=4.934162e-03, drift=7.488135e-02
epoch 27/160: loss=4.827917e-03, drift=7.535118e-02
epoch 28/160: loss=4.835498e-03, drift=7.457620e-02
epoch 29/160: loss=5.021538e-03, drift=7.567686e-02
epoch 30/160: loss=5.001080e-03, drift=7.572588e-02
epoch 31/160: loss=5.134169e-03, drift=7.585359e-02
epoch 32/160: loss=5.154463e-03, drift=7.662900e-02
epoch 33/160: loss=5.007330e-03, drift=7.620602e-02
epoch 34/160: loss=4.855831e-03, drift=7.416725e-02
epoch 35/160: loss=5.046267e-03, drift=7.602324e-02
epoch 36/160: loss=4.899408e-03, drift=7.475632e-02
epoch 37/160: loss=4.874954e-03, drift=7.381569e-02
epoch 38/160: loss=5.073816e-03, drift=7.705414e-02
epoch 39/160: loss=4.897291e-03, drift=7.515763e-02
epoch 40/160: loss=4.897603e-03, drift=7.474591e-02
epoch 41/160: loss=4.702221e-03, drift=7.426190e-02
epoch 42/160: loss=4.645449e-03, drift=7.451640e-02
epoch 43/160: loss=4.792550e-03, drift=7.449334e-02
epoch 44/160: loss=4.884858e-03, drift=7.568296e-02
epoch 45/160: loss=4.809357e-03, drift=7.555113e-02
epoch 46/160: loss=4.697871e-03, drift=7.384517e-02
epoch 47/160: loss=4.868865e-03, drift=7.572997e-02
epoch 48/160: loss=4.804756e-03, drift=7.497581e-02
epoch 49/160: loss=4.979298e-03, drift=7.762611e-02
epoch 50/160: loss=4.821039e-03, drift=7.426565e-02
epoch 51/160: loss=4.479433e-03, drift=7.267009e-02
epoch 52/160: loss=4.487395e-03, drift=7.281138e-02
epoch 53/160: loss=4.671792e-03, drift=7.397844e-02
epoch 54/160: loss=4.547870e-03, drift=7.374452e-02
epoch 55/160: loss=4.429064e-03, drift=7.282378e-02
epoch 56/160: loss=4.655097e-03, drift=7.380605e-02
epoch 57/160: loss=4.739044e-03, drift=7.520367e-02
epoch 58/160: loss=4.574409e-03, drift=7.451710e-02
epoch 59/160: loss=4.613231e-03, drift=7.409461e-02
epoch 60/160: loss=4.569901e-03, drift=7.384711e-02
epoch 61/160: loss=4.541244e-03, drift=7.365843e-02
epoch 62/160: loss=4.506591e-03, drift=7.436968e-02
epoch 63/160: loss=4.545570e-03, drift=7.386045e-02
epoch 64/160: loss=4.634482e-03, drift=7.538860e-02
epoch 65/160: loss=4.426724e-03, drift=7.270794e-02
epoch 66/160: loss=4.657392e-03, drift=7.511107e-02
epoch 67/160: loss=4.651409e-03, drift=7.561953e-02
epoch 68/160: loss=4.575581e-03, drift=7.466286e-02
epoch 69/160: loss=4.546750e-03, drift=7.373086e-02
epoch 70/160: loss=4.594331e-03, drift=7.439566e-02
epoch 71/160: loss=4.626223e-03, drift=7.378179e-02
epoch 72/160: loss=4.638908e-03, drift=7.408198e-02
epoch 73/160: loss=4.321143e-03, drift=7.120984e-02
epoch 74/160: loss=4.711988e-03, drift=7.494038e-02
epoch 75/160: loss=4.624576e-03, drift=7.415701e-02
epoch 76/160: loss=4.563523e-03, drift=7.380857e-02
epoch 77/160: loss=4.466215e-03, drift=7.261249e-02
epoch 78/160: loss=4.553961e-03, drift=7.370594e-02
epoch 79/160: loss=4.534008e-03, drift=7.350612e-02
epoch 80/160: loss=4.406878e-03, drift=7.356139e-02
epoch 81/160: loss=4.528233e-03, drift=7.397095e-02
epoch 82/160: loss=4.421214e-03, drift=7.308786e-02
epoch 83/160: loss=4.629592e-03, drift=7.482639e-02
epoch 84/160: loss=4.462914e-03, drift=7.406485e-02
epoch 85/160: loss=4.502278e-03, drift=7.252087e-02
epoch 86/160: loss=4.677757e-03, drift=7.413059e-02
epoch 87/160: loss=4.419140e-03, drift=7.311777e-02
epoch 88/160: loss=4.365937e-03, drift=7.228160e-02
epoch 89/160: loss=4.417645e-03, drift=7.231463e-02
epoch 90/160: loss=4.446407e-03, drift=7.242628e-02
epoch 91/160: loss=4.524739e-03, drift=7.352116e-02
epoch 92/160: loss=4.491941e-03, drift=7.404075e-02
epoch 93/160: loss=4.435095e-03, drift=7.291629e-02
epoch 94/160: loss=4.518869e-03, drift=7.401350e-02
epoch 95/160: loss=4.401798e-03, drift=7.214276e-02
epoch 96/160: loss=4.530537e-03, drift=7.419477e-02
epoch 97/160: loss=4.478755e-03, drift=7.336647e-02
epoch 98/160: loss=4.332904e-03, drift=7.163904e-02
epoch 99/160: loss=4.434385e-03, drift=7.342480e-02
epoch 100/160: loss=4.594288e-03, drift=7.439774e-02
epoch 101/160: loss=4.423160e-03, drift=7.210392e-02
epoch 102/160: loss=4.622488e-03, drift=7.397488e-02
epoch 103/160: loss=4.672201e-03, drift=7.438339e-02
epoch 104/160: loss=4.609991e-03, drift=7.432213e-02
epoch 105/160: loss=4.522734e-03, drift=7.495234e-02
epoch 106/160: loss=4.594683e-03, drift=7.429143e-02
epoch 107/160: loss=4.562950e-03, drift=7.469392e-02
epoch 108/160: loss=4.657593e-03, drift=7.519227e-02
epoch 109/160: loss=4.769497e-03, drift=7.523889e-02
epoch 110/160: loss=4.528912e-03, drift=7.270115e-02
epoch 111/160: loss=4.724845e-03, drift=7.563376e-02
epoch 112/160: loss=4.399765e-03, drift=7.231990e-02
epoch 113/160: loss=4.490747e-03, drift=7.321575e-02
epoch 114/160: loss=4.529659e-03, drift=7.287304e-02
epoch 115/160: loss=4.453035e-03, drift=7.188228e-02
epoch 116/160: loss=4.474451e-03, drift=7.279893e-02
epoch 117/160: loss=4.540269e-03, drift=7.340738e-02
epoch 118/160: loss=4.536087e-03, drift=7.249839e-02
epoch 119/160: loss=4.488921e-03, drift=7.345583e-02
epoch 120/160: loss=4.462261e-03, drift=7.268950e-02
epoch 121/160: loss=4.606177e-03, drift=7.365250e-02
epoch 122/160: loss=4.556042e-03, drift=7.224224e-02
epoch 123/160: loss=4.638634e-03, drift=7.349611e-02
epoch 124/160: loss=4.426165e-03, drift=7.269021e-02
epoch 125/160: loss=4.518236e-03, drift=7.277257e-02
epoch 126/160: loss=4.577281e-03, drift=7.488639e-02
epoch 127/160: loss=4.470849e-03, drift=7.277278e-02
epoch 128/160: loss=4.344521e-03, drift=7.163820e-02
epoch 129/160: loss=4.527760e-03, drift=7.411885e-02
epoch 130/160: loss=4.475035e-03, drift=7.298786e-02
epoch 131/160: loss=4.598596e-03, drift=7.420942e-02
epoch 132/160: loss=4.581424e-03, drift=7.384628e-02
epoch 133/160: loss=4.381603e-03, drift=7.237843e-02
epoch 134/160: loss=4.332295e-03, drift=7.122582e-02
epoch 135/160: loss=4.538509e-03, drift=7.330154e-02
epoch 136/160: loss=4.576270e-03, drift=7.294739e-02
epoch 137/160: loss=4.574265e-03, drift=7.355122e-02
epoch 138/160: loss=4.432736e-03, drift=7.305422e-02
epoch 139/160: loss=4.487138e-03, drift=7.304824e-02
epoch 140/160: loss=4.492512e-03, drift=7.313874e-02
epoch 141/160: loss=4.581428e-03, drift=7.447615e-02
epoch 142/160: loss=4.427922e-03, drift=7.201876e-02
epoch 143/160: loss=4.392480e-03, drift=7.285301e-02
epoch 144/160: loss=4.343568e-03, drift=7.241810e-02
epoch 145/160: loss=4.459903e-03, drift=7.270872e-02
epoch 146/160: loss=4.374746e-03, drift=7.258005e-02
epoch 147/160: loss=4.506175e-03, drift=7.255470e-02
epoch 148/160: loss=4.405615e-03, drift=7.186136e-02
epoch 149/160: loss=4.672877e-03, drift=7.542753e-02
epoch 150/160: loss=4.447817e-03, drift=7.301309e-02
epoch 151/160: loss=4.627633e-03, drift=7.404481e-02
epoch 152/160: loss=4.667398e-03, drift=7.385891e-02
epoch 153/160: loss=4.715769e-03, drift=7.516751e-02
epoch 154/160: loss=4.724255e-03, drift=7.541652e-02
epoch 155/160: loss=4.485683e-03, drift=7.309535e-02
epoch 156/160: loss=4.635621e-03, drift=7.491967e-02
epoch 157/160: loss=4.432314e-03, drift=7.300869e-02
epoch 158/160: loss=4.457418e-03, drift=7.305330e-02
epoch 159/160: loss=4.415550e-03, drift=7.255361e-02
epoch 160/160: loss=4.388217e-03, drift=7.178510e-02
{
  "checkpoint": "/home/entropy/GitHub/conditional_drifting_models/weights/channel_implants/optfib/optfib2_drifting_residual_mixture_euclidean_cond0p25_targ1_cbwauto_tbwauto_k32_radauto_mix0p3_raw_ac0_at0_ak16_emb0_seed7.pt",
  "summary": "/home/entropy/GitHub/conditional_drifting_models/weights/channel_implants/optfib/optfib2_drifting_residual_mixture_euclidean_cond0p25_targ1_cbwauto_tbwauto_k32_radauto_mix0p3_raw_ac0_at0_ak16_emb0_seed7.json"
}
