epoch 1/160: loss=5.641171e-03, drift=8.509745e-02
epoch 2/160: loss=5.922212e-03, drift=8.168938e-02
epoch 3/160: loss=5.927912e-03, drift=8.183875e-02
epoch 4/160: loss=5.718518e-03, drift=8.053559e-02
epoch 5/160: loss=5.504858e-03, drift=7.902190e-02
epoch 6/160: loss=5.821746e-03, drift=8.089173e-02
epoch 7/160: loss=6.024107e-03, drift=8.122500e-02
epoch 8/160: loss=5.870673e-03, drift=8.017603e-02
epoch 9/160: loss=6.113753e-03, drift=8.030126e-02
epoch 10/160: loss=6.328295e-03, drift=8.213681e-02
epoch 11/160: loss=6.344672e-03, drift=8.209210e-02
epoch 12/160: loss=6.583476e-03, drift=8.310082e-02
epoch 13/160: loss=6.213869e-03, drift=8.144071e-02
epoch 14/160: loss=6.178024e-03, drift=7.976916e-02
epoch 15/160: loss=6.599946e-03, drift=8.298606e-02
epoch 16/160: loss=6.775187e-03, drift=8.238059e-02
epoch 17/160: loss=6.430963e-03, drift=8.154442e-02
epoch 18/160: loss=6.591530e-03, drift=8.311276e-02
epoch 19/160: loss=6.375985e-03, drift=8.234042e-02
epoch 20/160: loss=6.482105e-03, drift=8.218517e-02
epoch 21/160: loss=6.546870e-03, drift=8.312493e-02
epoch 22/160: loss=6.326313e-03, drift=8.091684e-02
epoch 23/160: loss=6.463737e-03, drift=8.205041e-02
epoch 24/160: loss=6.291798e-03, drift=8.236131e-02
epoch 25/160: loss=6.361611e-03, drift=8.235758e-02
epoch 26/160: loss=6.321424e-03, drift=8.214905e-02
epoch 27/160: loss=6.182611e-03, drift=8.240046e-02
epoch 28/160: loss=6.061525e-03, drift=8.072567e-02
epoch 29/160: loss=6.255539e-03, drift=8.173965e-02
epoch 30/160: loss=6.160355e-03, drift=8.159785e-02
epoch 31/160: loss=6.432954e-03, drift=8.245760e-02
epoch 32/160: loss=6.314173e-03, drift=8.254366e-02
epoch 33/160: loss=6.154188e-03, drift=8.160451e-02
epoch 34/160: loss=5.990098e-03, drift=7.992966e-02
epoch 35/160: loss=6.238623e-03, drift=8.199175e-02
epoch 36/160: loss=6.140083e-03, drift=8.158389e-02
epoch 37/160: loss=5.967329e-03, drift=7.884898e-02
epoch 38/160: loss=6.199210e-03, drift=8.286865e-02
epoch 39/160: loss=5.995925e-03, drift=8.002240e-02
epoch 40/160: loss=5.868976e-03, drift=7.987655e-02
epoch 41/160: loss=5.914031e-03, drift=8.107966e-02
epoch 42/160: loss=5.823946e-03, drift=8.005145e-02
epoch 43/160: loss=5.920777e-03, drift=7.969195e-02
epoch 44/160: loss=5.980312e-03, drift=8.150337e-02
epoch 45/160: loss=5.965891e-03, drift=8.184632e-02
epoch 46/160: loss=5.882482e-03, drift=7.985287e-02
epoch 47/160: loss=6.062546e-03, drift=8.138063e-02
epoch 48/160: loss=5.965893e-03, drift=8.116084e-02
epoch 49/160: loss=6.117822e-03, drift=8.231453e-02
epoch 50/160: loss=5.887258e-03, drift=7.960782e-02
epoch 51/160: loss=5.700984e-03, drift=7.915549e-02
epoch 52/160: loss=5.644897e-03, drift=7.849193e-02
epoch 53/160: loss=5.874795e-03, drift=8.047385e-02
epoch 54/160: loss=5.719006e-03, drift=7.991014e-02
epoch 55/160: loss=5.699100e-03, drift=7.885657e-02
epoch 56/160: loss=5.860626e-03, drift=8.021449e-02
epoch 57/160: loss=5.792518e-03, drift=7.986900e-02
epoch 58/160: loss=5.658366e-03, drift=7.988451e-02
epoch 59/160: loss=5.763072e-03, drift=8.008305e-02
epoch 60/160: loss=5.816328e-03, drift=8.009450e-02
epoch 61/160: loss=5.704678e-03, drift=7.974527e-02
epoch 62/160: loss=5.841319e-03, drift=8.185084e-02
epoch 63/160: loss=5.676511e-03, drift=7.943382e-02
epoch 64/160: loss=5.808170e-03, drift=8.126579e-02
epoch 65/160: loss=5.670140e-03, drift=7.888421e-02
epoch 66/160: loss=5.841778e-03, drift=8.066875e-02
epoch 67/160: loss=5.882500e-03, drift=8.176520e-02
epoch 68/160: loss=5.731443e-03, drift=8.040141e-02
epoch 69/160: loss=5.749936e-03, drift=7.973969e-02
epoch 70/160: loss=5.741278e-03, drift=7.941200e-02
epoch 71/160: loss=5.929472e-03, drift=8.032197e-02
epoch 72/160: loss=5.844660e-03, drift=8.021960e-02
epoch 73/160: loss=5.614802e-03, drift=7.823743e-02
epoch 74/160: loss=5.878374e-03, drift=7.982730e-02
epoch 75/160: loss=5.824754e-03, drift=8.011620e-02
epoch 76/160: loss=5.761734e-03, drift=7.951809e-02
epoch 77/160: loss=5.685628e-03, drift=7.881565e-02
epoch 78/160: loss=5.749487e-03, drift=7.960107e-02
epoch 79/160: loss=5.750242e-03, drift=7.964397e-02
epoch 80/160: loss=5.579820e-03, drift=7.949457e-02
epoch 81/160: loss=5.685091e-03, drift=7.986753e-02
epoch 82/160: loss=5.528875e-03, drift=7.854277e-02
epoch 83/160: loss=5.800423e-03, drift=8.042680e-02
epoch 84/160: loss=5.656572e-03, drift=8.007767e-02
epoch 85/160: loss=5.764720e-03, drift=7.902514e-02
epoch 86/160: loss=5.934916e-03, drift=8.043845e-02
epoch 87/160: loss=5.582061e-03, drift=7.900416e-02
epoch 88/160: loss=5.583910e-03, drift=7.791557e-02
epoch 89/160: loss=5.613033e-03, drift=7.836385e-02
epoch 90/160: loss=5.634415e-03, drift=7.823235e-02
epoch 91/160: loss=5.642719e-03, drift=7.880645e-02
epoch 92/160: loss=5.747023e-03, drift=8.020737e-02
epoch 93/160: loss=5.655476e-03, drift=7.867656e-02
epoch 94/160: loss=5.845371e-03, drift=8.052540e-02
epoch 95/160: loss=5.667923e-03, drift=7.849696e-02
epoch 96/160: loss=5.867252e-03, drift=8.098813e-02
epoch 97/160: loss=5.730555e-03, drift=7.998504e-02
epoch 98/160: loss=5.521576e-03, drift=7.728842e-02
epoch 99/160: loss=5.540545e-03, drift=7.854337e-02
epoch 100/160: loss=5.758097e-03, drift=7.987956e-02
epoch 101/160: loss=5.671392e-03, drift=7.858954e-02
epoch 102/160: loss=5.894516e-03, drift=7.983314e-02
epoch 103/160: loss=5.895067e-03, drift=8.069437e-02
epoch 104/160: loss=5.856283e-03, drift=8.021473e-02
epoch 105/160: loss=5.762221e-03, drift=8.046444e-02
epoch 106/160: loss=5.750505e-03, drift=7.952650e-02
epoch 107/160: loss=5.849417e-03, drift=8.100529e-02
epoch 108/160: loss=5.890229e-03, drift=8.140042e-02
epoch 109/160: loss=5.981419e-03, drift=8.029833e-02
epoch 110/160: loss=5.803119e-03, drift=7.890793e-02
epoch 111/160: loss=5.970517e-03, drift=8.184146e-02
epoch 112/160: loss=5.813465e-03, drift=7.978778e-02
epoch 113/160: loss=5.712964e-03, drift=7.879364e-02
epoch 114/160: loss=5.781170e-03, drift=7.893327e-02
epoch 115/160: loss=5.785766e-03, drift=7.844535e-02
epoch 116/160: loss=5.799750e-03, drift=7.978898e-02
epoch 117/160: loss=5.867463e-03, drift=7.971476e-02
epoch 118/160: loss=5.707121e-03, drift=7.855608e-02
epoch 119/160: loss=5.799219e-03, drift=7.989970e-02
epoch 120/160: loss=5.728059e-03, drift=7.888640e-02
epoch 121/160: loss=5.810514e-03, drift=7.905466e-02
epoch 122/160: loss=5.928748e-03, drift=7.890130e-02
epoch 123/160: loss=5.908773e-03, drift=7.949991e-02
epoch 124/160: loss=5.696817e-03, drift=7.870542e-02
epoch 125/160: loss=5.806452e-03, drift=7.864643e-02
epoch 126/160: loss=5.777004e-03, drift=8.033684e-02
epoch 127/160: loss=5.869609e-03, drift=7.973083e-02
epoch 128/160: loss=5.619456e-03, drift=7.788110e-02
epoch 129/160: loss=5.753159e-03, drift=7.988619e-02
epoch 130/160: loss=5.787667e-03, drift=7.888535e-02
epoch 131/160: loss=5.843599e-03, drift=7.953347e-02
epoch 132/160: loss=5.918912e-03, drift=8.001428e-02
epoch 133/160: loss=5.681054e-03, drift=7.895555e-02
epoch 134/160: loss=5.595588e-03, drift=7.745550e-02
epoch 135/160: loss=5.835132e-03, drift=7.977285e-02
epoch 136/160: loss=5.850485e-03, drift=7.898937e-02
epoch 137/160: loss=5.794661e-03, drift=7.932060e-02
epoch 138/160: loss=5.758059e-03, drift=7.900819e-02
epoch 139/160: loss=5.815699e-03, drift=8.000488e-02
epoch 140/160: loss=5.698416e-03, drift=7.900633e-02
epoch 141/160: loss=5.834429e-03, drift=8.025775e-02
epoch 142/160: loss=5.767990e-03, drift=7.861875e-02
epoch 143/160: loss=5.629060e-03, drift=7.886949e-02
epoch 144/160: loss=5.721391e-03, drift=7.944295e-02
epoch 145/160: loss=5.666899e-03, drift=7.828129e-02
epoch 146/160: loss=5.572443e-03, drift=7.851471e-02
epoch 147/160: loss=5.855355e-03, drift=7.957197e-02
epoch 148/160: loss=5.698493e-03, drift=7.820043e-02
epoch 149/160: loss=5.766903e-03, drift=8.023572e-02
epoch 150/160: loss=5.696303e-03, drift=7.892180e-02
epoch 151/160: loss=5.813742e-03, drift=7.992941e-02
epoch 152/160: loss=5.876796e-03, drift=7.914790e-02
epoch 153/160: loss=6.021119e-03, drift=8.167993e-02
epoch 154/160: loss=5.999473e-03, drift=8.125465e-02
epoch 155/160: loss=5.775318e-03, drift=7.884292e-02
epoch 156/160: loss=5.778673e-03, drift=7.972881e-02
epoch 157/160: loss=5.798114e-03, drift=7.918371e-02
epoch 158/160: loss=5.810811e-03, drift=7.961244e-02
epoch 159/160: loss=5.853183e-03, drift=7.913588e-02
epoch 160/160: loss=5.763202e-03, drift=7.874587e-02
{
  "checkpoint": "/home/entropy/GitHub/conditional_drifting_models/weights/channel_implants/optfib/optfib2_drifting_residual_product_euclidean_cond0p25_targ1_cbwauto_tbwauto_k32_radauto_mix0p5_raw_ac0_at0_ak16_emb0_seed7.pt",
  "summary": "/home/entropy/GitHub/conditional_drifting_models/weights/channel_implants/optfib/optfib2_drifting_residual_product_euclidean_cond0p25_targ1_cbwauto_tbwauto_k32_radauto_mix0p5_raw_ac0_at0_ak16_emb0_seed7.json"
}
