epoch 1/160: loss=1.616218e-02, drift=1.234866e-01
epoch 2/160: loss=1.652180e-02, drift=1.242809e-01
epoch 3/160: loss=1.661726e-02, drift=1.236620e-01
epoch 4/160: loss=1.754537e-02, drift=1.234803e-01
epoch 5/160: loss=1.825975e-02, drift=1.226902e-01
epoch 6/160: loss=1.871604e-02, drift=1.169711e-01
epoch 7/160: loss=1.919558e-02, drift=1.156189e-01
epoch 8/160: loss=1.894813e-02, drift=1.143236e-01
epoch 9/160: loss=1.869058e-02, drift=1.139906e-01
epoch 10/160: loss=1.838474e-02, drift=1.134108e-01
epoch 11/160: loss=1.881452e-02, drift=1.135488e-01
epoch 12/160: loss=1.888008e-02, drift=1.135307e-01
epoch 13/160: loss=1.811992e-02, drift=1.128344e-01
epoch 14/160: loss=1.785496e-02, drift=1.120551e-01
epoch 15/160: loss=1.816911e-02, drift=1.123994e-01
epoch 16/160: loss=1.834546e-02, drift=1.124494e-01
epoch 17/160: loss=1.802979e-02, drift=1.123902e-01
epoch 18/160: loss=1.806077e-02, drift=1.129696e-01
epoch 19/160: loss=1.769407e-02, drift=1.121754e-01
epoch 20/160: loss=1.759839e-02, drift=1.116806e-01
epoch 21/160: loss=1.813404e-02, drift=1.124995e-01
epoch 22/160: loss=1.808055e-02, drift=1.128595e-01
epoch 23/160: loss=1.770965e-02, drift=1.116197e-01
epoch 24/160: loss=1.753361e-02, drift=1.114317e-01
epoch 25/160: loss=1.792170e-02, drift=1.124291e-01
epoch 26/160: loss=1.852387e-02, drift=1.136237e-01
epoch 27/160: loss=1.776902e-02, drift=1.126978e-01
epoch 28/160: loss=1.794643e-02, drift=1.125323e-01
epoch 29/160: loss=1.806176e-02, drift=1.125727e-01
epoch 30/160: loss=1.797052e-02, drift=1.129640e-01
epoch 31/160: loss=1.801220e-02, drift=1.126607e-01
epoch 32/160: loss=1.824788e-02, drift=1.130183e-01
epoch 33/160: loss=1.786125e-02, drift=1.121111e-01
epoch 34/160: loss=1.818774e-02, drift=1.129200e-01
epoch 35/160: loss=1.787842e-02, drift=1.124194e-01
epoch 36/160: loss=1.830131e-02, drift=1.131832e-01
epoch 37/160: loss=1.804762e-02, drift=1.127848e-01
epoch 38/160: loss=1.789042e-02, drift=1.127732e-01
epoch 39/160: loss=1.833521e-02, drift=1.130615e-01
epoch 40/160: loss=1.787871e-02, drift=1.123236e-01
epoch 41/160: loss=1.770030e-02, drift=1.117419e-01
epoch 42/160: loss=1.809743e-02, drift=1.131072e-01
epoch 43/160: loss=1.839407e-02, drift=1.132633e-01
epoch 44/160: loss=1.803931e-02, drift=1.128317e-01
epoch 45/160: loss=1.799280e-02, drift=1.126468e-01
epoch 46/160: loss=1.826958e-02, drift=1.132044e-01
epoch 47/160: loss=1.801416e-02, drift=1.127228e-01
epoch 48/160: loss=1.833252e-02, drift=1.133587e-01
epoch 49/160: loss=1.786134e-02, drift=1.119720e-01
epoch 50/160: loss=1.848767e-02, drift=1.135270e-01
epoch 51/160: loss=1.820445e-02, drift=1.133437e-01
epoch 52/160: loss=1.801660e-02, drift=1.127427e-01
epoch 53/160: loss=1.800824e-02, drift=1.123038e-01
epoch 54/160: loss=1.786231e-02, drift=1.125554e-01
epoch 55/160: loss=1.826669e-02, drift=1.132600e-01
epoch 56/160: loss=1.822399e-02, drift=1.131127e-01
epoch 57/160: loss=1.797584e-02, drift=1.128728e-01
epoch 58/160: loss=1.817543e-02, drift=1.123162e-01
epoch 59/160: loss=1.794250e-02, drift=1.123894e-01
epoch 60/160: loss=1.806031e-02, drift=1.122290e-01
epoch 61/160: loss=1.811060e-02, drift=1.127351e-01
epoch 62/160: loss=1.816119e-02, drift=1.129422e-01
epoch 63/160: loss=1.828805e-02, drift=1.128118e-01
epoch 64/160: loss=1.818253e-02, drift=1.130255e-01
epoch 65/160: loss=1.856308e-02, drift=1.133014e-01
epoch 66/160: loss=1.848125e-02, drift=1.133011e-01
epoch 67/160: loss=1.791512e-02, drift=1.122828e-01
epoch 68/160: loss=1.825816e-02, drift=1.126637e-01
epoch 69/160: loss=1.828039e-02, drift=1.128639e-01
epoch 70/160: loss=1.809957e-02, drift=1.121714e-01
epoch 71/160: loss=1.825962e-02, drift=1.119239e-01
epoch 72/160: loss=1.846653e-02, drift=1.132978e-01
epoch 73/160: loss=1.824658e-02, drift=1.124049e-01
epoch 74/160: loss=1.825737e-02, drift=1.127130e-01
epoch 75/160: loss=1.818788e-02, drift=1.121341e-01
epoch 76/160: loss=1.828812e-02, drift=1.131830e-01
epoch 77/160: loss=1.796301e-02, drift=1.124920e-01
epoch 78/160: loss=1.792775e-02, drift=1.121665e-01
epoch 79/160: loss=1.786326e-02, drift=1.121055e-01
epoch 80/160: loss=1.843116e-02, drift=1.136420e-01
epoch 81/160: loss=1.791074e-02, drift=1.123658e-01
epoch 82/160: loss=1.810587e-02, drift=1.129335e-01
epoch 83/160: loss=1.804179e-02, drift=1.130566e-01
epoch 84/160: loss=1.829003e-02, drift=1.130027e-01
epoch 85/160: loss=1.846106e-02, drift=1.125821e-01
epoch 86/160: loss=1.820129e-02, drift=1.127349e-01
epoch 87/160: loss=1.844038e-02, drift=1.135825e-01
epoch 88/160: loss=1.806696e-02, drift=1.126812e-01
epoch 89/160: loss=1.860793e-02, drift=1.135972e-01
epoch 90/160: loss=1.852917e-02, drift=1.130101e-01
epoch 91/160: loss=1.839783e-02, drift=1.130333e-01
epoch 92/160: loss=1.856977e-02, drift=1.134127e-01
epoch 93/160: loss=1.855127e-02, drift=1.125849e-01
epoch 94/160: loss=1.857215e-02, drift=1.135227e-01
epoch 95/160: loss=1.800776e-02, drift=1.122549e-01
epoch 96/160: loss=1.850764e-02, drift=1.131897e-01
epoch 97/160: loss=1.840731e-02, drift=1.126953e-01
epoch 98/160: loss=1.822055e-02, drift=1.125575e-01
epoch 99/160: loss=1.807982e-02, drift=1.123998e-01
epoch 100/160: loss=1.821826e-02, drift=1.123443e-01
epoch 101/160: loss=1.848039e-02, drift=1.135450e-01
epoch 102/160: loss=1.842619e-02, drift=1.127358e-01
epoch 103/160: loss=1.898858e-02, drift=1.138921e-01
epoch 104/160: loss=1.829028e-02, drift=1.128938e-01
epoch 105/160: loss=1.853781e-02, drift=1.135763e-01
epoch 106/160: loss=1.864121e-02, drift=1.133354e-01
epoch 107/160: loss=1.832593e-02, drift=1.123293e-01
epoch 108/160: loss=1.829218e-02, drift=1.125994e-01
epoch 109/160: loss=1.879625e-02, drift=1.136445e-01
epoch 110/160: loss=1.839159e-02, drift=1.130174e-01
epoch 111/160: loss=1.865250e-02, drift=1.134457e-01
epoch 112/160: loss=1.829705e-02, drift=1.128883e-01
epoch 113/160: loss=1.852354e-02, drift=1.133689e-01
epoch 114/160: loss=1.847543e-02, drift=1.129712e-01
epoch 115/160: loss=1.839166e-02, drift=1.131018e-01
epoch 116/160: loss=1.833270e-02, drift=1.131555e-01
epoch 117/160: loss=1.836385e-02, drift=1.131071e-01
epoch 118/160: loss=1.858222e-02, drift=1.131014e-01
epoch 119/160: loss=1.850398e-02, drift=1.133016e-01
epoch 120/160: loss=1.843540e-02, drift=1.131737e-01
epoch 121/160: loss=1.830644e-02, drift=1.127056e-01
epoch 122/160: loss=1.896016e-02, drift=1.136276e-01
epoch 123/160: loss=1.859370e-02, drift=1.129300e-01
epoch 124/160: loss=1.821659e-02, drift=1.127758e-01
epoch 125/160: loss=1.831743e-02, drift=1.125864e-01
epoch 126/160: loss=1.830185e-02, drift=1.126372e-01
epoch 127/160: loss=1.818793e-02, drift=1.122149e-01
epoch 128/160: loss=1.838597e-02, drift=1.125453e-01
epoch 129/160: loss=1.831167e-02, drift=1.126531e-01
epoch 130/160: loss=1.834709e-02, drift=1.123085e-01
epoch 131/160: loss=1.823608e-02, drift=1.123189e-01
epoch 132/160: loss=1.830075e-02, drift=1.127180e-01
epoch 133/160: loss=1.845776e-02, drift=1.131967e-01
epoch 134/160: loss=1.844159e-02, drift=1.128025e-01
epoch 135/160: loss=1.843635e-02, drift=1.128292e-01
epoch 136/160: loss=1.838855e-02, drift=1.131267e-01
epoch 137/160: loss=1.853726e-02, drift=1.131453e-01
epoch 138/160: loss=1.870508e-02, drift=1.130904e-01
epoch 139/160: loss=1.862207e-02, drift=1.129395e-01
epoch 140/160: loss=1.824311e-02, drift=1.126191e-01
epoch 141/160: loss=1.837744e-02, drift=1.127464e-01
epoch 142/160: loss=1.847086e-02, drift=1.127727e-01
epoch 143/160: loss=1.829004e-02, drift=1.129002e-01
epoch 144/160: loss=1.838716e-02, drift=1.128375e-01
epoch 145/160: loss=1.831184e-02, drift=1.123737e-01
epoch 146/160: loss=1.861622e-02, drift=1.128825e-01
epoch 147/160: loss=1.839831e-02, drift=1.129247e-01
epoch 148/160: loss=1.825341e-02, drift=1.125973e-01
epoch 149/160: loss=1.812706e-02, drift=1.127744e-01
epoch 150/160: loss=1.838409e-02, drift=1.126054e-01
epoch 151/160: loss=1.859142e-02, drift=1.127727e-01
epoch 152/160: loss=1.873680e-02, drift=1.127975e-01
epoch 153/160: loss=1.866135e-02, drift=1.131086e-01
epoch 154/160: loss=1.861194e-02, drift=1.132963e-01
epoch 155/160: loss=1.809938e-02, drift=1.123850e-01
epoch 156/160: loss=1.850416e-02, drift=1.128315e-01
epoch 157/160: loss=1.795540e-02, drift=1.118137e-01
epoch 158/160: loss=1.821795e-02, drift=1.125368e-01
epoch 159/160: loss=1.871651e-02, drift=1.131318e-01
epoch 160/160: loss=1.834787e-02, drift=1.123922e-01
{
  "checkpoint": "/home/entropy/GitHub/conditional_drifting_models/weights/channel_implants/optfib/optfib2_drifting_residual_product_whitened_cond0p25_targ1_cbwauto_tbwauto_k32_radauto_mix0p5_raw_ac1_at1_ak8_emb8_seed7.pt",
  "summary": "/home/entropy/GitHub/conditional_drifting_models/weights/channel_implants/optfib/optfib2_drifting_residual_product_whitened_cond0p25_targ1_cbwauto_tbwauto_k32_radauto_mix0p5_raw_ac1_at1_ak8_emb8_seed7.json"
}
