epoch 1/160: loss=3.620252e-03, drift=7.503013e-02
epoch 2/160: loss=3.360708e-03, drift=7.243928e-02
epoch 3/160: loss=2.933782e-03, drift=6.802165e-02
epoch 4/160: loss=3.240126e-03, drift=7.101132e-02
epoch 5/160: loss=3.011571e-03, drift=6.906353e-02
epoch 6/160: loss=3.294233e-03, drift=7.147460e-02
epoch 7/160: loss=3.045727e-03, drift=6.896119e-02
epoch 8/160: loss=3.129815e-03, drift=6.985792e-02
epoch 9/160: loss=2.995261e-03, drift=6.875856e-02
epoch 10/160: loss=3.237992e-03, drift=7.134239e-02
epoch 11/160: loss=3.171902e-03, drift=7.026330e-02
epoch 12/160: loss=3.226127e-03, drift=7.071832e-02
epoch 13/160: loss=3.014865e-03, drift=6.816042e-02
epoch 14/160: loss=2.942025e-03, drift=6.809842e-02
epoch 15/160: loss=2.949274e-03, drift=6.779915e-02
epoch 16/160: loss=3.075649e-03, drift=6.927963e-02
epoch 17/160: loss=3.118909e-03, drift=6.938639e-02
epoch 18/160: loss=3.174228e-03, drift=7.050496e-02
epoch 19/160: loss=3.220606e-03, drift=7.068394e-02
epoch 20/160: loss=3.027281e-03, drift=6.846447e-02
epoch 21/160: loss=3.056051e-03, drift=6.912888e-02
epoch 22/160: loss=3.032661e-03, drift=6.861217e-02
epoch 23/160: loss=3.258794e-03, drift=7.184440e-02
epoch 24/160: loss=3.099527e-03, drift=6.963271e-02
epoch 25/160: loss=2.993998e-03, drift=6.830863e-02
epoch 26/160: loss=3.047088e-03, drift=6.864568e-02
epoch 27/160: loss=2.982415e-03, drift=6.816059e-02
epoch 28/160: loss=2.894162e-03, drift=6.649653e-02
epoch 29/160: loss=2.973892e-03, drift=6.810350e-02
epoch 30/160: loss=3.260600e-03, drift=7.134442e-02
epoch 31/160: loss=3.036117e-03, drift=6.896446e-02
epoch 32/160: loss=2.974481e-03, drift=6.794781e-02
epoch 33/160: loss=3.220497e-03, drift=7.039266e-02
epoch 34/160: loss=2.967227e-03, drift=6.802661e-02
epoch 35/160: loss=2.868623e-03, drift=6.664520e-02
epoch 36/160: loss=3.066736e-03, drift=6.880266e-02
epoch 37/160: loss=2.815683e-03, drift=6.640954e-02
epoch 38/160: loss=3.073718e-03, drift=6.902805e-02
epoch 39/160: loss=3.108045e-03, drift=6.941077e-02
epoch 40/160: loss=3.032346e-03, drift=6.863626e-02
epoch 41/160: loss=2.975452e-03, drift=6.818498e-02
epoch 42/160: loss=3.078116e-03, drift=6.919800e-02
epoch 43/160: loss=2.986992e-03, drift=6.837543e-02
epoch 44/160: loss=2.987985e-03, drift=6.804464e-02
epoch 45/160: loss=3.081380e-03, drift=6.901902e-02
epoch 46/160: loss=2.959465e-03, drift=6.825390e-02
epoch 47/160: loss=2.993603e-03, drift=6.866767e-02
epoch 48/160: loss=2.901300e-03, drift=6.697887e-02
epoch 49/160: loss=3.187934e-03, drift=7.071193e-02
epoch 50/160: loss=2.898673e-03, drift=6.768884e-02
epoch 51/160: loss=2.992712e-03, drift=6.864292e-02
epoch 52/160: loss=2.863509e-03, drift=6.667857e-02
epoch 53/160: loss=2.896644e-03, drift=6.677189e-02
epoch 54/160: loss=2.890631e-03, drift=6.697583e-02
epoch 55/160: loss=2.884989e-03, drift=6.683868e-02
epoch 56/160: loss=2.840354e-03, drift=6.696099e-02
epoch 57/160: loss=2.840749e-03, drift=6.703830e-02
epoch 58/160: loss=2.878033e-03, drift=6.700603e-02
epoch 59/160: loss=2.889875e-03, drift=6.667847e-02
epoch 60/160: loss=2.804391e-03, drift=6.559839e-02
epoch 61/160: loss=3.028314e-03, drift=6.864524e-02
epoch 62/160: loss=2.922880e-03, drift=6.792115e-02
epoch 63/160: loss=2.956598e-03, drift=6.826557e-02
epoch 64/160: loss=2.897563e-03, drift=6.676493e-02
epoch 65/160: loss=2.894477e-03, drift=6.748308e-02
epoch 66/160: loss=2.819666e-03, drift=6.643653e-02
epoch 67/160: loss=3.036623e-03, drift=6.936352e-02
epoch 68/160: loss=2.766713e-03, drift=6.539843e-02
epoch 69/160: loss=2.827060e-03, drift=6.669428e-02
epoch 70/160: loss=3.122086e-03, drift=6.978212e-02
epoch 71/160: loss=2.869678e-03, drift=6.735853e-02
epoch 72/160: loss=3.096480e-03, drift=6.958745e-02
epoch 73/160: loss=2.838143e-03, drift=6.656685e-02
epoch 74/160: loss=2.803792e-03, drift=6.605928e-02
epoch 75/160: loss=2.993536e-03, drift=6.821756e-02
epoch 76/160: loss=2.981804e-03, drift=6.796450e-02
epoch 77/160: loss=2.878667e-03, drift=6.756726e-02
epoch 78/160: loss=3.115165e-03, drift=6.953048e-02
epoch 79/160: loss=2.966514e-03, drift=6.841918e-02
epoch 80/160: loss=3.084874e-03, drift=6.965563e-02
epoch 81/160: loss=2.788147e-03, drift=6.578253e-02
epoch 82/160: loss=2.948794e-03, drift=6.788279e-02
epoch 83/160: loss=3.059978e-03, drift=6.933307e-02
epoch 84/160: loss=2.749351e-03, drift=6.532158e-02
epoch 85/160: loss=2.862746e-03, drift=6.660931e-02
epoch 86/160: loss=2.898505e-03, drift=6.758967e-02
epoch 87/160: loss=2.989290e-03, drift=6.827776e-02
epoch 88/160: loss=3.056637e-03, drift=6.861662e-02
epoch 89/160: loss=2.964311e-03, drift=6.782376e-02
epoch 90/160: loss=2.990490e-03, drift=6.803382e-02
epoch 91/160: loss=2.887738e-03, drift=6.707457e-02
epoch 92/160: loss=3.137943e-03, drift=7.014797e-02
epoch 93/160: loss=3.061701e-03, drift=6.899580e-02
epoch 94/160: loss=2.930869e-03, drift=6.814337e-02
epoch 95/160: loss=2.902212e-03, drift=6.721552e-02
epoch 96/160: loss=2.890838e-03, drift=6.689650e-02
epoch 97/160: loss=3.187991e-03, drift=7.028326e-02
epoch 98/160: loss=2.935434e-03, drift=6.785282e-02
epoch 99/160: loss=2.960294e-03, drift=6.795869e-02
epoch 100/160: loss=2.953698e-03, drift=6.830742e-02
epoch 101/160: loss=2.794476e-03, drift=6.657099e-02
epoch 102/160: loss=2.997829e-03, drift=6.873916e-02
epoch 103/160: loss=2.820909e-03, drift=6.678192e-02
epoch 104/160: loss=2.775543e-03, drift=6.577350e-02
epoch 105/160: loss=3.032688e-03, drift=6.907835e-02
epoch 106/160: loss=3.024671e-03, drift=6.869854e-02
epoch 107/160: loss=3.050690e-03, drift=6.901007e-02
epoch 108/160: loss=3.046587e-03, drift=6.920094e-02
epoch 109/160: loss=3.052087e-03, drift=6.937631e-02
epoch 110/160: loss=2.811632e-03, drift=6.684410e-02
epoch 111/160: loss=3.026661e-03, drift=6.889747e-02
epoch 112/160: loss=3.084113e-03, drift=6.935614e-02
epoch 113/160: loss=2.828706e-03, drift=6.643751e-02
epoch 114/160: loss=2.902080e-03, drift=6.715336e-02
epoch 115/160: loss=2.813358e-03, drift=6.650724e-02
epoch 116/160: loss=2.812523e-03, drift=6.610973e-02
epoch 117/160: loss=2.840563e-03, drift=6.608725e-02
epoch 118/160: loss=3.021640e-03, drift=6.803088e-02
epoch 119/160: loss=3.056240e-03, drift=6.965369e-02
epoch 120/160: loss=2.880765e-03, drift=6.693204e-02
epoch 121/160: loss=2.775462e-03, drift=6.541822e-02
epoch 122/160: loss=2.942307e-03, drift=6.743472e-02
epoch 123/160: loss=2.917956e-03, drift=6.746188e-02
epoch 124/160: loss=2.987805e-03, drift=6.806388e-02
epoch 125/160: loss=2.918298e-03, drift=6.742341e-02
epoch 126/160: loss=2.939492e-03, drift=6.746682e-02
epoch 127/160: loss=3.012443e-03, drift=6.885706e-02
epoch 128/160: loss=2.946645e-03, drift=6.756891e-02
epoch 129/160: loss=2.749345e-03, drift=6.553706e-02
epoch 130/160: loss=2.860625e-03, drift=6.645143e-02
epoch 131/160: loss=3.110566e-03, drift=6.970321e-02
epoch 132/160: loss=2.921743e-03, drift=6.784800e-02
epoch 133/160: loss=2.821516e-03, drift=6.581893e-02
epoch 134/160: loss=2.873966e-03, drift=6.721439e-02
epoch 135/160: loss=2.889429e-03, drift=6.681307e-02
epoch 136/160: loss=2.977737e-03, drift=6.801843e-02
epoch 137/160: loss=3.051609e-03, drift=6.937325e-02
epoch 138/160: loss=2.769447e-03, drift=6.547357e-02
epoch 139/160: loss=2.695380e-03, drift=6.463510e-02
epoch 140/160: loss=2.881163e-03, drift=6.730416e-02
epoch 141/160: loss=3.027826e-03, drift=6.921451e-02
epoch 142/160: loss=2.865785e-03, drift=6.674478e-02
epoch 143/160: loss=2.847759e-03, drift=6.707424e-02
epoch 144/160: loss=2.827650e-03, drift=6.663955e-02
epoch 145/160: loss=2.946354e-03, drift=6.841773e-02
epoch 146/160: loss=3.053700e-03, drift=6.970913e-02
epoch 147/160: loss=2.939682e-03, drift=6.778421e-02
epoch 148/160: loss=2.799758e-03, drift=6.634878e-02
epoch 149/160: loss=2.937977e-03, drift=6.785264e-02
epoch 150/160: loss=2.911329e-03, drift=6.761758e-02
epoch 151/160: loss=3.129703e-03, drift=6.951243e-02
epoch 152/160: loss=3.033603e-03, drift=6.904475e-02
epoch 153/160: loss=3.001943e-03, drift=6.848453e-02
epoch 154/160: loss=2.871289e-03, drift=6.731269e-02
epoch 155/160: loss=2.916047e-03, drift=6.716664e-02
epoch 156/160: loss=2.911328e-03, drift=6.746638e-02
epoch 157/160: loss=2.719021e-03, drift=6.537531e-02
epoch 158/160: loss=2.912068e-03, drift=6.740667e-02
epoch 159/160: loss=2.832812e-03, drift=6.671464e-02
epoch 160/160: loss=2.772275e-03, drift=6.633983e-02
{
  "checkpoint": "/home/entropy/GitHub/conditional_drifting_models/weights/channel_implants/optfib/optfib2_drifting_direct_none_euclidean_cond0_targ1_cbwauto_tbwauto_k32_radauto_mix0p5_raw_ac0_at0_ak16_emb0_seed7.pt",
  "summary": "/home/entropy/GitHub/conditional_drifting_models/weights/channel_implants/optfib/optfib2_drifting_direct_none_euclidean_cond0_targ1_cbwauto_tbwauto_k32_radauto_mix0p5_raw_ac0_at0_ak16_emb0_seed7.json"
}
