epoch 1/160: loss=4.044724e-03, drift=7.659542e-02
epoch 2/160: loss=4.126979e-03, drift=7.214806e-02
epoch 3/160: loss=4.027356e-03, drift=7.002098e-02
epoch 4/160: loss=3.860722e-03, drift=6.916235e-02
epoch 5/160: loss=3.606883e-03, drift=6.726373e-02
epoch 6/160: loss=3.666499e-03, drift=6.776144e-02
epoch 7/160: loss=3.517817e-03, drift=6.645820e-02
epoch 8/160: loss=3.479840e-03, drift=6.672389e-02
epoch 9/160: loss=3.261824e-03, drift=6.545142e-02
epoch 10/160: loss=3.244285e-03, drift=6.520715e-02
epoch 11/160: loss=3.142184e-03, drift=6.467581e-02
epoch 12/160: loss=3.122849e-03, drift=6.460521e-02
epoch 13/160: loss=3.072221e-03, drift=6.471311e-02
epoch 14/160: loss=3.001816e-03, drift=6.359831e-02
epoch 15/160: loss=3.119224e-03, drift=6.516792e-02
epoch 16/160: loss=3.095054e-03, drift=6.500062e-02
epoch 17/160: loss=3.031036e-03, drift=6.434157e-02
epoch 18/160: loss=3.073060e-03, drift=6.546065e-02
epoch 19/160: loss=2.912917e-03, drift=6.360502e-02
epoch 20/160: loss=2.864611e-03, drift=6.249192e-02
epoch 21/160: loss=2.872470e-03, drift=6.312788e-02
epoch 22/160: loss=3.022425e-03, drift=6.503440e-02
epoch 23/160: loss=3.064000e-03, drift=6.534170e-02
epoch 24/160: loss=2.934177e-03, drift=6.365308e-02
epoch 25/160: loss=2.940237e-03, drift=6.399727e-02
epoch 26/160: loss=2.774052e-03, drift=6.187608e-02
epoch 27/160: loss=2.874567e-03, drift=6.352375e-02
epoch 28/160: loss=2.787199e-03, drift=6.276798e-02
epoch 29/160: loss=3.055400e-03, drift=6.565198e-02
epoch 30/160: loss=2.918104e-03, drift=6.411147e-02
epoch 31/160: loss=2.997708e-03, drift=6.490819e-02
epoch 32/160: loss=2.931066e-03, drift=6.428327e-02
epoch 33/160: loss=2.910081e-03, drift=6.346948e-02
epoch 34/160: loss=2.917071e-03, drift=6.325613e-02
epoch 35/160: loss=2.902065e-03, drift=6.376686e-02
epoch 36/160: loss=2.926332e-03, drift=6.356005e-02
epoch 37/160: loss=2.765007e-03, drift=6.190437e-02
epoch 38/160: loss=3.077525e-03, drift=6.554544e-02
epoch 39/160: loss=2.951111e-03, drift=6.368671e-02
epoch 40/160: loss=2.877260e-03, drift=6.354781e-02
epoch 41/160: loss=2.771738e-03, drift=6.251378e-02
epoch 42/160: loss=2.871091e-03, drift=6.369255e-02
epoch 43/160: loss=2.852242e-03, drift=6.308852e-02
epoch 44/160: loss=2.883433e-03, drift=6.332919e-02
epoch 45/160: loss=2.929266e-03, drift=6.412380e-02
epoch 46/160: loss=2.840845e-03, drift=6.344304e-02
epoch 47/160: loss=2.937999e-03, drift=6.406658e-02
epoch 48/160: loss=2.942244e-03, drift=6.453633e-02
epoch 49/160: loss=3.039795e-03, drift=6.572295e-02
epoch 50/160: loss=2.893751e-03, drift=6.304610e-02
epoch 51/160: loss=2.876037e-03, drift=6.294356e-02
epoch 52/160: loss=2.834217e-03, drift=6.314397e-02
epoch 53/160: loss=3.082307e-03, drift=6.556281e-02
epoch 54/160: loss=2.905192e-03, drift=6.340504e-02
epoch 55/160: loss=2.995453e-03, drift=6.410834e-02
epoch 56/160: loss=2.836257e-03, drift=6.278131e-02
epoch 57/160: loss=2.981707e-03, drift=6.385865e-02
epoch 58/160: loss=2.955066e-03, drift=6.428917e-02
epoch 59/160: loss=2.910913e-03, drift=6.370971e-02
epoch 60/160: loss=2.917545e-03, drift=6.357374e-02
epoch 61/160: loss=2.889505e-03, drift=6.357125e-02
epoch 62/160: loss=2.923008e-03, drift=6.367969e-02
epoch 63/160: loss=2.853825e-03, drift=6.314120e-02
epoch 64/160: loss=2.979227e-03, drift=6.372723e-02
epoch 65/160: loss=2.899306e-03, drift=6.368121e-02
epoch 66/160: loss=2.865479e-03, drift=6.319170e-02
epoch 67/160: loss=3.025952e-03, drift=6.463933e-02
epoch 68/160: loss=2.937343e-03, drift=6.356992e-02
epoch 69/160: loss=2.951942e-03, drift=6.437871e-02
epoch 70/160: loss=2.966027e-03, drift=6.384148e-02
epoch 71/160: loss=2.814446e-03, drift=6.181844e-02
epoch 72/160: loss=2.886585e-03, drift=6.246329e-02
epoch 73/160: loss=2.785269e-03, drift=6.169072e-02
epoch 74/160: loss=2.978356e-03, drift=6.398823e-02
epoch 75/160: loss=2.914627e-03, drift=6.388425e-02
epoch 76/160: loss=2.882646e-03, drift=6.323486e-02
epoch 77/160: loss=3.001296e-03, drift=6.442469e-02
epoch 78/160: loss=2.897466e-03, drift=6.359610e-02
epoch 79/160: loss=3.045421e-03, drift=6.522188e-02
epoch 80/160: loss=2.987394e-03, drift=6.382253e-02
epoch 81/160: loss=2.934475e-03, drift=6.390587e-02
epoch 82/160: loss=2.965044e-03, drift=6.384595e-02
epoch 83/160: loss=2.941007e-03, drift=6.351193e-02
epoch 84/160: loss=2.912558e-03, drift=6.384825e-02
epoch 85/160: loss=2.851075e-03, drift=6.271727e-02
epoch 86/160: loss=2.836579e-03, drift=6.254485e-02
epoch 87/160: loss=2.861028e-03, drift=6.303384e-02
epoch 88/160: loss=2.903459e-03, drift=6.347456e-02
epoch 89/160: loss=2.878059e-03, drift=6.288419e-02
epoch 90/160: loss=2.921250e-03, drift=6.314589e-02
epoch 91/160: loss=2.939990e-03, drift=6.363802e-02
epoch 92/160: loss=3.126040e-03, drift=6.599697e-02
epoch 93/160: loss=2.870787e-03, drift=6.271576e-02
epoch 94/160: loss=2.922778e-03, drift=6.349359e-02
epoch 95/160: loss=2.916139e-03, drift=6.373241e-02
epoch 96/160: loss=2.938009e-03, drift=6.365343e-02
epoch 97/160: loss=2.991932e-03, drift=6.405433e-02
epoch 98/160: loss=2.876771e-03, drift=6.249978e-02
epoch 99/160: loss=2.881499e-03, drift=6.320078e-02
epoch 100/160: loss=2.913778e-03, drift=6.295144e-02
epoch 101/160: loss=2.903586e-03, drift=6.251446e-02
epoch 102/160: loss=2.891181e-03, drift=6.229435e-02
epoch 103/160: loss=2.888485e-03, drift=6.290002e-02
epoch 104/160: loss=2.878672e-03, drift=6.296251e-02
epoch 105/160: loss=2.976008e-03, drift=6.463093e-02
epoch 106/160: loss=2.970197e-03, drift=6.324201e-02
epoch 107/160: loss=2.896121e-03, drift=6.290380e-02
epoch 108/160: loss=2.969220e-03, drift=6.399674e-02
epoch 109/160: loss=2.987068e-03, drift=6.412920e-02
epoch 110/160: loss=2.995192e-03, drift=6.418530e-02
epoch 111/160: loss=3.015578e-03, drift=6.458521e-02
epoch 112/160: loss=2.859541e-03, drift=6.246055e-02
epoch 113/160: loss=3.004425e-03, drift=6.374224e-02
epoch 114/160: loss=2.803951e-03, drift=6.183757e-02
epoch 115/160: loss=2.990559e-03, drift=6.331634e-02
epoch 116/160: loss=2.855283e-03, drift=6.205716e-02
epoch 117/160: loss=2.859547e-03, drift=6.150928e-02
epoch 118/160: loss=2.845087e-03, drift=6.222249e-02
epoch 119/160: loss=2.948935e-03, drift=6.374011e-02
epoch 120/160: loss=2.747352e-03, drift=6.124004e-02
epoch 121/160: loss=2.923388e-03, drift=6.324117e-02
epoch 122/160: loss=2.884128e-03, drift=6.174142e-02
epoch 123/160: loss=2.909082e-03, drift=6.284611e-02
epoch 124/160: loss=2.913784e-03, drift=6.345102e-02
epoch 125/160: loss=2.908009e-03, drift=6.283042e-02
epoch 126/160: loss=3.032732e-03, drift=6.474542e-02
epoch 127/160: loss=2.936923e-03, drift=6.318164e-02
epoch 128/160: loss=2.783825e-03, drift=6.089174e-02
epoch 129/160: loss=2.938919e-03, drift=6.361971e-02
epoch 130/160: loss=3.012663e-03, drift=6.392750e-02
epoch 131/160: loss=2.969708e-03, drift=6.341711e-02
epoch 132/160: loss=2.964712e-03, drift=6.277878e-02
epoch 133/160: loss=2.819689e-03, drift=6.130028e-02
epoch 134/160: loss=2.830424e-03, drift=6.184271e-02
epoch 135/160: loss=2.929233e-03, drift=6.293604e-02
epoch 136/160: loss=2.952909e-03, drift=6.267215e-02
epoch 137/160: loss=3.012864e-03, drift=6.356323e-02
epoch 138/160: loss=2.885313e-03, drift=6.262685e-02
epoch 139/160: loss=2.794989e-03, drift=6.157874e-02
epoch 140/160: loss=3.007151e-03, drift=6.495639e-02
epoch 141/160: loss=2.930178e-03, drift=6.320674e-02
epoch 142/160: loss=3.090481e-03, drift=6.421205e-02
epoch 143/160: loss=2.929663e-03, drift=6.342456e-02
epoch 144/160: loss=2.965976e-03, drift=6.343077e-02
epoch 145/160: loss=2.984890e-03, drift=6.372711e-02
epoch 146/160: loss=2.854489e-03, drift=6.202461e-02
epoch 147/160: loss=2.883076e-03, drift=6.189106e-02
epoch 148/160: loss=2.781539e-03, drift=6.089054e-02
epoch 149/160: loss=3.126513e-03, drift=6.473194e-02
epoch 150/160: loss=2.840422e-03, drift=6.189543e-02
epoch 151/160: loss=2.935975e-03, drift=6.298525e-02
epoch 152/160: loss=3.016141e-03, drift=6.364893e-02
epoch 153/160: loss=2.994515e-03, drift=6.379852e-02
epoch 154/160: loss=2.971911e-03, drift=6.317993e-02
epoch 155/160: loss=2.853474e-03, drift=6.203763e-02
epoch 156/160: loss=2.962759e-03, drift=6.317888e-02
epoch 157/160: loss=2.915307e-03, drift=6.262055e-02
epoch 158/160: loss=2.844590e-03, drift=6.132558e-02
epoch 159/160: loss=2.991780e-03, drift=6.314964e-02
epoch 160/160: loss=2.862857e-03, drift=6.198515e-02
{
  "checkpoint": "/home/entropy/GitHub/conditional_drifting_models/weights/channel_implants/optfib/optfib2_drifting_residual_joint_euclidean_cond0p25_targ1_cbwauto_tbwauto_k32_radauto_mix0p5_raw_ac0_at0_ak16_emb0_seed7.pt",
  "summary": "/home/entropy/GitHub/conditional_drifting_models/weights/channel_implants/optfib/optfib2_drifting_residual_joint_euclidean_cond0p25_targ1_cbwauto_tbwauto_k32_radauto_mix0p5_raw_ac0_at0_ak16_emb0_seed7.json"
}
