epoch 1/160: loss=4.589173e-01, drift=8.393530e-01
epoch 2/160: loss=4.563507e-01, drift=8.373019e-01
epoch 3/160: loss=4.634803e-01, drift=8.444892e-01
epoch 4/160: loss=4.891413e-01, drift=8.680344e-01
epoch 5/160: loss=4.983350e-01, drift=8.769423e-01
epoch 6/160: loss=4.836715e-01, drift=8.574475e-01
epoch 7/160: loss=5.127523e-01, drift=8.861746e-01
epoch 8/160: loss=4.979158e-01, drift=8.735631e-01
epoch 9/160: loss=5.033329e-01, drift=8.757002e-01
epoch 10/160: loss=4.965611e-01, drift=8.669365e-01
epoch 11/160: loss=5.039815e-01, drift=8.775147e-01
epoch 12/160: loss=5.300135e-01, drift=8.951453e-01
epoch 13/160: loss=5.312341e-01, drift=8.974958e-01
epoch 14/160: loss=5.335703e-01, drift=9.011639e-01
epoch 15/160: loss=5.137384e-01, drift=8.794133e-01
epoch 16/160: loss=5.285171e-01, drift=8.923891e-01
epoch 17/160: loss=5.207643e-01, drift=8.903030e-01
epoch 18/160: loss=5.223507e-01, drift=8.897020e-01
epoch 19/160: loss=5.081551e-01, drift=8.753180e-01
epoch 20/160: loss=5.005408e-01, drift=8.699800e-01
epoch 21/160: loss=5.150257e-01, drift=8.851845e-01
epoch 22/160: loss=5.219399e-01, drift=8.913272e-01
epoch 23/160: loss=5.263249e-01, drift=8.931477e-01
epoch 24/160: loss=5.142593e-01, drift=8.824631e-01
epoch 25/160: loss=5.392893e-01, drift=9.043156e-01
epoch 26/160: loss=5.143986e-01, drift=8.811623e-01
epoch 27/160: loss=5.182237e-01, drift=8.862400e-01
epoch 28/160: loss=5.213817e-01, drift=8.922402e-01
epoch 29/160: loss=5.064943e-01, drift=8.713490e-01
epoch 30/160: loss=5.344559e-01, drift=9.008428e-01
epoch 31/160: loss=5.317187e-01, drift=8.980122e-01
epoch 32/160: loss=5.460873e-01, drift=9.122722e-01
epoch 33/160: loss=5.092804e-01, drift=8.785588e-01
epoch 34/160: loss=5.007310e-01, drift=8.676793e-01
epoch 35/160: loss=5.162022e-01, drift=8.841848e-01
epoch 36/160: loss=5.616063e-01, drift=9.252030e-01
epoch 37/160: loss=5.205721e-01, drift=8.881926e-01
epoch 38/160: loss=5.041782e-01, drift=8.672762e-01
epoch 39/160: loss=5.195613e-01, drift=8.920899e-01
epoch 40/160: loss=5.473345e-01, drift=9.119601e-01
epoch 41/160: loss=5.110072e-01, drift=8.804372e-01
epoch 42/160: loss=5.310309e-01, drift=9.000899e-01
epoch 43/160: loss=5.106637e-01, drift=8.797276e-01
epoch 44/160: loss=5.210361e-01, drift=8.877897e-01
epoch 45/160: loss=5.420344e-01, drift=9.099226e-01
epoch 46/160: loss=5.251106e-01, drift=8.901471e-01
epoch 47/160: loss=5.136574e-01, drift=8.821757e-01
epoch 48/160: loss=5.094829e-01, drift=8.794967e-01
epoch 49/160: loss=5.210730e-01, drift=8.878470e-01
epoch 50/160: loss=5.337032e-01, drift=9.027525e-01
epoch 51/160: loss=5.082734e-01, drift=8.759512e-01
epoch 52/160: loss=5.210638e-01, drift=8.890066e-01
epoch 53/160: loss=5.356230e-01, drift=9.022112e-01
epoch 54/160: loss=5.134230e-01, drift=8.808495e-01
epoch 55/160: loss=5.253853e-01, drift=8.899559e-01
epoch 56/160: loss=4.955557e-01, drift=8.630805e-01
epoch 57/160: loss=5.165941e-01, drift=8.813729e-01
epoch 58/160: loss=5.046798e-01, drift=8.737381e-01
epoch 59/160: loss=5.084017e-01, drift=8.759714e-01
epoch 60/160: loss=5.195427e-01, drift=8.867291e-01
epoch 61/160: loss=5.201643e-01, drift=8.866483e-01
epoch 62/160: loss=5.077721e-01, drift=8.781974e-01
epoch 63/160: loss=4.935957e-01, drift=8.607869e-01
epoch 64/160: loss=5.435454e-01, drift=9.099188e-01
epoch 65/160: loss=5.092415e-01, drift=8.777338e-01
epoch 66/160: loss=4.957540e-01, drift=8.633830e-01
epoch 67/160: loss=5.196160e-01, drift=8.864214e-01
epoch 68/160: loss=5.048936e-01, drift=8.732746e-01
epoch 69/160: loss=5.210720e-01, drift=8.927317e-01
epoch 70/160: loss=5.233404e-01, drift=8.911886e-01
epoch 71/160: loss=5.065841e-01, drift=8.742909e-01
epoch 72/160: loss=5.140556e-01, drift=8.791920e-01
epoch 73/160: loss=4.996865e-01, drift=8.676976e-01
epoch 74/160: loss=5.054863e-01, drift=8.721120e-01
epoch 75/160: loss=5.150533e-01, drift=8.830029e-01
epoch 76/160: loss=5.201428e-01, drift=8.853408e-01
epoch 77/160: loss=5.228245e-01, drift=8.924805e-01
epoch 78/160: loss=5.000067e-01, drift=8.669935e-01
epoch 79/160: loss=5.230760e-01, drift=8.918192e-01
epoch 80/160: loss=5.133433e-01, drift=8.823066e-01
epoch 81/160: loss=5.070188e-01, drift=8.783709e-01
epoch 82/160: loss=5.338796e-01, drift=9.008616e-01
epoch 83/160: loss=5.153683e-01, drift=8.781955e-01
epoch 84/160: loss=5.147070e-01, drift=8.829146e-01
epoch 85/160: loss=5.180321e-01, drift=8.881651e-01
epoch 86/160: loss=5.073782e-01, drift=8.778075e-01
epoch 87/160: loss=5.141203e-01, drift=8.836412e-01
epoch 88/160: loss=5.178605e-01, drift=8.885308e-01
epoch 89/160: loss=5.160980e-01, drift=8.814912e-01
epoch 90/160: loss=5.189114e-01, drift=8.896393e-01
epoch 91/160: loss=5.233219e-01, drift=8.927365e-01
epoch 92/160: loss=5.124224e-01, drift=8.826176e-01
epoch 93/160: loss=5.218688e-01, drift=8.903577e-01
epoch 94/160: loss=5.111450e-01, drift=8.794653e-01
epoch 95/160: loss=5.326804e-01, drift=8.999058e-01
epoch 96/160: loss=5.308780e-01, drift=8.989715e-01
epoch 97/160: loss=5.228233e-01, drift=8.890938e-01
epoch 98/160: loss=5.257005e-01, drift=8.907336e-01
epoch 99/160: loss=5.182259e-01, drift=8.887044e-01
epoch 100/160: loss=4.958879e-01, drift=8.630640e-01
epoch 101/160: loss=4.993646e-01, drift=8.669152e-01
epoch 102/160: loss=5.181182e-01, drift=8.831272e-01
epoch 103/160: loss=5.177316e-01, drift=8.864330e-01
epoch 104/160: loss=5.084848e-01, drift=8.767980e-01
epoch 105/160: loss=5.118851e-01, drift=8.805193e-01
epoch 106/160: loss=5.143632e-01, drift=8.828216e-01
epoch 107/160: loss=5.040565e-01, drift=8.700252e-01
epoch 108/160: loss=5.194733e-01, drift=8.848388e-01
epoch 109/160: loss=5.139173e-01, drift=8.829763e-01
epoch 110/160: loss=4.961241e-01, drift=8.626882e-01
epoch 111/160: loss=5.265204e-01, drift=8.923978e-01
epoch 112/160: loss=4.862695e-01, drift=8.539930e-01
epoch 113/160: loss=5.245432e-01, drift=8.944666e-01
epoch 114/160: loss=5.285777e-01, drift=8.985075e-01
epoch 115/160: loss=5.092929e-01, drift=8.766471e-01
epoch 116/160: loss=5.214655e-01, drift=8.914731e-01
epoch 117/160: loss=5.298247e-01, drift=8.980862e-01
epoch 118/160: loss=5.164725e-01, drift=8.825879e-01
epoch 119/160: loss=5.007175e-01, drift=8.674644e-01
epoch 120/160: loss=5.148525e-01, drift=8.848045e-01
epoch 121/160: loss=4.991906e-01, drift=8.673926e-01
epoch 122/160: loss=5.350492e-01, drift=8.997493e-01
epoch 123/160: loss=5.165289e-01, drift=8.844691e-01
epoch 124/160: loss=4.951489e-01, drift=8.615224e-01
epoch 125/160: loss=5.221240e-01, drift=8.900690e-01
epoch 126/160: loss=5.038075e-01, drift=8.709393e-01
epoch 127/160: loss=5.141924e-01, drift=8.828015e-01
epoch 128/160: loss=5.174877e-01, drift=8.850199e-01
epoch 129/160: loss=5.209763e-01, drift=8.887382e-01
epoch 130/160: loss=5.164637e-01, drift=8.825272e-01
epoch 131/160: loss=5.099817e-01, drift=8.773523e-01
epoch 132/160: loss=5.059532e-01, drift=8.720104e-01
epoch 133/160: loss=5.152268e-01, drift=8.816794e-01
epoch 134/160: loss=4.908873e-01, drift=8.590998e-01
epoch 135/160: loss=5.187192e-01, drift=8.852411e-01
epoch 136/160: loss=5.240334e-01, drift=8.899822e-01
epoch 137/160: loss=5.207749e-01, drift=8.854469e-01
epoch 138/160: loss=5.292773e-01, drift=8.956065e-01
epoch 139/160: loss=5.265417e-01, drift=8.903898e-01
epoch 140/160: loss=5.392718e-01, drift=9.008093e-01
epoch 141/160: loss=5.074330e-01, drift=8.722502e-01
epoch 142/160: loss=5.244150e-01, drift=8.933481e-01
epoch 143/160: loss=5.249310e-01, drift=8.946875e-01
epoch 144/160: loss=5.115393e-01, drift=8.812960e-01
epoch 145/160: loss=5.120693e-01, drift=8.806941e-01
epoch 146/160: loss=5.267782e-01, drift=8.968577e-01
epoch 147/160: loss=5.242082e-01, drift=8.904155e-01
epoch 148/160: loss=5.293475e-01, drift=9.013058e-01
epoch 149/160: loss=5.304233e-01, drift=8.981351e-01
epoch 150/160: loss=5.092383e-01, drift=8.760511e-01
epoch 151/160: loss=5.045675e-01, drift=8.745366e-01
epoch 152/160: loss=5.119451e-01, drift=8.792005e-01
epoch 153/160: loss=5.145046e-01, drift=8.814344e-01
epoch 154/160: loss=5.132406e-01, drift=8.822835e-01
epoch 155/160: loss=5.169831e-01, drift=8.856879e-01
epoch 156/160: loss=5.366314e-01, drift=9.095891e-01
epoch 157/160: loss=5.090452e-01, drift=8.773033e-01
epoch 158/160: loss=5.104166e-01, drift=8.758236e-01
epoch 159/160: loss=4.927260e-01, drift=8.609388e-01
epoch 160/160: loss=5.062886e-01, drift=8.699227e-01
{
  "checkpoint": "/home/entropy/GitHub/conditional_drifting_models/weights/channel_implants/optfib/optfib2_drifting_residual_soft_local_euclidean_cond0p25_targ1_cbwauto_tbwauto_k16_radauto_mix0p5_raw_ac0_at0_ak16_emb0_seed7.pt",
  "summary": "/home/entropy/GitHub/conditional_drifting_models/weights/channel_implants/optfib/optfib2_drifting_residual_soft_local_euclidean_cond0p25_targ1_cbwauto_tbwauto_k16_radauto_mix0p5_raw_ac0_at0_ak16_emb0_seed7.json"
}
