epoch 1/160: loss=5.091550e-03, drift=8.680466e-02
epoch 2/160: loss=4.887689e-03, drift=8.027712e-02
epoch 3/160: loss=4.300862e-03, drift=7.333989e-02
epoch 4/160: loss=3.989466e-03, drift=7.032431e-02
epoch 5/160: loss=3.405961e-03, drift=6.350413e-02
epoch 6/160: loss=3.355155e-03, drift=6.293005e-02
epoch 7/160: loss=3.266038e-03, drift=6.239725e-02
epoch 8/160: loss=3.362193e-03, drift=6.291526e-02
epoch 9/160: loss=3.170165e-03, drift=6.192339e-02
epoch 10/160: loss=3.218685e-03, drift=6.239047e-02
epoch 11/160: loss=3.134560e-03, drift=6.195910e-02
epoch 12/160: loss=3.157202e-03, drift=6.217434e-02
epoch 13/160: loss=2.972240e-03, drift=6.061644e-02
epoch 14/160: loss=3.096109e-03, drift=6.208359e-02
epoch 15/160: loss=3.171166e-03, drift=6.242457e-02
epoch 16/160: loss=3.145595e-03, drift=6.204912e-02
epoch 17/160: loss=3.046720e-03, drift=6.115737e-02
epoch 18/160: loss=3.202296e-03, drift=6.356473e-02
epoch 19/160: loss=3.021577e-03, drift=6.162593e-02
epoch 20/160: loss=2.976213e-03, drift=6.053869e-02
epoch 21/160: loss=3.011645e-03, drift=6.118429e-02
epoch 22/160: loss=3.059327e-03, drift=6.126899e-02
epoch 23/160: loss=3.140984e-03, drift=6.185922e-02
epoch 24/160: loss=3.104964e-03, drift=6.218913e-02
epoch 25/160: loss=3.122901e-03, drift=6.163949e-02
epoch 26/160: loss=3.067177e-03, drift=6.050851e-02
epoch 27/160: loss=3.034269e-03, drift=6.055090e-02
epoch 28/160: loss=3.008331e-03, drift=5.984507e-02
epoch 29/160: loss=3.190070e-03, drift=6.235326e-02
epoch 30/160: loss=3.080182e-03, drift=6.094995e-02
epoch 31/160: loss=3.214832e-03, drift=6.165330e-02
epoch 32/160: loss=3.140881e-03, drift=6.079420e-02
epoch 33/160: loss=3.094938e-03, drift=6.058336e-02
epoch 34/160: loss=3.137529e-03, drift=5.959078e-02
epoch 35/160: loss=3.222999e-03, drift=6.065764e-02
epoch 36/160: loss=3.168781e-03, drift=5.955448e-02
epoch 37/160: loss=3.090859e-03, drift=5.860553e-02
epoch 38/160: loss=3.168552e-03, drift=6.063889e-02
epoch 39/160: loss=3.364700e-03, drift=6.058577e-02
epoch 40/160: loss=3.178922e-03, drift=5.988532e-02
epoch 41/160: loss=3.007313e-03, drift=5.873061e-02
epoch 42/160: loss=3.155785e-03, drift=6.039897e-02
epoch 43/160: loss=3.101395e-03, drift=5.858142e-02
epoch 44/160: loss=3.074374e-03, drift=5.937969e-02
epoch 45/160: loss=3.062550e-03, drift=5.972699e-02
epoch 46/160: loss=3.051599e-03, drift=5.961884e-02
epoch 47/160: loss=3.201417e-03, drift=6.077289e-02
epoch 48/160: loss=3.239348e-03, drift=6.170686e-02
epoch 49/160: loss=3.074384e-03, drift=6.093938e-02
epoch 50/160: loss=3.027526e-03, drift=5.830854e-02
epoch 51/160: loss=2.986124e-03, drift=5.922146e-02
epoch 52/160: loss=2.922839e-03, drift=5.876348e-02
epoch 53/160: loss=3.220768e-03, drift=6.140971e-02
epoch 54/160: loss=2.908444e-03, drift=5.817478e-02
epoch 55/160: loss=2.950795e-03, drift=5.879272e-02
epoch 56/160: loss=3.091697e-03, drift=5.920593e-02
epoch 57/160: loss=3.154010e-03, drift=5.969948e-02
epoch 58/160: loss=2.941249e-03, drift=5.878657e-02
epoch 59/160: loss=2.923357e-03, drift=5.860040e-02
epoch 60/160: loss=2.919782e-03, drift=5.834553e-02
epoch 61/160: loss=2.887534e-03, drift=5.828962e-02
epoch 62/160: loss=3.002878e-03, drift=5.995416e-02
epoch 63/160: loss=2.944891e-03, drift=5.880057e-02
epoch 64/160: loss=2.999573e-03, drift=5.843798e-02
epoch 65/160: loss=2.922684e-03, drift=5.859583e-02
epoch 66/160: loss=2.985018e-03, drift=5.870987e-02
epoch 67/160: loss=3.042101e-03, drift=6.037924e-02
epoch 68/160: loss=2.944017e-03, drift=5.921838e-02
epoch 69/160: loss=3.002755e-03, drift=5.969401e-02
epoch 70/160: loss=2.921286e-03, drift=5.876132e-02
epoch 71/160: loss=2.828006e-03, drift=5.716749e-02
epoch 72/160: loss=2.870428e-03, drift=5.786611e-02
epoch 73/160: loss=2.830521e-03, drift=5.787139e-02
epoch 74/160: loss=2.955301e-03, drift=5.848422e-02
epoch 75/160: loss=2.970604e-03, drift=5.938389e-02
epoch 76/160: loss=2.844671e-03, drift=5.850724e-02
epoch 77/160: loss=2.900326e-03, drift=5.865429e-02
epoch 78/160: loss=2.912773e-03, drift=5.905424e-02
epoch 79/160: loss=2.985389e-03, drift=6.003616e-02
epoch 80/160: loss=2.804136e-03, drift=5.775550e-02
epoch 81/160: loss=2.857716e-03, drift=5.852065e-02
epoch 82/160: loss=2.811361e-03, drift=5.856750e-02
epoch 83/160: loss=2.816758e-03, drift=5.871528e-02
epoch 84/160: loss=2.898093e-03, drift=5.891267e-02
epoch 85/160: loss=2.823216e-03, drift=5.734133e-02
epoch 86/160: loss=2.804270e-03, drift=5.806054e-02
epoch 87/160: loss=2.809709e-03, drift=5.803848e-02
epoch 88/160: loss=2.769379e-03, drift=5.734559e-02
epoch 89/160: loss=2.929653e-03, drift=5.852084e-02
epoch 90/160: loss=2.841079e-03, drift=5.766305e-02
epoch 91/160: loss=2.958719e-03, drift=5.991278e-02
epoch 92/160: loss=2.957478e-03, drift=5.940398e-02
epoch 93/160: loss=2.828002e-03, drift=5.795199e-02
epoch 94/160: loss=2.773538e-03, drift=5.888369e-02
epoch 95/160: loss=2.796332e-03, drift=5.818449e-02
epoch 96/160: loss=2.809163e-03, drift=5.802669e-02
epoch 97/160: loss=2.963950e-03, drift=5.989373e-02
epoch 98/160: loss=2.763689e-03, drift=5.758429e-02
epoch 99/160: loss=2.763028e-03, drift=5.781593e-02
epoch 100/160: loss=2.747208e-03, drift=5.836145e-02
epoch 101/160: loss=2.725267e-03, drift=5.691616e-02
epoch 102/160: loss=2.807790e-03, drift=5.789812e-02
epoch 103/160: loss=2.824514e-03, drift=5.755648e-02
epoch 104/160: loss=2.679537e-03, drift=5.645278e-02
epoch 105/160: loss=2.884931e-03, drift=5.969034e-02
epoch 106/160: loss=2.862985e-03, drift=5.832715e-02
epoch 107/160: loss=2.790165e-03, drift=5.846838e-02
epoch 108/160: loss=2.842512e-03, drift=5.927417e-02
epoch 109/160: loss=2.960880e-03, drift=6.011544e-02
epoch 110/160: loss=2.863061e-03, drift=5.862161e-02
epoch 111/160: loss=2.900845e-03, drift=5.988189e-02
epoch 112/160: loss=2.732458e-03, drift=5.695107e-02
epoch 113/160: loss=2.762269e-03, drift=5.740697e-02
epoch 114/160: loss=2.720659e-03, drift=5.671079e-02
epoch 115/160: loss=2.756061e-03, drift=5.696328e-02
epoch 116/160: loss=2.779336e-03, drift=5.797932e-02
epoch 117/160: loss=2.713498e-03, drift=5.737659e-02
epoch 118/160: loss=2.743856e-03, drift=5.623748e-02
epoch 119/160: loss=2.703799e-03, drift=5.751821e-02
epoch 120/160: loss=2.708443e-03, drift=5.709129e-02
epoch 121/160: loss=2.757448e-03, drift=5.796146e-02
epoch 122/160: loss=2.885014e-03, drift=5.803899e-02
epoch 123/160: loss=2.790381e-03, drift=5.783762e-02
epoch 124/160: loss=2.760681e-03, drift=5.873779e-02
epoch 125/160: loss=2.793707e-03, drift=5.818033e-02
epoch 126/160: loss=2.796450e-03, drift=5.889010e-02
epoch 127/160: loss=2.713109e-03, drift=5.752729e-02
epoch 128/160: loss=2.712071e-03, drift=5.677590e-02
epoch 129/160: loss=2.664326e-03, drift=5.679324e-02
epoch 130/160: loss=2.869029e-03, drift=5.854460e-02
epoch 131/160: loss=2.767286e-03, drift=5.831017e-02
epoch 132/160: loss=2.890210e-03, drift=5.884498e-02
epoch 133/160: loss=2.694785e-03, drift=5.643252e-02
epoch 134/160: loss=2.730527e-03, drift=5.803163e-02
epoch 135/160: loss=2.766547e-03, drift=5.784115e-02
epoch 136/160: loss=2.755491e-03, drift=5.748819e-02
epoch 137/160: loss=2.848440e-03, drift=5.887241e-02
epoch 138/160: loss=2.619543e-03, drift=5.642475e-02
epoch 139/160: loss=2.740738e-03, drift=5.785492e-02
epoch 140/160: loss=2.798627e-03, drift=5.872322e-02
epoch 141/160: loss=2.719470e-03, drift=5.724511e-02
epoch 142/160: loss=2.889707e-03, drift=5.891671e-02
epoch 143/160: loss=2.646029e-03, drift=5.768811e-02
epoch 144/160: loss=2.821408e-03, drift=5.881356e-02
epoch 145/160: loss=2.705531e-03, drift=5.669887e-02
epoch 146/160: loss=2.724450e-03, drift=5.761673e-02
epoch 147/160: loss=2.814873e-03, drift=5.802786e-02
epoch 148/160: loss=2.748477e-03, drift=5.746254e-02
epoch 149/160: loss=2.823692e-03, drift=5.951910e-02
epoch 150/160: loss=2.737957e-03, drift=5.777601e-02
epoch 151/160: loss=2.802289e-03, drift=5.864114e-02
epoch 152/160: loss=2.888398e-03, drift=5.934231e-02
epoch 153/160: loss=2.795897e-03, drift=5.798163e-02
epoch 154/160: loss=2.814490e-03, drift=5.863422e-02
epoch 155/160: loss=2.716946e-03, drift=5.730970e-02
epoch 156/160: loss=2.750929e-03, drift=5.730805e-02
epoch 157/160: loss=2.746220e-03, drift=5.762307e-02
epoch 158/160: loss=2.686999e-03, drift=5.741344e-02
epoch 159/160: loss=2.811994e-03, drift=5.815209e-02
epoch 160/160: loss=2.726108e-03, drift=5.710825e-02
{
  "checkpoint": "/home/entropy/GitHub/conditional_drifting_models/weights/channel_implants/optfib/optfib2_drifting_residual_none_euclidean_cond0_targ1_cbwauto_tbwauto_k32_radauto_mix0p5_raw_ac0_at0_ak16_emb0_seed7.pt",
  "summary": "/home/entropy/GitHub/conditional_drifting_models/weights/channel_implants/optfib/optfib2_drifting_residual_none_euclidean_cond0_targ1_cbwauto_tbwauto_k32_radauto_mix0p5_raw_ac0_at0_ak16_emb0_seed7.json"
}
