epoch 1/160: loss=3.223628e-03, drift=7.099672e-02
epoch 2/160: loss=3.020243e-03, drift=6.845163e-02
epoch 3/160: loss=2.674901e-03, drift=6.481205e-02
epoch 4/160: loss=2.923681e-03, drift=6.749017e-02
epoch 5/160: loss=2.756529e-03, drift=6.565419e-02
epoch 6/160: loss=3.013435e-03, drift=6.871779e-02
epoch 7/160: loss=2.862539e-03, drift=6.637942e-02
epoch 8/160: loss=2.942679e-03, drift=6.723445e-02
epoch 9/160: loss=2.926650e-03, drift=6.759238e-02
epoch 10/160: loss=3.113397e-03, drift=6.906499e-02
epoch 11/160: loss=3.096443e-03, drift=6.854822e-02
epoch 12/160: loss=3.037800e-03, drift=6.829361e-02
epoch 13/160: loss=2.827581e-03, drift=6.616873e-02
epoch 14/160: loss=3.063844e-03, drift=6.924343e-02
epoch 15/160: loss=2.989974e-03, drift=6.821944e-02
epoch 16/160: loss=2.910242e-03, drift=6.655988e-02
epoch 17/160: loss=3.064801e-03, drift=6.849247e-02
epoch 18/160: loss=3.114239e-03, drift=6.954979e-02
epoch 19/160: loss=3.167422e-03, drift=7.013684e-02
epoch 20/160: loss=3.032566e-03, drift=6.803812e-02
epoch 21/160: loss=2.958268e-03, drift=6.734188e-02
epoch 22/160: loss=2.985579e-03, drift=6.772671e-02
epoch 23/160: loss=3.067364e-03, drift=6.874416e-02
epoch 24/160: loss=2.923740e-03, drift=6.760351e-02
epoch 25/160: loss=3.113341e-03, drift=6.965965e-02
epoch 26/160: loss=2.941704e-03, drift=6.738523e-02
epoch 27/160: loss=2.967345e-03, drift=6.753483e-02
epoch 28/160: loss=2.849195e-03, drift=6.577551e-02
epoch 29/160: loss=2.862053e-03, drift=6.692985e-02
epoch 30/160: loss=2.911321e-03, drift=6.723636e-02
epoch 31/160: loss=2.912524e-03, drift=6.720579e-02
epoch 32/160: loss=3.068479e-03, drift=6.873067e-02
epoch 33/160: loss=3.001514e-03, drift=6.763795e-02
epoch 34/160: loss=2.781621e-03, drift=6.517808e-02
epoch 35/160: loss=2.756315e-03, drift=6.465600e-02
epoch 36/160: loss=2.884621e-03, drift=6.684473e-02
epoch 37/160: loss=2.767241e-03, drift=6.595328e-02
epoch 38/160: loss=3.014605e-03, drift=6.876479e-02
epoch 39/160: loss=3.122878e-03, drift=6.935288e-02
epoch 40/160: loss=2.934262e-03, drift=6.745111e-02
epoch 41/160: loss=2.955956e-03, drift=6.731641e-02
epoch 42/160: loss=2.903896e-03, drift=6.717612e-02
epoch 43/160: loss=2.847491e-03, drift=6.642992e-02
epoch 44/160: loss=3.022986e-03, drift=6.868680e-02
epoch 45/160: loss=2.926178e-03, drift=6.741445e-02
epoch 46/160: loss=2.702060e-03, drift=6.470633e-02
epoch 47/160: loss=2.957368e-03, drift=6.853761e-02
epoch 48/160: loss=2.866562e-03, drift=6.647039e-02
epoch 49/160: loss=3.150473e-03, drift=7.015096e-02
epoch 50/160: loss=2.940429e-03, drift=6.750376e-02
epoch 51/160: loss=2.852520e-03, drift=6.622724e-02
epoch 52/160: loss=2.847271e-03, drift=6.663863e-02
epoch 53/160: loss=2.736240e-03, drift=6.515410e-02
epoch 54/160: loss=2.748356e-03, drift=6.551327e-02
epoch 55/160: loss=2.812293e-03, drift=6.568189e-02
epoch 56/160: loss=2.887720e-03, drift=6.701184e-02
epoch 57/160: loss=2.815354e-03, drift=6.586234e-02
epoch 58/160: loss=2.830579e-03, drift=6.633904e-02
epoch 59/160: loss=2.896120e-03, drift=6.732958e-02
epoch 60/160: loss=2.791741e-03, drift=6.552869e-02
epoch 61/160: loss=2.806454e-03, drift=6.583613e-02
epoch 62/160: loss=2.799640e-03, drift=6.573309e-02
epoch 63/160: loss=2.913075e-03, drift=6.720739e-02
epoch 64/160: loss=2.806209e-03, drift=6.514878e-02
epoch 65/160: loss=2.622281e-03, drift=6.364763e-02
epoch 66/160: loss=2.995961e-03, drift=6.835331e-02
epoch 67/160: loss=3.029594e-03, drift=6.822767e-02
epoch 68/160: loss=3.028027e-03, drift=6.907467e-02
epoch 69/160: loss=2.809659e-03, drift=6.613813e-02
epoch 70/160: loss=2.868774e-03, drift=6.677709e-02
epoch 71/160: loss=2.800863e-03, drift=6.567100e-02
epoch 72/160: loss=2.881329e-03, drift=6.669861e-02
epoch 73/160: loss=2.675853e-03, drift=6.459475e-02
epoch 74/160: loss=2.936672e-03, drift=6.708620e-02
epoch 75/160: loss=2.817675e-03, drift=6.609817e-02
epoch 76/160: loss=2.996125e-03, drift=6.831430e-02
epoch 77/160: loss=2.880643e-03, drift=6.678979e-02
epoch 78/160: loss=2.845467e-03, drift=6.585069e-02
epoch 79/160: loss=2.816606e-03, drift=6.560817e-02
epoch 80/160: loss=2.984003e-03, drift=6.855841e-02
epoch 81/160: loss=2.680464e-03, drift=6.439199e-02
epoch 82/160: loss=2.676894e-03, drift=6.457107e-02
epoch 83/160: loss=2.831423e-03, drift=6.583348e-02
epoch 84/160: loss=2.772270e-03, drift=6.555199e-02
epoch 85/160: loss=2.727767e-03, drift=6.491999e-02
epoch 86/160: loss=2.861491e-03, drift=6.669957e-02
epoch 87/160: loss=2.797428e-03, drift=6.611622e-02
epoch 88/160: loss=2.812068e-03, drift=6.618706e-02
epoch 89/160: loss=2.824274e-03, drift=6.640850e-02
epoch 90/160: loss=2.763203e-03, drift=6.544168e-02
epoch 91/160: loss=2.838339e-03, drift=6.669834e-02
epoch 92/160: loss=2.920918e-03, drift=6.810468e-02
epoch 93/160: loss=2.788486e-03, drift=6.554294e-02
epoch 94/160: loss=2.653849e-03, drift=6.425817e-02
epoch 95/160: loss=2.888839e-03, drift=6.718053e-02
epoch 96/160: loss=2.812560e-03, drift=6.561788e-02
epoch 97/160: loss=3.044186e-03, drift=6.879999e-02
epoch 98/160: loss=2.883821e-03, drift=6.694584e-02
epoch 99/160: loss=2.813778e-03, drift=6.628051e-02
epoch 100/160: loss=2.724750e-03, drift=6.531780e-02
epoch 101/160: loss=2.745247e-03, drift=6.500996e-02
epoch 102/160: loss=2.976206e-03, drift=6.825900e-02
epoch 103/160: loss=2.652515e-03, drift=6.444753e-02
epoch 104/160: loss=2.826605e-03, drift=6.617828e-02
epoch 105/160: loss=2.997062e-03, drift=6.886416e-02
epoch 106/160: loss=2.864228e-03, drift=6.703293e-02
epoch 107/160: loss=2.876600e-03, drift=6.698256e-02
epoch 108/160: loss=2.861767e-03, drift=6.663096e-02
epoch 109/160: loss=3.153457e-03, drift=7.013534e-02
epoch 110/160: loss=2.669379e-03, drift=6.419935e-02
epoch 111/160: loss=2.971712e-03, drift=6.801904e-02
epoch 112/160: loss=2.628015e-03, drift=6.359727e-02
epoch 113/160: loss=2.757401e-03, drift=6.561152e-02
epoch 114/160: loss=2.742148e-03, drift=6.468074e-02
epoch 115/160: loss=2.872412e-03, drift=6.687092e-02
epoch 116/160: loss=2.642157e-03, drift=6.358864e-02
epoch 117/160: loss=2.716926e-03, drift=6.500187e-02
epoch 118/160: loss=2.805387e-03, drift=6.579595e-02
epoch 119/160: loss=2.730106e-03, drift=6.509145e-02
epoch 120/160: loss=2.774174e-03, drift=6.552367e-02
epoch 121/160: loss=2.907676e-03, drift=6.751897e-02
epoch 122/160: loss=2.875873e-03, drift=6.683088e-02
epoch 123/160: loss=2.854968e-03, drift=6.653938e-02
epoch 124/160: loss=2.738611e-03, drift=6.530531e-02
epoch 125/160: loss=2.841156e-03, drift=6.607163e-02
epoch 126/160: loss=2.896535e-03, drift=6.673831e-02
epoch 127/160: loss=2.799359e-03, drift=6.679911e-02
epoch 128/160: loss=2.762427e-03, drift=6.531816e-02
epoch 129/160: loss=2.812384e-03, drift=6.677121e-02
epoch 130/160: loss=2.810385e-03, drift=6.635388e-02
epoch 131/160: loss=2.789045e-03, drift=6.629991e-02
epoch 132/160: loss=2.840296e-03, drift=6.625203e-02
epoch 133/160: loss=2.799536e-03, drift=6.547923e-02
epoch 134/160: loss=2.863140e-03, drift=6.655549e-02
epoch 135/160: loss=2.949410e-03, drift=6.782090e-02
epoch 136/160: loss=2.741237e-03, drift=6.532284e-02
epoch 137/160: loss=2.748998e-03, drift=6.529830e-02
epoch 138/160: loss=2.684063e-03, drift=6.512301e-02
epoch 139/160: loss=2.640710e-03, drift=6.403870e-02
epoch 140/160: loss=2.896467e-03, drift=6.669190e-02
epoch 141/160: loss=2.803816e-03, drift=6.640535e-02
epoch 142/160: loss=2.830320e-03, drift=6.604195e-02
epoch 143/160: loss=2.826814e-03, drift=6.669808e-02
epoch 144/160: loss=2.741096e-03, drift=6.508378e-02
epoch 145/160: loss=2.685343e-03, drift=6.413285e-02
epoch 146/160: loss=2.716379e-03, drift=6.502538e-02
epoch 147/160: loss=2.917160e-03, drift=6.683813e-02
epoch 148/160: loss=2.682613e-03, drift=6.474817e-02
epoch 149/160: loss=2.908453e-03, drift=6.727760e-02
epoch 150/160: loss=2.834549e-03, drift=6.619548e-02
epoch 151/160: loss=3.090449e-03, drift=6.867624e-02
epoch 152/160: loss=2.837626e-03, drift=6.653833e-02
epoch 153/160: loss=2.927751e-03, drift=6.756569e-02
epoch 154/160: loss=2.901466e-03, drift=6.681396e-02
epoch 155/160: loss=2.843411e-03, drift=6.623851e-02
epoch 156/160: loss=3.102402e-03, drift=6.983672e-02
epoch 157/160: loss=2.864717e-03, drift=6.607523e-02
epoch 158/160: loss=2.805790e-03, drift=6.614798e-02
epoch 159/160: loss=2.670742e-03, drift=6.436748e-02
epoch 160/160: loss=2.718552e-03, drift=6.513938e-02
{
  "checkpoint": "/home/entropy/GitHub/conditional_drifting_models/weights/channel_implants/optfib/optfib2_drifting_direct_mixture_euclidean_cond0p5_targ1_cbwauto_tbwauto_k32_radauto_mix0p5_raw_ac0_at0_ak16_emb0_seed7.pt",
  "summary": "/home/entropy/GitHub/conditional_drifting_models/weights/channel_implants/optfib/optfib2_drifting_direct_mixture_euclidean_cond0p5_targ1_cbwauto_tbwauto_k32_radauto_mix0p5_raw_ac0_at0_ak16_emb0_seed7.json"
}
