epoch 1/160: loss=3.192924e-03, drift=7.002500e-02
epoch 2/160: loss=3.000074e-03, drift=6.771150e-02
epoch 3/160: loss=2.813041e-03, drift=6.556757e-02
epoch 4/160: loss=3.169724e-03, drift=6.927160e-02
epoch 5/160: loss=3.347127e-03, drift=6.981823e-02
epoch 6/160: loss=3.817413e-03, drift=7.335279e-02
epoch 7/160: loss=3.736331e-03, drift=7.135904e-02
epoch 8/160: loss=3.742558e-03, drift=7.177035e-02
epoch 9/160: loss=3.740295e-03, drift=7.284105e-02
epoch 10/160: loss=3.804736e-03, drift=7.299005e-02
epoch 11/160: loss=3.835288e-03, drift=7.321527e-02
epoch 12/160: loss=3.721172e-03, drift=7.204199e-02
epoch 13/160: loss=3.528538e-03, drift=7.039935e-02
epoch 14/160: loss=3.729554e-03, drift=7.272579e-02
epoch 15/160: loss=3.632418e-03, drift=7.189946e-02
epoch 16/160: loss=3.586339e-03, drift=7.054909e-02
epoch 17/160: loss=3.657405e-03, drift=7.182717e-02
epoch 18/160: loss=3.850259e-03, drift=7.424006e-02
epoch 19/160: loss=3.804451e-03, drift=7.367237e-02
epoch 20/160: loss=3.599230e-03, drift=7.127885e-02
epoch 21/160: loss=3.651204e-03, drift=7.183727e-02
epoch 22/160: loss=3.709135e-03, drift=7.237815e-02
epoch 23/160: loss=3.672083e-03, drift=7.245733e-02
epoch 24/160: loss=3.517103e-03, drift=7.096333e-02
epoch 25/160: loss=3.723213e-03, drift=7.295245e-02
epoch 26/160: loss=3.553877e-03, drift=7.104592e-02
epoch 27/160: loss=3.522568e-03, drift=7.078369e-02
epoch 28/160: loss=3.482565e-03, drift=6.997461e-02
epoch 29/160: loss=3.463602e-03, drift=7.045610e-02
epoch 30/160: loss=3.505330e-03, drift=7.058971e-02
epoch 31/160: loss=3.584134e-03, drift=7.149587e-02
epoch 32/160: loss=3.675128e-03, drift=7.264897e-02
epoch 33/160: loss=3.577565e-03, drift=7.094039e-02
epoch 34/160: loss=3.450072e-03, drift=6.950463e-02
epoch 35/160: loss=3.483178e-03, drift=7.007118e-02
epoch 36/160: loss=3.520363e-03, drift=7.121681e-02
epoch 37/160: loss=3.367313e-03, drift=6.945775e-02
epoch 38/160: loss=3.648099e-03, drift=7.295770e-02
epoch 39/160: loss=3.667620e-03, drift=7.258324e-02
epoch 40/160: loss=3.560951e-03, drift=7.172237e-02
epoch 41/160: loss=3.467492e-03, drift=7.055757e-02
epoch 42/160: loss=3.526972e-03, drift=7.141342e-02
epoch 43/160: loss=3.529603e-03, drift=7.095596e-02
epoch 44/160: loss=3.606921e-03, drift=7.219773e-02
epoch 45/160: loss=3.456310e-03, drift=7.068166e-02
epoch 46/160: loss=3.336526e-03, drift=6.927593e-02
epoch 47/160: loss=3.499040e-03, drift=7.146564e-02
epoch 48/160: loss=3.488401e-03, drift=7.088441e-02
epoch 49/160: loss=3.739811e-03, drift=7.373628e-02
epoch 50/160: loss=3.533569e-03, drift=7.101131e-02
epoch 51/160: loss=3.477052e-03, drift=7.051445e-02
epoch 52/160: loss=3.371315e-03, drift=7.003396e-02
epoch 53/160: loss=3.333634e-03, drift=6.930496e-02
epoch 54/160: loss=3.290656e-03, drift=6.886767e-02
epoch 55/160: loss=3.422500e-03, drift=6.968727e-02
epoch 56/160: loss=3.560285e-03, drift=7.124966e-02
epoch 57/160: loss=3.526645e-03, drift=7.106201e-02
epoch 58/160: loss=3.348558e-03, drift=6.969850e-02
epoch 59/160: loss=3.514262e-03, drift=7.138694e-02
epoch 60/160: loss=3.423132e-03, drift=7.028679e-02
epoch 61/160: loss=3.430379e-03, drift=7.017070e-02
epoch 62/160: loss=3.387246e-03, drift=7.004283e-02
epoch 63/160: loss=3.554639e-03, drift=7.160887e-02
epoch 64/160: loss=3.391138e-03, drift=6.926677e-02
epoch 65/160: loss=3.186764e-03, drift=6.761286e-02
epoch 66/160: loss=3.627191e-03, drift=7.271873e-02
epoch 67/160: loss=3.553633e-03, drift=7.201125e-02
epoch 68/160: loss=3.579136e-03, drift=7.230728e-02
epoch 69/160: loss=3.438527e-03, drift=7.061756e-02
epoch 70/160: loss=3.526567e-03, drift=7.155460e-02
epoch 71/160: loss=3.414130e-03, drift=6.991852e-02
epoch 72/160: loss=3.509098e-03, drift=7.088600e-02
epoch 73/160: loss=3.319225e-03, drift=6.950613e-02
epoch 74/160: loss=3.531289e-03, drift=7.107400e-02
epoch 75/160: loss=3.385480e-03, drift=6.949416e-02
epoch 76/160: loss=3.563656e-03, drift=7.211460e-02
epoch 77/160: loss=3.475611e-03, drift=7.107322e-02
epoch 78/160: loss=3.417266e-03, drift=6.998632e-02
epoch 79/160: loss=3.441001e-03, drift=7.056188e-02
epoch 80/160: loss=3.524600e-03, drift=7.216869e-02
epoch 81/160: loss=3.302720e-03, drift=6.894622e-02
epoch 82/160: loss=3.245177e-03, drift=6.823379e-02
epoch 83/160: loss=3.507980e-03, drift=7.139823e-02
epoch 84/160: loss=3.439616e-03, drift=7.036973e-02
epoch 85/160: loss=3.371810e-03, drift=6.980125e-02
epoch 86/160: loss=3.444686e-03, drift=7.072118e-02
epoch 87/160: loss=3.409521e-03, drift=7.047234e-02
epoch 88/160: loss=3.450157e-03, drift=7.072544e-02
epoch 89/160: loss=3.371814e-03, drift=7.035897e-02
epoch 90/160: loss=3.439613e-03, drift=7.027550e-02
epoch 91/160: loss=3.469405e-03, drift=7.116606e-02
epoch 92/160: loss=3.520578e-03, drift=7.186413e-02
epoch 93/160: loss=3.400312e-03, drift=6.964134e-02
epoch 94/160: loss=3.347103e-03, drift=6.993111e-02
epoch 95/160: loss=3.497839e-03, drift=7.129055e-02
epoch 96/160: loss=3.412362e-03, drift=6.986794e-02
epoch 97/160: loss=3.581810e-03, drift=7.201241e-02
epoch 98/160: loss=3.470490e-03, drift=7.094235e-02
epoch 99/160: loss=3.406052e-03, drift=7.025836e-02
epoch 100/160: loss=3.282154e-03, drift=6.924308e-02
epoch 101/160: loss=3.370989e-03, drift=6.987170e-02
epoch 102/160: loss=3.523529e-03, drift=7.169441e-02
epoch 103/160: loss=3.312117e-03, drift=6.929106e-02
epoch 104/160: loss=3.416315e-03, drift=7.062388e-02
epoch 105/160: loss=3.529201e-03, drift=7.200570e-02
epoch 106/160: loss=3.497603e-03, drift=7.145001e-02
epoch 107/160: loss=3.474952e-03, drift=7.114171e-02
epoch 108/160: loss=3.467301e-03, drift=7.111000e-02
epoch 109/160: loss=3.704215e-03, drift=7.358397e-02
epoch 110/160: loss=3.279307e-03, drift=6.886085e-02
epoch 111/160: loss=3.549587e-03, drift=7.183092e-02
epoch 112/160: loss=3.271856e-03, drift=6.857982e-02
epoch 113/160: loss=3.315413e-03, drift=6.948488e-02
epoch 114/160: loss=3.370114e-03, drift=7.005252e-02
epoch 115/160: loss=3.519029e-03, drift=7.153232e-02
epoch 116/160: loss=3.243415e-03, drift=6.808739e-02
epoch 117/160: loss=3.294452e-03, drift=6.898407e-02
epoch 118/160: loss=3.487265e-03, drift=7.072341e-02
epoch 119/160: loss=3.364590e-03, drift=7.005114e-02
epoch 120/160: loss=3.382488e-03, drift=6.978965e-02
epoch 121/160: loss=3.429664e-03, drift=7.063480e-02
epoch 122/160: loss=3.399234e-03, drift=7.036545e-02
epoch 123/160: loss=3.428044e-03, drift=7.067245e-02
epoch 124/160: loss=3.377290e-03, drift=6.986099e-02
epoch 125/160: loss=3.413997e-03, drift=7.016312e-02
epoch 126/160: loss=3.425260e-03, drift=7.052304e-02
epoch 127/160: loss=3.374777e-03, drift=7.016895e-02
epoch 128/160: loss=3.339179e-03, drift=6.909431e-02
epoch 129/160: loss=3.300452e-03, drift=6.958952e-02
epoch 130/160: loss=3.475522e-03, drift=7.060828e-02
epoch 131/160: loss=3.371202e-03, drift=7.030452e-02
epoch 132/160: loss=3.477066e-03, drift=7.061925e-02
epoch 133/160: loss=3.410582e-03, drift=7.035075e-02
epoch 134/160: loss=3.519039e-03, drift=7.167651e-02
epoch 135/160: loss=3.441998e-03, drift=7.099845e-02
epoch 136/160: loss=3.410342e-03, drift=7.009286e-02
epoch 137/160: loss=3.402898e-03, drift=7.003485e-02
epoch 138/160: loss=3.261846e-03, drift=6.890893e-02
epoch 139/160: loss=3.249978e-03, drift=6.886817e-02
epoch 140/160: loss=3.507400e-03, drift=7.134787e-02
epoch 141/160: loss=3.490101e-03, drift=7.134988e-02
epoch 142/160: loss=3.410996e-03, drift=7.001261e-02
epoch 143/160: loss=3.312264e-03, drift=6.940050e-02
epoch 144/160: loss=3.335738e-03, drift=6.939831e-02
epoch 145/160: loss=3.368385e-03, drift=6.977534e-02
epoch 146/160: loss=3.259594e-03, drift=6.858237e-02
epoch 147/160: loss=3.468715e-03, drift=7.106622e-02
epoch 148/160: loss=3.294443e-03, drift=6.901950e-02
epoch 149/160: loss=3.403005e-03, drift=7.018414e-02
epoch 150/160: loss=3.429076e-03, drift=7.047251e-02
epoch 151/160: loss=3.659835e-03, drift=7.303344e-02
epoch 152/160: loss=3.420035e-03, drift=7.046262e-02
epoch 153/160: loss=3.478384e-03, drift=7.097516e-02
epoch 154/160: loss=3.492695e-03, drift=7.111963e-02
epoch 155/160: loss=3.461822e-03, drift=7.121612e-02
epoch 156/160: loss=3.656494e-03, drift=7.340604e-02
epoch 157/160: loss=3.472086e-03, drift=7.065845e-02
epoch 158/160: loss=3.410012e-03, drift=7.025302e-02
epoch 159/160: loss=3.308203e-03, drift=6.917516e-02
epoch 160/160: loss=3.308332e-03, drift=6.919514e-02
{
  "checkpoint": "/home/entropy/GitHub/conditional_drifting_models/weights/channel_implants/optfib/optfib2_drifting_direct_product_euclidean_cond0p5_targ1_cbwauto_tbwauto_k32_radauto_mix0p5_raw_ac0_at0_ak16_emb0_seed7.pt",
  "summary": "/home/entropy/GitHub/conditional_drifting_models/weights/channel_implants/optfib/optfib2_drifting_direct_product_euclidean_cond0p5_targ1_cbwauto_tbwauto_k32_radauto_mix0p5_raw_ac0_at0_ak16_emb0_seed7.json"
}
