epoch 1/160: loss=8.592311e-01, drift=1.188136e+00
epoch 2/160: loss=8.720201e-01, drift=1.199611e+00
epoch 3/160: loss=8.792253e-01, drift=1.206080e+00
epoch 4/160: loss=9.094383e-01, drift=1.227548e+00
epoch 5/160: loss=9.346466e-01, drift=1.249403e+00
epoch 6/160: loss=8.930338e-01, drift=1.212016e+00
epoch 7/160: loss=9.334642e-01, drift=1.245483e+00
epoch 8/160: loss=9.106749e-01, drift=1.233656e+00
epoch 9/160: loss=9.123782e-01, drift=1.229257e+00
epoch 10/160: loss=8.934996e-01, drift=1.213131e+00
epoch 11/160: loss=9.008643e-01, drift=1.226316e+00
epoch 12/160: loss=9.053233e-01, drift=1.223383e+00
epoch 13/160: loss=9.325267e-01, drift=1.244744e+00
epoch 14/160: loss=9.378311e-01, drift=1.249134e+00
epoch 15/160: loss=8.859970e-01, drift=1.209540e+00
epoch 16/160: loss=9.208830e-01, drift=1.231759e+00
epoch 17/160: loss=9.247120e-01, drift=1.240181e+00
epoch 18/160: loss=9.283832e-01, drift=1.245283e+00
epoch 19/160: loss=8.953129e-01, drift=1.218552e+00
epoch 20/160: loss=8.871884e-01, drift=1.214139e+00
epoch 21/160: loss=9.027135e-01, drift=1.225696e+00
epoch 22/160: loss=9.191175e-01, drift=1.235852e+00
epoch 23/160: loss=9.461973e-01, drift=1.252727e+00
epoch 24/160: loss=9.168984e-01, drift=1.234172e+00
epoch 25/160: loss=9.308506e-01, drift=1.240206e+00
epoch 26/160: loss=8.972149e-01, drift=1.220392e+00
epoch 27/160: loss=9.151730e-01, drift=1.233465e+00
epoch 28/160: loss=9.189866e-01, drift=1.237469e+00
epoch 29/160: loss=8.817094e-01, drift=1.203401e+00
epoch 30/160: loss=9.283005e-01, drift=1.244884e+00
epoch 31/160: loss=9.238444e-01, drift=1.236755e+00
epoch 32/160: loss=9.503594e-01, drift=1.261300e+00
epoch 33/160: loss=9.039136e-01, drift=1.225600e+00
epoch 34/160: loss=8.686257e-01, drift=1.195157e+00
epoch 35/160: loss=9.202552e-01, drift=1.239213e+00
epoch 36/160: loss=9.903929e-01, drift=1.286678e+00
epoch 37/160: loss=9.141849e-01, drift=1.231924e+00
epoch 38/160: loss=8.849216e-01, drift=1.205143e+00
epoch 39/160: loss=9.414463e-01, drift=1.256734e+00
epoch 40/160: loss=9.548675e-01, drift=1.261003e+00
epoch 41/160: loss=8.966219e-01, drift=1.219740e+00
epoch 42/160: loss=9.493519e-01, drift=1.263907e+00
epoch 43/160: loss=8.920192e-01, drift=1.217131e+00
epoch 44/160: loss=8.964348e-01, drift=1.220200e+00
epoch 45/160: loss=9.446673e-01, drift=1.258456e+00
epoch 46/160: loss=9.159665e-01, drift=1.233202e+00
epoch 47/160: loss=8.894480e-01, drift=1.213636e+00
epoch 48/160: loss=8.967448e-01, drift=1.216923e+00
epoch 49/160: loss=9.099128e-01, drift=1.230019e+00
epoch 50/160: loss=9.412412e-01, drift=1.251301e+00
epoch 51/160: loss=8.984975e-01, drift=1.219172e+00
epoch 52/160: loss=9.192786e-01, drift=1.234676e+00
epoch 53/160: loss=9.493569e-01, drift=1.257961e+00
epoch 54/160: loss=8.971854e-01, drift=1.216479e+00
epoch 55/160: loss=9.004662e-01, drift=1.219875e+00
epoch 56/160: loss=8.653055e-01, drift=1.194023e+00
epoch 57/160: loss=9.112140e-01, drift=1.226773e+00
epoch 58/160: loss=8.860542e-01, drift=1.213674e+00
epoch 59/160: loss=8.899626e-01, drift=1.212427e+00
epoch 60/160: loss=9.110231e-01, drift=1.228183e+00
epoch 61/160: loss=9.216694e-01, drift=1.238485e+00
epoch 62/160: loss=8.967327e-01, drift=1.221830e+00
epoch 63/160: loss=8.657670e-01, drift=1.197555e+00
epoch 64/160: loss=9.537655e-01, drift=1.260442e+00
epoch 65/160: loss=8.887471e-01, drift=1.211538e+00
epoch 66/160: loss=8.701602e-01, drift=1.198292e+00
epoch 67/160: loss=9.146118e-01, drift=1.233068e+00
epoch 68/160: loss=8.851897e-01, drift=1.211566e+00
epoch 69/160: loss=9.341639e-01, drift=1.251446e+00
epoch 70/160: loss=9.216504e-01, drift=1.235544e+00
epoch 71/160: loss=9.017405e-01, drift=1.221345e+00
epoch 72/160: loss=8.918637e-01, drift=1.211787e+00
epoch 73/160: loss=8.849022e-01, drift=1.211398e+00
epoch 74/160: loss=8.698604e-01, drift=1.194031e+00
epoch 75/160: loss=8.940921e-01, drift=1.217366e+00
epoch 76/160: loss=9.013962e-01, drift=1.221611e+00
epoch 77/160: loss=9.433224e-01, drift=1.256399e+00
epoch 78/160: loss=8.806217e-01, drift=1.207947e+00
epoch 79/160: loss=9.276736e-01, drift=1.244181e+00
epoch 80/160: loss=9.140012e-01, drift=1.232837e+00
epoch 81/160: loss=9.029469e-01, drift=1.225784e+00
epoch 82/160: loss=9.352765e-01, drift=1.248023e+00
epoch 83/160: loss=8.886208e-01, drift=1.207620e+00
epoch 84/160: loss=9.069297e-01, drift=1.223596e+00
epoch 85/160: loss=9.166453e-01, drift=1.233522e+00
epoch 86/160: loss=8.865430e-01, drift=1.213817e+00
epoch 87/160: loss=9.160015e-01, drift=1.235393e+00
epoch 88/160: loss=9.116801e-01, drift=1.230966e+00
epoch 89/160: loss=8.918650e-01, drift=1.213651e+00
epoch 90/160: loss=9.154141e-01, drift=1.235939e+00
epoch 91/160: loss=9.253783e-01, drift=1.241957e+00
epoch 92/160: loss=9.051710e-01, drift=1.228286e+00
epoch 93/160: loss=9.226575e-01, drift=1.241072e+00
epoch 94/160: loss=8.951785e-01, drift=1.217088e+00
epoch 95/160: loss=9.396626e-01, drift=1.252996e+00
epoch 96/160: loss=9.191056e-01, drift=1.238329e+00
epoch 97/160: loss=9.116935e-01, drift=1.228243e+00
epoch 98/160: loss=9.107880e-01, drift=1.228118e+00
epoch 99/160: loss=9.183761e-01, drift=1.238803e+00
epoch 100/160: loss=8.743587e-01, drift=1.200877e+00
epoch 101/160: loss=8.832492e-01, drift=1.205994e+00
epoch 102/160: loss=9.099543e-01, drift=1.226419e+00
epoch 103/160: loss=9.012195e-01, drift=1.227537e+00
epoch 104/160: loss=8.910562e-01, drift=1.214263e+00
epoch 105/160: loss=9.115028e-01, drift=1.229834e+00
epoch 106/160: loss=9.235041e-01, drift=1.237931e+00
epoch 107/160: loss=8.742771e-01, drift=1.197676e+00
epoch 108/160: loss=9.050061e-01, drift=1.223584e+00
epoch 109/160: loss=9.131056e-01, drift=1.230789e+00
epoch 110/160: loss=8.525770e-01, drift=1.181120e+00
epoch 111/160: loss=9.239888e-01, drift=1.241187e+00
epoch 112/160: loss=8.448349e-01, drift=1.179554e+00
epoch 113/160: loss=9.384055e-01, drift=1.254335e+00
epoch 114/160: loss=9.405998e-01, drift=1.258059e+00
epoch 115/160: loss=8.877095e-01, drift=1.209761e+00
epoch 116/160: loss=9.169253e-01, drift=1.238231e+00
epoch 117/160: loss=9.292304e-01, drift=1.245190e+00
epoch 118/160: loss=8.996040e-01, drift=1.217353e+00
epoch 119/160: loss=8.896714e-01, drift=1.213146e+00
epoch 120/160: loss=9.172297e-01, drift=1.236269e+00
epoch 121/160: loss=8.813239e-01, drift=1.209428e+00
epoch 122/160: loss=9.272450e-01, drift=1.237934e+00
epoch 123/160: loss=9.218326e-01, drift=1.240000e+00
epoch 124/160: loss=8.621329e-01, drift=1.189166e+00
epoch 125/160: loss=9.194675e-01, drift=1.234460e+00
epoch 126/160: loss=8.847130e-01, drift=1.212632e+00
epoch 127/160: loss=9.069649e-01, drift=1.223934e+00
epoch 128/160: loss=9.107906e-01, drift=1.229536e+00
epoch 129/160: loss=9.176633e-01, drift=1.233785e+00
epoch 130/160: loss=9.167926e-01, drift=1.233010e+00
epoch 131/160: loss=9.033412e-01, drift=1.221900e+00
epoch 132/160: loss=8.688764e-01, drift=1.193048e+00
epoch 133/160: loss=8.897480e-01, drift=1.215218e+00
epoch 134/160: loss=8.572513e-01, drift=1.191469e+00
epoch 135/160: loss=9.093532e-01, drift=1.226637e+00
epoch 136/160: loss=9.300539e-01, drift=1.242944e+00
epoch 137/160: loss=9.043227e-01, drift=1.223700e+00
epoch 138/160: loss=9.344978e-01, drift=1.247754e+00
epoch 139/160: loss=9.157315e-01, drift=1.229898e+00
epoch 140/160: loss=9.289688e-01, drift=1.236412e+00
epoch 141/160: loss=8.805768e-01, drift=1.204323e+00
epoch 142/160: loss=9.345379e-01, drift=1.247772e+00
epoch 143/160: loss=9.190854e-01, drift=1.237937e+00
epoch 144/160: loss=9.115601e-01, drift=1.225598e+00
epoch 145/160: loss=8.946348e-01, drift=1.216901e+00
epoch 146/160: loss=9.297416e-01, drift=1.247799e+00
epoch 147/160: loss=9.090493e-01, drift=1.221040e+00
epoch 148/160: loss=9.450508e-01, drift=1.257927e+00
epoch 149/160: loss=9.244496e-01, drift=1.238244e+00
epoch 150/160: loss=8.930175e-01, drift=1.213192e+00
epoch 151/160: loss=8.990863e-01, drift=1.223042e+00
epoch 152/160: loss=9.103477e-01, drift=1.228394e+00
epoch 153/160: loss=8.948840e-01, drift=1.215136e+00
epoch 154/160: loss=8.990134e-01, drift=1.222802e+00
epoch 155/160: loss=9.056743e-01, drift=1.226425e+00
epoch 156/160: loss=9.554171e-01, drift=1.268103e+00
epoch 157/160: loss=8.838507e-01, drift=1.209903e+00
epoch 158/160: loss=8.855159e-01, drift=1.207950e+00
epoch 159/160: loss=8.661083e-01, drift=1.195766e+00
epoch 160/160: loss=8.793159e-01, drift=1.201823e+00
{
  "checkpoint": "/home/entropy/GitHub/conditional_drifting_models/weights/channel_implants/optfib/optfib2_drifting_residual_local_euclidean_cond0p25_targ1_cbwauto_tbwauto_k16_radauto_mix0p5_raw_ac0_at0_ak16_emb0_seed7.pt",
  "summary": "/home/entropy/GitHub/conditional_drifting_models/weights/channel_implants/optfib/optfib2_drifting_residual_local_euclidean_cond0p25_targ1_cbwauto_tbwauto_k16_radauto_mix0p5_raw_ac0_at0_ak16_emb0_seed7.json"
}
