diff epoch 1/30: loss=5.064138e-01, lr=1.000e-03
diff epoch 2/30: loss=4.470134e-01, lr=1.000e-03
diff epoch 3/30: loss=3.863240e-01, lr=1.000e-03
diff epoch 4/30: loss=3.452099e-01, lr=1.000e-03
diff epoch 5/30: loss=3.299451e-01, lr=1.000e-03
diff epoch 6/30: loss=3.230856e-01, lr=1.000e-03
diff epoch 7/30: loss=3.190989e-01, lr=1.000e-03
diff epoch 8/30: loss=3.182541e-01, lr=1.000e-03
diff epoch 9/30: loss=3.157732e-01, lr=1.000e-03
diff epoch 10/30: loss=3.150003e-01, lr=1.000e-03
diff epoch 11/30: loss=3.132110e-01, lr=1.000e-03
diff epoch 12/30: loss=3.106534e-01, lr=1.000e-03
diff epoch 13/30: loss=3.085575e-01, lr=1.000e-03
diff epoch 14/30: loss=3.060192e-01, lr=1.000e-03
diff epoch 15/30: loss=3.066537e-01, lr=1.000e-03
diff epoch 16/30: loss=3.069038e-01, lr=1.000e-03
diff epoch 17/30: loss=3.064064e-01, lr=1.000e-03
diff epoch 18/30: loss=3.060482e-01, lr=1.000e-03
diff epoch 19/30: loss=3.056498e-01, lr=1.000e-03
diff epoch 20/30: loss=3.053201e-01, lr=1.000e-03
diff epoch 21/30: loss=3.048534e-01, lr=1.000e-03
diff epoch 22/30: loss=3.052307e-01, lr=1.000e-03
diff epoch 23/30: loss=3.044847e-01, lr=1.000e-03
diff epoch 24/30: loss=3.054996e-01, lr=1.000e-03
diff epoch 25/30: loss=3.047707e-01, lr=1.000e-03
diff epoch 26/30: loss=3.044722e-01, lr=1.000e-03
diff epoch 27/30: loss=3.051268e-01, lr=1.000e-03
diff epoch 28/30: loss=3.051410e-01, lr=1.000e-03
diff epoch 29/30: loss=3.053563e-01, lr=1.000e-03
diff epoch 30/30: loss=3.042630e-01, lr=1.000e-03
{
  "checkpoint": "/home/entropy/GitHub/conditional_drifting_models/weights/channel_implants/optfib/optfib2_diffusion_residual_seed7.pt",
  "summary": "/home/entropy/GitHub/conditional_drifting_models/weights/channel_implants/optfib/optfib2_diffusion_residual_seed7.json"
}
