epoch 1/160: loss=3.873781e-03, drift=7.646753e-02
epoch 2/160: loss=3.648186e-03, drift=7.419744e-02
epoch 3/160: loss=3.523086e-03, drift=7.295676e-02
epoch 4/160: loss=3.717376e-03, drift=7.407215e-02
epoch 5/160: loss=3.894285e-03, drift=7.387301e-02
epoch 6/160: loss=4.237652e-03, drift=7.654341e-02
epoch 7/160: loss=4.069154e-03, drift=7.429121e-02
epoch 8/160: loss=4.045919e-03, drift=7.381275e-02
epoch 9/160: loss=3.885374e-03, drift=7.360851e-02
epoch 10/160: loss=4.047163e-03, drift=7.531741e-02
epoch 11/160: loss=4.162121e-03, drift=7.555792e-02
epoch 12/160: loss=3.946052e-03, drift=7.418377e-02
epoch 13/160: loss=3.947094e-03, drift=7.422370e-02
epoch 14/160: loss=4.043528e-03, drift=7.570340e-02
epoch 15/160: loss=3.822871e-03, drift=7.296522e-02
epoch 16/160: loss=3.820862e-03, drift=7.231464e-02
epoch 17/160: loss=3.810043e-03, drift=7.280189e-02
epoch 18/160: loss=4.064606e-03, drift=7.582098e-02
epoch 19/160: loss=4.066025e-03, drift=7.581847e-02
epoch 20/160: loss=3.833866e-03, drift=7.306122e-02
epoch 21/160: loss=3.845059e-03, drift=7.317713e-02
epoch 22/160: loss=3.885147e-03, drift=7.357537e-02
epoch 23/160: loss=3.880385e-03, drift=7.363946e-02
epoch 24/160: loss=3.934122e-03, drift=7.420740e-02
epoch 25/160: loss=3.913571e-03, drift=7.451475e-02
epoch 26/160: loss=3.721632e-03, drift=7.187508e-02
epoch 27/160: loss=3.913581e-03, drift=7.458971e-02
epoch 28/160: loss=3.643932e-03, drift=7.138748e-02
epoch 29/160: loss=3.753613e-03, drift=7.277338e-02
epoch 30/160: loss=3.830494e-03, drift=7.384994e-02
epoch 31/160: loss=3.813325e-03, drift=7.276159e-02
epoch 32/160: loss=3.970405e-03, drift=7.478104e-02
epoch 33/160: loss=3.852353e-03, drift=7.392367e-02
epoch 34/160: loss=3.749976e-03, drift=7.220063e-02
epoch 35/160: loss=3.883715e-03, drift=7.364119e-02
epoch 36/160: loss=3.817775e-03, drift=7.335764e-02
epoch 37/160: loss=3.857878e-03, drift=7.378120e-02
epoch 38/160: loss=3.893599e-03, drift=7.492170e-02
epoch 39/160: loss=3.792599e-03, drift=7.323445e-02
epoch 40/160: loss=3.805094e-03, drift=7.367739e-02
epoch 41/160: loss=3.848891e-03, drift=7.371585e-02
epoch 42/160: loss=3.733977e-03, drift=7.296674e-02
epoch 43/160: loss=3.669792e-03, drift=7.194985e-02
epoch 44/160: loss=3.782767e-03, drift=7.343934e-02
epoch 45/160: loss=3.817015e-03, drift=7.397945e-02
epoch 46/160: loss=3.570034e-03, drift=7.082701e-02
epoch 47/160: loss=3.948089e-03, drift=7.544284e-02
epoch 48/160: loss=3.819047e-03, drift=7.367916e-02
epoch 49/160: loss=4.075211e-03, drift=7.644646e-02
epoch 50/160: loss=3.838293e-03, drift=7.379335e-02
epoch 51/160: loss=3.793104e-03, drift=7.326021e-02
epoch 52/160: loss=3.638267e-03, drift=7.206625e-02
epoch 53/160: loss=3.611420e-03, drift=7.150349e-02
epoch 54/160: loss=3.663008e-03, drift=7.233491e-02
epoch 55/160: loss=3.783369e-03, drift=7.312659e-02
epoch 56/160: loss=3.742016e-03, drift=7.287639e-02
epoch 57/160: loss=3.740763e-03, drift=7.303114e-02
epoch 58/160: loss=3.699306e-03, drift=7.312780e-02
epoch 59/160: loss=3.842640e-03, drift=7.374661e-02
epoch 60/160: loss=3.575357e-03, drift=7.098178e-02
epoch 61/160: loss=3.861730e-03, drift=7.420110e-02
epoch 62/160: loss=3.773727e-03, drift=7.319015e-02
epoch 63/160: loss=3.775809e-03, drift=7.303924e-02
epoch 64/160: loss=3.703628e-03, drift=7.266417e-02
epoch 65/160: loss=3.521578e-03, drift=7.101849e-02
epoch 66/160: loss=3.898992e-03, drift=7.467758e-02
epoch 67/160: loss=3.866406e-03, drift=7.495780e-02
epoch 68/160: loss=3.816928e-03, drift=7.377567e-02
epoch 69/160: loss=3.655970e-03, drift=7.209568e-02
epoch 70/160: loss=3.688609e-03, drift=7.256373e-02
epoch 71/160: loss=3.697386e-03, drift=7.230337e-02
epoch 72/160: loss=3.849332e-03, drift=7.412111e-02
epoch 73/160: loss=3.614908e-03, drift=7.195456e-02
epoch 74/160: loss=3.745352e-03, drift=7.359411e-02
epoch 75/160: loss=3.767519e-03, drift=7.264679e-02
epoch 76/160: loss=3.847569e-03, drift=7.436065e-02
epoch 77/160: loss=3.721424e-03, drift=7.255809e-02
epoch 78/160: loss=3.825245e-03, drift=7.354981e-02
epoch 79/160: loss=3.630418e-03, drift=7.199269e-02
epoch 80/160: loss=3.727057e-03, drift=7.313350e-02
epoch 81/160: loss=3.687621e-03, drift=7.295239e-02
epoch 82/160: loss=3.564289e-03, drift=7.130430e-02
epoch 83/160: loss=3.581774e-03, drift=7.129581e-02
epoch 84/160: loss=3.763942e-03, drift=7.344759e-02
epoch 85/160: loss=3.685735e-03, drift=7.236575e-02
epoch 86/160: loss=3.772769e-03, drift=7.290028e-02
epoch 87/160: loss=3.686875e-03, drift=7.258917e-02
epoch 88/160: loss=3.664909e-03, drift=7.210327e-02
epoch 89/160: loss=3.623827e-03, drift=7.212042e-02
epoch 90/160: loss=3.517850e-03, drift=7.088767e-02
epoch 91/160: loss=3.647713e-03, drift=7.217567e-02
epoch 92/160: loss=3.814577e-03, drift=7.447355e-02
epoch 93/160: loss=3.767419e-03, drift=7.303548e-02
epoch 94/160: loss=3.720771e-03, drift=7.305340e-02
epoch 95/160: loss=3.803409e-03, drift=7.356144e-02
epoch 96/160: loss=3.699373e-03, drift=7.247485e-02
epoch 97/160: loss=3.703524e-03, drift=7.275326e-02
epoch 98/160: loss=3.713021e-03, drift=7.273822e-02
epoch 99/160: loss=3.668416e-03, drift=7.252436e-02
epoch 100/160: loss=3.665316e-03, drift=7.250609e-02
epoch 101/160: loss=3.609154e-03, drift=7.165574e-02
epoch 102/160: loss=3.657735e-03, drift=7.242178e-02
epoch 103/160: loss=3.626797e-03, drift=7.189499e-02
epoch 104/160: loss=3.685379e-03, drift=7.282349e-02
epoch 105/160: loss=3.775706e-03, drift=7.399065e-02
epoch 106/160: loss=3.739250e-03, drift=7.344011e-02
epoch 107/160: loss=3.706731e-03, drift=7.288175e-02
epoch 108/160: loss=3.921434e-03, drift=7.487820e-02
epoch 109/160: loss=3.964757e-03, drift=7.609376e-02
epoch 110/160: loss=3.565857e-03, drift=7.174212e-02
epoch 111/160: loss=3.851518e-03, drift=7.453032e-02
epoch 112/160: loss=3.560191e-03, drift=7.150759e-02
epoch 113/160: loss=3.686320e-03, drift=7.292189e-02
epoch 114/160: loss=3.523618e-03, drift=7.137961e-02
epoch 115/160: loss=3.716250e-03, drift=7.305113e-02
epoch 116/160: loss=3.514154e-03, drift=7.074480e-02
epoch 117/160: loss=3.539111e-03, drift=7.069074e-02
epoch 118/160: loss=3.748401e-03, drift=7.351881e-02
epoch 119/160: loss=3.573728e-03, drift=7.171206e-02
epoch 120/160: loss=3.660432e-03, drift=7.193851e-02
epoch 121/160: loss=3.742491e-03, drift=7.313156e-02
epoch 122/160: loss=3.651076e-03, drift=7.188065e-02
epoch 123/160: loss=3.804583e-03, drift=7.386042e-02
epoch 124/160: loss=3.473859e-03, drift=7.042949e-02
epoch 125/160: loss=3.748604e-03, drift=7.348175e-02
epoch 126/160: loss=3.758990e-03, drift=7.329947e-02
epoch 127/160: loss=3.638683e-03, drift=7.215998e-02
epoch 128/160: loss=3.587929e-03, drift=7.182182e-02
epoch 129/160: loss=3.719060e-03, drift=7.351550e-02
epoch 130/160: loss=3.568901e-03, drift=7.149732e-02
epoch 131/160: loss=3.636757e-03, drift=7.240946e-02
epoch 132/160: loss=3.724831e-03, drift=7.292080e-02
epoch 133/160: loss=3.657577e-03, drift=7.236174e-02
epoch 134/160: loss=3.609198e-03, drift=7.152473e-02
epoch 135/160: loss=3.809740e-03, drift=7.395235e-02
epoch 136/160: loss=3.629599e-03, drift=7.208803e-02
epoch 137/160: loss=3.695679e-03, drift=7.259876e-02
epoch 138/160: loss=3.629178e-03, drift=7.244637e-02
epoch 139/160: loss=3.608513e-03, drift=7.189694e-02
epoch 140/160: loss=3.633508e-03, drift=7.181263e-02
epoch 141/160: loss=3.792524e-03, drift=7.413056e-02
epoch 142/160: loss=3.517868e-03, drift=7.060516e-02
epoch 143/160: loss=3.638468e-03, drift=7.250488e-02
epoch 144/160: loss=3.557173e-03, drift=7.125342e-02
epoch 145/160: loss=3.659210e-03, drift=7.247793e-02
epoch 146/160: loss=3.476710e-03, drift=7.051419e-02
epoch 147/160: loss=3.763543e-03, drift=7.336751e-02
epoch 148/160: loss=3.606053e-03, drift=7.211432e-02
epoch 149/160: loss=3.946012e-03, drift=7.551215e-02
epoch 150/160: loss=3.659284e-03, drift=7.204856e-02
epoch 151/160: loss=3.864271e-03, drift=7.400216e-02
epoch 152/160: loss=3.753406e-03, drift=7.332605e-02
epoch 153/160: loss=3.693828e-03, drift=7.307990e-02
epoch 154/160: loss=3.783903e-03, drift=7.341815e-02
epoch 155/160: loss=3.685571e-03, drift=7.346266e-02
epoch 156/160: loss=3.894492e-03, drift=7.508499e-02
epoch 157/160: loss=3.785691e-03, drift=7.375480e-02
epoch 158/160: loss=3.604956e-03, drift=7.209721e-02
epoch 159/160: loss=3.630236e-03, drift=7.211836e-02
epoch 160/160: loss=3.603523e-03, drift=7.150310e-02
{
  "checkpoint": "/home/entropy/GitHub/conditional_drifting_models/weights/channel_implants/optfib/optfib2_drifting_direct_product_euclidean_cond0p5_targ1_cbwauto_tbwauto_k32_radauto_mix0p5_rawplusresidual_ac0_at0_ak16_emb0_seed7.pt",
  "summary": "/home/entropy/GitHub/conditional_drifting_models/weights/channel_implants/optfib/optfib2_drifting_direct_product_euclidean_cond0p5_targ1_cbwauto_tbwauto_k32_radauto_mix0p5_rawplusresidual_ac0_at0_ak16_emb0_seed7.json"
}
