epoch 1/160: loss=3.644034e-03, drift=7.546427e-02
epoch 2/160: loss=3.393442e-03, drift=7.260367e-02
epoch 3/160: loss=2.975243e-03, drift=6.843762e-02
epoch 4/160: loss=3.271519e-03, drift=7.169095e-02
epoch 5/160: loss=3.037266e-03, drift=6.898509e-02
epoch 6/160: loss=3.291462e-03, drift=7.197121e-02
epoch 7/160: loss=3.034351e-03, drift=6.871432e-02
epoch 8/160: loss=3.177426e-03, drift=7.053087e-02
epoch 9/160: loss=3.013031e-03, drift=6.910727e-02
epoch 10/160: loss=3.249212e-03, drift=7.107675e-02
epoch 11/160: loss=3.256588e-03, drift=7.105385e-02
epoch 12/160: loss=3.192118e-03, drift=7.055831e-02
epoch 13/160: loss=2.928175e-03, drift=6.746490e-02
epoch 14/160: loss=3.155287e-03, drift=7.086893e-02
epoch 15/160: loss=3.102955e-03, drift=7.016004e-02
epoch 16/160: loss=3.049821e-03, drift=6.888461e-02
epoch 17/160: loss=3.195013e-03, drift=7.075206e-02
epoch 18/160: loss=3.187738e-03, drift=7.109354e-02
epoch 19/160: loss=3.304370e-03, drift=7.193093e-02
epoch 20/160: loss=3.157441e-03, drift=7.003916e-02
epoch 21/160: loss=3.030917e-03, drift=6.872263e-02
epoch 22/160: loss=3.047406e-03, drift=6.894827e-02
epoch 23/160: loss=3.285274e-03, drift=7.181537e-02
epoch 24/160: loss=3.027573e-03, drift=6.926024e-02
epoch 25/160: loss=3.209078e-03, drift=7.091536e-02
epoch 26/160: loss=2.990888e-03, drift=6.788094e-02
epoch 27/160: loss=3.063889e-03, drift=6.908227e-02
epoch 28/160: loss=2.961859e-03, drift=6.759780e-02
epoch 29/160: loss=2.949738e-03, drift=6.865809e-02
epoch 30/160: loss=2.996507e-03, drift=6.867330e-02
epoch 31/160: loss=3.098787e-03, drift=7.015142e-02
epoch 32/160: loss=3.128917e-03, drift=7.032381e-02
epoch 33/160: loss=3.177142e-03, drift=7.051312e-02
epoch 34/160: loss=2.916548e-03, drift=6.768442e-02
epoch 35/160: loss=2.828762e-03, drift=6.580003e-02
epoch 36/160: loss=2.899058e-03, drift=6.719702e-02
epoch 37/160: loss=2.793743e-03, drift=6.671320e-02
epoch 38/160: loss=3.144232e-03, drift=7.079257e-02
epoch 39/160: loss=3.250266e-03, drift=7.104648e-02
epoch 40/160: loss=2.971584e-03, drift=6.860863e-02
epoch 41/160: loss=3.056818e-03, drift=6.930243e-02
epoch 42/160: loss=3.083157e-03, drift=6.927197e-02
epoch 43/160: loss=2.872052e-03, drift=6.656285e-02
epoch 44/160: loss=3.169252e-03, drift=7.037007e-02
epoch 45/160: loss=3.073738e-03, drift=7.028563e-02
epoch 46/160: loss=2.818519e-03, drift=6.647260e-02
epoch 47/160: loss=3.126742e-03, drift=7.076207e-02
epoch 48/160: loss=3.023667e-03, drift=6.870398e-02
epoch 49/160: loss=3.249838e-03, drift=7.156884e-02
epoch 50/160: loss=3.110088e-03, drift=7.016728e-02
epoch 51/160: loss=2.933797e-03, drift=6.746133e-02
epoch 52/160: loss=3.021715e-03, drift=6.911868e-02
epoch 53/160: loss=2.880081e-03, drift=6.722450e-02
epoch 54/160: loss=2.933518e-03, drift=6.797793e-02
epoch 55/160: loss=2.983512e-03, drift=6.724027e-02
epoch 56/160: loss=2.877590e-03, drift=6.751284e-02
epoch 57/160: loss=2.974133e-03, drift=6.800251e-02
epoch 58/160: loss=2.950640e-03, drift=6.815482e-02
epoch 59/160: loss=2.940004e-03, drift=6.861002e-02
epoch 60/160: loss=2.886244e-03, drift=6.655955e-02
epoch 61/160: loss=3.000623e-03, drift=6.864345e-02
epoch 62/160: loss=2.899855e-03, drift=6.721925e-02
epoch 63/160: loss=2.921693e-03, drift=6.774158e-02
epoch 64/160: loss=2.951635e-03, drift=6.778513e-02
epoch 65/160: loss=2.782255e-03, drift=6.576415e-02
epoch 66/160: loss=3.108668e-03, drift=6.978402e-02
epoch 67/160: loss=3.193581e-03, drift=6.995051e-02
epoch 68/160: loss=3.215725e-03, drift=7.146097e-02
epoch 69/160: loss=2.943928e-03, drift=6.772948e-02
epoch 70/160: loss=2.988656e-03, drift=6.866587e-02
epoch 71/160: loss=2.892073e-03, drift=6.709467e-02
epoch 72/160: loss=2.966069e-03, drift=6.810624e-02
epoch 73/160: loss=2.862920e-03, drift=6.698309e-02
epoch 74/160: loss=3.027394e-03, drift=6.836902e-02
epoch 75/160: loss=3.009037e-03, drift=6.876041e-02
epoch 76/160: loss=3.100071e-03, drift=6.968492e-02
epoch 77/160: loss=3.012028e-03, drift=6.907309e-02
epoch 78/160: loss=3.126685e-03, drift=6.957516e-02
epoch 79/160: loss=2.948008e-03, drift=6.786841e-02
epoch 80/160: loss=3.074898e-03, drift=6.954748e-02
epoch 81/160: loss=2.860794e-03, drift=6.674098e-02
epoch 82/160: loss=2.868083e-03, drift=6.717231e-02
epoch 83/160: loss=2.898778e-03, drift=6.696851e-02
epoch 84/160: loss=2.839712e-03, drift=6.672248e-02
epoch 85/160: loss=2.833473e-03, drift=6.676317e-02
epoch 86/160: loss=2.928589e-03, drift=6.800685e-02
epoch 87/160: loss=2.955793e-03, drift=6.822183e-02
epoch 88/160: loss=2.876445e-03, drift=6.704714e-02
epoch 89/160: loss=2.937315e-03, drift=6.784360e-02
epoch 90/160: loss=2.845679e-03, drift=6.707764e-02
epoch 91/160: loss=2.940821e-03, drift=6.750358e-02
epoch 92/160: loss=3.094224e-03, drift=7.003057e-02
epoch 93/160: loss=3.023672e-03, drift=6.821418e-02
epoch 94/160: loss=2.854148e-03, drift=6.673434e-02
epoch 95/160: loss=2.984110e-03, drift=6.792250e-02
epoch 96/160: loss=2.979741e-03, drift=6.753177e-02
epoch 97/160: loss=3.180012e-03, drift=7.078538e-02
epoch 98/160: loss=2.951950e-03, drift=6.792807e-02
epoch 99/160: loss=2.957823e-03, drift=6.788335e-02
epoch 100/160: loss=2.975223e-03, drift=6.783995e-02
epoch 101/160: loss=2.832036e-03, drift=6.615367e-02
epoch 102/160: loss=3.120694e-03, drift=7.009269e-02
epoch 103/160: loss=2.682860e-03, drift=6.495880e-02
epoch 104/160: loss=2.938910e-03, drift=6.821420e-02
epoch 105/160: loss=3.093122e-03, drift=6.987035e-02
epoch 106/160: loss=3.063484e-03, drift=6.968552e-02
epoch 107/160: loss=3.084343e-03, drift=6.975128e-02
epoch 108/160: loss=2.909062e-03, drift=6.715500e-02
epoch 109/160: loss=3.209622e-03, drift=7.054936e-02
epoch 110/160: loss=2.863208e-03, drift=6.676408e-02
epoch 111/160: loss=3.019849e-03, drift=6.846985e-02
epoch 112/160: loss=2.849028e-03, drift=6.637499e-02
epoch 113/160: loss=2.899736e-03, drift=6.712500e-02
epoch 114/160: loss=2.802799e-03, drift=6.571045e-02
epoch 115/160: loss=2.941203e-03, drift=6.765372e-02
epoch 116/160: loss=2.756056e-03, drift=6.518669e-02
epoch 117/160: loss=2.892923e-03, drift=6.713614e-02
epoch 118/160: loss=2.883531e-03, drift=6.619705e-02
epoch 119/160: loss=2.891854e-03, drift=6.748637e-02
epoch 120/160: loss=2.935528e-03, drift=6.810507e-02
epoch 121/160: loss=3.001698e-03, drift=6.871048e-02
epoch 122/160: loss=3.045798e-03, drift=6.876995e-02
epoch 123/160: loss=2.905430e-03, drift=6.765271e-02
epoch 124/160: loss=2.805811e-03, drift=6.600609e-02
epoch 125/160: loss=2.924505e-03, drift=6.778024e-02
epoch 126/160: loss=2.934111e-03, drift=6.772682e-02
epoch 127/160: loss=2.976848e-03, drift=6.834795e-02
epoch 128/160: loss=2.853472e-03, drift=6.695717e-02
epoch 129/160: loss=2.856705e-03, drift=6.682241e-02
epoch 130/160: loss=2.840688e-03, drift=6.717153e-02
epoch 131/160: loss=3.055717e-03, drift=6.928704e-02
epoch 132/160: loss=3.030887e-03, drift=6.886266e-02
epoch 133/160: loss=2.986655e-03, drift=6.794833e-02
epoch 134/160: loss=2.872827e-03, drift=6.654826e-02
epoch 135/160: loss=3.015352e-03, drift=6.850377e-02
epoch 136/160: loss=2.985399e-03, drift=6.841767e-02
epoch 137/160: loss=2.899493e-03, drift=6.699640e-02
epoch 138/160: loss=2.774457e-03, drift=6.557756e-02
epoch 139/160: loss=2.828912e-03, drift=6.648063e-02
epoch 140/160: loss=3.021438e-03, drift=6.867360e-02
epoch 141/160: loss=3.015209e-03, drift=6.876271e-02
epoch 142/160: loss=2.948463e-03, drift=6.727254e-02
epoch 143/160: loss=2.977341e-03, drift=6.904146e-02
epoch 144/160: loss=2.987909e-03, drift=6.761966e-02
epoch 145/160: loss=2.852184e-03, drift=6.622377e-02
epoch 146/160: loss=2.874129e-03, drift=6.706756e-02
epoch 147/160: loss=2.958623e-03, drift=6.790507e-02
epoch 148/160: loss=2.860413e-03, drift=6.680112e-02
epoch 149/160: loss=2.942176e-03, drift=6.764146e-02
epoch 150/160: loss=2.963415e-03, drift=6.780354e-02
epoch 151/160: loss=3.305468e-03, drift=7.141776e-02
epoch 152/160: loss=3.015563e-03, drift=6.844491e-02
epoch 153/160: loss=2.923263e-03, drift=6.762833e-02
epoch 154/160: loss=3.027224e-03, drift=6.904121e-02
epoch 155/160: loss=2.931550e-03, drift=6.815760e-02
epoch 156/160: loss=3.235436e-03, drift=7.113731e-02
epoch 157/160: loss=2.953803e-03, drift=6.717919e-02
epoch 158/160: loss=2.825517e-03, drift=6.623292e-02
epoch 159/160: loss=2.746852e-03, drift=6.565043e-02
epoch 160/160: loss=2.962910e-03, drift=6.777692e-02
{
  "checkpoint": "/home/entropy/GitHub/conditional_drifting_models/weights/channel_implants/optfib/optfib2_drifting_direct_joint_euclidean_cond0p5_targ1_cbwauto_tbwauto_k32_radauto_mix0p5_raw_ac0_at0_ak16_emb0_seed7.pt",
  "summary": "/home/entropy/GitHub/conditional_drifting_models/weights/channel_implants/optfib/optfib2_drifting_direct_joint_euclidean_cond0p5_targ1_cbwauto_tbwauto_k32_radauto_mix0p5_raw_ac0_at0_ak16_emb0_seed7.json"
}
