epoch 1/30: loss=1.675383e+00, train_ser=5.917000e-01, eval_ser=skipped
epoch 2/30: loss=1.106952e+00, train_ser=3.676060e-01, eval_ser=0.299450014308095
epoch 3/30: loss=1.021816e+00, train_ser=3.462990e-01, eval_ser=skipped
epoch 4/30: loss=9.823201e-01, train_ser=3.373840e-01, eval_ser=0.2732300120592117
epoch 5/30: loss=9.535717e-01, train_ser=3.292950e-01, eval_ser=skipped
epoch 6/30: loss=9.301665e-01, train_ser=3.265480e-01, eval_ser=0.29302001297473906
epoch 7/30: loss=9.175972e-01, train_ser=3.270320e-01, eval_ser=skipped
epoch 8/30: loss=8.997710e-01, train_ser=3.247940e-01, eval_ser=0.2647500117123127
epoch 9/30: loss=8.916500e-01, train_ser=3.261170e-01, eval_ser=skipped
epoch 10/30: loss=8.798563e-01, train_ser=3.223330e-01, eval_ser=0.2893100127577782
epoch 11/30: loss=8.728338e-01, train_ser=3.224460e-01, eval_ser=skipped
epoch 12/30: loss=8.626887e-01, train_ser=3.214960e-01, eval_ser=0.2790000122785568
epoch 13/30: loss=8.511367e-01, train_ser=3.186760e-01, eval_ser=skipped
epoch 14/30: loss=8.409520e-01, train_ser=3.176310e-01, eval_ser=0.27265001252293586
epoch 15/30: loss=7.757291e-01, train_ser=2.778660e-01, eval_ser=skipped
epoch 16/30: loss=7.374782e-01, train_ser=2.686100e-01, eval_ser=0.238330010920763
epoch 17/30: loss=7.074117e-01, train_ser=2.458490e-01, eval_ser=skipped
epoch 18/30: loss=6.608490e-01, train_ser=2.221270e-01, eval_ser=0.18855000887066126
epoch 19/30: loss=6.506366e-01, train_ser=2.205500e-01, eval_ser=skipped
epoch 20/30: loss=6.455194e-01, train_ser=2.201310e-01, eval_ser=0.1965400095283985
epoch 21/30: loss=6.401146e-01, train_ser=2.200570e-01, eval_ser=skipped
epoch 22/30: loss=6.340402e-01, train_ser=2.192610e-01, eval_ser=0.1838600080832839
epoch 23/30: loss=6.331235e-01, train_ser=2.216240e-01, eval_ser=skipped
epoch 24/30: loss=6.340528e-01, train_ser=2.232300e-01, eval_ser=0.17052000768482686
epoch 25/30: loss=6.204825e-01, train_ser=2.172500e-01, eval_ser=skipped
epoch 26/30: loss=6.231206e-01, train_ser=2.196150e-01, eval_ser=0.19172000866383315
epoch 27/30: loss=6.169699e-01, train_ser=2.171400e-01, eval_ser=skipped
epoch 28/30: loss=6.180701e-01, train_ser=2.174180e-01, eval_ser=0.165630007609725
epoch 29/30: loss=6.183596e-01, train_ser=2.187820e-01, eval_ser=skipped
epoch 30/30: loss=6.165637e-01, train_ser=2.179620e-01, eval_ser=0.19465000875294208
{
  "out_dir": "/home/entropy/GitHub/conditional_drifting_models/results/symbolic_optfib_fullbudget_20260324/wgan_to_analytic",
  "summary": "/home/entropy/GitHub/conditional_drifting_models/results/symbolic_optfib_fullbudget_20260324/wgan_to_analytic/summary.json"
}
