epoch 1/30: loss=1.728479e-01, train_ser=3.648500e-02, eval_ser=skipped
epoch 2/30: loss=1.448092e-03, train_ser=1.900000e-04, eval_ser=8.000000379979611e-05
epoch 3/30: loss=6.564286e-04, train_ser=1.280000e-04, eval_ser=skipped
epoch 4/30: loss=4.395711e-04, train_ser=1.090000e-04, eval_ser=0.00013000000617466868
epoch 5/30: loss=3.670116e-04, train_ser=1.030000e-04, eval_ser=skipped
epoch 6/30: loss=3.494491e-04, train_ser=9.500000e-05, eval_ser=5.0000002374872565e-05
epoch 7/30: loss=2.743358e-04, train_ser=8.900000e-05, eval_ser=skipped
epoch 8/30: loss=2.677838e-04, train_ser=8.800000e-05, eval_ser=6.0000002849847076e-05
epoch 9/30: loss=2.581367e-04, train_ser=9.100000e-05, eval_ser=skipped
epoch 10/30: loss=2.007474e-04, train_ser=6.400000e-05, eval_ser=7.000000332482159e-05
epoch 11/30: loss=1.999031e-04, train_ser=6.700000e-05, eval_ser=skipped
epoch 12/30: loss=2.335989e-04, train_ser=8.000000e-05, eval_ser=8.000000379979611e-05
epoch 13/30: loss=1.497179e-04, train_ser=4.500000e-05, eval_ser=skipped
epoch 14/30: loss=1.948198e-04, train_ser=6.300000e-05, eval_ser=4.0000001899898055e-05
epoch 15/30: loss=1.937329e-04, train_ser=5.900000e-05, eval_ser=skipped
epoch 16/30: loss=1.771348e-04, train_ser=6.200000e-05, eval_ser=0.00013000000617466868
epoch 17/30: loss=1.946147e-04, train_ser=7.000000e-05, eval_ser=skipped
epoch 18/30: loss=1.608830e-04, train_ser=5.400000e-05, eval_ser=4.0000001899898055e-05
epoch 19/30: loss=1.760042e-04, train_ser=5.900000e-05, eval_ser=skipped
epoch 20/30: loss=1.656220e-04, train_ser=5.200000e-05, eval_ser=4.0000001899898055e-05
epoch 21/30: loss=1.837889e-04, train_ser=6.200000e-05, eval_ser=skipped
epoch 22/30: loss=1.139358e-04, train_ser=4.200000e-05, eval_ser=4.0000001899898055e-05
epoch 23/30: loss=1.424336e-04, train_ser=4.900000e-05, eval_ser=skipped
epoch 24/30: loss=1.296842e-04, train_ser=3.800000e-05, eval_ser=4.0000001899898055e-05
epoch 25/30: loss=1.263448e-04, train_ser=4.600000e-05, eval_ser=skipped
epoch 26/30: loss=1.528352e-04, train_ser=5.300000e-05, eval_ser=5.0000002374872565e-05
epoch 27/30: loss=1.506148e-04, train_ser=5.000000e-05, eval_ser=skipped
epoch 28/30: loss=1.232603e-04, train_ser=4.700000e-05, eval_ser=5.0000002374872565e-05
epoch 29/30: loss=1.551176e-04, train_ser=4.700000e-05, eval_ser=skipped
epoch 30/30: loss=1.424666e-04, train_ser=5.000000e-05, eval_ser=0.00010000000474974513
{
  "out_dir": "/home/entropy/GitHub/conditional_drifting_models/results/symbolic_sspa_overnight_20260323_090436/analytic_to_analytic",
  "summary": "/home/entropy/GitHub/conditional_drifting_models/results/symbolic_sspa_overnight_20260323_090436/analytic_to_analytic/summary.json"
}
