epoch 1/30: loss=1.952552e-01, train_ser=4.539500e-02, eval_ser=skipped
epoch 2/30: loss=1.683998e-02, train_ser=4.673000e-03, eval_ser=0.0011000000510830432
epoch 3/30: loss=1.087259e-02, train_ser=3.062000e-03, eval_ser=skipped
epoch 4/30: loss=9.185312e-03, train_ser=2.609000e-03, eval_ser=0.0011200000473763794
epoch 5/30: loss=8.035157e-03, train_ser=2.264000e-03, eval_ser=skipped
epoch 6/30: loss=7.322972e-03, train_ser=2.128000e-03, eval_ser=0.001640000066254288
epoch 7/30: loss=6.551644e-03, train_ser=1.914000e-03, eval_ser=skipped
epoch 8/30: loss=6.234763e-03, train_ser=1.807000e-03, eval_ser=0.0017300000763498247
epoch 9/30: loss=6.118813e-03, train_ser=1.804000e-03, eval_ser=skipped
epoch 10/30: loss=5.474377e-03, train_ser=1.614000e-03, eval_ser=0.0024800001026596876
epoch 11/30: loss=5.362174e-03, train_ser=1.582000e-03, eval_ser=skipped
epoch 12/30: loss=5.285228e-03, train_ser=1.516000e-03, eval_ser=0.0025200001080520453
epoch 13/30: loss=4.723551e-03, train_ser=1.406000e-03, eval_ser=skipped
epoch 14/30: loss=4.961375e-03, train_ser=1.421000e-03, eval_ser=0.0012700000556651503
epoch 15/30: loss=4.932151e-03, train_ser=1.382000e-03, eval_ser=skipped
epoch 16/30: loss=4.551707e-03, train_ser=1.312000e-03, eval_ser=0.00135000005713664
epoch 17/30: loss=4.486554e-03, train_ser=1.271000e-03, eval_ser=skipped
epoch 18/30: loss=4.400861e-03, train_ser=1.246000e-03, eval_ser=0.0025500000989995895
epoch 19/30: loss=4.618557e-03, train_ser=1.304000e-03, eval_ser=skipped
epoch 20/30: loss=4.276212e-03, train_ser=1.218000e-03, eval_ser=0.0026000001025386155
epoch 21/30: loss=4.292736e-03, train_ser=1.216000e-03, eval_ser=skipped
epoch 22/30: loss=4.181988e-03, train_ser=1.243000e-03, eval_ser=0.0016500000678934157
epoch 23/30: loss=4.261155e-03, train_ser=1.214000e-03, eval_ser=skipped
epoch 24/30: loss=4.003331e-03, train_ser=1.180000e-03, eval_ser=0.0016500000655651093
epoch 25/30: loss=3.947604e-03, train_ser=1.200000e-03, eval_ser=skipped
epoch 26/30: loss=4.018566e-03, train_ser=1.128000e-03, eval_ser=0.001270000053336844
epoch 27/30: loss=3.779473e-03, train_ser=1.078000e-03, eval_ser=skipped
epoch 28/30: loss=3.745385e-03, train_ser=1.113000e-03, eval_ser=0.003010000109206885
epoch 29/30: loss=3.821380e-03, train_ser=1.136000e-03, eval_ser=skipped
epoch 30/30: loss=3.871592e-03, train_ser=1.093000e-03, eval_ser=0.0014900000649504363
{
  "out_dir": "/home/entropy/GitHub/conditional_drifting_models/results/symbolic_sspa_overnight_20260323_090436/diffusion_residual_to_analytic",
  "summary": "/home/entropy/GitHub/conditional_drifting_models/results/symbolic_sspa_overnight_20260323_090436/diffusion_residual_to_analytic/summary.json"
}
