epoch 1/30: loss=1.582694e-01, train_ser=3.170900e-02, eval_ser=skipped
epoch 2/30: loss=4.250767e-04, train_ser=2.000000e-05, eval_ser=0.0005100000242237001
epoch 3/30: loss=2.114670e-04, train_ser=2.900000e-05, eval_ser=skipped
epoch 4/30: loss=1.408308e-04, train_ser=3.500000e-05, eval_ser=0.0005100000242237001
epoch 5/30: loss=8.642222e-05, train_ser=2.200000e-05, eval_ser=skipped
epoch 6/30: loss=1.159743e-04, train_ser=3.100000e-05, eval_ser=0.0007500000332947821
epoch 7/30: loss=4.699542e-05, train_ser=9.000000e-06, eval_ser=skipped
epoch 8/30: loss=9.782685e-05, train_ser=2.800000e-05, eval_ser=0.0005600000265985727
epoch 9/30: loss=6.601335e-05, train_ser=2.400000e-05, eval_ser=skipped
epoch 10/30: loss=7.458241e-05, train_ser=2.200000e-05, eval_ser=0.0009600000444334
epoch 11/30: loss=4.383954e-05, train_ser=1.700000e-05, eval_ser=skipped
epoch 12/30: loss=6.591136e-05, train_ser=2.100000e-05, eval_ser=0.0009600000421050936
epoch 13/30: loss=6.290945e-05, train_ser=1.600000e-05, eval_ser=skipped
epoch 14/30: loss=8.188626e-05, train_ser=2.600000e-05, eval_ser=0.0008200000377837569
epoch 15/30: loss=2.437621e-05, train_ser=6.000000e-06, eval_ser=skipped
epoch 16/30: loss=8.538674e-05, train_ser=3.200000e-05, eval_ser=0.0009300000418443233
epoch 17/30: loss=2.187607e-05, train_ser=6.000000e-06, eval_ser=skipped
epoch 18/30: loss=1.000580e-04, train_ser=2.200000e-05, eval_ser=0.0011200000497046858
epoch 19/30: loss=3.570085e-05, train_ser=1.100000e-05, eval_ser=skipped
epoch 20/30: loss=1.036772e-04, train_ser=3.300000e-05, eval_ser=0.0014900000649504363
epoch 21/30: loss=5.918399e-06, train_ser=3.000000e-06, eval_ser=skipped
epoch 22/30: loss=7.488478e-07, train_ser=0.000000e+00, eval_ser=0.0007000000320840627
epoch 23/30: loss=3.767265e-05, train_ser=1.400000e-05, eval_ser=skipped
epoch 24/30: loss=7.631533e-05, train_ser=2.700000e-05, eval_ser=0.0007600000326056034
epoch 25/30: loss=5.698769e-05, train_ser=2.000000e-05, eval_ser=skipped
epoch 26/30: loss=6.416696e-05, train_ser=1.900000e-05, eval_ser=0.0007300000346731394
epoch 27/30: loss=1.732636e-06, train_ser=0.000000e+00, eval_ser=skipped
epoch 28/30: loss=1.011036e-04, train_ser=2.200000e-05, eval_ser=0.0007900000375229866
epoch 29/30: loss=2.519507e-05, train_ser=9.000000e-06, eval_ser=skipped
epoch 30/30: loss=3.737546e-05, train_ser=1.400000e-05, eval_ser=0.001390000059036538
{
  "out_dir": "/home/entropy/GitHub/conditional_drifting_models/results/symbolic_sspa_overnight_20260323_090436/wgan_to_analytic",
  "summary": "/home/entropy/GitHub/conditional_drifting_models/results/symbolic_sspa_overnight_20260323_090436/wgan_to_analytic/summary.json"
}
