epoch 1/60: loss=1.410112e-03, drift=1.008458e-01
epoch 2/60: loss=1.743318e-03, drift=1.143315e-01
epoch 3/60: loss=1.668324e-03, drift=1.118370e-01
epoch 4/60: loss=1.626193e-03, drift=1.112948e-01
epoch 5/60: loss=1.600219e-03, drift=1.098484e-01
epoch 6/60: loss=1.642958e-03, drift=1.111332e-01
epoch 7/60: loss=1.636606e-03, drift=1.109534e-01
epoch 8/60: loss=1.596814e-03, drift=1.097285e-01
epoch 9/60: loss=1.616985e-03, drift=1.100052e-01
epoch 10/60: loss=1.537713e-03, drift=1.076586e-01
epoch 11/60: loss=1.499013e-03, drift=1.060429e-01
epoch 12/60: loss=1.529141e-03, drift=1.071555e-01
epoch 13/60: loss=1.593535e-03, drift=1.092143e-01
epoch 14/60: loss=1.574714e-03, drift=1.085782e-01
epoch 15/60: loss=1.548542e-03, drift=1.079128e-01
epoch 16/60: loss=1.587795e-03, drift=1.095507e-01
epoch 17/60: loss=1.575653e-03, drift=1.089364e-01
epoch 18/60: loss=1.541405e-03, drift=1.076372e-01
epoch 19/60: loss=1.601454e-03, drift=1.095027e-01
epoch 20/60: loss=1.659145e-03, drift=1.115628e-01
epoch 21/60: loss=1.514907e-03, drift=1.067730e-01
epoch 22/60: loss=1.528499e-03, drift=1.073398e-01
epoch 23/60: loss=1.626072e-03, drift=1.102397e-01
epoch 24/60: loss=1.520914e-03, drift=1.069107e-01
epoch 25/60: loss=1.582351e-03, drift=1.091330e-01
epoch 26/60: loss=1.575096e-03, drift=1.091059e-01
epoch 27/60: loss=1.501187e-03, drift=1.061735e-01
epoch 28/60: loss=1.558013e-03, drift=1.081186e-01
epoch 29/60: loss=1.519761e-03, drift=1.071579e-01
epoch 30/60: loss=1.623317e-03, drift=1.105855e-01
epoch 31/60: loss=1.519801e-03, drift=1.069155e-01
epoch 32/60: loss=1.566248e-03, drift=1.086144e-01
epoch 33/60: loss=1.561693e-03, drift=1.083999e-01
epoch 34/60: loss=1.416686e-03, drift=1.032857e-01
epoch 35/60: loss=1.568799e-03, drift=1.083162e-01
epoch 36/60: loss=1.549386e-03, drift=1.079396e-01
epoch 37/60: loss=1.516455e-03, drift=1.066316e-01
epoch 38/60: loss=1.519682e-03, drift=1.062473e-01
epoch 39/60: loss=1.461336e-03, drift=1.044592e-01
epoch 40/60: loss=1.513790e-03, drift=1.063196e-01
epoch 41/60: loss=1.478322e-03, drift=1.053293e-01
epoch 42/60: loss=1.522070e-03, drift=1.072526e-01
epoch 43/60: loss=1.558338e-03, drift=1.081667e-01
epoch 44/60: loss=1.519770e-03, drift=1.065149e-01
epoch 45/60: loss=1.591914e-03, drift=1.094189e-01
epoch 46/60: loss=1.627343e-03, drift=1.108334e-01
epoch 47/60: loss=1.527022e-03, drift=1.072285e-01
epoch 48/60: loss=1.487530e-03, drift=1.059590e-01
epoch 49/60: loss=1.583020e-03, drift=1.092414e-01
epoch 50/60: loss=1.505049e-03, drift=1.062546e-01
epoch 51/60: loss=1.501931e-03, drift=1.061258e-01
epoch 52/60: loss=1.529955e-03, drift=1.073183e-01
epoch 53/60: loss=1.452777e-03, drift=1.044540e-01
epoch 54/60: loss=1.541641e-03, drift=1.076955e-01
epoch 55/60: loss=1.512955e-03, drift=1.069868e-01
epoch 56/60: loss=1.479753e-03, drift=1.050422e-01
epoch 57/60: loss=1.522734e-03, drift=1.068940e-01
epoch 58/60: loss=1.567660e-03, drift=1.085490e-01
epoch 59/60: loss=1.547380e-03, drift=1.078902e-01
epoch 60/60: loss=1.627500e-03, drift=1.102813e-01
{
  "checkpoint": "/home/entropy/GitHub/conditional_drifting_models/weights/channel_implants/sspa/sspa8_drifting_residual_product_euclidean_cond0p25_targ1_cbwauto_tbwauto_k32_radauto_mix0p5_raw_ac0_at0_ak16_emb0_seed7.pt",
  "summary": "/home/entropy/GitHub/conditional_drifting_models/weights/channel_implants/sspa/sspa8_drifting_residual_product_euclidean_cond0p25_targ1_cbwauto_tbwauto_k32_radauto_mix0p5_raw_ac0_at0_ak16_emb0_seed7.json"
}
