epoch 1/60: loss=2.822552e-03, drift=1.410930e-01
epoch 2/60: loss=1.903344e-03, drift=1.196790e-01
epoch 3/60: loss=1.855307e-03, drift=1.179291e-01
epoch 4/60: loss=1.749650e-03, drift=1.145563e-01
epoch 5/60: loss=1.695138e-03, drift=1.125566e-01
epoch 6/60: loss=1.603215e-03, drift=1.099831e-01
epoch 7/60: loss=1.740684e-03, drift=1.143663e-01
epoch 8/60: loss=1.638416e-03, drift=1.110630e-01
epoch 9/60: loss=1.653598e-03, drift=1.113315e-01
epoch 10/60: loss=1.589672e-03, drift=1.088133e-01
epoch 11/60: loss=1.633893e-03, drift=1.108714e-01
epoch 12/60: loss=1.563646e-03, drift=1.087731e-01
epoch 13/60: loss=1.693912e-03, drift=1.126786e-01
epoch 14/60: loss=1.619199e-03, drift=1.102276e-01
epoch 15/60: loss=1.496445e-03, drift=1.062813e-01
epoch 16/60: loss=1.530565e-03, drift=1.073187e-01
epoch 17/60: loss=1.627062e-03, drift=1.106420e-01
epoch 18/60: loss=1.503162e-03, drift=1.061191e-01
epoch 19/60: loss=1.538645e-03, drift=1.073289e-01
epoch 20/60: loss=1.632834e-03, drift=1.102342e-01
epoch 21/60: loss=1.560976e-03, drift=1.078737e-01
epoch 22/60: loss=1.420187e-03, drift=1.029122e-01
epoch 23/60: loss=1.510886e-03, drift=1.065751e-01
epoch 24/60: loss=1.525681e-03, drift=1.071086e-01
epoch 25/60: loss=1.548002e-03, drift=1.075487e-01
epoch 26/60: loss=1.539529e-03, drift=1.075756e-01
epoch 27/60: loss=1.474888e-03, drift=1.053137e-01
epoch 28/60: loss=1.420918e-03, drift=1.031795e-01
epoch 29/60: loss=1.423640e-03, drift=1.033766e-01
epoch 30/60: loss=1.475975e-03, drift=1.054414e-01
epoch 31/60: loss=1.362370e-03, drift=1.013185e-01
epoch 32/60: loss=1.390750e-03, drift=1.019975e-01
epoch 33/60: loss=1.507313e-03, drift=1.065291e-01
epoch 34/60: loss=1.381097e-03, drift=1.019393e-01
epoch 35/60: loss=1.378976e-03, drift=1.012893e-01
epoch 36/60: loss=1.403454e-03, drift=1.023222e-01
epoch 37/60: loss=1.318951e-03, drift=9.945422e-02
epoch 38/60: loss=1.312422e-03, drift=9.920208e-02
epoch 39/60: loss=1.338796e-03, drift=1.002664e-01
epoch 40/60: loss=1.366171e-03, drift=1.013279e-01
epoch 41/60: loss=1.201614e-03, drift=9.470230e-02
epoch 42/60: loss=1.319654e-03, drift=9.949951e-02
epoch 43/60: loss=1.302915e-03, drift=9.918929e-02
epoch 44/60: loss=1.293262e-03, drift=9.871170e-02
epoch 45/60: loss=1.336164e-03, drift=9.980514e-02
epoch 46/60: loss=1.311595e-03, drift=9.935316e-02
epoch 47/60: loss=1.237242e-03, drift=9.627540e-02
epoch 48/60: loss=1.192542e-03, drift=9.456309e-02
epoch 49/60: loss=1.193755e-03, drift=9.482676e-02
epoch 50/60: loss=1.202276e-03, drift=9.494132e-02
epoch 51/60: loss=1.158962e-03, drift=9.329958e-02
epoch 52/60: loss=1.139494e-03, drift=9.254671e-02
epoch 53/60: loss=1.110694e-03, drift=9.086667e-02
epoch 54/60: loss=1.118988e-03, drift=9.146992e-02
epoch 55/60: loss=1.134093e-03, drift=9.254278e-02
epoch 56/60: loss=1.088103e-03, drift=9.048396e-02
epoch 57/60: loss=1.099517e-03, drift=9.083749e-02
epoch 58/60: loss=1.022709e-03, drift=8.715233e-02
epoch 59/60: loss=1.118016e-03, drift=9.131133e-02
epoch 60/60: loss=1.081285e-03, drift=8.977121e-02
{
  "checkpoint": "/home/entropy/GitHub/conditional_drifting_models/weights/channel_implants/sspa/sspa8_drifting_direct_product_euclidean_cond0p5_targ1_cbwauto_tbwauto_k32_radauto_mix0p5_rawplusresidual_ac0_at0_ak16_emb0_seed7.pt",
  "summary": "/home/entropy/GitHub/conditional_drifting_models/weights/channel_implants/sspa/sspa8_drifting_direct_product_euclidean_cond0p5_targ1_cbwauto_tbwauto_k32_radauto_mix0p5_rawplusresidual_ac0_at0_ak16_emb0_seed7.json"
}
