epoch 1/60: loss=2.888918e-03, drift=1.413164e-01
epoch 2/60: loss=1.864610e-03, drift=1.185188e-01
epoch 3/60: loss=1.838957e-03, drift=1.173687e-01
epoch 4/60: loss=1.757287e-03, drift=1.148731e-01
epoch 5/60: loss=1.696778e-03, drift=1.124849e-01
epoch 6/60: loss=1.609971e-03, drift=1.102866e-01
epoch 7/60: loss=1.736481e-03, drift=1.141442e-01
epoch 8/60: loss=1.642869e-03, drift=1.111256e-01
epoch 9/60: loss=1.665964e-03, drift=1.116594e-01
epoch 10/60: loss=1.611454e-03, drift=1.096542e-01
epoch 11/60: loss=1.627181e-03, drift=1.106422e-01
epoch 12/60: loss=1.572084e-03, drift=1.090113e-01
epoch 13/60: loss=1.663955e-03, drift=1.117191e-01
epoch 14/60: loss=1.604802e-03, drift=1.097694e-01
epoch 15/60: loss=1.508438e-03, drift=1.064496e-01
epoch 16/60: loss=1.530217e-03, drift=1.073120e-01
epoch 17/60: loss=1.596435e-03, drift=1.095251e-01
epoch 18/60: loss=1.484211e-03, drift=1.052083e-01
epoch 19/60: loss=1.550669e-03, drift=1.075787e-01
epoch 20/60: loss=1.593432e-03, drift=1.091493e-01
epoch 21/60: loss=1.541958e-03, drift=1.074115e-01
epoch 22/60: loss=1.400408e-03, drift=1.022718e-01
epoch 23/60: loss=1.494016e-03, drift=1.060334e-01
epoch 24/60: loss=1.518486e-03, drift=1.068352e-01
epoch 25/60: loss=1.526076e-03, drift=1.066798e-01
epoch 26/60: loss=1.506458e-03, drift=1.062675e-01
epoch 27/60: loss=1.434861e-03, drift=1.039587e-01
epoch 28/60: loss=1.383884e-03, drift=1.021048e-01
epoch 29/60: loss=1.397854e-03, drift=1.025327e-01
epoch 30/60: loss=1.442089e-03, drift=1.042949e-01
epoch 31/60: loss=1.358428e-03, drift=1.010452e-01
epoch 32/60: loss=1.369177e-03, drift=1.010792e-01
epoch 33/60: loss=1.486443e-03, drift=1.058421e-01
epoch 34/60: loss=1.363731e-03, drift=1.012664e-01
epoch 35/60: loss=1.359481e-03, drift=1.003561e-01
epoch 36/60: loss=1.370693e-03, drift=1.013039e-01
epoch 37/60: loss=1.324324e-03, drift=9.961946e-02
epoch 38/60: loss=1.291358e-03, drift=9.849392e-02
epoch 39/60: loss=1.321591e-03, drift=9.962666e-02
epoch 40/60: loss=1.358977e-03, drift=1.008826e-01
epoch 41/60: loss=1.182789e-03, drift=9.395531e-02
epoch 42/60: loss=1.301815e-03, drift=9.877839e-02
epoch 43/60: loss=1.313043e-03, drift=9.947604e-02
epoch 44/60: loss=1.295877e-03, drift=9.883818e-02
epoch 45/60: loss=1.307274e-03, drift=9.870705e-02
epoch 46/60: loss=1.291957e-03, drift=9.853670e-02
epoch 47/60: loss=1.217189e-03, drift=9.545938e-02
epoch 48/60: loss=1.177211e-03, drift=9.381166e-02
epoch 49/60: loss=1.167749e-03, drift=9.386094e-02
epoch 50/60: loss=1.205655e-03, drift=9.507195e-02
epoch 51/60: loss=1.121517e-03, drift=9.166612e-02
epoch 52/60: loss=1.108293e-03, drift=9.115548e-02
epoch 53/60: loss=1.084548e-03, drift=8.973686e-02
epoch 54/60: loss=1.089899e-03, drift=9.010935e-02
epoch 55/60: loss=1.093427e-03, drift=9.081930e-02
epoch 56/60: loss=1.059987e-03, drift=8.925713e-02
epoch 57/60: loss=1.059867e-03, drift=8.910250e-02
epoch 58/60: loss=9.737548e-04, drift=8.508687e-02
epoch 59/60: loss=1.067686e-03, drift=8.945566e-02
epoch 60/60: loss=1.045247e-03, drift=8.836372e-02
{
  "checkpoint": "/home/entropy/GitHub/conditional_drifting_models/weights/channel_implants/sspa/sspa8_drifting_direct_product_euclidean_cond0p5_targ1_cbwauto_tbwauto_k32_radauto_mix0p5_raw_ac0_at0_ak16_emb0_seed7.pt",
  "summary": "/home/entropy/GitHub/conditional_drifting_models/weights/channel_implants/sspa/sspa8_drifting_direct_product_euclidean_cond0p5_targ1_cbwauto_tbwauto_k32_radauto_mix0p5_raw_ac0_at0_ak16_emb0_seed7.json"
}
