epoch 1/60: loss=1.473290e-03, drift=1.035380e-01
epoch 2/60: loss=1.675163e-03, drift=1.121529e-01
epoch 3/60: loss=1.636233e-03, drift=1.105281e-01
epoch 4/60: loss=1.597569e-03, drift=1.098658e-01
epoch 5/60: loss=1.558097e-03, drift=1.081958e-01
epoch 6/60: loss=1.570417e-03, drift=1.087609e-01
epoch 7/60: loss=1.584475e-03, drift=1.089826e-01
epoch 8/60: loss=1.484611e-03, drift=1.059186e-01
epoch 9/60: loss=1.552680e-03, drift=1.075927e-01
epoch 10/60: loss=1.462182e-03, drift=1.048547e-01
epoch 11/60: loss=1.473836e-03, drift=1.053361e-01
epoch 12/60: loss=1.442668e-03, drift=1.045574e-01
epoch 13/60: loss=1.521384e-03, drift=1.063571e-01
epoch 14/60: loss=1.556359e-03, drift=1.078202e-01
epoch 15/60: loss=1.448864e-03, drift=1.042943e-01
epoch 16/60: loss=1.571299e-03, drift=1.089748e-01
epoch 17/60: loss=1.477181e-03, drift=1.057142e-01
epoch 18/60: loss=1.492746e-03, drift=1.060853e-01
epoch 19/60: loss=1.527531e-03, drift=1.066717e-01
epoch 20/60: loss=1.570931e-03, drift=1.085891e-01
epoch 21/60: loss=1.467833e-03, drift=1.051698e-01
epoch 22/60: loss=1.452623e-03, drift=1.042066e-01
epoch 23/60: loss=1.541754e-03, drift=1.072493e-01
epoch 24/60: loss=1.407749e-03, drift=1.025984e-01
epoch 25/60: loss=1.494774e-03, drift=1.056787e-01
epoch 26/60: loss=1.456668e-03, drift=1.043416e-01
epoch 27/60: loss=1.442035e-03, drift=1.041265e-01
epoch 28/60: loss=1.447156e-03, drift=1.042614e-01
epoch 29/60: loss=1.426353e-03, drift=1.036806e-01
epoch 30/60: loss=1.524939e-03, drift=1.071152e-01
epoch 31/60: loss=1.359661e-03, drift=1.011798e-01
epoch 32/60: loss=1.480432e-03, drift=1.057254e-01
epoch 33/60: loss=1.486915e-03, drift=1.061559e-01
epoch 34/60: loss=1.355097e-03, drift=1.012071e-01
epoch 35/60: loss=1.493802e-03, drift=1.056887e-01
epoch 36/60: loss=1.492020e-03, drift=1.058883e-01
epoch 37/60: loss=1.403548e-03, drift=1.025464e-01
epoch 38/60: loss=1.440252e-03, drift=1.038665e-01
epoch 39/60: loss=1.402944e-03, drift=1.025973e-01
epoch 40/60: loss=1.493242e-03, drift=1.056983e-01
epoch 41/60: loss=1.442578e-03, drift=1.042256e-01
epoch 42/60: loss=1.442024e-03, drift=1.040988e-01
epoch 43/60: loss=1.476014e-03, drift=1.054796e-01
epoch 44/60: loss=1.457781e-03, drift=1.045051e-01
epoch 45/60: loss=1.460347e-03, drift=1.048130e-01
epoch 46/60: loss=1.479803e-03, drift=1.055641e-01
epoch 47/60: loss=1.450092e-03, drift=1.048725e-01
epoch 48/60: loss=1.399294e-03, drift=1.021427e-01
epoch 49/60: loss=1.502590e-03, drift=1.067044e-01
epoch 50/60: loss=1.345380e-03, drift=1.005049e-01
epoch 51/60: loss=1.381143e-03, drift=1.017110e-01
epoch 52/60: loss=1.441662e-03, drift=1.044157e-01
epoch 53/60: loss=1.404089e-03, drift=1.029888e-01
epoch 54/60: loss=1.420664e-03, drift=1.035455e-01
epoch 55/60: loss=1.390667e-03, drift=1.023792e-01
epoch 56/60: loss=1.412097e-03, drift=1.029756e-01
epoch 57/60: loss=1.407280e-03, drift=1.031954e-01
epoch 58/60: loss=1.455571e-03, drift=1.044934e-01
epoch 59/60: loss=1.472912e-03, drift=1.050611e-01
epoch 60/60: loss=1.447509e-03, drift=1.043715e-01
{
  "checkpoint": "/home/entropy/GitHub/conditional_drifting_models/weights/channel_implants/sspa/sspa8_drifting_residual_none_euclidean_cond0_targ1_cbwauto_tbwauto_k32_radauto_mix0p5_raw_ac0_at0_ak16_emb0_seed7.pt",
  "summary": "/home/entropy/GitHub/conditional_drifting_models/weights/channel_implants/sspa/sspa8_drifting_residual_none_euclidean_cond0_targ1_cbwauto_tbwauto_k32_radauto_mix0p5_raw_ac0_at0_ak16_emb0_seed7.json"
}
