epoch 1/60: loss=6.838337e-02, drift=7.083712e-01
epoch 2/60: loss=8.425518e-02, drift=7.942466e-01
epoch 3/60: loss=9.336555e-02, drift=8.354900e-01
epoch 4/60: loss=9.144617e-02, drift=8.284880e-01
epoch 5/60: loss=9.960398e-02, drift=8.640231e-01
epoch 6/60: loss=1.080861e-01, drift=9.002816e-01
epoch 7/60: loss=1.313971e-01, drift=9.918739e-01
epoch 8/60: loss=1.610261e-01, drift=1.094527e+00
epoch 9/60: loss=1.802313e-01, drift=1.159662e+00
epoch 10/60: loss=1.946786e-01, drift=1.201164e+00
epoch 11/60: loss=2.118549e-01, drift=1.254205e+00
epoch 12/60: loss=2.249424e-01, drift=1.291845e+00
epoch 13/60: loss=2.315452e-01, drift=1.310162e+00
epoch 14/60: loss=2.282706e-01, drift=1.304415e+00
epoch 15/60: loss=2.331570e-01, drift=1.317553e+00
epoch 16/60: loss=2.415160e-01, drift=1.339181e+00
epoch 17/60: loss=2.385018e-01, drift=1.328370e+00
epoch 18/60: loss=2.335307e-01, drift=1.314043e+00
epoch 19/60: loss=2.438126e-01, drift=1.347883e+00
epoch 20/60: loss=2.307043e-01, drift=1.305922e+00
epoch 21/60: loss=2.311350e-01, drift=1.310141e+00
epoch 22/60: loss=2.250997e-01, drift=1.291825e+00
epoch 23/60: loss=2.255038e-01, drift=1.292482e+00
epoch 24/60: loss=2.397545e-01, drift=1.339201e+00
epoch 25/60: loss=2.381691e-01, drift=1.333528e+00
epoch 26/60: loss=2.401552e-01, drift=1.341096e+00
epoch 27/60: loss=2.437693e-01, drift=1.352943e+00
epoch 28/60: loss=2.363204e-01, drift=1.328650e+00
epoch 29/60: loss=2.449592e-01, drift=1.356832e+00
epoch 30/60: loss=2.499352e-01, drift=1.368610e+00
epoch 31/60: loss=2.663152e-01, drift=1.417098e+00
epoch 32/60: loss=2.664080e-01, drift=1.419094e+00
epoch 33/60: loss=2.722618e-01, drift=1.435850e+00
epoch 34/60: loss=2.819088e-01, drift=1.459306e+00
epoch 35/60: loss=2.833440e-01, drift=1.466103e+00
epoch 36/60: loss=2.784244e-01, drift=1.451339e+00
epoch 37/60: loss=2.911898e-01, drift=1.485078e+00
epoch 38/60: loss=2.940212e-01, drift=1.494336e+00
epoch 39/60: loss=3.074470e-01, drift=1.531838e+00
epoch 40/60: loss=3.017388e-01, drift=1.513159e+00
epoch 41/60: loss=3.156052e-01, drift=1.551947e+00
epoch 42/60: loss=3.138793e-01, drift=1.546648e+00
epoch 43/60: loss=3.073507e-01, drift=1.528734e+00
epoch 44/60: loss=3.077957e-01, drift=1.529821e+00
epoch 45/60: loss=3.040015e-01, drift=1.515508e+00
epoch 46/60: loss=3.272359e-01, drift=1.585196e+00
epoch 47/60: loss=3.113171e-01, drift=1.542966e+00
epoch 48/60: loss=3.120146e-01, drift=1.540375e+00
epoch 49/60: loss=3.156715e-01, drift=1.551676e+00
epoch 50/60: loss=3.164701e-01, drift=1.551593e+00
epoch 51/60: loss=3.206995e-01, drift=1.567903e+00
epoch 52/60: loss=3.379143e-01, drift=1.612439e+00
epoch 53/60: loss=3.150481e-01, drift=1.551737e+00
epoch 54/60: loss=3.351345e-01, drift=1.600879e+00
epoch 55/60: loss=3.295324e-01, drift=1.586282e+00
epoch 56/60: loss=3.290726e-01, drift=1.584697e+00
epoch 57/60: loss=3.195567e-01, drift=1.561873e+00
epoch 58/60: loss=3.122300e-01, drift=1.541689e+00
epoch 59/60: loss=3.325668e-01, drift=1.595466e+00
epoch 60/60: loss=3.344239e-01, drift=1.600619e+00
{
  "checkpoint": "/home/entropy/GitHub/conditional_drifting_models/weights/channel_implants/sspa/sspa8_drifting_residual_soft_local_euclidean_cond0p25_targ1_cbwauto_tbwauto_k16_radauto_mix0p5_raw_ac0_at0_ak16_emb0_seed7.pt",
  "summary": "/home/entropy/GitHub/conditional_drifting_models/weights/channel_implants/sspa/sspa8_drifting_residual_soft_local_euclidean_cond0p25_targ1_cbwauto_tbwauto_k16_radauto_mix0p5_raw_ac0_at0_ak16_emb0_seed7.json"
}
