epoch 1/60: loss=3.512004e-03, drift=1.611861e-01
epoch 2/60: loss=3.867525e-03, drift=1.696392e-01
epoch 3/60: loss=2.984102e-03, drift=1.492025e-01
epoch 4/60: loss=2.453198e-03, drift=1.351521e-01
epoch 5/60: loss=1.934404e-03, drift=1.195147e-01
epoch 6/60: loss=1.694606e-03, drift=1.124403e-01
epoch 7/60: loss=1.460665e-03, drift=1.043167e-01
epoch 8/60: loss=1.267822e-03, drift=9.759195e-02
epoch 9/60: loss=1.132031e-03, drift=9.166446e-02
epoch 10/60: loss=1.013212e-03, drift=8.721810e-02
epoch 11/60: loss=1.036580e-03, drift=8.822151e-02
epoch 12/60: loss=1.036805e-03, drift=8.840760e-02
epoch 13/60: loss=1.099501e-03, drift=9.087598e-02
epoch 14/60: loss=1.013020e-03, drift=8.695604e-02
epoch 15/60: loss=9.536506e-04, drift=8.497212e-02
epoch 16/60: loss=1.017072e-03, drift=8.757637e-02
epoch 17/60: loss=9.741754e-04, drift=8.582324e-02
epoch 18/60: loss=9.271574e-04, drift=8.338809e-02
epoch 19/60: loss=1.036624e-03, drift=8.832205e-02
epoch 20/60: loss=1.096670e-03, drift=9.100026e-02
epoch 21/60: loss=9.529883e-04, drift=8.482869e-02
epoch 22/60: loss=9.574064e-04, drift=8.494126e-02
epoch 23/60: loss=9.785545e-04, drift=8.581682e-02
epoch 24/60: loss=9.760430e-04, drift=8.528003e-02
epoch 25/60: loss=9.687006e-04, drift=8.533031e-02
epoch 26/60: loss=9.536791e-04, drift=8.472746e-02
epoch 27/60: loss=9.827175e-04, drift=8.593685e-02
epoch 28/60: loss=9.369343e-04, drift=8.461656e-02
epoch 29/60: loss=9.389072e-04, drift=8.414883e-02
epoch 30/60: loss=9.495432e-04, drift=8.465110e-02
epoch 31/60: loss=9.024512e-04, drift=8.202203e-02
epoch 32/60: loss=9.064346e-04, drift=8.219627e-02
epoch 33/60: loss=1.011162e-03, drift=8.712701e-02
epoch 34/60: loss=9.135226e-04, drift=8.305894e-02
epoch 35/60: loss=9.243178e-04, drift=8.299240e-02
epoch 36/60: loss=9.417430e-04, drift=8.418656e-02
epoch 37/60: loss=9.777635e-04, drift=8.604512e-02
epoch 38/60: loss=9.289327e-04, drift=8.345424e-02
epoch 39/60: loss=8.885050e-04, drift=8.173178e-02
epoch 40/60: loss=9.474485e-04, drift=8.437452e-02
epoch 41/60: loss=8.820113e-04, drift=8.135833e-02
epoch 42/60: loss=9.479942e-04, drift=8.465545e-02
epoch 43/60: loss=9.256434e-04, drift=8.350887e-02
epoch 44/60: loss=9.556709e-04, drift=8.502779e-02
epoch 45/60: loss=9.788477e-04, drift=8.528311e-02
epoch 46/60: loss=9.523116e-04, drift=8.442044e-02
epoch 47/60: loss=9.345200e-04, drift=8.359025e-02
epoch 48/60: loss=9.404263e-04, drift=8.433599e-02
epoch 49/60: loss=9.384915e-04, drift=8.429930e-02
epoch 50/60: loss=9.332098e-04, drift=8.369057e-02
epoch 51/60: loss=8.618862e-04, drift=8.047981e-02
epoch 52/60: loss=8.705519e-04, drift=8.074118e-02
epoch 53/60: loss=8.916997e-04, drift=8.137523e-02
epoch 54/60: loss=9.142099e-04, drift=8.273612e-02
epoch 55/60: loss=8.942825e-04, drift=8.221574e-02
epoch 56/60: loss=8.518312e-04, drift=8.022268e-02
epoch 57/60: loss=8.881830e-04, drift=8.137802e-02
epoch 58/60: loss=8.534831e-04, drift=7.965078e-02
epoch 59/60: loss=8.921519e-04, drift=8.205633e-02
epoch 60/60: loss=9.220706e-04, drift=8.302122e-02
{
  "checkpoint": "/home/entropy/GitHub/conditional_drifting_models/weights/channel_implants/sspa/sspa8_drifting_direct_none_euclidean_cond0_targ1_cbwauto_tbwauto_k32_radauto_mix0p5_raw_ac0_at0_ak16_emb0_seed7.pt",
  "summary": "/home/entropy/GitHub/conditional_drifting_models/weights/channel_implants/sspa/sspa8_drifting_direct_none_euclidean_cond0_targ1_cbwauto_tbwauto_k32_radauto_mix0p5_raw_ac0_at0_ak16_emb0_seed7.json"
}
