epoch 1/60: loss=1.395071e-03, drift=1.004377e-01
epoch 2/60: loss=1.705032e-03, drift=1.130165e-01
epoch 3/60: loss=1.637522e-03, drift=1.107877e-01
epoch 4/60: loss=1.598754e-03, drift=1.103268e-01
epoch 5/60: loss=1.568713e-03, drift=1.088837e-01
epoch 6/60: loss=1.607456e-03, drift=1.098615e-01
epoch 7/60: loss=1.602854e-03, drift=1.097955e-01
epoch 8/60: loss=1.563953e-03, drift=1.085980e-01
epoch 9/60: loss=1.584656e-03, drift=1.088689e-01
epoch 10/60: loss=1.490349e-03, drift=1.060560e-01
epoch 11/60: loss=1.474625e-03, drift=1.050147e-01
epoch 12/60: loss=1.493747e-03, drift=1.059490e-01
epoch 13/60: loss=1.563462e-03, drift=1.081060e-01
epoch 14/60: loss=1.529070e-03, drift=1.068897e-01
epoch 15/60: loss=1.508905e-03, drift=1.065064e-01
epoch 16/60: loss=1.550505e-03, drift=1.083212e-01
epoch 17/60: loss=1.538438e-03, drift=1.075961e-01
epoch 18/60: loss=1.509672e-03, drift=1.064742e-01
epoch 19/60: loss=1.564371e-03, drift=1.082231e-01
epoch 20/60: loss=1.621415e-03, drift=1.103995e-01
epoch 21/60: loss=1.470499e-03, drift=1.051951e-01
epoch 22/60: loss=1.488863e-03, drift=1.058884e-01
epoch 23/60: loss=1.576792e-03, drift=1.084202e-01
epoch 24/60: loss=1.499586e-03, drift=1.061634e-01
epoch 25/60: loss=1.542691e-03, drift=1.078214e-01
epoch 26/60: loss=1.544740e-03, drift=1.080992e-01
epoch 27/60: loss=1.460399e-03, drift=1.047955e-01
epoch 28/60: loss=1.512971e-03, drift=1.064611e-01
epoch 29/60: loss=1.484251e-03, drift=1.058165e-01
epoch 30/60: loss=1.589894e-03, drift=1.094895e-01
epoch 31/60: loss=1.482792e-03, drift=1.056295e-01
epoch 32/60: loss=1.541208e-03, drift=1.076851e-01
epoch 33/60: loss=1.522419e-03, drift=1.070071e-01
epoch 34/60: loss=1.371929e-03, drift=1.016774e-01
epoch 35/60: loss=1.530750e-03, drift=1.069430e-01
epoch 36/60: loss=1.518248e-03, drift=1.068777e-01
epoch 37/60: loss=1.476139e-03, drift=1.051600e-01
epoch 38/60: loss=1.468530e-03, drift=1.043534e-01
epoch 39/60: loss=1.431105e-03, drift=1.033182e-01
epoch 40/60: loss=1.478292e-03, drift=1.050046e-01
epoch 41/60: loss=1.445859e-03, drift=1.040910e-01
epoch 42/60: loss=1.490322e-03, drift=1.061358e-01
epoch 43/60: loss=1.526112e-03, drift=1.069794e-01
epoch 44/60: loss=1.480583e-03, drift=1.051091e-01
epoch 45/60: loss=1.559081e-03, drift=1.083239e-01
epoch 46/60: loss=1.590727e-03, drift=1.095395e-01
epoch 47/60: loss=1.486057e-03, drift=1.058391e-01
epoch 48/60: loss=1.456413e-03, drift=1.048430e-01
epoch 49/60: loss=1.548342e-03, drift=1.080301e-01
epoch 50/60: loss=1.459542e-03, drift=1.045770e-01
epoch 51/60: loss=1.465551e-03, drift=1.049257e-01
epoch 52/60: loss=1.500018e-03, drift=1.061981e-01
epoch 53/60: loss=1.407066e-03, drift=1.028009e-01
epoch 54/60: loss=1.494518e-03, drift=1.060034e-01
epoch 55/60: loss=1.472223e-03, drift=1.054163e-01
epoch 56/60: loss=1.442519e-03, drift=1.037047e-01
epoch 57/60: loss=1.479011e-03, drift=1.054059e-01
epoch 58/60: loss=1.523913e-03, drift=1.069804e-01
epoch 59/60: loss=1.503911e-03, drift=1.063536e-01
epoch 60/60: loss=1.583914e-03, drift=1.087671e-01
{
  "checkpoint": "/home/entropy/GitHub/conditional_drifting_models/weights/channel_implants/sspa/sspa8_drifting_residual_mixture_euclidean_cond0p25_targ1_cbwauto_tbwauto_k32_radauto_mix0p3_raw_ac0_at0_ak16_emb0_seed7.pt",
  "summary": "/home/entropy/GitHub/conditional_drifting_models/weights/channel_implants/sspa/sspa8_drifting_residual_mixture_euclidean_cond0p25_targ1_cbwauto_tbwauto_k32_radauto_mix0p3_raw_ac0_at0_ak16_emb0_seed7.json"
}
