epoch 1/60: loss=1.444961e-02, drift=2.810255e-01
epoch 2/60: loss=4.165760e-03, drift=1.753796e-01
epoch 3/60: loss=3.984752e-03, drift=1.714780e-01
epoch 4/60: loss=3.766096e-03, drift=1.667087e-01
epoch 5/60: loss=3.638936e-03, drift=1.639591e-01
epoch 6/60: loss=3.463756e-03, drift=1.602163e-01
epoch 7/60: loss=3.487966e-03, drift=1.609604e-01
epoch 8/60: loss=3.276858e-03, drift=1.560716e-01
epoch 9/60: loss=3.053241e-03, drift=1.507012e-01
epoch 10/60: loss=2.908456e-03, drift=1.472310e-01
epoch 11/60: loss=2.732183e-03, drift=1.428148e-01
epoch 12/60: loss=2.545824e-03, drift=1.377369e-01
epoch 13/60: loss=2.430081e-03, drift=1.347121e-01
epoch 14/60: loss=2.294653e-03, drift=1.307661e-01
epoch 15/60: loss=2.063503e-03, drift=1.240099e-01
epoch 16/60: loss=2.016435e-03, drift=1.225874e-01
epoch 17/60: loss=1.940131e-03, drift=1.201460e-01
epoch 18/60: loss=1.943278e-03, drift=1.202885e-01
epoch 19/60: loss=1.938344e-03, drift=1.200194e-01
epoch 20/60: loss=1.904929e-03, drift=1.190274e-01
epoch 21/60: loss=1.865928e-03, drift=1.178069e-01
epoch 22/60: loss=1.876857e-03, drift=1.181218e-01
epoch 23/60: loss=1.930215e-03, drift=1.199424e-01
epoch 24/60: loss=1.880617e-03, drift=1.182867e-01
epoch 25/60: loss=1.885759e-03, drift=1.184157e-01
epoch 26/60: loss=1.843701e-03, drift=1.170206e-01
epoch 27/60: loss=1.889122e-03, drift=1.185717e-01
epoch 28/60: loss=1.805669e-03, drift=1.159456e-01
epoch 29/60: loss=1.829425e-03, drift=1.166233e-01
epoch 30/60: loss=1.786357e-03, drift=1.153814e-01
epoch 31/60: loss=1.803172e-03, drift=1.158358e-01
epoch 32/60: loss=1.772307e-03, drift=1.148388e-01
epoch 33/60: loss=1.771637e-03, drift=1.147649e-01
epoch 34/60: loss=1.763321e-03, drift=1.145018e-01
epoch 35/60: loss=1.778368e-03, drift=1.149840e-01
epoch 36/60: loss=1.684798e-03, drift=1.118885e-01
epoch 37/60: loss=1.815832e-03, drift=1.161453e-01
epoch 38/60: loss=1.707334e-03, drift=1.126842e-01
epoch 39/60: loss=1.700482e-03, drift=1.124647e-01
epoch 40/60: loss=1.780841e-03, drift=1.151421e-01
epoch 41/60: loss=1.722054e-03, drift=1.132408e-01
epoch 42/60: loss=1.813275e-03, drift=1.161767e-01
epoch 43/60: loss=1.721845e-03, drift=1.132267e-01
epoch 44/60: loss=1.787070e-03, drift=1.153092e-01
epoch 45/60: loss=1.762612e-03, drift=1.145625e-01
epoch 46/60: loss=1.743307e-03, drift=1.139606e-01
epoch 47/60: loss=1.683110e-03, drift=1.117897e-01
epoch 48/60: loss=1.710686e-03, drift=1.126603e-01
epoch 49/60: loss=1.727578e-03, drift=1.133914e-01
epoch 50/60: loss=1.705169e-03, drift=1.127305e-01
epoch 51/60: loss=1.750498e-03, drift=1.141495e-01
epoch 52/60: loss=1.731060e-03, drift=1.134889e-01
epoch 53/60: loss=1.688592e-03, drift=1.121885e-01
epoch 54/60: loss=1.705976e-03, drift=1.127101e-01
epoch 55/60: loss=1.666393e-03, drift=1.113960e-01
epoch 56/60: loss=1.685635e-03, drift=1.120526e-01
epoch 57/60: loss=1.707052e-03, drift=1.126893e-01
epoch 58/60: loss=1.622423e-03, drift=1.099349e-01
epoch 59/60: loss=1.708055e-03, drift=1.127390e-01
epoch 60/60: loss=1.696088e-03, drift=1.122752e-01
{
  "checkpoint": "/home/entropy/GitHub/conditional_drifting_models/weights/channel_implants/sspa/sspa8_drifting_direct_product_whitened_cond0p5_targ1_cbwauto_tbwauto_k32_radauto_mix0p5_raw_ac1_at1_ak8_emb0_seed7.pt",
  "summary": "/home/entropy/GitHub/conditional_drifting_models/weights/channel_implants/sspa/sspa8_drifting_direct_product_whitened_cond0p5_targ1_cbwauto_tbwauto_k32_radauto_mix0p5_raw_ac1_at1_ak8_emb0_seed7.json"
}
