epoch 1/60: loss=2.379353e-03, drift=1.330493e-01
epoch 2/60: loss=1.821919e-03, drift=1.169758e-01
epoch 3/60: loss=1.527938e-03, drift=1.069568e-01
epoch 4/60: loss=1.297633e-03, drift=9.878609e-02
epoch 5/60: loss=1.220588e-03, drift=9.534851e-02
epoch 6/60: loss=1.107560e-03, drift=9.170749e-02
epoch 7/60: loss=1.140615e-03, drift=9.266898e-02
epoch 8/60: loss=1.046087e-03, drift=8.875627e-02
epoch 9/60: loss=1.035518e-03, drift=8.802091e-02
epoch 10/60: loss=9.889057e-04, drift=8.598719e-02
epoch 11/60: loss=1.045270e-03, drift=8.881882e-02
epoch 12/60: loss=1.033076e-03, drift=8.829691e-02
epoch 13/60: loss=1.110576e-03, drift=9.122253e-02
epoch 14/60: loss=1.025380e-03, drift=8.765275e-02
epoch 15/60: loss=9.698363e-04, drift=8.580054e-02
epoch 16/60: loss=1.010923e-03, drift=8.727352e-02
epoch 17/60: loss=9.911366e-04, drift=8.657448e-02
epoch 18/60: loss=9.288747e-04, drift=8.346054e-02
epoch 19/60: loss=1.034656e-03, drift=8.807491e-02
epoch 20/60: loss=1.105849e-03, drift=9.136567e-02
epoch 21/60: loss=9.594283e-04, drift=8.511051e-02
epoch 22/60: loss=9.345558e-04, drift=8.395296e-02
epoch 23/60: loss=9.568973e-04, drift=8.483235e-02
epoch 24/60: loss=9.848263e-04, drift=8.580913e-02
epoch 25/60: loss=9.659361e-04, drift=8.526256e-02
epoch 26/60: loss=9.691376e-04, drift=8.509663e-02
epoch 27/60: loss=9.871201e-04, drift=8.611481e-02
epoch 28/60: loss=9.410096e-04, drift=8.475381e-02
epoch 29/60: loss=9.301171e-04, drift=8.363460e-02
epoch 30/60: loss=9.305559e-04, drift=8.374450e-02
epoch 31/60: loss=9.091667e-04, drift=8.245945e-02
epoch 32/60: loss=9.039738e-04, drift=8.217184e-02
epoch 33/60: loss=1.008534e-03, drift=8.696381e-02
epoch 34/60: loss=9.114839e-04, drift=8.299493e-02
epoch 35/60: loss=9.257508e-04, drift=8.321341e-02
epoch 36/60: loss=9.245801e-04, drift=8.338415e-02
epoch 37/60: loss=9.554101e-04, drift=8.491852e-02
epoch 38/60: loss=9.176854e-04, drift=8.303342e-02
epoch 39/60: loss=8.894111e-04, drift=8.169934e-02
epoch 40/60: loss=9.449317e-04, drift=8.421038e-02
epoch 41/60: loss=8.611703e-04, drift=8.034860e-02
epoch 42/60: loss=9.504906e-04, drift=8.473165e-02
epoch 43/60: loss=9.216760e-04, drift=8.338428e-02
epoch 44/60: loss=9.446856e-04, drift=8.453398e-02
epoch 45/60: loss=9.617465e-04, drift=8.461500e-02
epoch 46/60: loss=9.450184e-04, drift=8.411686e-02
epoch 47/60: loss=9.199325e-04, drift=8.297084e-02
epoch 48/60: loss=9.199889e-04, drift=8.322497e-02
epoch 49/60: loss=9.171687e-04, drift=8.336090e-02
epoch 50/60: loss=9.076610e-04, drift=8.252313e-02
epoch 51/60: loss=8.512109e-04, drift=8.000965e-02
epoch 52/60: loss=8.589844e-04, drift=8.015406e-02
epoch 53/60: loss=8.586743e-04, drift=7.988349e-02
epoch 54/60: loss=9.016114e-04, drift=8.212196e-02
epoch 55/60: loss=8.711609e-04, drift=8.093527e-02
epoch 56/60: loss=8.428164e-04, drift=7.975733e-02
epoch 57/60: loss=8.666082e-04, drift=8.032614e-02
epoch 58/60: loss=8.322554e-04, drift=7.877584e-02
epoch 59/60: loss=8.817972e-04, drift=8.156775e-02
epoch 60/60: loss=8.947131e-04, drift=8.176585e-02
{
  "checkpoint": "/home/entropy/GitHub/conditional_drifting_models/weights/channel_implants/sspa/sspa8_drifting_direct_joint_euclidean_cond0p5_targ1_cbwauto_tbwauto_k32_radauto_mix0p5_raw_ac0_at0_ak16_emb0_seed7.pt",
  "summary": "/home/entropy/GitHub/conditional_drifting_models/weights/channel_implants/sspa/sspa8_drifting_direct_joint_euclidean_cond0p5_targ1_cbwauto_tbwauto_k32_radauto_mix0p5_raw_ac0_at0_ak16_emb0_seed7.json"
}
