epoch 1/60: loss=2.240121e-03, drift=1.284784e-01
epoch 2/60: loss=1.678773e-03, drift=1.124361e-01
epoch 3/60: loss=1.506859e-03, drift=1.062561e-01
epoch 4/60: loss=1.333951e-03, drift=1.000110e-01
epoch 5/60: loss=1.280135e-03, drift=9.766552e-02
epoch 6/60: loss=1.178815e-03, drift=9.458292e-02
epoch 7/60: loss=1.231192e-03, drift=9.615155e-02
epoch 8/60: loss=1.131559e-03, drift=9.224973e-02
epoch 9/60: loss=1.139695e-03, drift=9.249847e-02
epoch 10/60: loss=1.087504e-03, drift=9.011921e-02
epoch 11/60: loss=1.138821e-03, drift=9.267945e-02
epoch 12/60: loss=1.113717e-03, drift=9.172623e-02
epoch 13/60: loss=1.199043e-03, drift=9.479995e-02
epoch 14/60: loss=1.121481e-03, drift=9.180349e-02
epoch 15/60: loss=1.062564e-03, drift=8.973107e-02
epoch 16/60: loss=1.085289e-03, drift=9.040566e-02
epoch 17/60: loss=1.112789e-03, drift=9.163018e-02
epoch 18/60: loss=1.006308e-03, drift=8.666644e-02
epoch 19/60: loss=1.097130e-03, drift=9.063223e-02
epoch 20/60: loss=1.172466e-03, drift=9.391330e-02
epoch 21/60: loss=1.052068e-03, drift=8.900085e-02
epoch 22/60: loss=9.860392e-04, drift=8.616863e-02
epoch 23/60: loss=1.027418e-03, drift=8.789085e-02
epoch 24/60: loss=1.083120e-03, drift=9.019814e-02
epoch 25/60: loss=1.042790e-03, drift=8.857858e-02
epoch 26/60: loss=1.059987e-03, drift=8.895848e-02
epoch 27/60: loss=1.060165e-03, drift=8.919395e-02
epoch 28/60: loss=1.021875e-03, drift=8.806886e-02
epoch 29/60: loss=1.004737e-03, drift=8.682411e-02
epoch 30/60: loss=9.955470e-04, drift=8.649221e-02
epoch 31/60: loss=1.014013e-03, drift=8.731056e-02
epoch 32/60: loss=9.973771e-04, drift=8.637551e-02
epoch 33/60: loss=1.089214e-03, drift=9.040842e-02
epoch 34/60: loss=9.981798e-04, drift=8.667725e-02
epoch 35/60: loss=1.032923e-03, drift=8.790940e-02
epoch 36/60: loss=1.027119e-03, drift=8.802828e-02
epoch 37/60: loss=1.022494e-03, drift=8.750874e-02
epoch 38/60: loss=1.016463e-03, drift=8.751961e-02
epoch 39/60: loss=1.002772e-03, drift=8.671900e-02
epoch 40/60: loss=1.053552e-03, drift=8.898404e-02
epoch 41/60: loss=9.234901e-04, drift=8.318789e-02
epoch 42/60: loss=1.048989e-03, drift=8.878009e-02
epoch 43/60: loss=1.050664e-03, drift=8.884205e-02
epoch 44/60: loss=1.055095e-03, drift=8.918452e-02
epoch 45/60: loss=1.059234e-03, drift=8.889972e-02
epoch 46/60: loss=1.054479e-03, drift=8.901867e-02
epoch 47/60: loss=9.973359e-04, drift=8.648565e-02
epoch 48/60: loss=1.001178e-03, drift=8.681918e-02
epoch 49/60: loss=9.984729e-04, drift=8.694673e-02
epoch 50/60: loss=1.016035e-03, drift=8.741076e-02
epoch 51/60: loss=9.341584e-04, drift=8.380471e-02
epoch 52/60: loss=9.436602e-04, drift=8.409703e-02
epoch 53/60: loss=9.319050e-04, drift=8.322899e-02
epoch 54/60: loss=9.617916e-04, drift=8.476825e-02
epoch 55/60: loss=9.550882e-04, drift=8.479436e-02
epoch 56/60: loss=9.336073e-04, drift=8.378985e-02
epoch 57/60: loss=9.446344e-04, drift=8.396743e-02
epoch 58/60: loss=8.705921e-04, drift=8.034315e-02
epoch 59/60: loss=9.484010e-04, drift=8.453518e-02
epoch 60/60: loss=9.711038e-04, drift=8.524202e-02
{
  "checkpoint": "/home/entropy/GitHub/conditional_drifting_models/weights/channel_implants/sspa/sspa8_drifting_direct_mixture_euclidean_cond0p5_targ1_cbwauto_tbwauto_k32_radauto_mix0p5_raw_ac0_at0_ak16_emb0_seed7.pt",
  "summary": "/home/entropy/GitHub/conditional_drifting_models/weights/channel_implants/sspa/sspa8_drifting_direct_mixture_euclidean_cond0p5_targ1_cbwauto_tbwauto_k32_radauto_mix0p5_raw_ac0_at0_ak16_emb0_seed7.json"
}
