epoch 1/60: loss=1.352457e-03, drift=9.927721e-02
epoch 2/60: loss=1.708171e-03, drift=1.129595e-01
epoch 3/60: loss=1.650352e-03, drift=1.113811e-01
epoch 4/60: loss=1.599967e-03, drift=1.103206e-01
epoch 5/60: loss=1.578781e-03, drift=1.092792e-01
epoch 6/60: loss=1.623785e-03, drift=1.104752e-01
epoch 7/60: loss=1.587994e-03, drift=1.092343e-01
epoch 8/60: loss=1.575027e-03, drift=1.090737e-01
epoch 9/60: loss=1.586293e-03, drift=1.089522e-01
epoch 10/60: loss=1.493813e-03, drift=1.061290e-01
epoch 11/60: loss=1.481828e-03, drift=1.051448e-01
epoch 12/60: loss=1.498221e-03, drift=1.061479e-01
epoch 13/60: loss=1.585530e-03, drift=1.088399e-01
epoch 14/60: loss=1.522803e-03, drift=1.065787e-01
epoch 15/60: loss=1.507181e-03, drift=1.064406e-01
epoch 16/60: loss=1.542139e-03, drift=1.081692e-01
epoch 17/60: loss=1.536960e-03, drift=1.075278e-01
epoch 18/60: loss=1.500252e-03, drift=1.061099e-01
epoch 19/60: loss=1.576158e-03, drift=1.085385e-01
epoch 20/60: loss=1.630509e-03, drift=1.107611e-01
epoch 21/60: loss=1.462293e-03, drift=1.050072e-01
epoch 22/60: loss=1.476428e-03, drift=1.053589e-01
epoch 23/60: loss=1.569315e-03, drift=1.081040e-01
epoch 24/60: loss=1.492453e-03, drift=1.057690e-01
epoch 25/60: loss=1.532362e-03, drift=1.075002e-01
epoch 26/60: loss=1.570682e-03, drift=1.089212e-01
epoch 27/60: loss=1.465695e-03, drift=1.049478e-01
epoch 28/60: loss=1.516141e-03, drift=1.064805e-01
epoch 29/60: loss=1.490001e-03, drift=1.060127e-01
epoch 30/60: loss=1.590999e-03, drift=1.096073e-01
epoch 31/60: loss=1.480118e-03, drift=1.056274e-01
epoch 32/60: loss=1.538538e-03, drift=1.075599e-01
epoch 33/60: loss=1.528302e-03, drift=1.073087e-01
epoch 34/60: loss=1.357204e-03, drift=1.011574e-01
epoch 35/60: loss=1.537476e-03, drift=1.072803e-01
epoch 36/60: loss=1.510667e-03, drift=1.066579e-01
epoch 37/60: loss=1.472398e-03, drift=1.051277e-01
epoch 38/60: loss=1.458581e-03, drift=1.039472e-01
epoch 39/60: loss=1.430644e-03, drift=1.031310e-01
epoch 40/60: loss=1.482147e-03, drift=1.051208e-01
epoch 41/60: loss=1.442766e-03, drift=1.038909e-01
epoch 42/60: loss=1.506832e-03, drift=1.067383e-01
epoch 43/60: loss=1.521681e-03, drift=1.067018e-01
epoch 44/60: loss=1.476996e-03, drift=1.051754e-01
epoch 45/60: loss=1.555524e-03, drift=1.082563e-01
epoch 46/60: loss=1.593325e-03, drift=1.096224e-01
epoch 47/60: loss=1.486880e-03, drift=1.057752e-01
epoch 48/60: loss=1.444606e-03, drift=1.042764e-01
epoch 49/60: loss=1.555142e-03, drift=1.082525e-01
epoch 50/60: loss=1.451916e-03, drift=1.042260e-01
epoch 51/60: loss=1.458592e-03, drift=1.046093e-01
epoch 52/60: loss=1.495177e-03, drift=1.060295e-01
epoch 53/60: loss=1.405018e-03, drift=1.027374e-01
epoch 54/60: loss=1.486835e-03, drift=1.056019e-01
epoch 55/60: loss=1.479887e-03, drift=1.057610e-01
epoch 56/60: loss=1.444224e-03, drift=1.038220e-01
epoch 57/60: loss=1.481739e-03, drift=1.055756e-01
epoch 58/60: loss=1.517577e-03, drift=1.068289e-01
epoch 59/60: loss=1.502736e-03, drift=1.063348e-01
epoch 60/60: loss=1.591491e-03, drift=1.090918e-01
{
  "checkpoint": "/home/entropy/GitHub/conditional_drifting_models/weights/channel_implants/sspa/sspa8_drifting_residual_joint_euclidean_cond0p25_targ1_cbwauto_tbwauto_k32_radauto_mix0p5_raw_ac0_at0_ak16_emb0_seed7.pt",
  "summary": "/home/entropy/GitHub/conditional_drifting_models/weights/channel_implants/sspa/sspa8_drifting_residual_joint_euclidean_cond0p25_targ1_cbwauto_tbwauto_k32_radauto_mix0p5_raw_ac0_at0_ak16_emb0_seed7.json"
}
