epoch 1/60: loss=2.747660e-03, drift=1.417691e-01
epoch 2/60: loss=2.897523e-03, drift=1.458087e-01
epoch 3/60: loss=2.860936e-03, drift=1.448844e-01
epoch 4/60: loss=2.738949e-03, drift=1.418353e-01
epoch 5/60: loss=2.761521e-03, drift=1.421123e-01
epoch 6/60: loss=2.790440e-03, drift=1.429080e-01
epoch 7/60: loss=2.766136e-03, drift=1.422528e-01
epoch 8/60: loss=2.750552e-03, drift=1.419579e-01
epoch 9/60: loss=2.737359e-03, drift=1.415188e-01
epoch 10/60: loss=2.720893e-03, drift=1.409962e-01
epoch 11/60: loss=2.709668e-03, drift=1.406133e-01
epoch 12/60: loss=2.700644e-03, drift=1.406007e-01
epoch 13/60: loss=2.684850e-03, drift=1.401408e-01
epoch 14/60: loss=2.699646e-03, drift=1.405334e-01
epoch 15/60: loss=2.634509e-03, drift=1.385647e-01
epoch 16/60: loss=2.770922e-03, drift=1.425963e-01
epoch 17/60: loss=2.724772e-03, drift=1.412839e-01
epoch 18/60: loss=2.702208e-03, drift=1.406480e-01
epoch 19/60: loss=2.744126e-03, drift=1.416285e-01
epoch 20/60: loss=2.757711e-03, drift=1.421159e-01
epoch 21/60: loss=2.687052e-03, drift=1.400019e-01
epoch 22/60: loss=2.672974e-03, drift=1.396245e-01
epoch 23/60: loss=2.739241e-03, drift=1.411263e-01
epoch 24/60: loss=2.705582e-03, drift=1.405142e-01
epoch 25/60: loss=2.716568e-03, drift=1.407229e-01
epoch 26/60: loss=2.760739e-03, drift=1.422169e-01
epoch 27/60: loss=2.730473e-03, drift=1.410213e-01
epoch 28/60: loss=2.677670e-03, drift=1.397096e-01
epoch 29/60: loss=2.694611e-03, drift=1.400890e-01
epoch 30/60: loss=2.788483e-03, drift=1.426826e-01
epoch 31/60: loss=2.642319e-03, drift=1.388177e-01
epoch 32/60: loss=2.770747e-03, drift=1.421576e-01
epoch 33/60: loss=2.731144e-03, drift=1.412870e-01
epoch 34/60: loss=2.640980e-03, drift=1.384693e-01
epoch 35/60: loss=2.759532e-03, drift=1.418532e-01
epoch 36/60: loss=2.707633e-03, drift=1.403044e-01
epoch 37/60: loss=2.666500e-03, drift=1.392848e-01
epoch 38/60: loss=2.689471e-03, drift=1.398408e-01
epoch 39/60: loss=2.635226e-03, drift=1.383483e-01
epoch 40/60: loss=2.775571e-03, drift=1.422788e-01
epoch 41/60: loss=2.739443e-03, drift=1.410329e-01
epoch 42/60: loss=2.694163e-03, drift=1.398925e-01
epoch 43/60: loss=2.741339e-03, drift=1.413142e-01
epoch 44/60: loss=2.727147e-03, drift=1.409123e-01
epoch 45/60: loss=2.769935e-03, drift=1.419351e-01
epoch 46/60: loss=2.778670e-03, drift=1.421981e-01
epoch 47/60: loss=2.678240e-03, drift=1.394054e-01
epoch 48/60: loss=2.682031e-03, drift=1.394132e-01
epoch 49/60: loss=2.728893e-03, drift=1.408809e-01
epoch 50/60: loss=2.708643e-03, drift=1.402171e-01
epoch 51/60: loss=2.626067e-03, drift=1.377773e-01
epoch 52/60: loss=2.660684e-03, drift=1.387225e-01
epoch 53/60: loss=2.642836e-03, drift=1.381583e-01
epoch 54/60: loss=2.606945e-03, drift=1.372040e-01
epoch 55/60: loss=2.599920e-03, drift=1.369879e-01
epoch 56/60: loss=2.625739e-03, drift=1.375614e-01
epoch 57/60: loss=2.585695e-03, drift=1.365458e-01
epoch 58/60: loss=2.626352e-03, drift=1.374635e-01
epoch 59/60: loss=2.574968e-03, drift=1.359037e-01
epoch 60/60: loss=2.626874e-03, drift=1.374287e-01
{
  "checkpoint": "/home/entropy/GitHub/conditional_drifting_models/weights/channel_implants/sspa/sspa8_drifting_residual_product_whitened_cond0p25_targ1_cbwauto_tbwauto_k32_radauto_mix0p5_raw_ac1_at1_ak8_emb8_seed7.pt",
  "summary": "/home/entropy/GitHub/conditional_drifting_models/weights/channel_implants/sspa/sspa8_drifting_residual_product_whitened_cond0p25_targ1_cbwauto_tbwauto_k32_radauto_mix0p5_raw_ac1_at1_ak8_emb8_seed7.json"
}
