epoch 1/60: loss=1.131999e-01, drift=8.948045e-01
epoch 2/60: loss=1.757253e-01, drift=1.147421e+00
epoch 3/60: loss=1.985879e-01, drift=1.218239e+00
epoch 4/60: loss=1.948351e-01, drift=1.213158e+00
epoch 5/60: loss=2.055865e-01, drift=1.243502e+00
epoch 6/60: loss=2.116739e-01, drift=1.263891e+00
epoch 7/60: loss=2.204932e-01, drift=1.289704e+00
epoch 8/60: loss=2.287018e-01, drift=1.309773e+00
epoch 9/60: loss=2.280360e-01, drift=1.311323e+00
epoch 10/60: loss=2.320401e-01, drift=1.325925e+00
epoch 11/60: loss=2.482569e-01, drift=1.369383e+00
epoch 12/60: loss=2.657182e-01, drift=1.416197e+00
epoch 13/60: loss=2.689969e-01, drift=1.422908e+00
epoch 14/60: loss=2.820553e-01, drift=1.463596e+00
epoch 15/60: loss=2.776630e-01, drift=1.448401e+00
epoch 16/60: loss=2.975787e-01, drift=1.501962e+00
epoch 17/60: loss=2.882656e-01, drift=1.475648e+00
epoch 18/60: loss=2.856573e-01, drift=1.467117e+00
epoch 19/60: loss=3.045529e-01, drift=1.518329e+00
epoch 20/60: loss=2.800273e-01, drift=1.449719e+00
epoch 21/60: loss=2.885397e-01, drift=1.477125e+00
epoch 22/60: loss=2.809228e-01, drift=1.455156e+00
epoch 23/60: loss=2.884006e-01, drift=1.474630e+00
epoch 24/60: loss=2.952649e-01, drift=1.495903e+00
epoch 25/60: loss=3.021644e-01, drift=1.509914e+00
epoch 26/60: loss=3.036426e-01, drift=1.518224e+00
epoch 27/60: loss=3.028084e-01, drift=1.516158e+00
epoch 28/60: loss=2.902122e-01, drift=1.478107e+00
epoch 29/60: loss=2.941142e-01, drift=1.492293e+00
epoch 30/60: loss=2.988240e-01, drift=1.504700e+00
epoch 31/60: loss=3.122579e-01, drift=1.539190e+00
epoch 32/60: loss=3.043475e-01, drift=1.520227e+00
epoch 33/60: loss=3.183771e-01, drift=1.555300e+00
epoch 34/60: loss=3.101131e-01, drift=1.535512e+00
epoch 35/60: loss=3.032584e-01, drift=1.518801e+00
epoch 36/60: loss=3.027707e-01, drift=1.515033e+00
epoch 37/60: loss=3.006496e-01, drift=1.505520e+00
epoch 38/60: loss=3.030512e-01, drift=1.517216e+00
epoch 39/60: loss=3.055251e-01, drift=1.524625e+00
epoch 40/60: loss=3.119344e-01, drift=1.539243e+00
epoch 41/60: loss=3.189994e-01, drift=1.560782e+00
epoch 42/60: loss=3.197357e-01, drift=1.559245e+00
epoch 43/60: loss=3.011132e-01, drift=1.511594e+00
epoch 44/60: loss=3.072858e-01, drift=1.527375e+00
epoch 45/60: loss=3.059282e-01, drift=1.523555e+00
epoch 46/60: loss=3.287538e-01, drift=1.585879e+00
epoch 47/60: loss=3.161501e-01, drift=1.553468e+00
epoch 48/60: loss=3.052938e-01, drift=1.524450e+00
epoch 49/60: loss=3.217635e-01, drift=1.568683e+00
epoch 50/60: loss=3.211562e-01, drift=1.562206e+00
epoch 51/60: loss=3.167981e-01, drift=1.556793e+00
epoch 52/60: loss=3.321248e-01, drift=1.593955e+00
epoch 53/60: loss=3.234302e-01, drift=1.571820e+00
epoch 54/60: loss=3.337996e-01, drift=1.598272e+00
epoch 55/60: loss=3.378182e-01, drift=1.607007e+00
epoch 56/60: loss=3.299377e-01, drift=1.586026e+00
epoch 57/60: loss=3.311391e-01, drift=1.591668e+00
epoch 58/60: loss=3.193277e-01, drift=1.559945e+00
epoch 59/60: loss=3.278502e-01, drift=1.584116e+00
epoch 60/60: loss=3.346099e-01, drift=1.600294e+00
{
  "checkpoint": "/home/entropy/GitHub/conditional_drifting_models/weights/channel_implants/sspa/sspa8_drifting_residual_local_euclidean_cond0p25_targ1_cbwauto_tbwauto_k16_radauto_mix0p5_raw_ac0_at0_ak16_emb0_seed7.pt",
  "summary": "/home/entropy/GitHub/conditional_drifting_models/weights/channel_implants/sspa/sspa8_drifting_residual_local_euclidean_cond0p25_targ1_cbwauto_tbwauto_k16_radauto_mix0p5_raw_ac0_at0_ak16_emb0_seed7.json"
}
