epoch 1/40: loss=4.219808e-03, drift=1.633443e-01
epoch 2/40: loss=5.444920e-03, drift=1.872606e-01
epoch 3/40: loss=5.390332e-03, drift=1.863989e-01
epoch 4/40: loss=4.880104e-03, drift=1.786566e-01
epoch 5/40: loss=4.946375e-03, drift=1.796679e-01
epoch 6/40: loss=5.369727e-03, drift=1.869069e-01
epoch 7/40: loss=5.388352e-03, drift=1.868815e-01
epoch 8/40: loss=5.112409e-03, drift=1.819822e-01
epoch 9/40: loss=5.305144e-03, drift=1.845355e-01
epoch 10/40: loss=5.206925e-03, drift=1.842575e-01
epoch 11/40: loss=4.832367e-03, drift=1.774227e-01
epoch 12/40: loss=4.953928e-03, drift=1.800706e-01
epoch 13/40: loss=4.694105e-03, drift=1.751628e-01
epoch 14/40: loss=4.712155e-03, drift=1.760417e-01
epoch 15/40: loss=5.163066e-03, drift=1.837228e-01
epoch 16/40: loss=5.129778e-03, drift=1.834347e-01
epoch 17/40: loss=5.009952e-03, drift=1.808254e-01
epoch 18/40: loss=4.820239e-03, drift=1.776300e-01
epoch 19/40: loss=5.018155e-03, drift=1.814119e-01
epoch 20/40: loss=4.706070e-03, drift=1.753739e-01
epoch 21/40: loss=5.467643e-03, drift=1.888801e-01
epoch 22/40: loss=4.945835e-03, drift=1.804790e-01
epoch 23/40: loss=4.941199e-03, drift=1.793583e-01
epoch 24/40: loss=4.954668e-03, drift=1.795130e-01
epoch 25/40: loss=5.125359e-03, drift=1.824424e-01
epoch 26/40: loss=5.134810e-03, drift=1.831460e-01
epoch 27/40: loss=4.996541e-03, drift=1.801191e-01
epoch 28/40: loss=5.084106e-03, drift=1.821677e-01
epoch 29/40: loss=4.644027e-03, drift=1.733410e-01
epoch 30/40: loss=4.795016e-03, drift=1.766991e-01
epoch 31/40: loss=4.815138e-03, drift=1.767014e-01
epoch 32/40: loss=5.015535e-03, drift=1.812844e-01
epoch 33/40: loss=4.900453e-03, drift=1.787442e-01
epoch 34/40: loss=4.839190e-03, drift=1.778206e-01
epoch 35/40: loss=4.904234e-03, drift=1.794525e-01
epoch 36/40: loss=5.071842e-03, drift=1.812054e-01
epoch 37/40: loss=5.075123e-03, drift=1.820557e-01
epoch 38/40: loss=4.937262e-03, drift=1.798093e-01
epoch 39/40: loss=5.070729e-03, drift=1.822392e-01
epoch 40/40: loss=4.816625e-03, drift=1.767102e-01
{
  "checkpoint": "/home/entropy/GitHub/conditional_drifting_models/weights/channel_implants/modeflip/modeflip7_drifting_direct_mixture_euclidean_cond0p5_targ1_cbwauto_tbwauto_k32_radauto_mix0p5_raw_ac0_at0_ak16_emb0_seed7.pt",
  "summary": "/home/entropy/GitHub/conditional_drifting_models/weights/channel_implants/modeflip/modeflip7_drifting_direct_mixture_euclidean_cond0p5_targ1_cbwauto_tbwauto_k32_radauto_mix0p5_raw_ac0_at0_ak16_emb0_seed7.json"
}
